Labgrid Console Logfile for main
Logfile started at 2026-03-11 22:26:32.108160
=== Log starts here ===

F0: 102B 0000
FA: 1042 0000
FA: 1042 0000 [0200]
F9: 0000 0000
V0: 0000 0000 [0001]
00: 0000 0000
BP: 0600 0041 [0000]
G0: 1190 0000
EC: 0000 0000 [1000]
MK: 0000 0000 [0000]
T0: 0000 01AB [0101]
Jump to BL

NOTICE:  BL2: v2.13.0(release):OpenWrt v2025.07.11~78a0dfd9-1 (mt7988-spim-nand-ubi-comb)
NOTICE:  BL2: Built : 00:19:28, Jan 21 2026
NOTICE:  WDT: Cold boot
NOTICE:  WDT: disabled
NOTICE:  CPU: MT7988
NOTICE:  EMI: Using DDR unknown settings
NOTICE:  EMI: Detected DRAM size: 4096 MB
NOTICE:  EMI: complex R/W mem test passed
NOTICE:  LVTS: Enable thermal HW reset
NOTICE:  SPI_NAND parses attributes from parameter page.
NOTICE:  SPI_NAND Detected ID 0xef
NOTICE:  Page size 2048, Block size 131072, size 134217728
NOTICE:  UBI: scanning [0x200000 - 0x8000000] ...
NOTICE:  UBI: scanning is finished
NOTICE:  UBI: PEB size: 131072 bytes (128 KiB), LEB size: 126976 bytes
NOTICE:  UBI: VID header offset: 2048 (aligned 2048), data offset: 4096
NOTICE:  UBI: Volume fip (Id #0) size is 2097152 bytes
NOTICE:  BL2: Booting BL31
NOTICE:  BL31: v2.13.0(release):OpenWrt v2025.07.11~78a0dfd9-1 (mt7988-spim-nand-ubi-comb)
NOTICE:  BL31: Built : 00:19:28, Jan 21 2026


U-Boot 2025.10-OpenWrt-r32701-8076376aca (Jan 21 2026 - 00:19:28 +0000)

CPU:   MediaTek MT7988
Model: Bananapi BPI-R4
DRAM:  4 GiB
Core:  64 devices, 24 uclasses, devicetree: embed
spi-nand: spi_nand spi_nand@0: CASN page check failed
spi-nand: spi_nand spi_nand@0: Fallback to read ID
spi-nand: spi_nand spi_nand@0: Winbond SPI NAND was found.
spi-nand: spi_nand spi_nand@0: 128 MiB, block size: 128 KiB, page size: 2048, OOB size: 64
MMC:   mmc@11230000: 0
Loading Environment from UBI... Read 126976 bytes from volume ubootenv to 00000000ff7c1d00
Read 126976 bytes from volume ubootenv2 to 00000000ff7e0d40
OK
In:    serial@11000000
Out:   serial@11000000
Err:   serial@11000000
reset button found
Loading Environment from UBI... UBI partition 'ubi' already selected
Read 126976 bytes from volume ubootenv to 00000000ff7c1d00
Read 126976 bytes from volume ubootenv2 to 00000000ff7e0d40
OK
Net:   MediaTek MT7988 built-in switch
eth0: ethernet@15110100
[?25l[2J[1;1H[1;1H[2K[2;3H      [0;34m( ( ( [1;39mOpenWrt[0;34m ) ) )  [0;36m[SPI-NAND][0m       [33mU-Boot 2025.10-OpenWrt-r32701-8076376aca (Jan 21 2026 - 00:19:28 +0000)[0m[0K[3;1H[2K[17;1H[2K[18;3HPress UP/DOWN to move, ENTER to select, ESC to quit[0K[19;1H[2K[4;7H[7m1. Run default boot command.[0m[5;7H2. Boot system via TFTP.[6;7H3. Boot production system from NAND.[7;7H4. Boot recovery system from NAND.[8;7H5. Load production system via TFTP then write to NAND.[9;7H6. Load recovery system via TFTP then write to NAND.[10;7H7. [31mLoad BL31+U-Boot FIP via TFTP then write to NAND.[0m[11;7H8. [31mLoad BL2 preloader via TFTP then write to NAND.[0m[12;7H9. [31mInstall bootloader, recovery and production to eMMC.[0m[13;7Ha. Reboot.[14;7Hb. Reset all settings to factory defaults.[15;7H0. Exit[17;3HHit any key to stop autoboot: 3 [17;1H[2K[?25h[2J[1;1HMT7988> echo 'ASQY''KYBMTB'
ASQYKYBMTB
MT7988> echo 'MQUF''WNPEWV'; setenv serverip 192.168.200.1; echo "$?"; echo 'MQUF''WNPEWV';
MQUFWNPEWV
0
MQUFWNPEWV
MT7988> echo 'AOJH''SEAKVV'; setenv ipaddr 192.168.200.2; echo "$?"; echo 'AOJH''SEAKVV';
AOJHSEAKVV
0
AOJHSEAKVV
MT7988> echo 'MSCE''WYYYVV'; setenv bootfile bananapi_bpi-r4/openwrt-mediatek-filogic-bananapi_bpi-r4-initramfs-recovery.itb; echo "$?"; echo 'MSCE''WYYYVV';
MSCEWYYYVV
0
MSCEWYYYVV
MT7988> echo 'MHXX''ECFWCB'; dhcp; echo "$?"; echo 'MHXX''ECFWCB';
MHXXECFWCB
BOOTP broadcast 1
BOOTP broadcast 2
BOOTP broadcast 3
BOOTP broadcast 4
DHCP client bound to address 192.168.103.176 (3076 ms)
Using ethernet@15110100 device
TFTP from server 192.168.103.1; our IP address is 192.168.103.176
Filename 'bananapi_bpi-r4/openwrt-mediatek-filogic-bananapi_bpi-r4-initramfs-recovery.itb'.
Load address: 0x50000000
Loading: *#################################################################
	 #################################################################
	 #################################################################
	 #################################################################
	 #################################################################
	 #################################################################
	 #################################################################
	 #################################################################
	 #################################################################
	 #################################################################
	 #################################################################
	 #################################################################
	 #################################################################
	 #################################################################
	 #################################################################
	 #############################################################
	 9.4 MiB/s
done
Bytes transferred = 15204352 (e80000 hex)
0
MHXXECFWCB
MT7988> bootm $loadaddr#$bootconf
## Loading kernel (any) from FIT Image at 50000000 ...
   Using 'config-mt7988a-bananapi-bpi-r4' configuration
   Trying 'kernel-1' kernel subimage
     Description:  ARM64 OpenWrt Linux-6.12.74
     Type:         Kernel Image
     Compression:  lzma compressed
     Data Start:   0x500000e8
     Data Size:    4607532 Bytes = 4.4 MiB
     Architecture: AArch64
     OS:           Linux
     Load Address: 0x46000000
     Entry Point:  0x46000000
     Hash algo:    crc32
     Hash value:   526aada9
     Hash algo:    sha1
     Hash value:   3c990b5145f4ed0c90bd1fd713ab17327d659e1b
   Verifying Hash Integrity ... crc32+ sha1+ OK
## Loading ramdisk (any) from FIT Image at 50000000 ...
   Using 'config-mt7988a-bananapi-bpi-r4' configuration
   Trying 'initrd-1' ramdisk subimage
     Description:  ARM64 OpenWrt bananapi_bpi-r4 initrd
     Type:         RAMDisk Image
     Compression:  uncompressed
     Data Start:   0x50465050
     Data Size:    10498632 Bytes = 10 MiB
     Architecture: AArch64
     OS:           Linux
     Load Address: unavailable
     Entry Point:  unavailable
     Hash algo:    crc32
     Hash value:   02be127c
     Hash algo:    sha1
     Hash value:   f33db00f02064a926e61769c1ab3bf3f4e7909e8
   Verifying Hash Integrity ... crc32+ sha1+ OK
## Loading fdt (any) from FIT Image at 50000000 ...
   Using 'config-mt7988a-bananapi-bpi-r4' configuration
   Trying 'fdt-1' fdt subimage
     Description:  ARM64 OpenWrt bananapi_bpi-r4 device tree blob
     Type:         Flat Device Tree
     Compression:  uncompressed
     Data Start:   0x50e683a4
     Data Size:    43976 Bytes = 42.9 KiB
     Architecture: AArch64
     Load Address: 0x45f00000
     Hash algo:    crc32
     Hash value:   070d3b2b
     Hash algo:    sha1
     Hash value:   a5adb5c15a82b50767138e20a9434b40292ba71c
   Verifying Hash Integrity ... crc32+ sha1+ OK
   Loading fdt from 0x50e683a4 to 0x45f00000
   Booting using the fdt blob at 0x45f00000
Working FDT set to 45f00000
   Uncompressing Kernel Image to 46000000
   Loading Ramdisk to fddf3000, end fe7f6248 ... OK
   Loading Device Tree to 00000000fdde5000, end 00000000fddf2bc7 ... OK
Working FDT set to fdde5000
set /chosen/rootdisk to bootrom media: rootdisk-spim-nand (phandle 0x00000055)

Starting kernel ...

[    0.000000] Booting Linux on physical CPU 0x0000000000 [0x411fd090]
[    0.000000] Linux version 6.12.74 (builder@buildhost) (aarch64-openwrt-linux-musl-gcc (OpenWrt GCC 14.3.0 r33360-ab0872a734) 14.3.0, GNU ld (GNU Binutils) 2.44) #0 SMP Wed Mar 11 17:30:37 2026
[    0.000000] KASLR disabled due to lack of seed
[    0.000000] Machine model: Banana Pi BPI-R4 (2x SFP+)
[    0.000000] OF: reserved mem: 0x0000000042ff0000..0x0000000042ffffff (64 KiB) map non-reusable ramoops@42ff0000
[    0.000000] OF: reserved mem: 0x0000000043000000..0x000000004304ffff (320 KiB) nomap non-reusable secmon@43000000
[    0.000000] OF: reserved mem: 0x0000000047cc0000..0x0000000047dbffff (1024 KiB) nomap non-reusable wmcpu-reserved@47cc0000
[    0.000000] OF: reserved mem: 0x000000004f600000..0x000000004f63ffff (256 KiB) nomap non-reusable wo-emi@4f600000
[    0.000000] OF: reserved mem: 0x000000004f640000..0x000000004f67ffff (256 KiB) nomap non-reusable wo-emi@4f640000
[    0.000000] OF: reserved mem: 0x000000004f680000..0x000000004f6bffff (256 KiB) nomap non-reusable wo-emi@4f680000
[    0.000000] OF: reserved mem: 0x000000004f700000..0x000000004fefffff (8192 KiB) nomap non-reusable wo-data@4f700000
[    0.000000] Zone ranges:
[    0.000000]   DMA      [mem 0x0000000040000000-0x00000000ffffffff]
[    0.000000]   DMA32    empty
[    0.000000]   Normal   [mem 0x0000000100000000-0x000000013fffffff]
[    0.000000] Movable zone start for each node
[    0.000000] Early memory node ranges
[    0.000000]   node   0: [mem 0x0000000040000000-0x0000000042ffffff]
[    0.000000]   node   0: [mem 0x0000000043000000-0x000000004304ffff]
[    0.000000]   node   0: [mem 0x0000000043050000-0x0000000047cbffff]
[    0.000000]   node   0: [mem 0x0000000047cc0000-0x0000000047dbffff]
[    0.000000]   node   0: [mem 0x0000000047dc0000-0x000000004f5fffff]
[    0.000000]   node   0: [mem 0x000000004f600000-0x000000004f6bffff]
[    0.000000]   node   0: [mem 0x000000004f6c0000-0x000000004f6fffff]
[    0.000000]   node   0: [mem 0x000000004f700000-0x000000004fefffff]
[    0.000000]   node   0: [mem 0x000000004ff00000-0x000000013fffffff]
[    0.000000] Initmem setup node 0 [mem 0x0000000040000000-0x000000013fffffff]
[    0.000000] psci: probing for conduit method from DT.
[    0.000000] psci: PSCIv1.1 detected in firmware.
[    0.000000] psci: Using standard PSCI v0.2 function IDs
[    0.000000] psci: MIGRATE_INFO_TYPE not supported.
[    0.000000] psci: SMC Calling Convention v1.5
[    0.000000] percpu: Embedded 20 pages/cpu s42584 r8192 d31144 u81920
[    0.000000] pcpu-alloc: s42584 r8192 d31144 u81920 alloc=20*4096
[    0.000000] pcpu-alloc: [0] 0 [0] 1 [0] 2 [0] 3 
[    0.000000] Detected VIPT I-cache on CPU0
[    0.000000] CPU features: detected: GIC system register CPU interface
[    0.000000] CPU features: detected: Spectre-BHB
[    0.000000] CPU features: kernel page table isolation disabled by kernel configuration
[    0.000000] alternatives: applying boot alternatives
[    0.000000] Kernel command line: console=ttyS0,115200n1 pci=pcie_bus_perf root=/dev/fit0 rootwait ubi.block=0,fit
[    0.000000] Dentry cache hash table entries: 524288 (order: 10, 4194304 bytes, linear)
[    0.000000] Inode-cache hash table entries: 262144 (order: 9, 2097152 bytes, linear)
[    0.000000] Built 1 zonelists, mobility grouping on.  Total pages: 1048576
[    0.000000] mem auto-init: stack:off, heap alloc:off, heap free:off
[    0.000000] software IO TLB: area num 4.
[    0.000000] software IO TLB: mapped [mem 0x00000000f9de5000-0x00000000fdde5000] (64MB)
[    0.000000] SLUB: HWalign=64, Order=0-3, MinObjects=0, CPUs=4, Nodes=1
[    0.000000] rcu: Hierarchical RCU implementation.
[    0.000000] 	Tracing variant of Tasks RCU enabled.
[    0.000000] rcu: RCU calculated value of scheduler-enlistment delay is 10 jiffies.
[    0.000000] RCU Tasks Trace: Setting shift to 2 and lim to 1 rcu_task_cb_adjust=1 rcu_task_cpu_ids=4.
[    0.000000] NR_IRQS: 64, nr_irqs: 64, preallocated irqs: 0
[    0.000000] GICv3: GIC: Using split EOI/Deactivate mode
[    0.000000] GICv3: 416 SPIs implemented
[    0.000000] GICv3: 0 Extended SPIs implemented
[    0.000000] Root IRQ handler: gic_handle_irq
[    0.000000] GICv3: GICv3 features: 16 PPIs
[    0.000000] GICv3: GICD_CTRL.DS=0, SCR_EL3.FIQ=0
[    0.000000] GICv3: CPU0: found redistributor 0 region 0:0x000000000c080000
[    0.000000] rcu: srcu_init: Setting srcu_struct sizes based on contention.
[    0.000000] arch_timer: cp15 timer(s) running at 13.00MHz (phys).
[    0.000000] clocksource: arch_sys_counter: mask: 0xffffffffffffff max_cycles: 0x2ff89eacb, max_idle_ns: 440795202429 ns
[    0.000000] sched_clock: 56 bits at 13MHz, resolution 76ns, wraps every 4398046511101ns
[    0.000068] Calibrating delay loop (skipped), value calculated using timer frequency.. 26.00 BogoMIPS (lpj=130000)
[    0.000074] pid_max: default: 32768 minimum: 301
[    0.002133] Mount-cache hash table entries: 8192 (order: 4, 65536 bytes, linear)
[    0.002146] Mountpoint-cache hash table entries: 8192 (order: 4, 65536 bytes, linear)
[    0.003646] cacheinfo: Unable to detect cache hierarchy for CPU 0
[    0.004100] rcu: Hierarchical SRCU implementation.
[    0.004102] rcu: 	Max phase no-delay instances is 1000.
[    0.004195] Timer migration: 1 hierarchy levels; 8 children per group; 1 crossnode level
[    0.004368] smp: Bringing up secondary CPUs ...
[    0.004585] Detected VIPT I-cache on CPU1
[    0.004622] GICv3: CPU1: found redistributor 1 region 0:0x000000000c0a0000
[    0.004643] CPU1: Booted secondary processor 0x0000000001 [0x411fd090]
[    0.004913] Detected VIPT I-cache on CPU2
[    0.004935] GICv3: CPU2: found redistributor 2 region 0:0x000000000c0c0000
[    0.004945] CPU2: Booted secondary processor 0x0000000002 [0x411fd090]
[    0.005182] Detected VIPT I-cache on CPU3
[    0.005202] GICv3: CPU3: found redistributor 3 region 0:0x000000000c0e0000
[    0.005213] CPU3: Booted secondary processor 0x0000000003 [0x411fd090]
[    0.005248] smp: Brought up 1 node, 4 CPUs
[    0.005252] SMP: Total of 4 processors activated.
[    0.005254] CPU: All CPU(s) started at EL2
[    0.005256] CPU features: detected: 32-bit EL0 Support
[    0.005258] CPU features: detected: CRC32 instructions
[    0.005287] alternatives: applying system-wide alternatives
[    0.005364] CPU features: emulated: Privileged Access Never (PAN) using TTBR0_EL1 switching
[    0.005470] Memory: 4008460K/4194304K available (9536K kernel code, 992K rwdata, 2832K rodata, 960K init, 316K bss, 182280K reserved, 0K cma-reserved)
[    0.008459] clocksource: jiffies: mask: 0xffffffff max_cycles: 0xffffffff, max_idle_ns: 19112604462750000 ns
[    0.008469] futex hash table entries: 1024 (order: 4, 65536 bytes, linear)
[    0.008518] 29056 pages in range for non-PLT usage
[    0.008520] 520576 pages in range for PLT usage
[    0.009623] pinctrl core: initialized pinctrl subsystem
[    0.011219] NET: Registered PF_NETLINK/PF_ROUTE protocol family
[    0.011523] DMA: preallocated 512 KiB GFP_KERNEL pool for atomic allocations
[    0.011621] DMA: preallocated 512 KiB GFP_KERNEL|GFP_DMA pool for atomic allocations
[    0.011715] DMA: preallocated 512 KiB GFP_KERNEL|GFP_DMA32 pool for atomic allocations
[    0.011994] thermal_sys: Registered thermal governor 'fair_share'
[    0.011997] thermal_sys: Registered thermal governor 'bang_bang'
[    0.011999] thermal_sys: Registered thermal governor 'step_wise'
[    0.012001] thermal_sys: Registered thermal governor 'user_space'
[    0.012044] ASID allocator initialised with 65536 entries
[    0.012792] pstore: Using crash dump compression: deflate
[    0.012798] printk: legacy console [ramoops-1] enabled
[    0.013051] pstore: Registered ramoops as persistent store backend
[    0.013055] ramoops: using 0x10000@0x42ff0000, ecc: 0
[    0.014856] /soc/interrupt-controller@c000000: Fixed dependency cycle(s) with /soc/interrupt-controller@c000000
[    0.018096] /soc/pcie@11280000: Fixed dependency cycle(s) with /soc/pcie@11280000/interrupt-controller
[    0.018198] /soc/pcie@11290000: Fixed dependency cycle(s) with /soc/pcie@11290000/interrupt-controller
[    0.018292] /soc/pcie@11300000: Fixed dependency cycle(s) with /soc/pcie@11300000/interrupt-controller
[    0.018382] /soc/pcie@11310000: Fixed dependency cycle(s) with /soc/pcie@11310000/interrupt-controller
[    0.028323] cryptd: max_cpu_qlen set to 1000
[    0.029260] SCSI subsystem initialized
[    0.029392] libata version 3.00 loaded.
[    0.030421] clocksource: Switched to clocksource arch_sys_counter
[    0.032042] NET: Registered PF_INET protocol family
[    0.032178] IP idents hash table entries: 65536 (order: 7, 524288 bytes, linear)
[    0.034673] tcp_listen_portaddr_hash hash table entries: 2048 (order: 3, 32768 bytes, linear)
[    0.034697] Table-perturb hash table entries: 65536 (order: 6, 262144 bytes, linear)
[    0.034708] TCP established hash table entries: 32768 (order: 6, 262144 bytes, linear)
[    0.034824] TCP bind hash table entries: 32768 (order: 8, 1048576 bytes, linear)
[    0.035274] TCP: Hash tables configured (established 32768 bind 32768)
[    0.035580] MPTCP token hash table entries: 4096 (order: 5, 98304 bytes, linear)
[    0.035697] UDP hash table entries: 2048 (order: 4, 65536 bytes, linear)
[    0.035748] UDP-Lite hash table entries: 2048 (order: 4, 65536 bytes, linear)
[    0.035952] NET: Registered PF_UNIX/PF_LOCAL protocol family
[    0.035998] PCI: CLS 0 bytes, default 64
[    0.036137] Unpacking initramfs...
[    0.041265] workingset: timestamp_bits=46 max_order=20 bucket_order=0
[    0.045118] squashfs: version 4.0 (2009/01/31) Phillip Lougher
[    0.045124] jffs2: version 2.2 (NAND) (SUMMARY) (LZMA) (RTIME) (CMODE_PRIORITY) (c) 2001-2006 Red Hat, Inc.
[    0.075973] Block layer SCSI generic (bsg) driver version 0.4 loaded (major 250)
[    0.077539] mtk-xsphy soc:xs-phy@11e10000: failed to get ref_clk(id-1)
[    0.078191] mtk-pcie-gen3 11280000.pcie: host bridge /soc/pcie@11280000 ranges:
[    0.078211] mtk-pcie-gen3 11280000.pcie: Parsing ranges property...
[    0.078226] mtk-pcie-gen3 11280000.pcie:       IO 0x0020000000..0x00201fffff -> 0x0020000000
[    0.078245] mtk-pcie-gen3 11280000.pcie:      MEM 0x0020200000..0x0027ffffff -> 0x0020200000
[    0.078337] mtk-pcie-gen3 11290000.pcie: host bridge /soc/pcie@11290000 ranges:
[    0.078347] mtk-pcie-gen3 11290000.pcie: Parsing ranges property...
[    0.078358] mtk-pcie-gen3 11290000.pcie:       IO 0x0028000000..0x00281fffff -> 0x0028000000
[    0.078368] mtk-pcie-gen3 11290000.pcie:      MEM 0x0028200000..0x002fffffff -> 0x0028200000
[    0.078387] /soc/pcie@11290000: Failed to get clk index: 0 ret: -517
[    0.078396] mtk-pcie-gen3 11290000.pcie: failed to get clocks
[    0.078458] mtk-pcie-gen3 11300000.pcie: host bridge /soc/pcie@11300000 ranges:
[    0.078468] mtk-pcie-gen3 11300000.pcie: Parsing ranges property...
[    0.078478] mtk-pcie-gen3 11300000.pcie:       IO 0x0030000000..0x00301fffff -> 0x0030000000
[    0.078488] mtk-pcie-gen3 11300000.pcie:      MEM 0x0030200000..0x0037ffffff -> 0x0030200000
[    0.078505] /soc/pcie@11300000: Failed to get clk index: 0 ret: -517
[    0.078513] mtk-pcie-gen3 11300000.pcie: failed to get clocks
[    0.078588] mtk-pcie-gen3 11310000.pcie: host bridge /soc/pcie@11310000 ranges:
[    0.078598] mtk-pcie-gen3 11310000.pcie: Parsing ranges property...
[    0.078607] mtk-pcie-gen3 11310000.pcie:       IO 0x0038000000..0x00381fffff -> 0x0038000000
[    0.078617] mtk-pcie-gen3 11310000.pcie:      MEM 0x0038200000..0x003fffffff -> 0x0038200000
[    0.078634] /soc/pcie@11310000: Failed to get clk index: 0 ret: -517
[    0.078641] mtk-pcie-gen3 11310000.pcie: failed to get clocks
[    0.083420] Serial: 8250/16550 driver, 16 ports, IRQ sharing enabled
[    0.085679] printk: legacy console [ttyS0] disabled
[    0.105960] 11000000.serial: ttyS0 at MMIO 0x11000000 (irq = 99, base_baud = 2500000) is a ST16650V2
[    0.106005] printk: legacy console [ttyS0] enabled
[    1.006060] Freeing initrd memory: 10252K
[    1.018888] mtk_rng trng: registered RNG driver
[    1.019002] random: crng init done
[    1.177029] loop: module loaded
[    1.181515] spi-nand spi0.0: Winbond SPI NAND was found.
[    1.186832] spi-nand spi0.0: 128 MiB, block size: 128 KiB, page size: 2048, OOB size: 64
[    1.199042] 2 fixed-partitions partitions found on MTD device spi0.0
[    1.205599] Creating 2 MTD partitions on "spi0.0":
[    1.210386] 0x000000000000-0x000000200000 : "bl2"
[    1.216471] 0x000000200000-0x000008000000 : "ubi"
[    1.289554] ubi0: default fastmap pool size: 50
[    1.294092] ubi0: default fastmap WL pool size: 25
[    1.298873] ubi0: attaching mtd1
[    1.702732] ubi0: scanning is finished
[    1.711333] ubi0: attached mtd1 (name "ubi", size 126 MiB)
[    1.716815] ubi0: PEB size: 131072 bytes (128 KiB), LEB size: 126976 bytes
[    1.723685] ubi0: min./max. I/O unit sizes: 2048/2048, sub-page size 2048
[    1.730463] ubi0: VID header offset: 2048 (aligned 2048), data offset: 4096
[    1.737411] ubi0: good PEBs: 1008, bad PEBs: 0, corrupted PEBs: 0
[    1.743494] ubi0: user volume: 7, internal volumes: 1, max. volumes count: 128
[    1.750704] ubi0: max/mean erase counter: 3/1, WL threshold: 4096, image sequence number: 0
[    1.759041] ubi0: available PEBs: 0, total reserved PEBs: 1008, PEBs reserved for bad PEB handling: 20
[    1.768343] ubi0: background thread "ubi_bgt0d" started, PID 295
[    1.768820] block ubiblock0_4: created from ubi0:4(fit)
[    1.911952] i2c_dev: i2c /dev entries driver
[    1.916657] /soc/i2c@11003000/rt5190a@64: Fixed dependency cycle(s) with /soc/i2c@11003000/rt5190a@64/regulators/buck1
[    1.928407] mtk-lvts-thermal 1100a000.lvts: golden temp=60
[    1.935340] mtk-wdt 1001c000.watchdog: Watchdog enabled (timeout=31 sec, nowayout=0)
[    1.950626] NET: Registered PF_INET6 protocol family
[    1.956021] Segment Routing with IPv6
[    1.959689] In-situ OAM (IOAM) with IPv6
[    1.963642] NET: Registered PF_PACKET protocol family
[    1.968694] bridge: filtering via arp/ip/ip6tables is no longer available by default. Update your scripts to load br_netfilter if you need this.
[    1.981720] 8021q: 802.1Q VLAN Support v1.8
[    1.998092] phy phy-soc:xs-phy@11e10000.3: type_sw - reg 0x194, index 0
[    2.005409] mtk-pcie-gen3 11280000.pcie: host bridge /soc/pcie@11280000 ranges:
[    2.012741] mtk-pcie-gen3 11280000.pcie: Parsing ranges property...
[    2.019006] mtk-pcie-gen3 11280000.pcie:       IO 0x0020000000..0x00201fffff -> 0x0020000000
[    2.027449] mtk-pcie-gen3 11280000.pcie:      MEM 0x0020200000..0x0027ffffff -> 0x0020200000
[    2.360443] mtk-pcie-gen3 11280000.pcie: PCIe link down, current LTSSM state: detect.quiet (0x1)
[    2.369252] mtk-pcie-gen3 11280000.pcie: probe with driver mtk-pcie-gen3 failed with error -110
[    2.378302] mtk-pcie-gen3 11290000.pcie: host bridge /soc/pcie@11290000 ranges:
[    2.385616] mtk-pcie-gen3 11290000.pcie: Parsing ranges property...
[    2.391888] mtk-pcie-gen3 11290000.pcie:       IO 0x0028000000..0x00281fffff -> 0x0028000000
[    2.400319] mtk-pcie-gen3 11290000.pcie:      MEM 0x0028200000..0x002fffffff -> 0x0028200000
[    2.720432] mtk-pcie-gen3 11290000.pcie: PCIe link down, current LTSSM state: detect.quiet (0x1)
[    2.729214] mtk-pcie-gen3 11290000.pcie: probe with driver mtk-pcie-gen3 failed with error -110
[    2.738076] mtk-pcie-gen3 11300000.pcie: host bridge /soc/pcie@11300000 ranges:
[    2.745388] mtk-pcie-gen3 11300000.pcie: Parsing ranges property...
[    2.751653] mtk-pcie-gen3 11300000.pcie:       IO 0x0030000000..0x00301fffff -> 0x0030000000
[    2.760083] mtk-pcie-gen3 11300000.pcie:      MEM 0x0030200000..0x0037ffffff -> 0x0030200000
[    2.983849] mtk-pcie-gen3 11300000.pcie: set IO trans window[0]: cpu_addr = 0x30000000, pci_addr = 0x30000000, size = 0x200000
[    2.995231] mtk-pcie-gen3 11300000.pcie: set MEM trans window[1]: cpu_addr = 0x30200000, pci_addr = 0x30200000, size = 0x200000
[    3.006698] mtk-pcie-gen3 11300000.pcie: set MEM trans window[2]: cpu_addr = 0x30400000, pci_addr = 0x30400000, size = 0x400000
[    3.018162] mtk-pcie-gen3 11300000.pcie: set MEM trans window[3]: cpu_addr = 0x30800000, pci_addr = 0x30800000, size = 0x800000
[    3.029625] mtk-pcie-gen3 11300000.pcie: set MEM trans window[4]: cpu_addr = 0x31000000, pci_addr = 0x31000000, size = 0x1000000
[    3.041180] mtk-pcie-gen3 11300000.pcie: set MEM trans window[5]: cpu_addr = 0x32000000, pci_addr = 0x32000000, size = 0x2000000
[    3.052731] mtk-pcie-gen3 11300000.pcie: set MEM trans window[6]: cpu_addr = 0x34000000, pci_addr = 0x34000000, size = 0x4000000
[    3.064528] mtk-pcie-gen3 11300000.pcie: PCI host bridge to bus 0000:00
[    3.071140] pci_bus 0000:00: root bus resource [bus 00-ff]
[    3.076618] pci_bus 0000:00: root bus resource [io  0x400000-0x5fffff] (bus address [0x30000000-0x301fffff])
[    3.086434] pci_bus 0000:00: root bus resource [mem 0x30200000-0x37ffffff]
[    3.093302] pci_bus 0000:00: scanning bus
[    3.097326] pci 0000:00:00.0: [14c3:7988] type 01 class 0x060400 PCIe Root Port
[    3.104642] pci 0000:00:00.0: BAR 0 [mem 0x00000000-0x00007fff 64bit]
[    3.111080] pci 0000:00:00.0: PCI bridge to [bus 00]
[    3.116037] pci 0000:00:00.0:   bridge window [io  0x0000-0x0fff]
[    3.122123] pci 0000:00:00.0:   bridge window [mem 0x00000000-0x000fffff]
[    3.128904] pci 0000:00:00.0:   bridge window [mem 0x00000000-0x000fffff 64bit pref]
[    3.136695] pci 0000:00:00.0: PME# supported from D0 D3hot D3cold
[    3.142784] pci 0000:00:00.0: PME# disabled
[    3.148093] pci_bus 0000:00: fixups for bus
[    3.152275] pci 0000:00:00.0: scanning [bus 00-00] behind bridge, pass 0
[    3.158966] pci 0000:00:00.0: bridge configuration invalid ([bus 00-00]), reconfiguring
[    3.166963] pci 0000:00:00.0: scanning [bus 00-00] behind bridge, pass 1
[    3.173700] pci_bus 0000:01: scanning bus
[    3.177723] pci 0000:01:00.0: [14c3:7990] type 00 class 0x028000 PCIe Endpoint
[    3.184958] pci 0000:01:00.0: BAR 0 [mem 0x00000000-0x001fffff 64bit pref]
[    3.191836] pci 0000:01:00.0: BAR 2 [mem 0x00000000-0x00007fff 64bit]
[    3.198376] pci 0000:01:00.0: PME# supported from D0 D3hot D3cold
[    3.204464] pci 0000:01:00.0: PME# disabled
[    3.220465] pci_bus 0000:01: fixups for bus
[    3.224640] pci_bus 0000:01: bus scan returning with max=01
[    3.230203] pci_bus 0000:01: busn_res: [bus 01-ff] end is updated to 01
[    3.236816] pci_bus 0000:00: bus scan returning with max=01
[    3.242393] pci 0000:00:00.0: bridge window [mem 0x30200000-0x303fffff 64bit pref]: assigned
[    3.250821] pci 0000:00:00.0: bridge window [mem 0x30400000-0x304fffff]: assigned
[    3.258291] pci 0000:00:00.0: BAR 0 [mem 0x30500000-0x30507fff 64bit]: assigned
[    3.265597] pci 0000:01:00.0: BAR 0 [mem 0x30200000-0x303fffff 64bit pref]: assigned
[    3.273340] pci 0000:01:00.0: BAR 2 [mem 0x30400000-0x30407fff 64bit]: assigned
[    3.280652] pci 0000:00:00.0: PCI bridge to [bus 01]
[    3.285608] pci 0000:00:00.0:   bridge window [mem 0x30400000-0x304fffff]
[    3.292388] pci 0000:00:00.0:   bridge window [mem 0x30200000-0x303fffff 64bit pref]
[    3.300121] pci_bus 0000:00: resource 4 [io  0x400000-0x5fffff]
[    3.306032] pci_bus 0000:00: resource 5 [mem 0x30200000-0x37ffffff]
[    3.312289] pci_bus 0000:01: resource 1 [mem 0x30400000-0x304fffff]
[    3.318544] pci_bus 0000:01: resource 2 [mem 0x30200000-0x303fffff 64bit pref]
[    3.325764] pci 0000:00:00.0: Max Payload Size set to  256/ 256 (was  128), Max Read Rq  256
[    3.334208] pci 0000:01:00.0: Max Payload Size set to  256/ 256 (was  128), Max Read Rq  256
[    3.342640] pci 0000:00:00.0: save config 0x00: 0x798814c3
[    3.348115] pci 0000:00:00.0: save config 0x04: 0x00100000
[    3.353592] pci 0000:00:00.0: save config 0x08: 0x06040001
[    3.359066] pci 0000:00:00.0: save config 0x0c: 0x00010000
[    3.364543] pci 0000:00:00.0: save config 0x10: 0x30500004
[    3.370018] pci 0000:00:00.0: save config 0x14: 0x00000000
[    3.375495] pci 0000:00:00.0: save config 0x18: 0x00010100
[    3.380972] pci 0000:00:00.0: save config 0x1c: 0x000001f1
[    3.386446] pci 0000:00:00.0: save config 0x20: 0x30403040
[    3.391925] pci 0000:00:00.0: save config 0x24: 0x30313021
[    3.397399] pci 0000:00:00.0: save config 0x28: 0x00000000
[    3.402877] pci 0000:00:00.0: save config 0x2c: 0x00000000
[    3.408351] pci 0000:00:00.0: save config 0x30: 0x00000000
[    3.413828] pci 0000:00:00.0: save config 0x34: 0x00000080
[    3.419302] pci 0000:00:00.0: save config 0x38: 0x00000000
[    3.424779] pci 0000:00:00.0: save config 0x3c: 0x00020100
[    3.430349] pcieport 0000:00:00.0: assign IRQ: got 113
[    3.435486] pcieport 0000:00:00.0: enabling device (0000 -> 0002)
[    3.441580] pcieport 0000:00:00.0: enabling bus mastering
[    3.447335] mtk-pcie-gen3 11300000.pcie: msi#0x0 address_hi 0x0 address_lo 0x11300c00 data 0
[    3.455773] mtk-pcie-gen3 11300000.pcie: msi#0x1 address_hi 0x0 address_lo 0x11300c00 data 1
[    3.464206] mtk-pcie-gen3 11300000.pcie: msi#0x2 address_hi 0x0 address_lo 0x11300c00 data 2
[    3.472635] mtk-pcie-gen3 11300000.pcie: msi#0x3 address_hi 0x0 address_lo 0x11300c00 data 3
[    3.481062] mtk-pcie-gen3 11300000.pcie: msi#0x4 address_hi 0x0 address_lo 0x11300c00 data 4
[    3.489486] mtk-pcie-gen3 11300000.pcie: msi#0x5 address_hi 0x0 address_lo 0x11300c00 data 5
[    3.497914] mtk-pcie-gen3 11300000.pcie: msi#0x6 address_hi 0x0 address_lo 0x11300c00 data 6
[    3.506344] mtk-pcie-gen3 11300000.pcie: msi#0x7 address_hi 0x0 address_lo 0x11300c00 data 7
[    3.514771] mtk-pcie-gen3 11300000.pcie: msi#0x8 address_hi 0x0 address_lo 0x11300c00 data 8
[    3.523197] mtk-pcie-gen3 11300000.pcie: msi#0x9 address_hi 0x0 address_lo 0x11300c00 data 9
[    3.531624] mtk-pcie-gen3 11300000.pcie: msi#0xa address_hi 0x0 address_lo 0x11300c00 data 10
[    3.540135] mtk-pcie-gen3 11300000.pcie: msi#0xb address_hi 0x0 address_lo 0x11300c00 data 11
[    3.548649] mtk-pcie-gen3 11300000.pcie: msi#0xc address_hi 0x0 address_lo 0x11300c00 data 12
[    3.557163] mtk-pcie-gen3 11300000.pcie: msi#0xd address_hi 0x0 address_lo 0x11300c00 data 13
[    3.565677] mtk-pcie-gen3 11300000.pcie: msi#0xe address_hi 0x0 address_lo 0x11300c00 data 14
[    3.574191] mtk-pcie-gen3 11300000.pcie: msi#0xf address_hi 0x0 address_lo 0x11300c00 data 15
[    3.582707] mtk-pcie-gen3 11300000.pcie: msi#0x10 address_hi 0x0 address_lo 0x11300c00 data 16
[    3.591308] mtk-pcie-gen3 11300000.pcie: msi#0x11 address_hi 0x0 address_lo 0x11300c00 data 17
[    3.599906] mtk-pcie-gen3 11300000.pcie: msi#0x12 address_hi 0x0 address_lo 0x11300c00 data 18
[    3.608507] mtk-pcie-gen3 11300000.pcie: msi#0x13 address_hi 0x0 address_lo 0x11300c00 data 19
[    3.617109] mtk-pcie-gen3 11300000.pcie: msi#0x14 address_hi 0x0 address_lo 0x11300c00 data 20
[    3.625709] mtk-pcie-gen3 11300000.pcie: msi#0x15 address_hi 0x0 address_lo 0x11300c00 data 21
[    3.634310] mtk-pcie-gen3 11300000.pcie: msi#0x16 address_hi 0x0 address_lo 0x11300c00 data 22
[    3.642910] mtk-pcie-gen3 11300000.pcie: msi#0x17 address_hi 0x0 address_lo 0x11300c00 data 23
[    3.651509] mtk-pcie-gen3 11300000.pcie: msi#0x18 address_hi 0x0 address_lo 0x11300c00 data 24
[    3.660106] mtk-pcie-gen3 11300000.pcie: msi#0x19 address_hi 0x0 address_lo 0x11300c00 data 25
[    3.668707] mtk-pcie-gen3 11300000.pcie: msi#0x1a address_hi 0x0 address_lo 0x11300c00 data 26
[    3.677308] mtk-pcie-gen3 11300000.pcie: msi#0x1b address_hi 0x0 address_lo 0x11300c00 data 27
[    3.685908] mtk-pcie-gen3 11300000.pcie: msi#0x1c address_hi 0x0 address_lo 0x11300c00 data 28
[    3.694508] mtk-pcie-gen3 11300000.pcie: msi#0x1d address_hi 0x0 address_lo 0x11300c00 data 29
[    3.703111] mtk-pcie-gen3 11300000.pcie: msi#0x1e address_hi 0x0 address_lo 0x11300c00 data 30
[    3.711712] mtk-pcie-gen3 11300000.pcie: msi#0x1f address_hi 0x0 address_lo 0x11300c00 data 31
[    3.720710] mtk-pcie-gen3 11300000.pcie: msi#0x0 address_hi 0x0 address_lo 0x11300c00 data 0
[    3.729205] pcieport 0000:00:00.0: PME: Signaling with IRQ 114
[    3.735151] pcieport 0000:00:00.0: AER: enabled with IRQ 114
[    3.740854] pcieport 0000:00:00.0: save config 0x00: 0x798814c3
[    3.746765] pcieport 0000:00:00.0: save config 0x04: 0x00100406
[    3.752678] pcieport 0000:00:00.0: save config 0x08: 0x06040001
[    3.758587] pcieport 0000:00:00.0: save config 0x0c: 0x00010000
[    3.764498] pcieport 0000:00:00.0: save config 0x10: 0x30500004
[    3.770406] pcieport 0000:00:00.0: save config 0x14: 0x00000000
[    3.776317] pcieport 0000:00:00.0: save config 0x18: 0x00010100
[    3.782229] pcieport 0000:00:00.0: save config 0x1c: 0x000001f1
[    3.788137] pcieport 0000:00:00.0: save config 0x20: 0x30403040
[    3.794049] pcieport 0000:00:00.0: save config 0x24: 0x30313021
[    3.799957] pcieport 0000:00:00.0: save config 0x28: 0x00000000
[    3.805867] pcieport 0000:00:00.0: save config 0x2c: 0x00000000
[    3.811777] pcieport 0000:00:00.0: save config 0x30: 0x00000000
[    3.817685] pcieport 0000:00:00.0: save config 0x34: 0x00000080
[    3.823596] pcieport 0000:00:00.0: save config 0x38: 0x00000000
[    3.829504] pcieport 0000:00:00.0: save config 0x3c: 0x00020171
[    3.835453] pci 0000:01:00.0: save config 0x00: 0x799014c3
[    3.840932] pci 0000:01:00.0: save config 0x04: 0x00100000
[    3.846407] pci 0000:01:00.0: save config 0x08: 0x02800000
[    3.851884] pci 0000:01:00.0: save config 0x0c: 0x00000000
[    3.857358] pci 0000:01:00.0: save config 0x10: 0x3020000c
[    3.862835] pci 0000:01:00.0: save config 0x14: 0x00000000
[    3.868310] pci 0000:01:00.0: save config 0x18: 0x30400004
[    3.873787] pci 0000:01:00.0: save config 0x1c: 0x00000000
[    3.879262] pci 0000:01:00.0: save config 0x20: 0x00000000
[    3.884738] pci 0000:01:00.0: save config 0x24: 0x00000000
[    3.890213] pci 0000:01:00.0: save config 0x28: 0x00000000
[    3.895690] pci 0000:01:00.0: save config 0x2c: 0x663914c3
[    3.901166] pci 0000:01:00.0: save config 0x30: 0x00000000
[    3.906641] pci 0000:01:00.0: save config 0x34: 0x00000080
[    3.912119] pci 0000:01:00.0: save config 0x38: 0x00000000
[    3.917595] pci 0000:01:00.0: save config 0x3c: 0x00000100
[    3.923363] mtk-pcie-gen3 11310000.pcie: host bridge /soc/pcie@11310000 ranges:
[    3.930671] mtk-pcie-gen3 11310000.pcie: Parsing ranges property...
[    3.936935] mtk-pcie-gen3 11310000.pcie:       IO 0x0038000000..0x00381fffff -> 0x0038000000
[    3.945368] mtk-pcie-gen3 11310000.pcie:      MEM 0x0038200000..0x003fffffff -> 0x0038200000
[    4.173716] mtk-pcie-gen3 11310000.pcie: set IO trans window[0]: cpu_addr = 0x38000000, pci_addr = 0x38000000, size = 0x200000
[    4.185105] mtk-pcie-gen3 11310000.pcie: set MEM trans window[1]: cpu_addr = 0x38200000, pci_addr = 0x38200000, size = 0x200000
[    4.196571] mtk-pcie-gen3 11310000.pcie: set MEM trans window[2]: cpu_addr = 0x38400000, pci_addr = 0x38400000, size = 0x400000
[    4.208035] mtk-pcie-gen3 11310000.pcie: set MEM trans window[3]: cpu_addr = 0x38800000, pci_addr = 0x38800000, size = 0x800000
[    4.219500] mtk-pcie-gen3 11310000.pcie: set MEM trans window[4]: cpu_addr = 0x39000000, pci_addr = 0x39000000, size = 0x1000000
[    4.231051] mtk-pcie-gen3 11310000.pcie: set MEM trans window[5]: cpu_addr = 0x3a000000, pci_addr = 0x3a000000, size = 0x2000000
[    4.242602] mtk-pcie-gen3 11310000.pcie: set MEM trans window[6]: cpu_addr = 0x3c000000, pci_addr = 0x3c000000, size = 0x4000000
[    4.254272] mtk-pcie-gen3 11310000.pcie: PCI host bridge to bus 0001:00
[    4.260886] pci_bus 0001:00: root bus resource [bus 00-ff]
[    4.266363] pci_bus 0001:00: root bus resource [io  0x600000-0x7fffff] (bus address [0x38000000-0x381fffff])
[    4.276179] pci_bus 0001:00: root bus resource [mem 0x38200000-0x3fffffff]
[    4.283045] pci_bus 0001:00: scanning bus
[    4.287066] pci 0001:00:00.0: [14c3:7988] type 01 class 0x060400 PCIe Root Port
[    4.294378] pci 0001:00:00.0: BAR 0 [mem 0x00000000-0x00007fff 64bit]
[    4.300817] pci 0001:00:00.0: PCI bridge to [bus 00]
[    4.305775] pci 0001:00:00.0:   bridge window [io  0x0000-0x0fff]
[    4.311864] pci 0001:00:00.0:   bridge window [mem 0x00000000-0x000fffff]
[    4.318646] pci 0001:00:00.0:   bridge window [mem 0x00000000-0x000fffff 64bit pref]
[    4.326432] pci 0001:00:00.0: PME# supported from D0 D3hot D3cold
[    4.332519] pci 0001:00:00.0: PME# disabled
[    4.337846] pci_bus 0001:00: fixups for bus
[    4.342027] pci 0001:00:00.0: scanning [bus 00-00] behind bridge, pass 0
[    4.348716] pci 0001:00:00.0: bridge configuration invalid ([bus 00-00]), reconfiguring
[    4.356713] pci 0001:00:00.0: scanning [bus 00-00] behind bridge, pass 1
[    4.363450] pci_bus 0001:01: scanning bus
[    4.367473] pci 0001:01:00.0: [14c3:7991] type 00 class 0x028000 PCIe Endpoint
[    4.374708] pci 0001:01:00.0: BAR 0 [mem 0x00000000-0x001fffff 64bit pref]
[    4.381587] pci 0001:01:00.0: BAR 2 [mem 0x00000000-0x00007fff 64bit]
[    4.388129] pci 0001:01:00.0: PME# supported from D0 D3hot D3cold
[    4.394217] pci 0001:01:00.0: PME# disabled
[    4.410457] pci_bus 0001:01: fixups for bus
[    4.414632] pci_bus 0001:01: bus scan returning with max=01
[    4.420195] pci_bus 0001:01: busn_res: [bus 01-ff] end is updated to 01
[    4.426808] pci_bus 0001:00: bus scan returning with max=01
[    4.432383] pci 0001:00:00.0: bridge window [mem 0x38200000-0x383fffff 64bit pref]: assigned
[    4.440813] pci 0001:00:00.0: bridge window [mem 0x38400000-0x384fffff]: assigned
[    4.448284] pci 0001:00:00.0: BAR 0 [mem 0x38500000-0x38507fff 64bit]: assigned
[    4.455592] pci 0001:01:00.0: BAR 0 [mem 0x38200000-0x383fffff 64bit pref]: assigned
[    4.463334] pci 0001:01:00.0: BAR 2 [mem 0x38400000-0x38407fff 64bit]: assigned
[    4.470642] pci 0001:00:00.0: PCI bridge to [bus 01]
[    4.475598] pci 0001:00:00.0:   bridge window [mem 0x38400000-0x384fffff]
[    4.482377] pci 0001:00:00.0:   bridge window [mem 0x38200000-0x383fffff 64bit pref]
[    4.490109] pci_bus 0001:00: resource 4 [io  0x600000-0x7fffff]
[    4.496020] pci_bus 0001:00: resource 5 [mem 0x38200000-0x3fffffff]
[    4.502277] pci_bus 0001:01: resource 1 [mem 0x38400000-0x384fffff]
[    4.508532] pci_bus 0001:01: resource 2 [mem 0x38200000-0x383fffff 64bit pref]
[    4.515752] pci 0001:00:00.0: Max Payload Size set to  256/ 256 (was  128), Max Read Rq  256
[    4.524194] pci 0001:01:00.0: Max Payload Size set to  256/ 256 (was  128), Max Read Rq  256
[    4.532621] pci 0001:00:00.0: save config 0x00: 0x798814c3
[    4.538097] pci 0001:00:00.0: save config 0x04: 0x00100000
[    4.543573] pci 0001:00:00.0: save config 0x08: 0x06040001
[    4.549048] pci 0001:00:00.0: save config 0x0c: 0x00010000
[    4.554524] pci 0001:00:00.0: save config 0x10: 0x38500004
[    4.559998] pci 0001:00:00.0: save config 0x14: 0x00000000
[    4.565474] pci 0001:00:00.0: save config 0x18: 0x00010100
[    4.570952] pci 0001:00:00.0: save config 0x1c: 0x000001f1
[    4.576426] pci 0001:00:00.0: save config 0x20: 0x38403840
[    4.581902] pci 0001:00:00.0: save config 0x24: 0x38313821
[    4.587376] pci 0001:00:00.0: save config 0x28: 0x00000000
[    4.592853] pci 0001:00:00.0: save config 0x2c: 0x00000000
[    4.598326] pci 0001:00:00.0: save config 0x30: 0x00000000
[    4.603802] pci 0001:00:00.0: save config 0x34: 0x00000080
[    4.609276] pci 0001:00:00.0: save config 0x38: 0x00000000
[    4.614751] pci 0001:00:00.0: save config 0x3c: 0x00020100
[    4.620319] pcieport 0001:00:00.0: assign IRQ: got 116
[    4.625460] pcieport 0001:00:00.0: enabling device (0000 -> 0002)
[    4.631554] pcieport 0001:00:00.0: enabling bus mastering
[    4.637291] mtk-pcie-gen3 11310000.pcie: msi#0x0 address_hi 0x0 address_lo 0x11310c00 data 0
[    4.645728] mtk-pcie-gen3 11310000.pcie: msi#0x1 address_hi 0x0 address_lo 0x11310c00 data 1
[    4.654156] mtk-pcie-gen3 11310000.pcie: msi#0x2 address_hi 0x0 address_lo 0x11310c00 data 2
[    4.662583] mtk-pcie-gen3 11310000.pcie: msi#0x3 address_hi 0x0 address_lo 0x11310c00 data 3
[    4.671011] mtk-pcie-gen3 11310000.pcie: msi#0x4 address_hi 0x0 address_lo 0x11310c00 data 4
[    4.679436] mtk-pcie-gen3 11310000.pcie: msi#0x5 address_hi 0x0 address_lo 0x11310c00 data 5
[    4.687862] mtk-pcie-gen3 11310000.pcie: msi#0x6 address_hi 0x0 address_lo 0x11310c00 data 6
[    4.696292] mtk-pcie-gen3 11310000.pcie: msi#0x7 address_hi 0x0 address_lo 0x11310c00 data 7
[    4.704718] mtk-pcie-gen3 11310000.pcie: msi#0x8 address_hi 0x0 address_lo 0x11310c00 data 8
[    4.713145] mtk-pcie-gen3 11310000.pcie: msi#0x9 address_hi 0x0 address_lo 0x11310c00 data 9
[    4.721571] mtk-pcie-gen3 11310000.pcie: msi#0xa address_hi 0x0 address_lo 0x11310c00 data 10
[    4.730083] mtk-pcie-gen3 11310000.pcie: msi#0xb address_hi 0x0 address_lo 0x11310c00 data 11
[    4.738599] mtk-pcie-gen3 11310000.pcie: msi#0xc address_hi 0x0 address_lo 0x11310c00 data 12
[    4.747112] mtk-pcie-gen3 11310000.pcie: msi#0xd address_hi 0x0 address_lo 0x11310c00 data 13
[    4.755626] mtk-pcie-gen3 11310000.pcie: msi#0xe address_hi 0x0 address_lo 0x11310c00 data 14
[    4.764139] mtk-pcie-gen3 11310000.pcie: msi#0xf address_hi 0x0 address_lo 0x11310c00 data 15
[    4.772652] mtk-pcie-gen3 11310000.pcie: msi#0x10 address_hi 0x0 address_lo 0x11310c00 data 16
[    4.781252] mtk-pcie-gen3 11310000.pcie: msi#0x11 address_hi 0x0 address_lo 0x11310c00 data 17
[    4.789851] mtk-pcie-gen3 11310000.pcie: msi#0x12 address_hi 0x0 address_lo 0x11310c00 data 18
[    4.798451] mtk-pcie-gen3 11310000.pcie: msi#0x13 address_hi 0x0 address_lo 0x11310c00 data 19
[    4.807051] mtk-pcie-gen3 11310000.pcie: msi#0x14 address_hi 0x0 address_lo 0x11310c00 data 20
[    4.815653] mtk-pcie-gen3 11310000.pcie: msi#0x15 address_hi 0x0 address_lo 0x11310c00 data 21
[    4.824253] mtk-pcie-gen3 11310000.pcie: msi#0x16 address_hi 0x0 address_lo 0x11310c00 data 22
[    4.832852] mtk-pcie-gen3 11310000.pcie: msi#0x17 address_hi 0x0 address_lo 0x11310c00 data 23
[    4.841453] mtk-pcie-gen3 11310000.pcie: msi#0x18 address_hi 0x0 address_lo 0x11310c00 data 24
[    4.850051] mtk-pcie-gen3 11310000.pcie: msi#0x19 address_hi 0x0 address_lo 0x11310c00 data 25
[    4.858650] mtk-pcie-gen3 11310000.pcie: msi#0x1a address_hi 0x0 address_lo 0x11310c00 data 26
[    4.867249] mtk-pcie-gen3 11310000.pcie: msi#0x1b address_hi 0x0 address_lo 0x11310c00 data 27
[    4.875848] mtk-pcie-gen3 11310000.pcie: msi#0x1c address_hi 0x0 address_lo 0x11310c00 data 28
[    4.884449] mtk-pcie-gen3 11310000.pcie: msi#0x1d address_hi 0x0 address_lo 0x11310c00 data 29
[    4.893048] mtk-pcie-gen3 11310000.pcie: msi#0x1e address_hi 0x0 address_lo 0x11310c00 data 30
[    4.901648] mtk-pcie-gen3 11310000.pcie: msi#0x1f address_hi 0x0 address_lo 0x11310c00 data 31
[    4.910647] mtk-pcie-gen3 11310000.pcie: msi#0x0 address_hi 0x0 address_lo 0x11310c00 data 0
[    4.919140] pcieport 0001:00:00.0: PME: Signaling with IRQ 117
[    4.925074] pcieport 0001:00:00.0: AER: enabled with IRQ 117
[    4.930766] pcieport 0001:00:00.0: save config 0x00: 0x798814c3
[    4.936677] pcieport 0001:00:00.0: save config 0x04: 0x00100406
[    4.942589] pcieport 0001:00:00.0: save config 0x08: 0x06040001
[    4.948497] pcieport 0001:00:00.0: save config 0x0c: 0x00010000
[    4.954413] pcieport 0001:00:00.0: save config 0x10: 0x38500004
[    4.960321] pcieport 0001:00:00.0: save config 0x14: 0x00000000
[    4.966233] pcieport 0001:00:00.0: save config 0x18: 0x00010100
[    4.972143] pcieport 0001:00:00.0: save config 0x1c: 0x000001f1
[    4.978051] pcieport 0001:00:00.0: save config 0x20: 0x38403840
[    4.983962] pcieport 0001:00:00.0: save config 0x24: 0x38313821
[    4.989870] pcieport 0001:00:00.0: save config 0x28: 0x00000000
[    4.995781] pcieport 0001:00:00.0: save config 0x2c: 0x00000000
[    5.001693] pcieport 0001:00:00.0: save config 0x30: 0x00000000
[    5.007601] pcieport 0001:00:00.0: save config 0x34: 0x00000080
[    5.013511] pcieport 0001:00:00.0: save config 0x38: 0x00000000
[    5.019418] pcieport 0001:00:00.0: save config 0x3c: 0x00020174
[    5.025368] pci 0001:01:00.0: save config 0x00: 0x799114c3
[    5.030848] pci 0001:01:00.0: save config 0x04: 0x00100000
[    5.036323] pci 0001:01:00.0: save config 0x08: 0x02800000
[    5.041799] pci 0001:01:00.0: save config 0x0c: 0x00000000
[    5.047274] pci 0001:01:00.0: save config 0x10: 0x3820000c
[    5.052755] pci 0001:01:00.0: save config 0x14: 0x00000000
[    5.058230] pci 0001:01:00.0: save config 0x18: 0x38400004
[    5.063708] pci 0001:01:00.0: save config 0x1c: 0x00000000
[    5.069183] pci 0001:01:00.0: save config 0x20: 0x00000000
[    5.074660] pci 0001:01:00.0: save config 0x24: 0x00000000
[    5.080134] pci 0001:01:00.0: save config 0x28: 0x00000000
[    5.085612] pci 0001:01:00.0: save config 0x2c: 0x663914c3
[    5.091090] pci 0001:01:00.0: save config 0x30: 0x00000000
[    5.096565] pci 0001:01:00.0: save config 0x34: 0x00000080
[    5.102042] pci 0001:01:00.0: save config 0x38: 0x00000000
[    5.107517] pci 0001:01:00.0: save config 0x3c: 0x00000100
[    5.113668] FIT: Detected U-Boot 2025.10-OpenWrt-r32701-8076376aca
[    5.119840] FIT: Selected configuration: "config-mt7988a-bananapi-bpi-r4" (OpenWrt bananapi_bpi-r4)
[    5.128889] FIT:           kernel sub-image 0x00001000..0x005640db "kernel-1" (ARM64 OpenWrt Linux-6.6.119) 
[    5.138712] FIT:          flat_dt sub-image 0x00565000..0x00570a15 "fdt-1" (ARM64 OpenWrt bananapi_bpi-r4 device tree blob) 
[    5.149924] FIT:          flat_dt sub-image 0x00571000..0x00571609 "fdt-mt7988a-bananapi-bpi-r4-emmc" (ARM64 OpenWrt bananapi_bpi-r4 device tree overlay mt7988a-bananapi-bpi-r4-emmc) 
[    5.166254] FIT:          flat_dt sub-image 0x00572000..0x0057211c "fdt-mt7988a-bananapi-bpi-r4-rtc" (ARM64 OpenWrt bananapi_bpi-r4 device tree overlay mt7988a-bananapi-bpi-r4-rtc) 
[    5.182413] FIT:          flat_dt sub-image 0x00573000..0x005735c1 "fdt-mt7988a-bananapi-bpi-r4-sd" (ARM64 OpenWrt bananapi_bpi-r4 device tree overlay mt7988a-bananapi-bpi-r4-sd) 
[    5.198396] FIT:          flat_dt sub-image 0x00574000..0x005748f0 "fdt-mt7988a-bananapi-bpi-r4-wifi-mt7996a" (ARM64 OpenWrt bananapi_bpi-r4 device tree overlay mt7988a-bananapi-bpi-r4-wifi-mt7996a) 
[    5.216111] FIT:       filesystem sub-image 0x00575000..0x0104dfff "rootfs-1" (ARM64 OpenWrt bananapi_bpi-r4 rootfs) 
[    5.226961] block ubiblock0_4: mapped 1 uImage.FIT filesystem sub-image as /dev/fit0
[    5.351871] mtk_soc_eth 15100000.ethernet: generated random MAC address 20:08:02:00:00:00
[    5.369076] mtk_soc_eth 15100000.ethernet eth0: mediatek frame engine at 0xffffffc086b00000, irq 105
[    5.378724] mtk_soc_eth 15100000.ethernet eth1: mediatek frame engine at 0xffffffc086b00000, irq 105
[    5.388345] mtk_soc_eth 15100000.ethernet eth2: mediatek frame engine at 0xffffffc086b00000, irq 105
[    5.499093] mt7530-mmio 15020000.switch: configuring for fixed/internal link mode
[    5.506611] mt7530-mmio 15020000.switch: Link is Up - 10Gbps/Full - flow control rx/tx
[    5.534148] mt7530-mmio 15020000.switch wan (uninitialized): PHY [mt7530-0:00] driver [MediaTek MT7988 PHY] (irq=119)
[    5.573000] mt7530-mmio 15020000.switch lan1 (uninitialized): PHY [mt7530-0:01] driver [MediaTek MT7988 PHY] (irq=120)
[    5.611802] mt7530-mmio 15020000.switch lan2 (uninitialized): PHY [mt7530-0:02] driver [MediaTek MT7988 PHY] (irq=121)
[    5.650590] mt7530-mmio 15020000.switch lan3 (uninitialized): PHY [mt7530-0:03] driver [MediaTek MT7988 PHY] (irq=122)
[    5.661543] mtk_soc_eth 15100000.ethernet eth0: entered promiscuous mode
[    5.668248] DSA: tree 0 setup
[    5.671494] clk: Disabling unused clocks
[    5.675851] PM: genpd: Disabling unused power domains
[    5.681218] Freeing unused kernel memory: 960K
[    5.685682] Run /init as init process
[    5.689335]   with arguments:
[    5.692296]     /init
[    5.694558]   with environment:
[    5.697687]     HOME=/
[    5.700035]     TERM=linux
[    5.806872] init: Console is alive
[    5.810363] init: - watchdog -
[    5.817329] kmodloader: loading kernel modules from /etc/modules-boot.d/*
[    5.829003] usbcore: registered new interface driver usbfs
[    5.834536] usbcore: registered new interface driver hub
[    5.839865] usbcore: registered new device driver usb
[    5.845291] gpio_button_hotplug: loading out-of-tree module taints kernel.
[    5.855234] xhci-mtk 11200000.usb: supply vbus not found, using dummy regulator
[    5.862698] xhci-mtk 11200000.usb: supply vusb33 not found, using dummy regulator
[    5.870659] xhci-mtk 11200000.usb: xHCI Host Controller
[    5.875890] xhci-mtk 11200000.usb: new USB bus registered, assigned bus number 1
[    5.886373] xhci-mtk 11200000.usb: hcc params 0x01403f99 hci version 0x110 quirks 0x0000000000200010
[    5.895558] xhci-mtk 11200000.usb: irq 123, io mem 0x11200000
[    5.901373] xhci-mtk 11200000.usb: xHCI Host Controller
[    5.906592] xhci-mtk 11200000.usb: new USB bus registered, assigned bus number 2
[    5.913980] xhci-mtk 11200000.usb: Host supports USB 3.2 Enhanced SuperSpeed
[    5.921290] hub 1-0:1.0: USB hub found
[    5.925042] hub 1-0:1.0: 1 port detected
[    5.929123] usb usb2: We don't know the algorithms for LPM for this host, disabling LPM.
[    5.937368] hub 2-0:1.0: USB hub found
[    5.941123] hub 2-0:1.0: 1 port detected
[    5.947640] kmodloader: done loading kernel modules from /etc/modules-boot.d/*
[    5.964795] init: - preinit -
[    6.027404] mtk_soc_eth 15100000.ethernet sfp-lan: renamed from eth1
[    6.035383] mtk_soc_eth 15100000.ethernet sfp-wan: renamed from eth2
[    6.053372] mtk_soc_eth 15100000.ethernet eth0: configuring for fixed/internal link mode
[    6.061529] mtk_soc_eth 15100000.ethernet eth0: Link is Up - 10Gbps/Full - flow control rx/tx
[    6.340429] usb 1-1: new high-speed USB device number 2 using xhci-mtk
[    6.443567] mt7530-mmio 15020000.switch lan1: configuring for phy/internal link mode
[    6.452829] mt7530-mmio 15020000.switch lan1: Link is Up - 1Gbps/Full - flow control off
[    6.504413] hub 1-1:1.0: USB hub found
[    6.508273] hub 1-1:1.0: 5 ports detected
Press the [f] key and hit [enter] to enter failsafe mode
Press the [1], [2], [3] or [4] key and hit [enter] to select the debug level
[    6.634584] usb 2-1: new SuperSpeed USB device number 2 using xhci-mtk
[    6.663002] hub 2-1:1.0: USB hub found
[    6.666916] hub 2-1:1.0: 4 ports detected
[    7.180428] usb 1-1.5: new high-speed USB device number 3 using xhci-mtk
[   10.644555] mt7530-mmio 15020000.switch lan1: Link is Down
[   10.652343] procd: - early -
[   10.655271] procd: - watchdog -
[   11.175489] procd: - watchdog -
[   11.178773] procd: - ubus -
[   11.331885] procd: - init -
Please press Enter to activate this console.
root
login[1156]: root login on 'ttyS0'


BusyBox v1.37.0 (2026-01-02 17:07:02 UTC) built-in shell (ash)

  _______                     ________        __
 |       |.-----.-----.-----.|  |  |  |.----.|  |_
 |   -   ||  _  |  -__|     ||  |  |  ||   _||   _|
 |_______||   __|_____|__|__||________||__|  |____|
      [   11.445909] kmodloader: loading kernel modules from /etc/modules.d/*
    |__| W I R E L E S S   F R E E D O M
 -------------------------------------[   11.458642] pca954x 1-0070: supply vdd not found, using dummy regulator
----------------[   11.466955] i2c i2c-1: Added multiplexed i2c bus 2

 OpenWrt SNAPS[   11.472591] i2c i2c-1: Added multiplexed i2c bus 3
HOT, r33360-ab08[   11.478734] i2c i2c-1: Added multiplexed i2c bus 4
72a734
 -------[   11.484920] i2c i2c-1: Added multiplexed i2c bus 5
----------------[   11.491017] pca954x 1-0070: registered 4 multiplexed busses for I2C switch pca9545
------------------------------

 === WARNING! [   11.502983] crypto-safexcel 15600000.crypto: EIP197:331(7,1,8,4)-HIA:272(2,5,5),PE:151/450(alg:7fe1fc00)/240/240/450
================[   11.515585] crypto-safexcel 15600000.crypto: TRC init: 8704d,48a (32r,128h)
=====================
 There is no root password defined on this device!
 Use the "passwd" command to set up a new password
 in order to prevent unauthorized SSH logins.
 --------------------------------------------------

root@(none):~# [   11.553662] urngd: v1.0.2 started.
[   11.575138] at24 2-0057: supply vcc not found, using dummy regulator
[   11.583375] at24 2-0057: 256 byte 24c02 EEPROM, writable, 1 bytes/write
m[   11.590835] Loading modules backported from Linux version v6.18.7-0-g5dfbc5357
[   11.598063] Backport generated by backports.git c8a37ce
es[   11.609395] rtc-pcf8563 2-0051: low voltage detected, date/time is not reliable.
[   11.616871] rtc-pcf8563 2-0051: registered as rtc0
g[   11.622884] rtc-pcf8563 2-0051: low voltage detected, date/time is not reliable.
[   11.630271] rtc-pcf8563 2-0051: hctosys: unable to read the hardware clock
 [   11.639093] sfp sfp1: Host maximum power 3.0W
-[   11.644004] sfp sfp2: Host maximum power 3.0W
n [   11.664589] mt7996e_hif 0001:01:00.0: assign IRQ: got 116
[   11.670005] mt7996e_hif 0001:01:00.0: enabling device (0000 -> 0002)
1[   11.676422] mt7996e_hif 0001:01:00.0: enabling bus mastering

-ash: [   11.682290] mt7996e 0000:01:00.0: assign IRQ: got 113
mesg: not found[   11.687901] mt7996e 0000:01:00.0: enabling device (0000 -> 0002)

root@(none):~# [   11.695294] resource: Unaddressable device pcie@11300000 [mem 0x30200000-0x37ffffff] conflicts with [mem 0x30200000-0x303fffff]
[   11.708133] mt7996e 0000:01:00.0: enabling bus mastering
[   11.770495] mtk-pcie-gen3 11300000.pcie: msi#0x1 address_hi 0x0 address_lo 0x11300c00 data 1
[   11.779014] mtk-pcie-gen3 11310000.pcie: msi#0x1 address_hi 0x0 address_lo 0x11310c00 data 1
[   11.830596] mt7996e 0000:01:00.0: HW/SW Version: 0x8a108a10, Build Time: 20251226095555a
[   11.830596] 
[   11.922695] mt7996e 0000:01:00.0: WM Firmware Version: ____000000, Build Time: 20251226095551
[   11.959194] mt7996e 0000:01:00.0: DSP Firmware Version: ____000000, Build Time: 20251226095259
[   11.976943] mt7996e 0000:01:00.0: WA Firmware Version: ____000000, Build Time: 20251226095506
[   12.455306] PPP generic driver version 2.4.2
[   12.460260] NET: Registered PF_PPPOX protocol family
[   12.467130] kmodloader: done loading kernel modules from /etc/modules.d/*
[   16.702383] mtk_soc_eth 15100000.ethernet eth0: Link is Down
[   16.726918] mtk_soc_eth 15100000.ethernet eth0: configuring for fixed/internal link mode
[   16.735077] mtk_soc_eth 15100000.ethernet eth0: Link is Up - 10Gbps/Full - flow control rx/tx
[   16.736981] mt7530-mmio 15020000.switch lan1: configuring for phy/internal link mode
[   16.752562] br-lan: port 1(lan1) entered blocking state
[   16.757803] br-lan: port 1(lan1) entered disabled state
[   16.763106] mt7530-mmio 15020000.switch lan1: entered allmulticast mode
[   16.769716] mtk_soc_eth 15100000.ethernet eth0: entered allmulticast mode
[   16.776669] mt7530-mmio 15020000.switch lan1: entered promiscuous mode
[   16.788147] mt7530-mmio 15020000.switch lan2: configuring for phy/internal link mode
[   16.796697] br-lan: port 2(lan2) entered blocking state
[   16.801972] br-lan: port 2(lan2) entered disabled state
[   16.807239] mt7530-mmio 15020000.switch lan2: entered allmulticast mode
[   16.814107] mt7530-mmio 15020000.switch lan2: entered promiscuous mode
[   16.825572] mt7530-mmio 15020000.switch lan3: configuring for phy/internal link mode
[   16.834079] br-lan: port 3(lan3) entered blocking state
[   16.839306] br-lan: port 3(lan3) entered disabled state
[   16.844561] mt7530-mmio 15020000.switch lan3: entered allmulticast mode
[   16.851372] mt7530-mmio 15020000.switch lan3: entered promiscuous mode
[   16.859970] mtk_soc_eth 15100000.ethernet sfp-lan: configuring for inband/10gbase-r link mode
[   16.892348] br-lan: port 4(sfp-lan) entered blocking state
[   16.897843] br-lan: port 4(sfp-lan) entered disabled state
[   16.903364] mtk_soc_eth 15100000.ethernet sfp-lan: entered allmulticast mode
[   16.910575] mtk_soc_eth 15100000.ethernet sfp-lan: entered promiscuous mode
[   16.923532] mt7530-mmio 15020000.switch wan: configuring for phy/internal link mode
[   16.932862] br-wan: port 1(wan) entered blocking state
[   16.938021] br-wan: port 1(wan) entered disabled state
[   16.943203] mt7530-mmio 15020000.switch wan: entered allmulticast mode
[   16.949913] mt7530-mmio 15020000.switch wan: entered promiscuous mode
[   16.959447] mtk_soc_eth 15100000.ethernet sfp-wan: configuring for inband/10gbase-r link mode
[   16.991473] br-wan: port 2(sfp-wan) entered blocking state
[   16.996973] br-wan: port 2(sfp-wan) entered disabled state
[   17.002483] mtk_soc_eth 15100000.ethernet sfp-wan: entered allmulticast mode
[   17.009629] mtk_soc_eth 15100000.ethernet sfp-wan: entered promiscuous mode
[   19.649082] mt7530-mmio 15020000.switch lan1: Link is Up - 1Gbps/Full - flow control off
echo 'PQMM''HYZPUN'
PQMMHYZPUN
root@OpenWrt:~# run() { echo -n "$MARKER"; sh -c "$@"; echo "$MARKER $?"; }
root@OpenWrt:~# [   27.890456] br-lan: port 1(lan1) entered blocking state
[   27.895699] br-lan: port 1(lan1) entered forwarding state
echo 'PMPF''GWHQFJ'
PMPFGWHQFJ
root@OpenWrt:~# MARKER='EWFV''EGOFVX' run true
EWFVEGOFVXEWFVEGOFVX 0
root@OpenWrt:~# echo 'FUHA''OUGKYP'
FUHAOUGKYP
root@OpenWrt:~# MARKER='CXMH''SYYZTQ' run 'source /etc/os-release; echo $BUILD_I
D'
CXMHSYYZTQr33360-ab0872a734
CXMHSYYZTQ 0
root@OpenWrt:~# echo 'MJCZ''LWKSCB'
MJCZLWKSCB
root@OpenWrt:~# MARKER='ECEO''PLZLMW' run 'ls /etc/dropbear/dropbear_rsa_host_ke
y'
ECEOPLZLMW[0;0m/etc/dropbear/dropbear_rsa_host_key[m
ECEOPLZLMW 0
root@OpenWrt:~# echo 'KQPV''SJWKPB'
KQPVSJWKPB
root@OpenWrt:~# MARKER='KOYG''NQKGKA' run 'netstat -tlpn | grep 0.0.0.0:22'
KOYGNQKGKAtcp        0      0 0.0.0.0:22              0.0.0.0:*               LISTEN      1969/dropbear
KOYGNQKGKA 0
root@OpenWrt:~#    ä   üD!ŻĒ² 
F0: 102B 0000
FA: 1042 0000
FA: 1042 0000 [0200]
F9: 0000 0000
V0: 0000 0000 [0001]
00: 0000 0000
BP: 0600 0041 [0000]
G0: 1190 0000
EC: 0000 0000 [1000]
MK: 0000 0000 [0000]
T0: 0000 01AB [0101]
Jump to BL

NOTICE:  BL2: v2.13.0(release):OpenWrt v2025.07.11~78a0dfd9-1 (mt7988-spim-nand-ubi-comb)
NOTICE:  BL2: Built : 00:19:28, Jan 21 2026
NOTICE:  WDT: Cold boot
NOTICE:  WDT: disabled
NOTICE:  CPU: MT7988
NOTICE:  EMI: Using DDR unknown settings
NOTICE:  EMI: Detected DRAM size: 4096 MB
NOTICE:  EMI: complex R/W mem test passed
NOTICE:  LVTS: Enable thermal HW reset
NOTICE:  SPI_NAND parses attributes from parameter page.
NOTICE:  SPI_NAND Detected ID 0xef
NOTICE:  Page size 2048, Block size 131072, size 134217728
NOTICE:  UBI: scanning [0x200000 - 0x8000000] ...
NOTICE:  UBI: scanning is finished
NOTICE:  UBI: PEB size: 131072 bytes (128 KiB), LEB size: 126976 bytes
NOTICE:  UBI: VID header offset: 2048 (aligned 2048), data offset: 4096
NOTICE:  UBI: Volume fip (Id #0) size is 2097152 bytes
NOTICE:  BL2: Booting BL31
NOTICE:  BL31: v2.13.0(release):OpenWrt v2025.07.11~78a0dfd9-1 (mt7988-spim-nand-ubi-comb)
NOTICE:  BL31: Built : 00:19:28, Jan 21 2026


U-Boot 2025.10-OpenWrt-r32701-8076376aca (Jan 21 2026 - 00:19:28 +0000)

CPU:   MediaTek MT7988
Model: Bananapi BPI-R4
DRAM:  4 GiB
Core:  64 devices, 24 uclasses, devicetree: embed
spi-nand: spi_nand spi_nand@0: CASN page check failed
spi-nand: spi_nand spi_nand@0: Fallback to read ID
spi-nand: spi_nand spi_nand@0: Winbond SPI NAND was found.
spi-nand: spi_nand spi_nand@0: 128 MiB, block size: 128 KiB, page size: 2048, OOB size: 64
MMC:   mmc@11230000: 0
Loading Environment from UBI... Read 126976 bytes from volume ubootenv to 00000000ff7c1d00
Read 126976 bytes from volume ubootenv2 to 00000000ff7e0d40
OK
In:    serial@11000000
Out:   serial@11000000
Err:   serial@11000000
reset button found
Loading Environment from UBI... UBI partition 'ubi' already selected
Read 126976 bytes from volume ubootenv to 00000000ff7c1d00
Read 126976 bytes from volume ubootenv2 to 00000000ff7e0d40
OK
Net:   MediaTek MT7988 built-in switch
eth0: ethernet@15110100
[?25l[2J[1;1H[1;1H[2K[2;3H      [0;34m( ( ( [1;39mOpenWrt[0;34m ) ) )  [0;36m[SPI-NAND][0m       [33mU-Boot 2025.10-OpenWrt-r32701-8076376aca (Jan 21 2026 - 00:19:28 +0000)[0m[0K[3;1H[2K[17;1H[2K[18;3HPress UP/DOWN to move, ENTER to select, ESC to quit[0K[19;1H[2K[4;7H[7m1. Run default boot command.[0m[5;7H2. Boot system via TFTP.[6;7H3. Boot production system from NAND.[7;7H4. Boot recovery system from NAND.[8;7H5. Load production system via TFTP then write to NAND.[9;7H6. Load recovery system via TFTP then write to NAND.[10;7H7. [31mLoad BL31+U-Boot FIP via TFTP then write to NAND.[0m[11;7H8. [31mLoad BL2 preloader via TFTP then write to NAND.[0m[12;7H9. [31mInstall bootloader, recovery and production to eMMC.[0m[13;7Ha. Reboot.[14;7Hb. Reset all settings to factory defaults.[15;7H0. Exit[17;3HHit any key to stop autoboot: 3 [17;3HHit any key to stop autoboot: 2 [17;3HHit any key to stop autoboot: 1 [17;1H[2K[?25h[2J[1;1HNo size specified -> Using max size (17395712)
Read 17395712 bytes from volume fit to 0000000050000000

## Checking Image at 50000000 ...
   FIT image found
   FIT description: ARM64 OpenWrt FIT (Flattened Image Tree)
    Image 0 (kernel-1)
     Description:  ARM64 OpenWrt Linux-6.6.119
     Type:         Kernel Image
     Compression:  gzip compressed
     Data Start:   0x50001000
     Data Size:    5648604 Bytes = 5.4 MiB
     Architecture: AArch64
     OS:           Linux
     Load Address: 0x46000000
     Entry Point:  0x46000000
     Hash algo:    crc32
     Hash value:   8f32ab83
     Hash algo:    sha1
     Hash value:   175cfdd44fcdc087f671f14a0aef4df0c4dba6cc
    Image 1 (fdt-1)
     Description:  ARM64 OpenWrt bananapi_bpi-r4 device tree blob
     Type:         Flat Device Tree
     Compression:  uncompressed
     Data Start:   0x50565000
     Data Size:    47638 Bytes = 46.5 KiB
     Architecture: AArch64
     Load Address: 0x45f00000
     Hash algo:    crc32
     Hash value:   566ad624
     Hash algo:    sha1
     Hash value:   1e73b79eb4f097b31d2bb70fcc727bd31d6469a2
    Image 2 (fdt-mt7988a-bananapi-bpi-r4-emmc)
     Description:  ARM64 OpenWrt bananapi_bpi-r4 device tree overlay mt7988a-bananapi-bpi-r4-emmc
     Type:         Flat Device Tree
     Compression:  uncompressed
     Data Start:   0x50571000
     Data Size:    1546 Bytes = 1.5 KiB
     Architecture: AArch64
     Hash algo:    crc32
     Hash value:   809404dd
     Hash algo:    sha1
     Hash value:   f5315166f38bb1d9fdd6707c00ff3f91b87fa38f
    Image 3 (fdt-mt7988a-bananapi-bpi-r4-rtc)
     Description:  ARM64 OpenWrt bananapi_bpi-r4 device tree overlay mt7988a-bananapi-bpi-r4-rtc
     Type:         Flat Device Tree
     Compression:  uncompressed
     Data Start:   0x50572000
     Data Size:    285 Bytes = 285 Bytes
     Architecture: AArch64
     Hash algo:    crc32
     Hash value:   9e869883
     Hash algo:    sha1
     Hash value:   343be366c4680b8d5f970ece19ea9970b91e5aad
    Image 4 (fdt-mt7988a-bananapi-bpi-r4-sd)
     Description:  ARM64 OpenWrt bananapi_bpi-r4 device tree overlay mt7988a-bananapi-bpi-r4-sd
     Type:         Flat Device Tree
     Compression:  uncompressed
     Data Start:   0x50573000
     Data Size:    1474 Bytes = 1.4 KiB
     Architecture: AArch64
     Hash algo:    crc32
     Hash value:   992dc95a
     Hash algo:    sha1
     Hash value:   d8c80e86d46ccac204bdcf81feb9ca2802402042
    Image 5 (fdt-mt7988a-bananapi-bpi-r4-wifi-mt7996a)
     Description:  ARM64 OpenWrt bananapi_bpi-r4 device tree overlay mt7988a-bananapi-bpi-r4-wifi-mt7996a
     Type:         Flat Device Tree
     Compression:  uncompressed
     Data Start:   0x50574000
     Data Size:    2289 Bytes = 2.2 KiB
     Architecture: AArch64
     Hash algo:    crc32
     Hash value:   ee6079f2
     Hash algo:    sha1
     Hash value:   bbc22a8adc1c3224b7049acd410ad5fc0e60ac4f
    Image 6 (rootfs-1)
     Description:  ARM64 OpenWrt bananapi_bpi-r4 rootfs
     Type:         Filesystem Image
     Compression:  uncompressed
     Data Start:   0x50575000
     Data Size:    11374592 Bytes = 10.8 MiB
     Hash algo:    crc32
     Hash value:   90c4861c
     Hash algo:    sha1
     Hash value:   982c0b41aec278f83c76bcaca05af2b82a186989
    Default Configuration: 'config-mt7988a-bananapi-bpi-r4'
    Configuration 0 (config-mt7988a-bananapi-bpi-r4)
     Description:  OpenWrt bananapi_bpi-r4
     Kernel:       kernel-1
     FDT:          fdt-1
     Loadables:    rootfs-1
    Configuration 1 (mt7988a-bananapi-bpi-r4-emmc)
     Description:  OpenWrt bananapi_bpi-r4 overlay mt7988a-bananapi-bpi-r4-emmc
     Kernel:       unavailable
     FDT:          fdt-mt7988a-bananapi-bpi-r4-emmc
    Configuration 2 (mt7988a-bananapi-bpi-r4-rtc)
     Description:  OpenWrt bananapi_bpi-r4 overlay mt7988a-bananapi-bpi-r4-rtc
     Kernel:       unavailable
     FDT:          fdt-mt7988a-bananapi-bpi-r4-rtc
    Configuration 3 (mt7988a-bananapi-bpi-r4-sd)
     Description:  OpenWrt bananapi_bpi-r4 overlay mt7988a-bananapi-bpi-r4-sd
     Kernel:       unavailable
     FDT:          fdt-mt7988a-bananapi-bpi-r4-sd
    Configuration 4 (mt7988a-bananapi-bpi-r4-wifi-mt7996a)
     Description:  OpenWrt bananapi_bpi-r4 overlay mt7988a-bananapi-bpi-r4-wifi-mt7996a
     Kernel:       unavailable
     FDT:          fdt-mt7988a-bananapi-bpi-r4-wifi-mt7996a
## Checking hash(es) for FIT Image at 50000000 ...
   Hash(es) for Image 0 (kernel-1): crc32+ sha1+ 
   Hash(es) for Image 1 (fdt-1): crc32+ sha1+ 
   Hash(es) for Image 2 (fdt-mt7988a-bananapi-bpi-r4-emmc): crc32+ sha1+ 
   Hash(es) for Image 3 (fdt-mt7988a-bananapi-bpi-r4-rtc): crc32+ sha1+ 
   Hash(es) for Image 4 (fdt-mt7988a-bananapi-bpi-r4-sd): crc32+ sha1+ 
   Hash(es) for Image 5 (fdt-mt7988a-bananapi-bpi-r4-wifi-mt7996a): crc32+ sha1+ 
   Hash(es) for Image 6 (rootfs-1): crc32+ sha1+ 
## Loading kernel (any) from FIT Image at 50000000 ...
   Using 'config-mt7988a-bananapi-bpi-r4' configuration
   Trying 'kernel-1' kernel subimage
     Description:  ARM64 OpenWrt Linux-6.6.119
     Type:         Kernel Image
     Compression:  gzip compressed
     Data Start:   0x50001000
     Data Size:    5648604 Bytes = 5.4 MiB
     Architecture: AArch64
     OS:           Linux
     Load Address: 0x46000000
     Entry Point:  0x46000000
     Hash algo:    crc32
     Hash value:   8f32ab83
     Hash algo:    sha1
     Hash value:   175cfdd44fcdc087f671f14a0aef4df0c4dba6cc
   Verifying Hash Integrity ... crc32+ sha1+ OK
## Loading fdt (any) from FIT Image at 50000000 ...
   Using 'config-mt7988a-bananapi-bpi-r4' configuration
   Trying 'fdt-1' fdt subimage
     Description:  ARM64 OpenWrt bananapi_bpi-r4 device tree blob
     Type:         Flat Device Tree
     Compression:  uncompressed
     Data Start:   0x50565000
     Data Size:    47638 Bytes = 46.5 KiB
     Architecture: AArch64
     Load Address: 0x45f00000
     Hash algo:    crc32
     Hash value:   566ad624
     Hash algo:    sha1
     Hash value:   1e73b79eb4f097b31d2bb70fcc727bd31d6469a2
   Verifying Hash Integrity ... crc32+ sha1+ OK
   Loading fdt from 0x50565000 to 0x45f00000
   Loading Device Tree to 00000000fe7ed000, end 00000000fe7fbfff ... OK
Working FDT set to fe7ed000
## Loading fdt (any) from FIT Image at 50000000 ...
   Using 'mt7988a-bananapi-bpi-r4-emmc' configuration
   Trying 'fdt-mt7988a-bananapi-bpi-r4-emmc' fdt subimage
     Description:  ARM64 OpenWrt bananapi_bpi-r4 device tree overlay mt7988a-bananapi-bpi-r4-emmc
     Type:         Flat Device Tree
     Compression:  uncompressed
     Data Start:   0x50571000
     Data Size:    1546 Bytes = 1.5 KiB
     Architecture: AArch64
     Hash algo:    crc32
     Hash value:   809404dd
     Hash algo:    sha1
     Hash value:   f5315166f38bb1d9fdd6707c00ff3f91b87fa38f
   Verifying Hash Integrity ... crc32+ sha1+ OK
   Booting using the fdt blob at 0xfe7ed000
Working FDT set to fe7ed000
## Loading loadables (any) from FIT Image at 50000000 ...
   Trying 'rootfs-1' loadables subimage
     Description:  ARM64 OpenWrt bananapi_bpi-r4 rootfs
     Type:         Filesystem Image
     Compression:  uncompressed
     Data Start:   0x50575000
     Data Size:    11374592 Bytes = 10.8 MiB
     Hash algo:    crc32
     Hash value:   90c4861c
     Hash algo:    sha1
     Hash value:   982c0b41aec278f83c76bcaca05af2b82a186989
   Verifying Hash Integrity ... crc32+ sha1+ OK
   Uncompressing Kernel Image to 46000000
   Loading Device Tree to 00000000fe7df000, end 00000000fe7ecd20 ... OK
Working FDT set to fe7df000
set /chosen/rootdisk to bootrom media: rootdisk-spim-nand (phandle 0x00000058)

Starting kernel ...

[    0.000000] Booting Linux on physical CPU 0x0000000000 [0x411fd090]
[    0.000000] Linux version 6.6.119 (builder@buildhost) (aarch64-openwrt-linux-musl-gcc (OpenWrt GCC 13.3.0 r29087-d9c5716d1d) 13.3.0, GNU ld (GNU Binutils) 2.42) #0 SMP Wed Dec 17 21:08:22 2025
[    0.000000] Machine model: Bananapi BPI-R4
[    0.000000] OF: reserved mem: 0x0000000042ff0000..0x0000000042ffffff (64 KiB) map non-reusable ramoops@42ff0000
[    0.000000] OF: reserved mem: 0x0000000043000000..0x000000004304ffff (320 KiB) nomap non-reusable secmon@43000000
[    0.000000] OF: reserved mem: 0x0000000047cc0000..0x0000000047dbffff (1024 KiB) nomap non-reusable wmcpu-reserved@47cc0000
[    0.000000] OF: reserved mem: 0x000000004f600000..0x000000004f63ffff (256 KiB) nomap non-reusable wo-emi@4f600000
[    0.000000] OF: reserved mem: 0x000000004f640000..0x000000004f67ffff (256 KiB) nomap non-reusable wo-emi@4f640000
[    0.000000] OF: reserved mem: 0x000000004f680000..0x000000004f6bffff (256 KiB) nomap non-reusable wo-emi@4f680000
[    0.000000] OF: reserved mem: 0x000000004f700000..0x000000004fefffff (8192 KiB) nomap non-reusable wo-data@4f700000
[    0.000000] Zone ranges:
[    0.000000]   DMA      [mem 0x0000000040000000-0x00000000ffffffff]
[    0.000000]   DMA32    empty
[    0.000000]   Normal   [mem 0x0000000100000000-0x000000013fffffff]
[    0.000000] Movable zone start for each node
[    0.000000] Early memory node ranges
[    0.000000]   node   0: [mem 0x0000000040000000-0x0000000042ffffff]
[    0.000000]   node   0: [mem 0x0000000043000000-0x000000004304ffff]
[    0.000000]   node   0: [mem 0x0000000043050000-0x0000000047cbffff]
[    0.000000]   node   0: [mem 0x0000000047cc0000-0x0000000047dbffff]
[    0.000000]   node   0: [mem 0x0000000047dc0000-0x000000004f5fffff]
[    0.000000]   node   0: [mem 0x000000004f600000-0x000000004f6bffff]
[    0.000000]   node   0: [mem 0x000000004f6c0000-0x000000004f6fffff]
[    0.000000]   node   0: [mem 0x000000004f700000-0x000000004fefffff]
[    0.000000]   node   0: [mem 0x000000004ff00000-0x000000013fffffff]
[    0.000000] Initmem setup node 0 [mem 0x0000000040000000-0x000000013fffffff]
[    0.000000] psci: probing for conduit method from DT.
[    0.000000] psci: PSCIv1.1 detected in firmware.
[    0.000000] psci: Using standard PSCI v0.2 function IDs
[    0.000000] psci: MIGRATE_INFO_TYPE not supported.
[    0.000000] psci: SMC Calling Convention v1.5
[    0.000000] percpu: Embedded 18 pages/cpu s35112 r8192 d30424 u73728
[    0.000000] pcpu-alloc: s35112 r8192 d30424 u73728 alloc=18*4096
[    0.000000] pcpu-alloc: [0] 0 [0] 1 [0] 2 [0] 3 
[    0.000000] Detected VIPT I-cache on CPU0
[    0.000000] CPU features: detected: GIC system register CPU interface
[    0.000000] CPU features: detected: Spectre-BHB
[    0.000000] CPU features: kernel page table isolation disabled by kernel configuration
[    0.000000] alternatives: applying boot alternatives
[    0.000000] Kernel command line: console=ttyS0,115200n1 pci=pcie_bus_perf root=/dev/fit0 rootwait ubi.block=0,fit
[    0.000000] Dentry cache hash table entries: 524288 (order: 10, 4194304 bytes, linear)
[    0.000000] Inode-cache hash table entries: 262144 (order: 9, 2097152 bytes, linear)
[    0.000000] Built 1 zonelists, mobility grouping on.  Total pages: 1032192
[    0.000000] mem auto-init: stack:off, heap alloc:off, heap free:off
[    0.000000] software IO TLB: area num 4.
[    0.000000] software IO TLB: mapped [mem 0x00000000fa7df000-0x00000000fe7df000] (64MB)
[    0.000000] Memory: 4024504K/4194304K available (9088K kernel code, 1002K rwdata, 1676K rodata, 448K init, 305K bss, 169800K reserved, 0K cma-reserved)
[    0.000000] SLUB: HWalign=64, Order=0-3, MinObjects=0, CPUs=4, Nodes=1
[    0.000000] rcu: Hierarchical RCU implementation.
[    0.000000] 	Tracing variant of Tasks RCU enabled.
[    0.000000] rcu: RCU calculated value of scheduler-enlistment delay is 10 jiffies.
[    0.000000] NR_IRQS: 64, nr_irqs: 64, preallocated irqs: 0
[    0.000000] GICv3: GIC: Using split EOI/Deactivate mode
[    0.000000] GICv3: 416 SPIs implemented
[    0.000000] GICv3: 0 Extended SPIs implemented
[    0.000000] Root IRQ handler: 0xffffffc080010080
[    0.000000] GICv3: GICv3 features: 16 PPIs
[    0.000000] GICv3: CPU0: found redistributor 0 region 0:0x000000000c080000
[    0.000000] rcu: srcu_init: Setting srcu_struct sizes based on contention.
[    0.000000] arch_timer: cp15 timer(s) running at 13.00MHz (phys).
[    0.000000] clocksource: arch_sys_counter: mask: 0xffffffffffffff max_cycles: 0x2ff89eacb, max_idle_ns: 440795202429 ns
[    0.000000] sched_clock: 56 bits at 13MHz, resolution 76ns, wraps every 4398046511101ns
[    0.000064] Calibrating delay loop (skipped), value calculated using timer frequency.. 26.00 BogoMIPS (lpj=130000)
[    0.000072] pid_max: default: 32768 minimum: 301
[    0.002160] Mount-cache hash table entries: 8192 (order: 4, 65536 bytes, linear)
[    0.002174] Mountpoint-cache hash table entries: 8192 (order: 4, 65536 bytes, linear)
[    0.003661] cacheinfo: Unable to detect cache hierarchy for CPU 0
[    0.003948] RCU Tasks Trace: Setting shift to 2 and lim to 1 rcu_task_cb_adjust=1 rcu_task_cpu_ids=4.
[    0.004027] rcu: Hierarchical SRCU implementation.
[    0.004029] rcu: 	Max phase no-delay instances is 1000.
[    0.004324] smp: Bringing up secondary CPUs ...
[    0.004531] Detected VIPT I-cache on CPU1
[    0.004569] GICv3: CPU1: found redistributor 1 region 0:0x000000000c0a0000
[    0.004591] CPU1: Booted secondary processor 0x0000000001 [0x411fd090]
[    0.004834] Detected VIPT I-cache on CPU2
[    0.004853] GICv3: CPU2: found redistributor 2 region 0:0x000000000c0c0000
[    0.004864] CPU2: Booted secondary processor 0x0000000002 [0x411fd090]
[    0.005090] Detected VIPT I-cache on CPU3
[    0.005112] GICv3: CPU3: found redistributor 3 region 0:0x000000000c0e0000
[    0.005122] CPU3: Booted secondary processor 0x0000000003 [0x411fd090]
[    0.005151] smp: Brought up 1 node, 4 CPUs
[    0.005156] SMP: Total of 4 processors activated.
[    0.005158] CPU features: detected: 32-bit EL0 Support
[    0.005160] CPU features: detected: CRC32 instructions
[    0.005192] CPU features: emulated: Privileged Access Never (PAN) using TTBR0_EL1 switching
[    0.005195] CPU: All CPU(s) started at EL2
[    0.005197] alternatives: applying system-wide alternatives
[    0.008780] clocksource: jiffies: mask: 0xffffffff max_cycles: 0xffffffff, max_idle_ns: 19112604462750000 ns
[    0.008791] futex hash table entries: 1024 (order: 4, 65536 bytes, linear)
[    0.009754] pinctrl core: initialized pinctrl subsystem
[    0.010621] NET: Registered PF_NETLINK/PF_ROUTE protocol family
[    0.010911] DMA: preallocated 512 KiB GFP_KERNEL pool for atomic allocations
[    0.011012] DMA: preallocated 512 KiB GFP_KERNEL|GFP_DMA pool for atomic allocations
[    0.011106] DMA: preallocated 512 KiB GFP_KERNEL|GFP_DMA32 pool for atomic allocations
[    0.011387] thermal_sys: Registered thermal governor 'fair_share'
[    0.011391] thermal_sys: Registered thermal governor 'bang_bang'
[    0.011393] thermal_sys: Registered thermal governor 'step_wise'
[    0.011395] thermal_sys: Registered thermal governor 'user_space'
[    0.011436] ASID allocator initialised with 65536 entries
[    0.012087] pstore: Using crash dump compression: deflate
[    0.012092] printk: console [ramoops-1] enabled
[    0.012328] pstore: Registered ramoops as persistent store backend
[    0.012332] ramoops: using 0x10000@0x42ff0000, ecc: 0
[    0.014207] /soc/interrupt-controller@c000000: Fixed dependency cycle(s) with /soc/interrupt-controller@c000000
[    0.019982] Modules: 29600 pages in range for non-PLT usage
[    0.019989] Modules: 521120 pages in range for PLT usage
[    0.020771] cryptd: max_cpu_qlen set to 1000
[    0.021485] SCSI subsystem initialized
[    0.021616] libata version 3.00 loaded.
[    0.022596] clocksource: Switched to clocksource arch_sys_counter
[    0.024263] NET: Registered PF_INET protocol family
[    0.024403] IP idents hash table entries: 65536 (order: 7, 524288 bytes, linear)
[    0.026959] tcp_listen_portaddr_hash hash table entries: 2048 (order: 3, 32768 bytes, linear)
[    0.026982] Table-perturb hash table entries: 65536 (order: 6, 262144 bytes, linear)
[    0.026994] TCP established hash table entries: 32768 (order: 6, 262144 bytes, linear)
[    0.027092] TCP bind hash table entries: 32768 (order: 8, 1048576 bytes, linear)
[    0.027503] TCP: Hash tables configured (established 32768 bind 32768)
[    0.027817] MPTCP token hash table entries: 4096 (order: 5, 98304 bytes, linear)
[    0.027949] UDP hash table entries: 2048 (order: 4, 65536 bytes, linear)
[    0.027999] UDP-Lite hash table entries: 2048 (order: 4, 65536 bytes, linear)
[    0.028203] NET: Registered PF_UNIX/PF_LOCAL protocol family
[    0.028234] PCI: CLS 0 bytes, default 64
[    0.029105] workingset: timestamp_bits=46 max_order=20 bucket_order=0
[    0.032767] squashfs: version 4.0 (2009/01/31) Phillip Lougher
[    0.032773] jffs2: version 2.2 (NAND) (SUMMARY) (LZMA) (RTIME) (CMODE_PRIORITY) (c) 2001-2006 Red Hat, Inc.
[    0.064439] Block layer SCSI generic (bsg) driver version 0.4 loaded (major 250)
[    0.065443] mtk-xsphy soc:xphy@11e10000: failed to get ref_clk(id-1)
[    0.066109] mtk-pcie-gen3 11280000.pcie: host bridge /soc/pcie@11280000 ranges:
[    0.066131] mtk-pcie-gen3 11280000.pcie: Parsing ranges property...
[    0.066144] mtk-pcie-gen3 11280000.pcie:       IO 0x0020000000..0x00201fffff -> 0x0020000000
[    0.066157] mtk-pcie-gen3 11280000.pcie:      MEM 0x0020200000..0x0027ffffff -> 0x0020200000
[    0.066248] mtk-pcie-gen3 11290000.pcie: host bridge /soc/pcie@11290000 ranges:
[    0.066259] mtk-pcie-gen3 11290000.pcie: Parsing ranges property...
[    0.066269] mtk-pcie-gen3 11290000.pcie:       IO 0x0028000000..0x00281fffff -> 0x0028000000
[    0.066278] mtk-pcie-gen3 11290000.pcie:      MEM 0x0028200000..0x002fffffff -> 0x0028200000
[    0.066296] /soc/pcie@11290000: Failed to get clk index: 0 ret: -517
[    0.066305] mtk-pcie-gen3 11290000.pcie: failed to get clocks
[    0.066369] mtk-pcie-gen3 11300000.pcie: host bridge /soc/pcie@11300000 ranges:
[    0.066379] mtk-pcie-gen3 11300000.pcie: Parsing ranges property...
[    0.066388] mtk-pcie-gen3 11300000.pcie:       IO 0x0030000000..0x00301fffff -> 0x0030000000
[    0.066397] mtk-pcie-gen3 11300000.pcie:      MEM 0x0030200000..0x0037ffffff -> 0x0030200000
[    0.066413] /soc/pcie@11300000: Failed to get clk index: 0 ret: -517
[    0.066421] mtk-pcie-gen3 11300000.pcie: failed to get clocks
[    0.066495] mtk-pcie-gen3 11310000.pcie: host bridge /soc/pcie@11310000 ranges:
[    0.066506] mtk-pcie-gen3 11310000.pcie: Parsing ranges property...
[    0.066515] mtk-pcie-gen3 11310000.pcie:       IO 0x0038000000..0x00381fffff -> 0x0038000000
[    0.066525] mtk-pcie-gen3 11310000.pcie:      MEM 0x0038200000..0x003fffffff -> 0x0038200000
[    0.066541] /soc/pcie@11310000: Failed to get clk index: 0 ret: -517
[    0.066548] mtk-pcie-gen3 11310000.pcie: failed to get clocks
[    0.071083] Serial: 8250/16550 driver, 16 ports, IRQ sharing enabled
[    0.073313] printk: console [ttyS0] disabled
[    0.093585] 11000000.serial: ttyS0 at MMIO 0x11000000 (irq = 99, base_baud = 2500000) is a ST16650V2
[    0.093622] printk: console [ttyS0] enabled
[    1.112799] 11000100.serial: ttyS1 at MMIO 0x11000100 (irq = 100, base_baud = 2500000) is a ST16650V2
[    1.142676] 11000200.serial: ttyS2 at MMIO 0x11000200 (irq = 101, base_baud = 2500000) is a ST16650V2
[    1.154512] loop: module loaded
[    1.159058] spi-nand spi0.0: Winbond SPI NAND was found.
[    1.164403] spi-nand spi0.0: 128 MiB, block size: 128 KiB, page size: 2048, OOB size: 64
[    1.172654] 2 fixed-partitions partitions found on MTD device spi0.0
[    1.179015] OF: Bad cell count for /soc/spi@11007000/spi_nand@0/partitions
[    1.185945] OF: Bad cell count for /soc/spi@11007000/spi_nand@0/partitions
[    1.192971] Creating 2 MTD partitions on "spi0.0":
[    1.197756] 0x000000000000-0x000000200000 : "bl2"
[    1.204083] 0x000000200000-0x000008000000 : "ubi"
[    1.282908] ubi0: default fastmap pool size: 50
[    1.287434] ubi0: default fastmap WL pool size: 25
[    1.292214] ubi0: attaching mtd1
[    2.115911] ubi0: scanning is finished
[    2.129505] ubi0: attached mtd1 (name "ubi", size 126 MiB)
[    2.134997] ubi0: PEB size: 131072 bytes (128 KiB), LEB size: 126976 bytes
[    2.141860] ubi0: min./max. I/O unit sizes: 2048/2048, sub-page size 2048
[    2.148638] ubi0: VID header offset: 2048 (aligned 2048), data offset: 4096
[    2.155588] ubi0: good PEBs: 1008, bad PEBs: 0, corrupted PEBs: 0
[    2.161668] ubi0: user volume: 7, internal volumes: 1, max. volumes count: 128
[    2.168879] ubi0: max/mean erase counter: 3/1, WL threshold: 4096, image sequence number: 0
[    2.177217] ubi0: available PEBs: 0, total reserved PEBs: 1008, PEBs reserved for bad PEB handling: 20
[    2.186515] ubi0: background thread "ubi_bgt0d" started, PID 306
[    2.186594] OF: Bad cell count for /soc/spi@11007000/spi_nand@0/partitions
[    2.199466] OF: Bad cell count for /soc/spi@11007000/spi_nand@0/partitions
[    2.206675] block ubiblock0_4: created from ubi0:4(fit)
[    2.344141] i2c_dev: i2c /dev entries driver
[    2.348924] /soc/i2c@11003000/rt5190a@64: Fixed dependency cycle(s) with /soc/i2c@11003000/rt5190a@64/regulators/buck1
[    2.362307] mtk-wdt 1001c000.watchdog: Watchdog enabled (timeout=31 sec, nowayout=0)
[    2.370413] mtk-cpufreq mtk-cpufreq: failed to initialize dvfs info for cpu0
[    2.378245] NET: Registered PF_INET6 protocol family
[    2.383660] Segment Routing with IPv6
[    2.387330] In-situ OAM (IOAM) with IPv6
[    2.391269] NET: Registered PF_PACKET protocol family
[    2.396329] bridge: filtering via arp/ip/ip6tables is no longer available by default. Update your scripts to load br_netfilter if you need this.
[    2.409359] 8021q: 802.1Q VLAN Support v1.8
[    2.426017] phy phy-soc:xphy@11e10000.3: type_sw - reg 0x218, index 0
[    2.433255] mtk-pcie-gen3 11280000.pcie: host bridge /soc/pcie@11280000 ranges:
[    2.440572] mtk-pcie-gen3 11280000.pcie: Parsing ranges property...
[    2.446857] mtk-pcie-gen3 11280000.pcie:       IO 0x0020000000..0x00201fffff -> 0x0020000000
[    2.455302] mtk-pcie-gen3 11280000.pcie:      MEM 0x0020200000..0x0027ffffff -> 0x0020200000
[    2.500897] mtk-msdc 11230000.mmc: Final PAD_DS_TUNE: 0x13014
[    2.507092] mmc0: new HS400 MMC card at address 0001
[    2.512681] mmcblk0: mmc0:0001 8GTF4R 7.28 GiB
[    2.518125] mmcblk0boot0: mmc0:0001 8GTF4R 4.00 MiB
[    2.523635] mmcblk0boot1: mmc0:0001 8GTF4R 4.00 MiB
[    2.528731] mmcblk0rpmb: mmc0:0001 8GTF4R 512 KiB, chardev (248:0)
[    2.802608] mtk-pcie-gen3 11280000.pcie: PCIe link down, current LTSSM state: detect.quiet (0x1)
[    2.811406] mtk-pcie-gen3: probe of 11280000.pcie failed with error -110
[    2.818442] mtk-pcie-gen3 11290000.pcie: host bridge /soc/pcie@11290000 ranges:
[    2.825758] mtk-pcie-gen3 11290000.pcie: Parsing ranges property...
[    2.832023] mtk-pcie-gen3 11290000.pcie:       IO 0x0028000000..0x00281fffff -> 0x0028000000
[    2.840458] mtk-pcie-gen3 11290000.pcie:      MEM 0x0028200000..0x002fffffff -> 0x0028200000
[    3.182598] mtk-pcie-gen3 11290000.pcie: PCIe link down, current LTSSM state: detect.quiet (0x1)
[    3.191380] mtk-pcie-gen3: probe of 11290000.pcie failed with error -110
[    3.198259] mtk-pcie-gen3 11300000.pcie: host bridge /soc/pcie@11300000 ranges:
[    3.205572] mtk-pcie-gen3 11300000.pcie: Parsing ranges property...
[    3.211833] mtk-pcie-gen3 11300000.pcie:       IO 0x0030000000..0x00301fffff -> 0x0030000000
[    3.220270] mtk-pcie-gen3 11300000.pcie:      MEM 0x0030200000..0x0037ffffff -> 0x0030200000
[    3.468399] mtk-pcie-gen3 11300000.pcie: set IO trans window[0]: cpu_addr = 0x30000000, pci_addr = 0x30000000, size = 0x200000
[    3.479781] mtk-pcie-gen3 11300000.pcie: set MEM trans window[1]: cpu_addr = 0x30200000, pci_addr = 0x30200000, size = 0x200000
[    3.491247] mtk-pcie-gen3 11300000.pcie: set MEM trans window[2]: cpu_addr = 0x30400000, pci_addr = 0x30400000, size = 0x400000
[    3.502710] mtk-pcie-gen3 11300000.pcie: set MEM trans window[3]: cpu_addr = 0x30800000, pci_addr = 0x30800000, size = 0x800000
[    3.514172] mtk-pcie-gen3 11300000.pcie: set MEM trans window[4]: cpu_addr = 0x31000000, pci_addr = 0x31000000, size = 0x1000000
[    3.525722] mtk-pcie-gen3 11300000.pcie: set MEM trans window[5]: cpu_addr = 0x32000000, pci_addr = 0x32000000, size = 0x2000000
[    3.537271] mtk-pcie-gen3 11300000.pcie: set MEM trans window[6]: cpu_addr = 0x34000000, pci_addr = 0x34000000, size = 0x4000000
[    3.549078] mtk-pcie-gen3 11300000.pcie: PCI host bridge to bus 0000:00
[    3.555689] pci_bus 0000:00: root bus resource [bus 00-ff]
[    3.561167] pci_bus 0000:00: root bus resource [io  0x400000-0x5fffff] (bus address [0x30000000-0x301fffff])
[    3.570983] pci_bus 0000:00: root bus resource [mem 0x30200000-0x37ffffff]
[    3.577849] pci_bus 0000:00: scanning bus
[    3.581868] pci 0000:00:00.0: [14c3:7988] type 01 class 0x060400
[    3.587881] pci 0000:00:00.0: reg 0x10: [mem 0x00000000-0x00007fff 64bit]
[    3.594723] pci 0000:00:00.0: PME# supported from D0 D3hot D3cold
[    3.600807] pci 0000:00:00.0: PME# disabled
[    3.606248] pci_bus 0000:00: fixups for bus
[    3.610423] pci 0000:00:00.0: scanning [bus 00-00] behind bridge, pass 0
[    3.617117] pci 0000:00:00.0: bridge configuration invalid ([bus 00-00]), reconfiguring
[    3.625116] pci 0000:00:00.0: scanning [bus 00-00] behind bridge, pass 1
[    3.631852] pci_bus 0000:01: scanning bus
[    3.635875] pci 0000:01:00.0: [14c3:7990] type 00 class 0x028000
[    3.641892] pci 0000:01:00.0: reg 0x10: [mem 0x00000000-0x001fffff 64bit pref]
[    3.649118] pci 0000:01:00.0: reg 0x18: [mem 0x00000000-0x00007fff 64bit]
[    3.656003] pci 0000:01:00.0: PME# supported from D0 D3hot D3cold
[    3.662088] pci 0000:01:00.0: PME# disabled
[    3.692630] pci_bus 0000:01: fixups for bus
[    3.696803] pci_bus 0000:01: bus scan returning with max=01
[    3.702365] pci_bus 0000:01: busn_res: [bus 01-ff] end is updated to 01
[    3.708976] pci_bus 0000:00: bus scan returning with max=01
[    3.714553] pci 0000:00:00.0: BAR 9: assigned [mem 0x30200000-0x303fffff 64bit pref]
[    3.722284] pci 0000:00:00.0: BAR 8: assigned [mem 0x30400000-0x304fffff]
[    3.729063] pci 0000:00:00.0: BAR 0: assigned [mem 0x30500000-0x30507fff 64bit]
[    3.736369] pci 0000:01:00.0: BAR 0: assigned [mem 0x30200000-0x303fffff 64bit pref]
[    3.744112] pci 0000:01:00.0: BAR 2: assigned [mem 0x30400000-0x30407fff 64bit]
[    3.751418] pci 0000:00:00.0: PCI bridge to [bus 01]
[    3.756376] pci 0000:00:00.0:   bridge window [mem 0x30400000-0x304fffff]
[    3.763154] pci 0000:00:00.0:   bridge window [mem 0x30200000-0x303fffff 64bit pref]
[    3.770893] pci 0000:00:00.0: Max Payload Size set to  256/ 256 (was  128), Max Read Rq  256
[    3.779335] pci 0000:01:00.0: Max Payload Size set to  256/ 256 (was  128), Max Read Rq  256
[    3.787843] pcieport 0000:00:00.0: assign IRQ: got 115
[    3.792982] pcieport 0000:00:00.0: enabling device (0000 -> 0002)
[    3.799073] pcieport 0000:00:00.0: enabling bus mastering
[    3.804832] mtk-pcie-gen3 11300000.pcie: msi#0x0 address_hi 0x0 address_lo 0x11300c00 data 0
[    3.813272] mtk-pcie-gen3 11300000.pcie: msi#0x1 address_hi 0x0 address_lo 0x11300c00 data 1
[    3.821697] mtk-pcie-gen3 11300000.pcie: msi#0x2 address_hi 0x0 address_lo 0x11300c00 data 2
[    3.830124] mtk-pcie-gen3 11300000.pcie: msi#0x3 address_hi 0x0 address_lo 0x11300c00 data 3
[    3.838551] mtk-pcie-gen3 11300000.pcie: msi#0x4 address_hi 0x0 address_lo 0x11300c00 data 4
[    3.846976] mtk-pcie-gen3 11300000.pcie: msi#0x5 address_hi 0x0 address_lo 0x11300c00 data 5
[    3.855403] mtk-pcie-gen3 11300000.pcie: msi#0x6 address_hi 0x0 address_lo 0x11300c00 data 6
[    3.863828] mtk-pcie-gen3 11300000.pcie: msi#0x7 address_hi 0x0 address_lo 0x11300c00 data 7
[    3.872252] mtk-pcie-gen3 11300000.pcie: msi#0x8 address_hi 0x0 address_lo 0x11300c00 data 8
[    3.880678] mtk-pcie-gen3 11300000.pcie: msi#0x9 address_hi 0x0 address_lo 0x11300c00 data 9
[    3.889103] mtk-pcie-gen3 11300000.pcie: msi#0xa address_hi 0x0 address_lo 0x11300c00 data 10
[    3.897617] mtk-pcie-gen3 11300000.pcie: msi#0xb address_hi 0x0 address_lo 0x11300c00 data 11
[    3.906130] mtk-pcie-gen3 11300000.pcie: msi#0xc address_hi 0x0 address_lo 0x11300c00 data 12
[    3.914643] mtk-pcie-gen3 11300000.pcie: msi#0xd address_hi 0x0 address_lo 0x11300c00 data 13
[    3.923156] mtk-pcie-gen3 11300000.pcie: msi#0xe address_hi 0x0 address_lo 0x11300c00 data 14
[    3.931667] mtk-pcie-gen3 11300000.pcie: msi#0xf address_hi 0x0 address_lo 0x11300c00 data 15
[    3.940182] mtk-pcie-gen3 11300000.pcie: msi#0x10 address_hi 0x0 address_lo 0x11300c00 data 16
[    3.948782] mtk-pcie-gen3 11300000.pcie: msi#0x11 address_hi 0x0 address_lo 0x11300c00 data 17
[    3.957382] mtk-pcie-gen3 11300000.pcie: msi#0x12 address_hi 0x0 address_lo 0x11300c00 data 18
[    3.965980] mtk-pcie-gen3 11300000.pcie: msi#0x13 address_hi 0x0 address_lo 0x11300c00 data 19
[    3.974579] mtk-pcie-gen3 11300000.pcie: msi#0x14 address_hi 0x0 address_lo 0x11300c00 data 20
[    3.983178] mtk-pcie-gen3 11300000.pcie: msi#0x15 address_hi 0x0 address_lo 0x11300c00 data 21
[    3.991775] mtk-pcie-gen3 11300000.pcie: msi#0x16 address_hi 0x0 address_lo 0x11300c00 data 22
[    4.000379] mtk-pcie-gen3 11300000.pcie: msi#0x17 address_hi 0x0 address_lo 0x11300c00 data 23
[    4.008978] mtk-pcie-gen3 11300000.pcie: msi#0x18 address_hi 0x0 address_lo 0x11300c00 data 24
[    4.017580] mtk-pcie-gen3 11300000.pcie: msi#0x19 address_hi 0x0 address_lo 0x11300c00 data 25
[    4.026180] mtk-pcie-gen3 11300000.pcie: msi#0x1a address_hi 0x0 address_lo 0x11300c00 data 26
[    4.034779] mtk-pcie-gen3 11300000.pcie: msi#0x1b address_hi 0x0 address_lo 0x11300c00 data 27
[    4.043379] mtk-pcie-gen3 11300000.pcie: msi#0x1c address_hi 0x0 address_lo 0x11300c00 data 28
[    4.051976] mtk-pcie-gen3 11300000.pcie: msi#0x1d address_hi 0x0 address_lo 0x11300c00 data 29
[    4.060578] mtk-pcie-gen3 11300000.pcie: msi#0x1e address_hi 0x0 address_lo 0x11300c00 data 30
[    4.069177] mtk-pcie-gen3 11300000.pcie: msi#0x1f address_hi 0x0 address_lo 0x11300c00 data 31
[    4.078192] mtk-pcie-gen3 11300000.pcie: msi#0x0 address_hi 0x0 address_lo 0x11300c00 data 0
[    4.086690] pcieport 0000:00:00.0: PME: Signaling with IRQ 116
[    4.092648] pcieport 0000:00:00.0: AER: enabled with IRQ 116
[    4.098337] pcieport 0000:00:00.0: save config 0x00: 0x798814c3
[    4.104254] pcieport 0000:00:00.0: save config 0x04: 0x00100406
[    4.110162] pcieport 0000:00:00.0: save config 0x08: 0x06040001
[    4.116078] pcieport 0000:00:00.0: save config 0x0c: 0x00010000
[    4.121986] pcieport 0000:00:00.0: save config 0x10: 0x30500004
[    4.127930] pcieport 0000:00:00.0: save config 0x14: 0x00000000
[    4.133846] pcieport 0000:00:00.0: save config 0x18: 0x00010100
[    4.139753] pcieport 0000:00:00.0: save config 0x1c: 0x000001f1
[    4.145667] pcieport 0000:00:00.0: save config 0x20: 0x30403040
[    4.151574] pcieport 0000:00:00.0: save config 0x24: 0x30313021
[    4.157488] pcieport 0000:00:00.0: save config 0x28: 0x00000000
[    4.163401] pcieport 0000:00:00.0: save config 0x2c: 0x00000000
[    4.169308] pcieport 0000:00:00.0: save config 0x30: 0x00000000
[    4.175221] pcieport 0000:00:00.0: save config 0x34: 0x00000080
[    4.181128] pcieport 0000:00:00.0: save config 0x38: 0x00000000
[    4.187041] pcieport 0000:00:00.0: save config 0x3c: 0x00020173
[    4.193299] mtk-pcie-gen3 11310000.pcie: host bridge /soc/pcie@11310000 ranges:
[    4.200606] mtk-pcie-gen3 11310000.pcie: Parsing ranges property...
[    4.206881] mtk-pcie-gen3 11310000.pcie:       IO 0x0038000000..0x00381fffff -> 0x0038000000
[    4.215320] mtk-pcie-gen3 11310000.pcie:      MEM 0x0038200000..0x003fffffff -> 0x0038200000
[    4.468722] mtk-pcie-gen3 11310000.pcie: set IO trans window[0]: cpu_addr = 0x38000000, pci_addr = 0x38000000, size = 0x200000
[    4.480108] mtk-pcie-gen3 11310000.pcie: set MEM trans window[1]: cpu_addr = 0x38200000, pci_addr = 0x38200000, size = 0x200000
[    4.491573] mtk-pcie-gen3 11310000.pcie: set MEM trans window[2]: cpu_addr = 0x38400000, pci_addr = 0x38400000, size = 0x400000
[    4.503035] mtk-pcie-gen3 11310000.pcie: set MEM trans window[3]: cpu_addr = 0x38800000, pci_addr = 0x38800000, size = 0x800000
[    4.514499] mtk-pcie-gen3 11310000.pcie: set MEM trans window[4]: cpu_addr = 0x39000000, pci_addr = 0x39000000, size = 0x1000000
[    4.526048] mtk-pcie-gen3 11310000.pcie: set MEM trans window[5]: cpu_addr = 0x3a000000, pci_addr = 0x3a000000, size = 0x2000000
[    4.537597] mtk-pcie-gen3 11310000.pcie: set MEM trans window[6]: cpu_addr = 0x3c000000, pci_addr = 0x3c000000, size = 0x4000000
[    4.549271] mtk-pcie-gen3 11310000.pcie: PCI host bridge to bus 0001:00
[    4.555882] pci_bus 0001:00: root bus resource [bus 00-ff]
[    4.561358] pci_bus 0001:00: root bus resource [io  0x600000-0x7fffff] (bus address [0x38000000-0x381fffff])
[    4.571174] pci_bus 0001:00: root bus resource [mem 0x38200000-0x3fffffff]
[    4.578040] pci_bus 0001:00: scanning bus
[    4.582058] pci 0001:00:00.0: [14c3:7988] type 01 class 0x060400
[    4.588070] pci 0001:00:00.0: reg 0x10: [mem 0x00000000-0x00007fff 64bit]
[    4.594910] pci 0001:00:00.0: PME# supported from D0 D3hot D3cold
[    4.600994] pci 0001:00:00.0: PME# disabled
[    4.606479] pci_bus 0001:00: fixups for bus
[    4.610653] pci 0001:00:00.0: scanning [bus 00-00] behind bridge, pass 0
[    4.617348] pci 0001:00:00.0: bridge configuration invalid ([bus 00-00]), reconfiguring
[    4.625346] pci 0001:00:00.0: scanning [bus 00-00] behind bridge, pass 1
[    4.632080] pci_bus 0001:01: scanning bus
[    4.636106] pci 0001:01:00.0: [14c3:7991] type 00 class 0x028000
[    4.642122] pci 0001:01:00.0: reg 0x10: [mem 0x00000000-0x001fffff 64bit pref]
[    4.649348] pci 0001:01:00.0: reg 0x18: [mem 0x00000000-0x00007fff 64bit]
[    4.656234] pci 0001:01:00.0: PME# supported from D0 D3hot D3cold
[    4.662318] pci 0001:01:00.0: PME# disabled
[    4.692627] pci_bus 0001:01: fixups for bus
[    4.696800] pci_bus 0001:01: bus scan returning with max=01
[    4.702362] pci_bus 0001:01: busn_res: [bus 01-ff] end is updated to 01
[    4.708973] pci_bus 0001:00: bus scan returning with max=01
[    4.714548] pci 0001:00:00.0: BAR 9: assigned [mem 0x38200000-0x383fffff 64bit pref]
[    4.722279] pci 0001:00:00.0: BAR 8: assigned [mem 0x38400000-0x384fffff]
[    4.729059] pci 0001:00:00.0: BAR 0: assigned [mem 0x38500000-0x38507fff 64bit]
[    4.736365] pci 0001:01:00.0: BAR 0: assigned [mem 0x38200000-0x383fffff 64bit pref]
[    4.744107] pci 0001:01:00.0: BAR 2: assigned [mem 0x38400000-0x38407fff 64bit]
[    4.751412] pci 0001:00:00.0: PCI bridge to [bus 01]
[    4.756370] pci 0001:00:00.0:   bridge window [mem 0x38400000-0x384fffff]
[    4.763148] pci 0001:00:00.0:   bridge window [mem 0x38200000-0x383fffff 64bit pref]
[    4.770887] pci 0001:00:00.0: Max Payload Size set to  256/ 256 (was  128), Max Read Rq  256
[    4.779329] pci 0001:01:00.0: Max Payload Size set to  256/ 256 (was  128), Max Read Rq  256
[    4.787844] pcieport 0001:00:00.0: assign IRQ: got 118
[    4.792983] pcieport 0001:00:00.0: enabling device (0000 -> 0002)
[    4.799072] pcieport 0001:00:00.0: enabling bus mastering
[    4.804818] mtk-pcie-gen3 11310000.pcie: msi#0x0 address_hi 0x0 address_lo 0x11310c00 data 0
[    4.813257] mtk-pcie-gen3 11310000.pcie: msi#0x1 address_hi 0x0 address_lo 0x11310c00 data 1
[    4.821681] mtk-pcie-gen3 11310000.pcie: msi#0x2 address_hi 0x0 address_lo 0x11310c00 data 2
[    4.830109] mtk-pcie-gen3 11310000.pcie: msi#0x3 address_hi 0x0 address_lo 0x11310c00 data 3
[    4.838535] mtk-pcie-gen3 11310000.pcie: msi#0x4 address_hi 0x0 address_lo 0x11310c00 data 4
[    4.846961] mtk-pcie-gen3 11310000.pcie: msi#0x5 address_hi 0x0 address_lo 0x11310c00 data 5
[    4.855388] mtk-pcie-gen3 11310000.pcie: msi#0x6 address_hi 0x0 address_lo 0x11310c00 data 6
[    4.863814] mtk-pcie-gen3 11310000.pcie: msi#0x7 address_hi 0x0 address_lo 0x11310c00 data 7
[    4.872237] mtk-pcie-gen3 11310000.pcie: msi#0x8 address_hi 0x0 address_lo 0x11310c00 data 8
[    4.880663] mtk-pcie-gen3 11310000.pcie: msi#0x9 address_hi 0x0 address_lo 0x11310c00 data 9
[    4.889089] mtk-pcie-gen3 11310000.pcie: msi#0xa address_hi 0x0 address_lo 0x11310c00 data 10
[    4.897602] mtk-pcie-gen3 11310000.pcie: msi#0xb address_hi 0x0 address_lo 0x11310c00 data 11
[    4.906115] mtk-pcie-gen3 11310000.pcie: msi#0xc address_hi 0x0 address_lo 0x11310c00 data 12
[    4.914629] mtk-pcie-gen3 11310000.pcie: msi#0xd address_hi 0x0 address_lo 0x11310c00 data 13
[    4.923142] mtk-pcie-gen3 11310000.pcie: msi#0xe address_hi 0x0 address_lo 0x11310c00 data 14
[    4.931651] mtk-pcie-gen3 11310000.pcie: msi#0xf address_hi 0x0 address_lo 0x11310c00 data 15
[    4.940166] mtk-pcie-gen3 11310000.pcie: msi#0x10 address_hi 0x0 address_lo 0x11310c00 data 16
[    4.948765] mtk-pcie-gen3 11310000.pcie: msi#0x11 address_hi 0x0 address_lo 0x11310c00 data 17
[    4.957369] mtk-pcie-gen3 11310000.pcie: msi#0x12 address_hi 0x0 address_lo 0x11310c00 data 18
[    4.965969] mtk-pcie-gen3 11310000.pcie: msi#0x13 address_hi 0x0 address_lo 0x11310c00 data 19
[    4.974568] mtk-pcie-gen3 11310000.pcie: msi#0x14 address_hi 0x0 address_lo 0x11310c00 data 20
[    4.983167] mtk-pcie-gen3 11310000.pcie: msi#0x15 address_hi 0x0 address_lo 0x11310c00 data 21
[    4.991764] mtk-pcie-gen3 11310000.pcie: msi#0x16 address_hi 0x0 address_lo 0x11310c00 data 22
[    5.000363] mtk-pcie-gen3 11310000.pcie: msi#0x17 address_hi 0x0 address_lo 0x11310c00 data 23
[    5.008964] mtk-pcie-gen3 11310000.pcie: msi#0x18 address_hi 0x0 address_lo 0x11310c00 data 24
[    5.017565] mtk-pcie-gen3 11310000.pcie: msi#0x19 address_hi 0x0 address_lo 0x11310c00 data 25
[    5.026164] mtk-pcie-gen3 11310000.pcie: msi#0x1a address_hi 0x0 address_lo 0x11310c00 data 26
[    5.034766] mtk-pcie-gen3 11310000.pcie: msi#0x1b address_hi 0x0 address_lo 0x11310c00 data 27
[    5.043365] mtk-pcie-gen3 11310000.pcie: msi#0x1c address_hi 0x0 address_lo 0x11310c00 data 28
