Labgrid Console Logfile for main
Logfile started at 2026-03-11 02:40:36.534963
=== Log starts here ===
c[?7l[2J[0mSeaBIOS (version 1.16.3-debian-1.16.3-2)


iPXE (https://ipxe.org) 00:03.0 CA00 PCI2.10 PnP PMM+06FCAE70+06F0AE70 CA00
Press Ctrl-B to configure iPXE (PCI 00:03.0)...                                                                               




iPXE (https://ipxe.org) 00:05.0 CB00 PCI2.10 PnP PMM 06FCAE70 06F0AE70 CB00
Press Ctrl-B to configure iPXE (PCI 00:05.0)...                                                                               


Booting from Hard Disk...
GRUB loading.....
[0;30;47mWelcome to GRUB![01;01H[0m[2J[H[J[1;1H[?25l[m[H[J[1;1H[2;30HGNU GRUB  version 2.12

[m[4;2H+----------------------------------------------------------------------------+[5;2H|[5;79H|[6;2H|[6;79H|[7;2H|[7;79H|[8;2H|[8;79H|[9;2H|[9;79H|[10;2H|[10;79H|[11;2H|[11;79H|[12;2H|[12;79H|[13;2H|[13;79H|[14;2H|[14;79H|[15;2H|[15;79H|[16;2H+----------------------------------------------------------------------------+[m[17;2H[18;2H[m     Use the ^ and v keys to select which entry is highlighted.          
      Press enter to boot the selected OS, `e' to edit the commands       
      before booting or `c' for a command-line. ESC to return             
      previous menu.                                                      [5;80H [7m[5;3H*OpenWrt                                                                    [m[5;78H[m[m[6;3H OpenWrt (failsafe)                                                         [m[6;78H[m[m[7;3H                                                                            [m[7;78H[m[m[8;3H                                                                            [m[8;78H[m[m[9;3H                                                                            [m[9;78H[m[m[10;3H                                                                            [m[10;78H[m[m[11;3H                                                                            [m[11;78H[m[m[12;3H                                                                            [m[12;78H[m[m[13;3H                                                                            [m[13;78H[m[m[14;3H                                                                            [m[14;78H[m[m[15;3H                                                                            [m[15;78H[m[15;80H [5;78H[2J[02;30HGNU GRUB  version 2.12[04;02H┌────────────────────────────────────────────────────────────────────────────┐[05;02H│[05;79H│[06;02H│[06;79H│[07;02H│[07;79H│[08;02H│[08;79H│[09;02H│[09;79H│[10;02H│[10;79H│[11;02H│[11;79H│[12;02H│[12;79H│[13;02H│[13;79H│[14;02H│[14;79H│[15;02H│[15;79H│[16;02H│[16;79H│[17;02H└────────────────────────────────────────────────────────────────────────────┘[19;02H     Use the ↑ and ↓ keys to select which entry is highlighted.          
      Press enter to boot the selected OS, `e' to edit the commands       
      before booting or `c' for a command-line. ESC to return             
      previous menu.                                                      [05;80H [05;03H[0;30;47m*OpenWrt                                                                    [06;03H[0m OpenWrt (failsafe)                                                         [07;03H                                                                            [08;03H                                                                            [09;03H                                                                            [10;03H                                                                            [11;03H                                                                            [12;03H              [12;16H[12;17H                                                              [13;03H                                                                            [14;03H                          [14;28H[14;29H                                                  [15;03H                                                                            [16;03H                                                                            [16;80H 






   The highlighted entry will be executed automatically in 5s.                [22;1H   The highlighted entry will be executed automatically in 5s.                 [5;78H [05;78H

















   The highlighted entry will be executed automatically in 4s.                [22;1H   The highlighted entry will be executed automatically in 4s.                 [5;78H [05;78H

















   The highlighted entry will be executed automatically in 3s.                [22;1H   The highlighted entry will be executed automatically in 3s.                 [5;78H [05;78H

















   The highlighted entry[23;24H[23;25H will be executed automatically in 2s.                [22;1H   The highlighted entry will be executed automatically in 2s.                 [5;78H [05;78H

















   The highlighted entry will be executed automatically in 1s.                [22;1H   The highlighted entry will be executed automatically in 1s.                 [5;78H [05;78H

















   The highlighted entry will be executed automatically in 0s.                [22;1H   The highlighted entry will be executed automatically in 0s.                 [5;78H [01;01H[2J[?25h[H[J[1;1H[H[J[1;1H[2J   Booting `OpenWrt' Booting `OpenWr[01;17H[01;18Ht

'

[    0.000000] Linux version 6.12.74 (builder@buildhost) (x86_64-openwrt-linux-musl-gcc (OpenWrt GCC 14.3.0 r33358-87c2c474f2) 14.3.0, GNU ld (GNU Binutils) 2.44) #0 SMP Tue Mar 10 23:42:36 2026
[    0.000000] Command line: BOOT_IMAGE=/boot/vmlinuz root=PARTUUID=19624e5b-02 rootwait console=tty1 console=ttyS0,115200n8 noinitrd
[    0.000000] BIOS-provided physical RAM map:
[    0.000000] BIOS-e820: [mem 0x0000000000000000-0x000000000009fbff] usable
[    0.000000] BIOS-e820: [mem 0x000000000009fc00-0x000000000009ffff] reserved
[    0.000000] BIOS-e820: [mem 0x00000000000f0000-0x00000000000fffff] reserved
[    0.000000] BIOS-e820: [mem 0x0000000000100000-0x0000000007fdcfff] usable
[    0.000000] BIOS-e820: [mem 0x0000000007fdd000-0x0000000007ffffff] reserved
[    0.000000] BIOS-e820: [mem 0x00000000fffc0000-0x00000000ffffffff] reserved
[    0.000000] BIOS-e820: [mem 0x000000fd00000000-0x000000ffffffffff] reserved
[    0.000000] NX (Execute Disable) protection: active
[    0.000000] APIC: Static calls initialized
[    0.000000] SMBIOS 3.0.0 present.
[    0.000000] DMI: QEMU Standard PC (i440FX + PIIX, 1996), BIOS 1.16.3-debian-1.16.3-2 04/01/2014
[    0.000000] DMI: Memory slots populated: 1/1
[    0.000000] tsc: Fast TSC calibration using PIT
[    0.000000] tsc: Detected 2445.393 MHz processor
[    0.007436] last_pfn = 0x7fdd max_arch_pfn = 0x400000000
[    0.008065] MTRR map: 4 entries (3 fixed + 1 variable; max 19), built from 8 variable MTRRs
[    0.008240] x86/PAT: Configuration [0-7]: WB  WC  UC- UC  WB  WP  UC- WT  
[    0.027795] found SMP MP-table at [mem 0x000f5460-0x000f546f]
[    0.029160] Using GB pages for direct mapping
[    0.033600] ACPI: Early table checksum verification disabled
[    0.033938] ACPI: RSDP 0x00000000000F5290 000014 (v00 BOCHS )
[    0.034255] ACPI: RSDT 0x0000000007FE1C64 000034 (v01 BOCHS  BXPC     00000001 BXPC 00000001)
[    0.034752] ACPI: FACP 0x0000000007FE1B18 000074 (v01 BOCHS  BXPC     00000001 BXPC 00000001)
[    0.035348] ACPI: DSDT 0x0000000007FE0040 001AD8 (v01 BOCHS  BXPC     00000001 BXPC 00000001)
[    0.035424] ACPI: FACS 0x0000000007FE0000 000040
[    0.035474] ACPI: APIC 0x0000000007FE1B8C 000078 (v03 BOCHS  BXPC     00000001 BXPC 00000001)
[    0.035496] ACPI: HPET 0x0000000007FE1C04 000038 (v01 BOCHS  BXPC     00000001 BXPC 00000001)
[    0.035515] ACPI: WAET 0x0000000007FE1C3C 000028 (v01 BOCHS  BXPC     00000001 BXPC 00000001)
[    0.035596] ACPI: Reserving FACP table memory at [mem 0x7fe1b18-0x7fe1b8b]
[    0.035646] ACPI: Reserving DSDT table memory at [mem 0x7fe0040-0x7fe1b17]
[    0.035653] ACPI: Reserving FACS table memory at [mem 0x7fe0000-0x7fe003f]
[    0.035659] ACPI: Reserving APIC table memory at [mem 0x7fe1b8c-0x7fe1c03]
[    0.035665] ACPI: Reserving HPET table memory at [mem 0x7fe1c04-0x7fe1c3b]
[    0.035670] ACPI: Reserving WAET table memory at [mem 0x7fe1c3c-0x7fe1c63]
[    0.038652] Zone ranges:
[    0.038680]   DMA      [mem 0x0000000000001000-0x0000000000ffffff]
[    0.038757]   DMA32    [mem 0x0000000001000000-0x0000000007fdcfff]
[    0.038767]   Normal   empty
[    0.038785] Movable zone start for each node
[    0.038817] Early memory node ranges
[    0.038843]   node   0: [mem 0x0000000000001000-0x000000000009efff]
[    0.038896]   node   0: [mem 0x0000000000100000-0x0000000007fdcfff]
[    0.039037] Initmem setup node 0 [mem 0x0000000000001000-0x0000000007fdcfff]
[    0.040080] On node 0, zone DMA: 1 pages in unavailable ranges
[    0.040564] On node 0, zone DMA: 97 pages in unavailable ranges
[    0.042758] On node 0, zone DMA32: 35 pages in unavailable ranges
[    0.043127] ACPI: PM-Timer IO Port: 0x608
[    0.043529] ACPI: LAPIC_NMI (acpi_id[0xff] dfl dfl lint[0x1])
[    0.043942] IOAPIC[0]: apic_id 0, version 32, address 0xfec00000, GSI 0-23
[    0.044077] ACPI: INT_SRC_OVR (bus 0 bus_irq 0 global_irq 2 dfl dfl)
[    0.044348] ACPI: INT_SRC_OVR (bus 0 bus_irq 5 global_irq 5 high level)
[    0.044401] ACPI: INT_SRC_OVR (bus 0 bus_irq 9 global_irq 9 high level)
[    0.044497] ACPI: INT_SRC_OVR (bus 0 bus_irq 10 global_irq 10 high level)
[    0.044506] ACPI: INT_SRC_OVR (bus 0 bus_irq 11 global_irq 11 high level)
[    0.044697] ACPI: Using ACPI (MADT) for SMP configuration information
[    0.044742] ACPI: HPET id: 0x8086a201 base: 0xfed00000
[    0.045149] CPU topo: Max. logical packages:   1
[    0.045165] CPU topo: Max. logical dies:       1
[    0.045175] CPU topo: Max. dies per package:   1
[    0.045221] CPU topo: Max. threads per core:   1
[    0.045384] CPU topo: Num. cores per package:     1
[    0.045400] CPU topo: Num. threads per package:   1
[    0.045409] CPU topo: Allowing 1 present CPUs plus 0 hotplug CPUs
[    0.046586] [mem 0x08000000-0xfffbffff] available for PCI devices
[    0.046657] Booting paravirtualized kernel on bare hardware
[    0.046962] clocksource: refined-jiffies: mask: 0xffffffff max_cycles: 0xffffffff, max_idle_ns: 19112604462750000 ns
[    0.047682] setup_percpu: NR_CPUS:512 nr_cpumask_bits:1 nr_cpu_ids:1 nr_node_ids:1
[    0.049729] percpu: Embedded 50 pages/cpu s166808 r8192 d29800 u2097152
[    0.052086] Kernel command line: BOOT_IMAGE=/boot/vmlinuz root=PARTUUID=19624e5b-02 rootwait console=tty1 console=ttyS0,115200n8 noinitrd
[    0.053694] random: crng init done
[    0.058350] Dentry cache hash table entries: 16384 (order: 5, 131072 bytes, linear)
[    0.059312] Inode-cache hash table entries: 8192 (order: 4, 65536 bytes, linear)
[    0.061951] Built 1 zonelists, mobility grouping on.  Total pages: 32635
[    0.062190] mem auto-init: stack:off, heap alloc:off, heap free:off
[    0.071925] SLUB: HWalign=64, Order=0-3, MinObjects=0, CPUs=1, Nodes=1
[    0.079880] rcu: Hierarchical RCU implementation.
[    0.079911] rcu: 	RCU restricting CPUs from NR_CPUS=512 to nr_cpu_ids=1.
[    0.080076] 	Tracing variant of Tasks RCU enabled.
[    0.080176] rcu: RCU calculated value of scheduler-enlistment delay is 10 jiffies.
[    0.080207] rcu: Adjusting geometry for rcu_fanout_leaf=16, nr_cpu_ids=1
[    0.081358] RCU Tasks Trace: Setting shift to 0 and lim to 1 rcu_task_cb_adjust=1 rcu_task_cpu_ids=1.
[    0.081490] NR_IRQS: 33024, nr_irqs: 256, preallocated irqs: 16
[    0.090211] rcu: srcu_init: Setting srcu_struct sizes based on contention.
[    0.097077] Console: colour VGA+ 80x25
[    0.097493] printk: legacy console [tty1] enabled
[    0.105769] printk: legacy console [ttyS0] enabled
[    0.348329] ACPI: Core revision 20240827
[    0.353591] clocksource: hpet: mask: 0xffffffff max_cycles: 0xffffffff, max_idle_ns: 19112604467 ns
[    0.362926] APIC: Switch to symmetric I/O mode setup
[    0.367220] ..TIMER: vector=0x30 apic1=0 pin1=2 apic2=-1 pin2=-1
[    0.410104] clocksource: tsc-early: mask: 0xffffffffffffffff max_cycles: 0x233fb8c926e, max_idle_ns: 440795311386 ns
[    0.410757] Calibrating delay loop (skipped), value calculated using timer frequency.. 4890.78 BogoMIPS (lpj=24453930)
[    0.412629] x86/cpu: User Mode Instruction Prevention (UMIP) activated
[    0.428240] Last level iTLB entries: 4KB 0, 2MB 0, 4MB 0
[    0.430916] Last level dTLB entries: 4KB 0, 2MB 0, 4MB 0, 1GB 0
[    0.432051] Spectre V1 : Mitigation: usercopy/swapgs barriers and __user pointer sanitization
[    0.433113] Spectre V2 : Mitigation: Retpolines
[    0.433354] Spectre V2 : Spectre v2 / SpectreRSB: Filling RSB on context switch and VMEXIT
[    0.433809] Speculative Store Bypass: Vulnerable
[    0.442806] x86/fpu: Supporting XSAVE feature 0x001: 'x87 floating point registers'
[    0.447468] x86/fpu: Supporting XSAVE feature 0x002: 'SSE registers'
[    0.447768] x86/fpu: Supporting XSAVE feature 0x004: 'AVX registers'
[    0.448027] x86/fpu: Supporting XSAVE feature 0x008: 'MPX bounds registers'
[    0.451814] x86/fpu: Supporting XSAVE feature 0x010: 'MPX CSR'
[    0.452253] x86/fpu: xstate_offset[2]:  576, xstate_sizes[2]:  256
[    0.452647] x86/fpu: xstate_offset[3]:  960, xstate_sizes[3]:   64
[    0.452895] x86/fpu: xstate_offset[4]: 1024, xstate_sizes[4]:   64
[    0.460843] x86/fpu: Enabled xstate features 0x1f, context size is 1088 bytes, using 'standard' format.
[    0.686130] Freeing SMP alternatives memory: 40K
[    0.686860] pid_max: default: 32768 minimum: 301
[    0.696330] Mount-cache hash table entries: 512 (order: 0, 4096 bytes, linear)
[    0.696735] Mountpoint-cache hash table entries: 512 (order: 0, 4096 bytes, linear)
[    0.848268] smpboot: CPU0: AMD QEMU TCG CPU version 2.5+ (family: 0x6, model: 0x6, stepping: 0x3)
[    0.856184] Performance Events: PMU not available due to virtualization, using software events only.
[    0.857613] signal: max sigframe size: 1616
[    0.876000] rcu: Hierarchical SRCU implementation.
[    0.876260] rcu: 	Max phase no-delay instances is 1000.
[    0.882555] smp: Bringing up secondary CPUs ...
[    0.884316] smp: Brought up 1 node, 1 CPU
[    0.884621] smpboot: Total of 1 processors activated (4890.78 BogoMIPS)
[    0.892657] Memory: 103268K/130540K available (14336K kernel code, 1166K rwdata, 3976K rodata, 1496K init, 1312K bss, 25628K reserved, 0K cma-reserved)
[    0.904916] clocksource: jiffies: mask: 0xffffffff max_cycles: 0xffffffff, max_idle_ns: 19112604462750000 ns
[    0.905773] futex hash table entries: 256 (order: 2, 16384 bytes, linear)
[    0.906994] pinctrl core: initialized pinctrl subsystem
[    0.926810] NET: Registered PF_NETLINK/PF_ROUTE protocol family
[    0.933123] thermal_sys: Registered thermal governor 'step_wise'
[    0.933160] thermal_sys: Registered thermal governor 'user_space'
[    0.934168] cpuidle: using governor ladder
[    0.934736] cpuidle: using governor menu
[    0.938794] acpiphp: ACPI Hot Plug PCI Controller Driver version: 0.5
[    0.941748] PCI: Using configuration type 1 for base access
[    0.951254] cryptd: max_cpu_qlen set to 1000
[    0.956971] ACPI: Added _OSI(Module Device)
[    0.957188] ACPI: Added _OSI(Processor Device)
[    0.957382] ACPI: Added _OSI(Processor Aggregator Device)
[    0.971690] ACPI: 1 ACPI AML tables successfully acquired and loaded
[    0.988315] ACPI: Interpreter enabled
[    0.989090] ACPI: PM: (supports S0 S5)
[    0.989320] ACPI: Using IOAPIC for interrupt routing
[    0.989912] PCI: Using host bridge windows from ACPI; if necessary, use "pci=nocrs" and report a bug
[    0.990313] PCI: Using E820 reservations for host bridge windows
[    0.992432] ACPI: Enabled 2 GPEs in block 00 to 0F
[    1.032709] ACPI: PCI Root Bridge [PCI0] (domain 0000 [bus 00-ff])
[    1.033591] acpi PNP0A03:00: _OSC: OS supports [ASPM ClockPM Segments MSI HPX-Type3]
[    1.034070] acpi PNP0A03:00: _OSC: not requesting OS control; OS requires [ExtendedConfig ASPM ClockPM MSI]
[    1.034978] acpi PNP0A03:00: fail to add MMCONFIG information, can't access extended configuration space under this bridge
[    1.045067] acpiphp: Slot [3] registered
[    1.045399] acpiphp: Slot [4] registered
[    1.045692] acpiphp: Slot [5] registered
[    1.045955] acpiphp: Slot [6] registered
[    1.050894] acpiphp: Slot [7] registered
[    1.052770] acpiphp: Slot [8] registered
[    1.053053] acpiphp: Slot [9] registered
[    1.053311] acpiphp: Slot [10] registered
[    1.053580] acpiphp: Slot [11] registered
[    1.053840] acpiphp: Slot [12] registered
[    1.054119] acpiphp: Slot [13] registered
[    1.060916] acpiphp: Slot [14] registered
[    1.061369] acpiphp: Slot [15] registered
[    1.061787] acpiphp: Slot [16] registered
[    1.062074] acpiphp: Slot [17] registered
[    1.062345] acpiphp: Slot [18] registered
[    1.062618] acpiphp: Slot [19] registered
[    1.070901] acpiphp: Slot [20] registered
[    1.071333] acpiphp: Slot [21] registered
[    1.071770] acpiphp: Slot [22] registered
[    1.072040] acpiphp: Slot [23] registered
[    1.072300] acpiphp: Slot [24] registered
[    1.072560] acpiphp: Slot [25] registered
[    1.080906] acpiphp: Slot [26] registered
[    1.081341] acpiphp: Slot [27] registered
[    1.081750] acpiphp: Slot [28] registered
[    1.082028] acpiphp: Slot [29] registered
[    1.082294] acpiphp: Slot [30] registered
[    1.082555] acpiphp: Slot [31] registered
[    1.083027] PCI host bridge to bus 0000:00
[    1.091231] pci_bus 0000:00: root bus resource [io  0x0000-0x0cf7 window]
[    1.091827] pci_bus 0000:00: root bus resource [io  0x0d00-0xffff window]
[    1.092092] pci_bus 0000:00: root bus resource [mem 0x000a0000-0x000bffff window]
[    1.100761] pci_bus 0000:00: root bus resource [mem 0x08000000-0xfebfffff window]
[    1.101239] pci_bus 0000:00: root bus resource [mem 0x100000000-0x17fffffff window]
[    1.110913] pci_bus 0000:00: root bus resource [bus 00-ff]
[    1.112312] pci 0000:00:00.0: [8086:1237] type 00 class 0x060000 conventional PCI endpoint
[    1.124599] pci 0000:00:01.0: [8086:7000] type 00 class 0x060100 conventional PCI endpoint
[    1.125517] pci 0000:00:01.1: [8086:7010] type 00 class 0x010180 conventional PCI endpoint
[    1.128485] pci 0000:00:01.1: BAR 4 [io  0xc0e0-0xc0ef]
[    1.132031] pci 0000:00:01.1: BAR 0 [io  0x01f0-0x01f7]: legacy IDE quirk
[    1.132345] pci 0000:00:01.1: BAR 1 [io  0x03f6]: legacy IDE quirk
[    1.132645] pci 0000:00:01.1: BAR 2 [io  0x0170-0x0177]: legacy IDE quirk
[    1.132927] pci 0000:00:01.1: BAR 3 [io  0x0376]: legacy IDE quirk
[    1.141734] pci 0000:00:01.3: [8086:7113] type 00 class 0x068000 conventional PCI endpoint
[    1.142394] pci 0000:00:01.3: quirk: [io  0x0600-0x063f] claimed by PIIX4 ACPI
[    1.142741] pci 0000:00:01.3: quirk: [io  0x0700-0x070f] claimed by PIIX4 SMB
[    1.143530] pci 0000:00:02.0: [1234:1111] type 00 class 0x030000 conventional PCI endpoint
[    1.151467] pci 0000:00:02.0: BAR 0 [mem 0xfd000000-0xfdffffff pref]
[    1.152999] pci 0000:00:02.0: BAR 2 [mem 0xfeb90000-0xfeb90fff]
[    1.155543] pci 0000:00:02.0: ROM [mem 0xfeb80000-0xfeb8ffff pref]
[    1.161101] pci 0000:00:02.0: Video device with shadowed ROM at [mem 0x000c0000-0x000dffff]
[    1.162233] pci 0000:00:03.0: [1af4:1000] type 00 class 0x020000 conventional PCI endpoint
[    1.163312] pci 0000:00:03.0: BAR 0 [io  0xc080-0xc09f]
[    1.165819] pci 0000:00:03.0: BAR 4 [mem 0xfe000000-0xfe003fff 64bit pref]
[    1.171736] pci 0000:00:03.0: ROM [mem 0xfea80000-0xfeafffff pref]
[    1.181582] pci 0000:00:04.0: [1af4:1005] type 00 class 0x00ff00 conventional PCI endpoint
[    1.182465] pci 0000:00:04.0: BAR 0 [io  0xc0a0-0xc0bf]
[    1.183318] pci 0000:00:04.0: BAR 1 [mem 0xfeb91000-0xfeb91fff]
[    1.189885] pci 0000:00:04.0: BAR 4 [mem 0xfe004000-0xfe007fff 64bit pref]
[    1.195506] pci 0000:00:05.0: [1af4:1000] type 00 class 0x020000 conventional PCI endpoint
[    1.196469] pci 0000:00:05.0: BAR 0 [io  0xc0c0-0xc0df]
[    1.198110] pci 0000:00:05.0: BAR 1 [mem 0xfeb92000-0xfeb92fff]
[    1.199899] pci 0000:00:05.0: BAR 4 [mem 0xfe008000-0xfe00bfff 64bit pref]
[    1.200947] pci 0000:00:05.0: ROM [mem 0xfeb00000-0xfeb7ffff pref]
[    1.204609] pci 0000:00:06.0: [1af4:1001] type 00 class 0x010000 conventional PCI endpoint
[    1.209584] pci 0000:00:06.0: BAR 0 [io  0xc000-0xc07f]
[    1.210259] pci 0000:00:06.0: BAR 1 [mem 0xfeb93000-0xfeb93fff]
[    1.212249] pci 0000:00:06.0: BAR 4 [mem 0xfe00c000-0xfe00ffff 64bit pref]
[    1.220395] ACPI: PCI: Interrupt link LNKA configured for IRQ 10
[    1.221723] ACPI: PCI: Interrupt link LNKB configured for IRQ 10
[    1.222362] ACPI: PCI: Interrupt link LNKC configured for IRQ 11
[    1.223011] ACPI: PCI: Interrupt link LNKD configured for IRQ 11
[    1.223466] ACPI: PCI: Interrupt link LNKS configured for IRQ 9
[    1.234934] iommu: Default domain type: Translated
[    1.235176] iommu: DMA domain TLB invalidation policy: lazy mode
[    1.237937] SCSI subsystem initialized
[    1.239048] ACPI: bus type USB registered
[    1.239633] usbcore: registered new interface driver usbfs
[    1.241181] usbcore: registered new interface driver hub
[    1.241734] usbcore: registered new device driver usb
[    1.242318] pps_core: LinuxPPS API ver. 1 registered
[    1.242539] pps_core: Software ver. 5.3.6 - Copyright 2005-2007 Rodolfo Giometti <giometti@linux.it>
[    1.250929] PTP clock support registered
[    1.264205] PCI: Using ACPI for IRQ routing
[    1.266419] hpet0: at MMIO 0xfed00000, IRQs 2, 8, 0
[    1.266739] hpet0: 3 comparators, 64-bit 100.000000 MHz counter
[    1.271421] clocksource: Switched to clocksource tsc-early
[    1.274614] pnp: PnP ACPI init
[    1.278848] pnp: PnP ACPI: found 6 devices
[    1.292395] clocksource: acpi_pm: mask: 0xffffff max_cycles: 0xffffff, max_idle_ns: 2085701024 ns
[    1.293739] NET: Registered PF_INET protocol family
[    1.294924] IP idents hash table entries: 2048 (order: 2, 16384 bytes, linear)
[    1.300503] tcp_listen_portaddr_hash hash table entries: 256 (order: 0, 4096 bytes, linear)
[    1.303083] Table-perturb hash table entries: 65536 (order: 6, 262144 bytes, linear)
[    1.303664] TCP established hash table entries: 1024 (order: 1, 8192 bytes, linear)
[    1.304129] TCP bind hash table entries: 1024 (order: 3, 32768 bytes, linear)
[    1.313902] TCP: Hash tables configured (established 1024 bind 1024)
[    1.315885] MPTCP token hash table entries: 256 (order: 1, 6144 bytes, linear)
[    1.316445] UDP hash table entries: 256 (order: 1, 8192 bytes, linear)
[    1.316901] UDP-Lite hash table entries: 256 (order: 1, 8192 bytes, linear)
[    1.326394] NET: Registered PF_UNIX/PF_LOCAL protocol family
[    1.327671] pci_bus 0000:00: resource 4 [io  0x0000-0x0cf7 window]
[    1.327933] pci_bus 0000:00: resource 5 [io  0x0d00-0xffff window]
[    1.328192] pci_bus 0000:00: resource 6 [mem 0x000a0000-0x000bffff window]
[    1.335690] pci_bus 0000:00: resource 7 [mem 0x08000000-0xfebfffff window]
[    1.336095] pci_bus 0000:00: resource 8 [mem 0x100000000-0x17fffffff window]
[    1.336889] pci 0000:00:01.0: PIIX3: Enabling Passive Release
[    1.337235] pci 0000:00:00.0: Limiting direct PCI/PCI transfers
[    1.346864] PCI: CLS 0 bytes, default 64
[    1.366449] workingset: timestamp_bits=46 max_order=15 bucket_order=0
[    1.369036] squashfs: version 4.0 (2009/01/31) Phillip Lougher
[    1.372008] Block layer SCSI generic (bsg) driver version 0.4 loaded (major 247)
[    1.375734] hv_vmbus: registering driver hyperv_fb
[    1.380805] input: Power Button as /devices/LNXSYSTM:00/LNXPWRBN:00/input/input0
[    1.388550] ACPI: button: Power Button [PWRF]
[    1.547594] ACPI: \_SB_.LNKC: Enabled at IRQ 11
[    1.698998] ACPI: \_SB_.LNKD: Enabled at IRQ 10
[    1.848525] ACPI: \_SB_.LNKA: Enabled at IRQ 10
[    1.997801] ACPI: \_SB_.LNKB: Enabled at IRQ 11
[    1.999392] Serial: 8250/16550 driver, 16 ports, IRQ sharing enabled
[    2.024291] 00:04: ttyS0 at I/O 0x3f8 (irq = 4, base_baud = 115200) is a 16550A
[    2.049040] Non-volatile memory driver v1.3
[    2.059848] Linux agpgart interface v0.103
[    2.061033] ACPI: bus type drm_connector registered
[    2.063738] [drm] Found bochs VGA, ID 0xb0c5.
[    2.063966] [drm] Framebuffer size 16384 kB @ 0xfd000000, mmio @ 0xfeb90000.
[    2.069577] [drm] Found EDID data blob.
[    2.075223] [drm] Initialized bochs-drm 1.0.0 for 0000:00:02.0 on minor 0
[    2.142880] Console: switching to colour frame buffer device 160x50
[    2.151957] bochs-drm 0000:00:02.0: [drm] fb0: bochs-drmdrmfb frame buffer device
[    2.186690] loop: module loaded
[    2.187337] virtio_blk virtio3: 1/0/0 default/read/poll queues
[    2.192074] virtio_blk virtio3: [vda] 246784 512-byte logical blocks (126 MB/121 MiB)
[    2.201220]  vda: vda1 vda2
[    2.203136] Guest personality initialized and is inactive
[    2.203747] VMCI host device registered (name=vmci, major=10, minor=256)
[    2.204045] Initialized host personality
[    2.204435] usbcore: registered new interface driver rtsx_usb
[    2.212803] VMware PVSCSI driver - version 1.0.7.0-k
[    2.213159] hv_vmbus: registering driver hv_storvsc
[    2.228704] scsi host0: ata_piix
[    2.231324] scsi host1: ata_piix
[    2.232152] ata1: PATA max MWDMA2 cmd 0x1f0 ctl 0x3f6 bmdma 0xc0e0 irq 14 lpm-pol 0
[    2.232517] ata2: PATA max MWDMA2 cmd 0x170 ctl 0x376 bmdma 0xc0e8 irq 15 lpm-pol 0
[    2.241352] VMware vmxnet3 virtual NIC driver - version 1.9.0.0-k-NAPI
[    2.241925] hv_vmbus: registering driver hv_netvsc
[    2.242340] Fusion MPT base driver 3.04.20
[    2.242521] Copyright (c) 1999-2008 LSI Corporation
[    2.242906] Fusion MPT SPI Host driver 3.04.20
[    2.252181] Fusion MPT SAS Host driver 3.04.20
[    2.254401] usbcore: registered new interface driver usb-storage
[    2.255631] i8042: PNP: PS/2 Controller [PNP0303:KBD,PNP0f13:MOU] at 0x60,0x64 irq 1,12
[    2.258984] serio: i8042 KBD port at 0x60,0x64 irq 1
[    2.259399] serio: i8042 AUX port at 0x60,0x64 irq 12
[    2.265998] hv_vmbus: registering driver hyperv_keyboard
[    2.268397] rtc_cmos 00:05: RTC can wake from S4
[    2.273399] rtc_cmos 00:05: registered as rtc0
[    2.276246] rtc_cmos 00:05: setting system clock to 2026-03-11T02:40:47 UTC (1773196847)
[    2.278713] rtc_cmos 00:05: alarms up to one day, y3k, 242 bytes nvram, hpet irqs
[    2.281462] intel_powerclamp: CPU does not support MWAIT
[    2.283723] amd_pstate: the _CPC object is not present in SBIOS or ACPI disabled
[    2.289516] sdhci: Secure Digital Host Controller Interface driver
[    2.291599] sdhci: Copyright(c) Pierre Ossman
[    2.293938] VUB300 Driver rom wait states = 1C irqpoll timeout = 0400
[    2.300384] input: AT Translated Set 2 keyboard as /devices/platform/i8042/serio0/input/input1
[    2.323247] usbcore: registered new interface driver vub300
[    2.325458] usbcore: registered new interface driver ushc
[    2.333158] hid: raw HID events driver (C) Jiri Kosina
[    2.335850] hv_vmbus: registering driver hid_hyperv
[    2.338579] usbcore: registered new interface driver usbhid
[    2.340709] usbhid: USB HID core driver
[    2.342811] hv_utils: Registering HyperV Utility Driver
[    2.344809] hv_vmbus: registering driver hv_utils
[    2.347127] hv_vmbus: registering driver hv_balloon
[    2.350613] NET: Registered PF_INET6 protocol family
[    2.362574] tsc: Refined TSC clocksource calibration: 2445.429 MHz
[    2.364982] clocksource: tsc: mask: 0xffffffffffffffff max_cycles: 0x233fdac2ae5, max_idle_ns: 440795297080 ns
[    2.367331] clocksource: Switched to clocksource tsc
[    2.376218] Segment Routing with IPv6
[    2.378364] In-situ OAM (IOAM) with IPv6
[    2.380886] NET: Registered PF_PACKET protocol family
[    2.383385] bridge: filtering via arp/ip/ip6tables is no longer available by default. Update your scripts to load br_netfilter if you need this.
[    2.392830] 8021q: 802.1Q VLAN Support v1.8
[    2.395417] NET: Registered PF_VSOCK protocol family
[    2.404398] IPI shorthand broadcast: enabled
[    2.411065] AES CTR mode by8 optimization enabled
[    2.432661] sched_clock: Marking stable (2170058043, 259923473)->(2436834609, -6853093)
[    2.470728] ata2: found unknown device (class 0)
[    2.493213] ata2.00: ATAPI: QEMU DVD-ROM, 2.5+, max UDMA/100
[    2.532426] scsi 1:0:0:0: CD-ROM            QEMU     QEMU DVD-ROM     2.5+ PQ: 0 ANSI: 5
[    2.545430] clk: Disabling unused clocks
[    2.581738] sr 1:0:0:0: [sr0] scsi3-mmc drive: 4x/4x cd/rw xa/form2 tray
[    2.584246] cdrom: Uniform CD-ROM driver Revision: 3.20
[    2.640846] VFS: Mounted root (squashfs filesystem) readonly on device 254:2.
[    2.709089] Freeing unused kernel image (initmem) memory: 1496K
[    2.711605] Write protecting the kernel read-only data: 18432k
[    2.714746] Freeing unused kernel image (rodata/data gap) memory: 120K
[    2.717315] Run /sbin/init as init process
[    3.047720] init: Console is alive
[    3.608044] kmodloader: loading kernel modules from /etc/modules-boot.d/*
[    3.673901] button_hotplug: loading out-of-tree module taints kernel.
[    3.680888] Button Hotplug driver version 0.4.1
[    3.700283] Intel(R) 2.5G Ethernet Linux Driver
[    3.702703] Copyright(c) 2018 Intel Corporation.
[    3.717746] igb: Intel(R) Gigabit Ethernet Network Driver
[    3.720242] igb: Copyright (c) 2007-2014 Intel Corporation.
[    3.736615] e1000e: Intel(R) PRO/1000 Network Driver
[    3.739046] e1000e: Copyright(c) 1999 - 2015 Intel Corporation.
[    3.752723] kmodloader: done loading kernel modules from /etc/modules-boot.d/*
[    3.765420] init: - preinit -
[    4.730947] 8021q: adding VLAN 0 to HW filter on device eth0
Press the [f] key and hit [enter] to enter failsafe mode
Press the [1], [2], [3] or [4] key and hit [enter] to select the debug level
[    9.329273] loop0: detected capacity change from 0 to 212992
[    9.380468] loop0: detected capacity change from 212992 to 201728
[    9.393128] mount_root: overlay filesystem in /dev/loop0 has not been formatted yet
[    9.749206] EXT4-fs (loop0): mounted filesystem 4abab26a-9177-47b3-8da3-6eb5f1836ac3 r/w with ordered data mode. Quota mode: disabled.
[    9.762852] mount_root: overlay filesystem has not been fully initialized yet
[    9.780530] mount_root: switching to ext4 overlay
[    9.800704] overlayfs: null uuid detected in lower fs '/', falling back to xino=off,index=off,nfs_export=off.
[   10.526620] EXT4-fs (vda1): mounted filesystem 84173db5-fa99-e35a-95c6-28613cc79ea9 r/w without journal. Quota mode: disabled.
[   10.549831] urandom-seed: Seed file not found (/etc/urandom.seed)
[   10.685009] procd: - early -
[   11.422395] procd: - ubus -
[   11.598354] procd: - init -
Please press Enter to activate this console.
root
login[1042]: root login on 'ttyS0'


BusyBox v1.37.0 (2026-01-02 17:07:02 UTC) built-in shell (ash)

  _______                     ________        __
 |       |.-----.-----.-----.|  |  |  |.----.|  |_
 |   -   ||  _  |  -__|     ||  |  |  ||   _||   _|
 |_______||   __|_____|__|__||________||__|  |____|
          |__| W I R E L E S S   F R E E D O M
 -----------------------------------------------------
 OpenWrt SNAPSHOT, r33358-87c2c474f2
 -----------------------------------------------------

 === WARNING! =====================================
 There is no root password defined on this device!
 Use the "passwd" command to set up a new password
 in order to prevent unauthorized SSH logins.
 --------------------------------------------------

root@(none):~# dmesg -n 1
root@(none):~# echo 'YKON''STFHSJ'
YKONSTFHSJ
root@(none):~# run() { echo -n "$MARKER"; sh -c "$@"; echo "$MARKER $?"; }
root@(none):~# echo 'WGAE''HUTGAP'
WGAEHUTGAP
root@OpenWrt:~# MARKER='XPKK''SXWOAF' run true
XPKKSXWOAFXPKKSXWOAF 0
root@OpenWrt:~# echo 'FLCU''LASNPC'
FLCULASNPC
root@OpenWrt:~# MARKER='BVHS''TKXMHX' run 'source /etc/os-release; echo $BUILD_I
D'
BVHSTKXMHXr33358-87c2c474f2
BVHSTKXMHX 0
root@OpenWrt:~# echo 'EFBZ''PBLHOJ'
EFBZPBLHOJ
root@OpenWrt:~# MARKER='UFVV''UZXFHX' run 'ls /etc/dropbear/dropbear_rsa_host_ke
y'
UFVVUZXFHX[0;0m/etc/dropbear/dropbear_rsa_host_key[m
UFVVUZXFHX 0
root@OpenWrt:~# echo 'ZSGO''CGENVP'
ZSGOCGENVP
root@OpenWrt:~# MARKER='OJUY''BSYFQL' run 'netstat -tlpn | grep 0.0.0.0:22'
OJUYBSYFQLtcp        0      0 0.0.0.0:22              0.0.0.0:*               LISTEN      1733/dropbear
OJUYBSYFQL 0
root@OpenWrt:~# echo 'YEEP''XQEFUE'
YEEPXQEFUE
root@OpenWrt:~# MARKER='JLGS''MOMPGU' run 'dmesg | grep br-lan | grep forwarding
'
JLGSMOMPGU[   30.610579] br-lan: port 1(eth0) entered forwarding state
JLGSMOMPGU 0
root@OpenWrt:~# echo 'CPYJ''WLWYWQ'
CPYJWLWYWQ
root@OpenWrt:~# MARKER='XGYT''SKPEBM' run 'ubus call network.interface.lan statu
s '"'"'{}'"'"''
XGYTSKPEBM{
	"up": true,
	"pending": false,
	"available": true,
	"autostart": true,
	"dynamic": false,
	"uptime": 23,
	"l3_device": "br-lan",
	"proto": "static",
	"device": "br-lan",
	"updated": [
		"addresses"
	],
	"metric": 0,
	"dns_metric": 0,
	"delegation": true,
	"ipv4-address": [
		{
			"address": "192.168.1.1",
			"mask": 24
		}
	],
	"ipv6-address": [
		
	],
	"ipv6-prefix": [
		
	],
	"ipv6-prefix-assignment": [
		{
			"address": "fd51:1c49:e94c::",
			"mask": 60,
			"local-address": {
				"address": "fd51:1c49:e94c::1",
				"mask": 60
			}
		}
	],
	"route": [
		
	],
	"dns-server": [
		
	],
	"dns-search": [
		
	],
	"neighbors": [
		
	],
	"inactive": {
		"ipv4-address": [
			
		],
		"ipv6-address": [
			
		],
		"route": [
			
		],
		"dns-server": [
			
		],
		"dns-search": [
			
		],
		"neighbors": [
			
		]
	},
	"data": {
		
	}
}
XGYTSKPEBM 0
root@OpenWrt:~# echo 'ZALG''TWUBZM'
ZALGTWUBZM
root@OpenWrt:~# MARKER='SESK''BCKCTH' run 'ip -o addr show dev br-lan'
SESKBCKCTH4: br-lan    inet 192.168.1.1/24 brd 192.168.1.255 scope global br-lan\       valid_lft forever preferred_lft forever
4: br-lan    inet6 fd51:1c49:e94c::1/60 scope global noprefixroute \       valid_lft forever preferred_lft forever
4: br-lan    inet6 fe80::5054:ff:fe12:3456/64 scope link \       valid_lft forever preferred_lft forever
SESKBCKCTH 0
root@OpenWrt:~# echo 'LYVC''LFUZBV'
LYVCLFUZBV
root@OpenWrt:~# MARKER='XPZZ''ZHSJOW' run 'ping -c 3 ff02::1%br-lan'
XPZZZHSJOWPING ff02::1%br-lan (ff02::1%4): 56 data bytes
64 bytes from fe80::5054:ff:fe12:3456: seq=0 ttl=64 time=3.637 ms
64 bytes from fe80::5054:ff:fe12:3456: seq=1 ttl=64 time=0.546 ms
64 bytes from fe80::5054:ff:fe12:3456: seq=2 ttl=64 time=0.815 ms

--- ff02::1%br-lan ping statistics ---
3 packets transmitted, 3 packets received, 0% packet loss
round-trip min/avg/max = 0.546/1.666/3.637 ms
XPZZZHSJOW 0
root@OpenWrt:~# echo 'BOOU''PWENYP'
BOOUPWENYP
root@OpenWrt:~# MARKER='WHNQ''JBHHYO' run 'ubus call network.interface.wan statu
s '"'"'{}'"'"''
WHNQJBHHYO{
	"up": true,
	"pending": false,
	"available": true,
	"autostart": true,
	"dynamic": false,
	"uptime": 23,
	"l3_device": "eth1",
	"proto": "dhcp",
	"device": "eth1",
	"updated": [
		"addresses",
		"routes",
		"data"
	],
	"metric": 0,
	"dns_metric": 0,
	"delegation": true,
	"ipv4-address": [
		{
			"address": "10.0.2.15",
			"mask": 24
		}
	],
	"ipv6-address": [
		
	],
	"ipv6-prefix": [
		
	],
	"ipv6-prefix-assignment": [
		
	],
	"route": [
		{
			"target": "0.0.0.0",
			"mask": 0,
			"nexthop": "10.0.2.2",
			"source": "10.0.2.15/32"
		}
	],
	"dns-server": [
		"10.0.2.3"
	],
	"dns-search": [
		
	],
	"neighbors": [
		
	],
	"inactive": {
		"ipv4-address": [
			
		],
		"ipv6-address": [
			
		],
		"route": [
			
		],
		"dns-server": [
			
		],
		"dns-search": [
			
		],
		"neighbors": [
			
		]
	},
	"data": {
		"dhcpserver": "10.0.2.2",
		"leasetime": 86400
	}
}
WHNQJBHHYO 0
root@OpenWrt:~# 