Labgrid Console Logfile for main
Logfile started at 2026-03-16 03:23:15.403948
=== Log starts here ===
c[?7l[2J[0mSeaBIOS (version 1.16.3-debian-1.16.3-2)


iPXE (https://ipxe.org) 00:03.0 CA00 PCI2.10 PnP PMM+06FCAE70+06F0AE70 CA00
Press Ctrl-B to configure iPXE (PCI 00:03.0)...                                                                               




iPXE (https://ipxe.org) 00:05.0 CB00 PCI2.10 PnP PMM 06FCAE70 06F0AE70 CB00
Press Ctrl-B to configure iPXE (PCI 00:05.0)...                                                                               


Booting from Hard Disk...
GRUB loading.....
[0;30;47mWelcome to GRUB![01;01H[0m[2J[H[J[1;1H[?25l[m[H[J[1;1H[2;30HGNU GRUB  version 2.12

[m[4;2H+----------------------------------------------------------------------------+[5;2H|[5;79H|[6;2H|[6;79H|[7;2H|[7;79H|[8;2H|[8;79H|[9;2H|[9;79H|[10;2H|[10;79H|[11;2H|[11;79H|[12;2H|[12;79H|[13;2H|[13;79H|[14;2H|[14;79H|[15;2H|[15;79H|[16;2H+----------------------------------------------------------------------------+[m[17;2H[18;2H[m     Use the ^ and v keys to select which entry is highlighted.          
      Press enter to boot the selected OS, `e' to edit the commands       
      before booting or `c' for a command-line. ESC to return             
      previous menu.                                                      [5;80H [7m[5;3H*OpenWrt                                                                    [m[5;78H[m[m[6;3H OpenWrt (failsafe)                                                         [m[6;78H[m[m[7;3H                                                                            [m[7;78H[m[m[8;3H                                                                            [m[8;78H[m[m[9;3H                                                                            [m[9;78H[m[m[10;3H                                                                            [m[10;78H[m[m[11;3H                                                                            [m[11;78H[m[m[12;3H                                                                            [m[12;78H[m[m[13;3H                                                                            [m[13;78H[m[m[14;3H                                                                            [m[14;78H[m[m[15;3H                                                                            [m[15;78H[m[15;80H [5;78H[2J[02;30HGNU GRUB  version 2.12[04;02H┌────────────────────────────────────────────────────────────────────────────┐[05;02H│[05;79H│[06;02H│[06;79H│[07;02H│[07;79H│[08;02H│[08;79H│[09;02H│[09;79H│[10;02H│[10;79H│[11;02H│[11;79H│[12;02H│[12;79H│[13;02H│[13;79H│[14;02H│[14;79H│[15;02H│[15;79H│[16;02H│[16;79H│[17;02H└────────────────────────────────────────────────────────────────────────────┘[19;02H     Use the ↑[19;15H[19;16H and ↓ keys to select which entry is highlighted.          
      Press enter to boot the selected OS, `e' to edit the commands       
      before booting or `c' [21;28H[21;29Hfor a command-line. ESC to return             
      previous menu.                                                      [05;80H [05;03H[0;30;47m*OpenWrt                                  [05;44H[05;45H                                  [06;03H[0m OpenWrt (failsafe)                                                         [07;03H                                                                            [08;03H                                                                            [09;03H                                                                            [10;03H                                                                            [11;03H                                                                            [11;78H[12;03H                                                                            [13;03H                                                                            [14;03H                                                                            [15;03H                                                                            [16;03H                                                                            [16;80H 






   The highlighted entry will be executed automatically in 5s.                [22;1H   The highlighted entry will be executed automatically in 5s.                 [5;78H [05;78H

















   The highlighted entry will be executed automatically in 4s.                [22;1H   The highlighted entry will be executed automatically in 4s.                 [5;78H [05;78H

















   The highlighted entry will be ex[23;35H[23;36Hecuted automatically in 3s.                [22;1H   The highlighted entry will be executed automatically in 3s.                 [5;78H [05;78H

















   [23;03H[23;04HThe highlighted entry will be executed automatically in 2s.                [22;1H   The highlighted entry will be executed automatically in 2s.                 [5;78H [05;78H

















   The highlighted entry will be executed automatically in 1s.                [22;1H   The highlighted entry will be executed automatically in 1s.                 [5;78H [05;78H

















   The highlighted entry will be executed automatically in 0s.                [22;1H   The highlighted entry will be executed automatically in 0s.                 [5;78H [01;01H[2J[?25h[H[J[1;1H[H[J[1;1H[2J   Booting `OpenWrt' Booting `OpenWrt

'

[    0.000000] Linux version 6.12.74 (builder@buildhost) (x86_64-openwrt-linux-musl-gcc (OpenWrt GCC 14.3.0 r33426-36a818b413) 14.3.0, GNU ld (GNU Binutils) 2.44) #0 SMP Sun Mar 15 14:23:02 2026
[    0.000000] Command line: BOOT_IMAGE=/boot/vmlinuz root=PARTUUID=1eac1c3f-02 rootwait console=tty1 console=ttyS0,115200n8 noinitrd
[    0.000000] BIOS-provided physical RAM map:
[    0.000000] BIOS-e820: [mem 0x0000000000000000-0x000000000009fbff] usable
[    0.000000] BIOS-e820: [mem 0x000000000009fc00-0x000000000009ffff] reserved
[    0.000000] BIOS-e820: [mem 0x00000000000f0000-0x00000000000fffff] reserved
[    0.000000] BIOS-e820: [mem 0x0000000000100000-0x0000000007fdcfff] usable
[    0.000000] BIOS-e820: [mem 0x0000000007fdd000-0x0000000007ffffff] reserved
[    0.000000] BIOS-e820: [mem 0x00000000fffc0000-0x00000000ffffffff] reserved
[    0.000000] BIOS-e820: [mem 0x000000fd00000000-0x000000ffffffffff] reserved
[    0.000000] NX (Execute Disable) protection: active
[    0.000000] APIC: Static calls initialized
[    0.000000] SMBIOS 3.0.0 present.
[    0.000000] DMI: QEMU Standard PC (i440FX + PIIX, 1996), BIOS 1.16.3-debian-1.16.3-2 04/01/2014
[    0.000000] DMI: Memory slots populated: 1/1
[    0.000000] tsc: Fast TSC calibration using PIT
[    0.000000] tsc: Detected 2445.423 MHz processor
[    0.007352] last_pfn = 0x7fdd max_arch_pfn = 0x400000000
[    0.007976] MTRR map: 4 entries (3 fixed + 1 variable; max 19), built from 8 variable MTRRs
[    0.008149] x86/PAT: Configuration [0-7]: WB  WC  UC- UC  WB  WP  UC- WT  
[    0.027822] found SMP MP-table at [mem 0x000f5460-0x000f546f]
[    0.029183] Using GB pages for direct mapping
[    0.033483] ACPI: Early table checksum verification disabled
[    0.033842] ACPI: RSDP 0x00000000000F5290 000014 (v00 BOCHS )
[    0.034153] ACPI: RSDT 0x0000000007FE1C64 000034 (v01 BOCHS  BXPC     00000001 BXPC 00000001)
[    0.034663] ACPI: FACP 0x0000000007FE1B18 000074 (v01 BOCHS  BXPC     00000001 BXPC 00000001)
[    0.035257] ACPI: DSDT 0x0000000007FE0040 001AD8 (v01 BOCHS  BXPC     00000001 BXPC 00000001)
[    0.035331] ACPI: FACS 0x0000000007FE0000 000040
[    0.035380] ACPI: APIC 0x0000000007FE1B8C 000078 (v03 BOCHS  BXPC     00000001 BXPC 00000001)
[    0.035402] ACPI: HPET 0x0000000007FE1C04 000038 (v01 BOCHS  BXPC     00000001 BXPC 00000001)
[    0.035421] ACPI: WAET 0x0000000007FE1C3C 000028 (v01 BOCHS  BXPC     00000001 BXPC 00000001)
[    0.035495] ACPI: Reserving FACP table memory at [mem 0x7fe1b18-0x7fe1b8b]
[    0.035544] ACPI: Reserving DSDT table memory at [mem 0x7fe0040-0x7fe1b17]
[    0.035551] ACPI: Reserving FACS table memory at [mem 0x7fe0000-0x7fe003f]
[    0.035557] ACPI: Reserving APIC table memory at [mem 0x7fe1b8c-0x7fe1c03]
[    0.035563] ACPI: Reserving HPET table memory at [mem 0x7fe1c04-0x7fe1c3b]
[    0.035568] ACPI: Reserving WAET table memory at [mem 0x7fe1c3c-0x7fe1c63]
[    0.038554] Zone ranges:
[    0.038583]   DMA      [mem 0x0000000000001000-0x0000000000ffffff]
[    0.038660]   DMA32    [mem 0x0000000001000000-0x0000000007fdcfff]
[    0.038670]   Normal   empty
[    0.038687] Movable zone start for each node
[    0.038720] Early memory node ranges
[    0.038747]   node   0: [mem 0x0000000000001000-0x000000000009efff]
[    0.038815]   node   0: [mem 0x0000000000100000-0x0000000007fdcfff]
[    0.038944] Initmem setup node 0 [mem 0x0000000000001000-0x0000000007fdcfff]
[    0.039983] On node 0, zone DMA: 1 pages in unavailable ranges
[    0.040467] On node 0, zone DMA: 97 pages in unavailable ranges
[    0.042586] On node 0, zone DMA32: 35 pages in unavailable ranges
[    0.042934] ACPI: PM-Timer IO Port: 0x608
[    0.043321] ACPI: LAPIC_NMI (acpi_id[0xff] dfl dfl lint[0x1])
[    0.043740] IOAPIC[0]: apic_id 0, version 32, address 0xfec00000, GSI 0-23
[    0.043876] ACPI: INT_SRC_OVR (bus 0 bus_irq 0 global_irq 2 dfl dfl)
[    0.044135] ACPI: INT_SRC_OVR (bus 0 bus_irq 5 global_irq 5 high level)
[    0.044184] ACPI: INT_SRC_OVR (bus 0 bus_irq 9 global_irq 9 high level)
[    0.044280] ACPI: INT_SRC_OVR (bus 0 bus_irq 10 global_irq 10 high level)
[    0.044290] ACPI: INT_SRC_OVR (bus 0 bus_irq 11 global_irq 11 high level)
[    0.044469] ACPI: Using ACPI (MADT) for SMP configuration information
[    0.044513] ACPI: HPET id: 0x8086a201 base: 0xfed00000
[    0.044924] CPU topo: Max. logical packages:   1
[    0.044941] CPU topo: Max. logical dies:       1
[    0.044951] CPU topo: Max. dies per package:   1
[    0.044996] CPU topo: Max. threads per core:   1
[    0.045166] CPU topo: Num. cores per package:     1
[    0.045182] CPU topo: Num. threads per package:   1
[    0.045190] CPU topo: Allowing 1 present CPUs plus 0 hotplug CPUs
[    0.046352] [mem 0x08000000-0xfffbffff] available for PCI devices
[    0.046423] Booting paravirtualized kernel on bare hardware
[    0.046727] clocksource: refined-jiffies: mask: 0xffffffff max_cycles: 0xffffffff, max_idle_ns: 19112604462750000 ns
[    0.047414] setup_percpu: NR_CPUS:512 nr_cpumask_bits:1 nr_cpu_ids:1 nr_node_ids:1
[    0.049463] percpu: Embedded 50 pages/cpu s166808 r8192 d29800 u2097152
[    0.051765] Kernel command line: BOOT_IMAGE=/boot/vmlinuz root=PARTUUID=1eac1c3f-02 rootwait console=tty1 console=ttyS0,115200n8 noinitrd
[    0.053497] random: crng init done
[    0.058249] Dentry cache hash table entries: 16384 (order: 5, 131072 bytes, linear)
[    0.059278] Inode-cache hash table entries: 8192 (order: 4, 65536 bytes, linear)
[    0.061983] Built 1 zonelists, mobility grouping on.  Total pages: 32635
[    0.062215] mem auto-init: stack:off, heap alloc:off, heap free:off
[    0.072074] SLUB: HWalign=64, Order=0-3, MinObjects=0, CPUs=1, Nodes=1
[    0.079962] rcu: Hierarchical RCU implementation.
[    0.079992] rcu: 	RCU restricting CPUs from NR_CPUS=512 to nr_cpu_ids=1.
[    0.080140] 	Tracing variant of Tasks RCU enabled.
[    0.080237] rcu: RCU calculated value of scheduler-enlistment delay is 10 jiffies.
[    0.080269] rcu: Adjusting geometry for rcu_fanout_leaf=16, nr_cpu_ids=1
[    0.081425] RCU Tasks Trace: Setting shift to 0 and lim to 1 rcu_task_cb_adjust=1 rcu_task_cpu_ids=1.
[    0.081555] NR_IRQS: 33024, nr_irqs: 256, preallocated irqs: 16
[    0.090454] rcu: srcu_init: Setting srcu_struct sizes based on contention.
[    0.097346] Console: colour VGA+ 80x25
[    0.097775] printk: legacy console [tty1] enabled
[    0.105857] printk: legacy console [ttyS0] enabled
[    0.348744] ACPI: Core revision 20240827
[    0.354055] clocksource: hpet: mask: 0xffffffff max_cycles: 0xffffffff, max_idle_ns: 19112604467 ns
[    0.363369] APIC: Switch to symmetric I/O mode setup
[    0.367871] ..TIMER: vector=0x30 apic1=0 pin1=2 apic2=-1 pin2=-1
[    0.410419] clocksource: tsc-early: mask: 0xffffffffffffffff max_cycles: 0x233fd4ff307, max_idle_ns: 440795280170 ns
[    0.411111] Calibrating delay loop (skipped), value calculated using timer frequency.. 4890.84 BogoMIPS (lpj=24454230)
[    0.413003] x86/cpu: User Mode Instruction Prevention (UMIP) activated
[    0.428575] Last level iTLB entries: 4KB 0, 2MB 0, 4MB 0
[    0.431250] Last level dTLB entries: 4KB 0, 2MB 0, 4MB 0, 1GB 0
[    0.432360] Spectre V1 : Mitigation: usercopy/swapgs barriers and __user pointer sanitization
[    0.433437] Spectre V2 : Mitigation: Retpolines
[    0.433705] Spectre V2 : Spectre v2 / SpectreRSB: Filling RSB on context switch and VMEXIT
[    0.434157] Speculative Store Bypass: Vulnerable
[    0.443164] x86/fpu: Supporting XSAVE feature 0x001: 'x87 floating point registers'
[    0.447856] x86/fpu: Supporting XSAVE feature 0x002: 'SSE registers'
[    0.448141] x86/fpu: Supporting XSAVE feature 0x004: 'AVX registers'
[    0.448395] x86/fpu: Supporting XSAVE feature 0x008: 'MPX bounds registers'
[    0.452164] x86/fpu: Supporting XSAVE feature 0x010: 'MPX CSR'
[    0.452725] x86/fpu: xstate_offset[2]:  576, xstate_sizes[2]:  256
[    0.453102] x86/fpu: xstate_offset[3]:  960, xstate_sizes[3]:   64
[    0.453367] x86/fpu: xstate_offset[4]: 1024, xstate_sizes[4]:   64
[    0.461169] x86/fpu: Enabled xstate features 0x1f, context size is 1088 bytes, using 'standard' format.
[    0.684945] Freeing SMP alternatives memory: 40K
[    0.685766] pid_max: default: 32768 minimum: 301
[    0.695286] Mount-cache hash table entries: 512 (order: 0, 4096 bytes, linear)
[    0.695713] Mountpoint-cache hash table entries: 512 (order: 0, 4096 bytes, linear)
[    0.847625] smpboot: CPU0: AMD QEMU TCG CPU version 2.5+ (family: 0x6, model: 0x6, stepping: 0x3)
[    0.857214] Performance Events: PMU not available due to virtualization, using software events only.
[    0.858762] signal: max sigframe size: 1616
[    0.876629] rcu: Hierarchical SRCU implementation.
[    0.876911] rcu: 	Max phase no-delay instances is 1000.
[    0.883641] smp: Bringing up secondary CPUs ...
[    0.885481] smp: Brought up 1 node, 1 CPU
[    0.885789] smpboot: Total of 1 processors activated (4890.84 BogoMIPS)
[    0.893710] Memory: 103268K/130540K available (14336K kernel code, 1166K rwdata, 3976K rodata, 1496K init, 1312K bss, 25628K reserved, 0K cma-reserved)
[    0.906014] clocksource: jiffies: mask: 0xffffffff max_cycles: 0xffffffff, max_idle_ns: 19112604462750000 ns
[    0.906899] futex hash table entries: 256 (order: 2, 16384 bytes, linear)
[    0.908109] pinctrl core: initialized pinctrl subsystem
[    0.927875] NET: Registered PF_NETLINK/PF_ROUTE protocol family
[    0.934320] thermal_sys: Registered thermal governor 'step_wise'
[    0.934357] thermal_sys: Registered thermal governor 'user_space'
[    0.935422] cpuidle: using governor ladder
[    0.935967] cpuidle: using governor menu
[    0.939892] acpiphp: ACPI Hot Plug PCI Controller Driver version: 0.5
[    0.943002] PCI: Using configuration type 1 for base access
[    0.952783] cryptd: max_cpu_qlen set to 1000
[    0.958562] ACPI: Added _OSI(Module Device)
[    0.958776] ACPI: Added _OSI(Processor Device)
[    0.958962] ACPI: Added _OSI(Processor Aggregator Device)
[    0.973346] ACPI: 1 ACPI AML tables successfully acquired and loaded
[    0.990497] ACPI: Interpreter enabled
[    0.991364] ACPI: PM: (supports S0 S5)
[    0.991622] ACPI: Using IOAPIC for interrupt routing
[    0.992199] PCI: Using host bridge windows from ACPI; if necessary, use "pci=nocrs" and report a bug
[    0.992619] PCI: Using E820 reservations for host bridge windows
[    1.002747] ACPI: Enabled 2 GPEs in block 00 to 0F
[    1.034950] ACPI: PCI Root Bridge [PCI0] (domain 0000 [bus 00-ff])
[    1.035860] acpi PNP0A03:00: _OSC: OS supports [ASPM ClockPM Segments MSI HPX-Type3]
[    1.036357] acpi PNP0A03:00: _OSC: not requesting OS control; OS requires [ExtendedConfig ASPM ClockPM MSI]
[    1.037275] acpi PNP0A03:00: fail to add MMCONFIG information, can't access extended configuration space under this bridge
[    1.045395] acpiphp: Slot [3] registered
[    1.051095] acpiphp: Slot [4] registered
[    1.051386] acpiphp: Slot [5] registered
[    1.051692] acpiphp: Slot [6] registered
[    1.057172] acpiphp: Slot [7] registered
[    1.058966] acpiphp: Slot [8] registered
[    1.059240] acpiphp: Slot [9] registered
[    1.059520] acpiphp: Slot [10] registered
[    1.059793] acpiphp: Slot [11] registered
[    1.060060] acpiphp: Slot [12] registered
[    1.061264] acpiphp: Slot [13] registered
[    1.061750] acpiphp: Slot [14] registered
[    1.062203] acpiphp: Slot [15] registered
[    1.062659] acpiphp: Slot [16] registered
[    1.062950] acpiphp: Slot [17] registered
[    1.063219] acpiphp: Slot [18] registered
[    1.063523] acpiphp: Slot [19] registered
[    1.071320] acpiphp: Slot [20] registered
[    1.071689] acpiphp: Slot [21] registered
[    1.071964] acpiphp: Slot [22] registered
[    1.072257] acpiphp: Slot [23] registered
[    1.072530] acpiphp: Slot [24] registered
[    1.081058] acpiphp: Slot [25] registered
[    1.091040] acpiphp: Slot [26] registered
[    1.091538] acpiphp: Slot [27] registered
[    1.091815] acpiphp: Slot [28] registered
[    1.092103] acpiphp: Slot [29] registered
[    1.092382] acpiphp: Slot [30] registered
[    1.092689] acpiphp: Slot [31] registered
[    1.101572] PCI host bridge to bus 0000:00
[    1.102133] pci_bus 0000:00: root bus resource [io  0x0000-0x0cf7 window]
[    1.102530] pci_bus 0000:00: root bus resource [io  0x0d00-0xffff window]
[    1.102825] pci_bus 0000:00: root bus resource [mem 0x000a0000-0x000bffff window]
[    1.111193] pci_bus 0000:00: root bus resource [mem 0x08000000-0xfebfffff window]
[    1.111672] pci_bus 0000:00: root bus resource [mem 0x100000000-0x17fffffff window]
[    1.112151] pci_bus 0000:00: root bus resource [bus 00-ff]
[    1.113579] pci 0000:00:00.0: [8086:1237] type 00 class 0x060000 conventional PCI endpoint
[    1.125245] pci 0000:00:01.0: [8086:7000] type 00 class 0x060100 conventional PCI endpoint
[    1.126183] pci 0000:00:01.1: [8086:7010] type 00 class 0x010180 conventional PCI endpoint
[    1.132250] pci 0000:00:01.1: BAR 4 [io  0xc0e0-0xc0ef]
[    1.133609] pci 0000:00:01.1: BAR 0 [io  0x01f0-0x01f7]: legacy IDE quirk
[    1.138794] pci 0000:00:01.1: BAR 1 [io  0x03f6]: legacy IDE quirk
[    1.139251] pci 0000:00:01.1: BAR 2 [io  0x0170-0x0177]: legacy IDE quirk
[    1.139533] pci 0000:00:01.1: BAR 3 [io  0x0376]: legacy IDE quirk
[    1.140467] pci 0000:00:01.3: [8086:7113] type 00 class 0x068000 conventional PCI endpoint
[    1.141712] pci 0000:00:01.3: quirk: [io  0x0600-0x063f] claimed by PIIX4 ACPI
[    1.142068] pci 0000:00:01.3: quirk: [io  0x0700-0x070f] claimed by PIIX4 SMB
[    1.151857] pci 0000:00:02.0: [1234:1111] type 00 class 0x030000 conventional PCI endpoint
[    1.161599] pci 0000:00:02.0: BAR 0 [mem 0xfd000000-0xfdffffff pref]
[    1.163194] pci 0000:00:02.0: BAR 2 [mem 0xfeb90000-0xfeb90fff]
[    1.167116] pci 0000:00:02.0: ROM [mem 0xfeb80000-0xfeb8ffff pref]
[    1.167644] pci 0000:00:02.0: Video device with shadowed ROM at [mem 0x000c0000-0x000dffff]
[    1.172182] pci 0000:00:03.0: [1af4:1000] type 00 class 0x020000 conventional PCI endpoint
[    1.173040] pci 0000:00:03.0: BAR 0 [io  0xc080-0xc09f]
[    1.175284] pci 0000:00:03.0: BAR 4 [mem 0xfe000000-0xfe003fff 64bit pref]
[    1.181838] pci 0000:00:03.0: ROM [mem 0xfea80000-0xfeafffff pref]
[    1.186862] pci 0000:00:04.0: [1af4:1005] type 00 class 0x00ff00 conventional PCI endpoint
[    1.187836] pci 0000:00:04.0: BAR 0 [io  0xc0a0-0xc0bf]
[    1.188693] pci 0000:00:04.0: BAR 1 [mem 0xfeb91000-0xfeb91fff]
[    1.193163] pci 0000:00:04.0: BAR 4 [mem 0xfe004000-0xfe007fff 64bit pref]
[    1.197715] pci 0000:00:05.0: [1af4:1000] type 00 class 0x020000 conventional PCI endpoint
[    1.201044] pci 0000:00:05.0: BAR 0 [io  0xc0c0-0xc0df]
[    1.202728] pci 0000:00:05.0: BAR 1 [mem 0xfeb92000-0xfeb92fff]
[    1.205815] pci 0000:00:05.0: BAR 4 [mem 0xfe008000-0xfe00bfff 64bit pref]
[    1.206655] pci 0000:00:05.0: ROM [mem 0xfeb00000-0xfeb7ffff pref]
[    1.211033] pci 0000:00:06.0: [1af4:1001] type 00 class 0x010000 conventional PCI endpoint
[    1.216188] pci 0000:00:06.0: BAR 0 [io  0xc000-0xc07f]
[    1.216931] pci 0000:00:06.0: BAR 1 [mem 0xfeb93000-0xfeb93fff]
[    1.218735] pci 0000:00:06.0: BAR 4 [mem 0xfe00c000-0xfe00ffff 64bit pref]
[    1.227784] ACPI: PCI: Interrupt link LNKA configured for IRQ 10
[    1.228680] ACPI: PCI: Interrupt link LNKB configured for IRQ 10
[    1.229329] ACPI: PCI: Interrupt link LNKC configured for IRQ 11
[    1.229998] ACPI: PCI: Interrupt link LNKD configured for IRQ 11
[    1.230451] ACPI: PCI: Interrupt link LNKS configured for IRQ 9
[    1.243303] iommu: Default domain type: Translated
[    1.243573] iommu: DMA domain TLB invalidation policy: lazy mode
[    1.246394] SCSI subsystem initialized
[    1.247552] ACPI: bus type USB registered
[    1.248110] usbcore: registered new interface driver usbfs
[    1.250057] usbcore: registered new interface driver hub
[    1.250585] usbcore: registered new device driver usb
[    1.251241] pps_core: LinuxPPS API ver. 1 registered
[    1.251489] pps_core: Software ver. 5.3.6 - Copyright 2005-2007 Rodolfo Giometti <giometti@linux.it>
[    1.260817] PTP clock support registered
[    1.271826] PCI: Using ACPI for IRQ routing
[    1.274235] hpet0: at MMIO 0xfed00000, IRQs 2, 8, 0
[    1.274554] hpet0: 3 comparators, 64-bit 100.000000 MHz counter
[    1.280249] clocksource: Switched to clocksource tsc-early
[    1.280249] pnp: PnP ACPI init
[    1.280249] pnp: PnP ACPI: found 6 devices
[    1.293150] clocksource: acpi_pm: mask: 0xffffff max_cycles: 0xffffff, max_idle_ns: 2085701024 ns
[    1.294511] NET: Registered PF_INET protocol family
[    1.295738] IP idents hash table entries: 2048 (order: 2, 16384 bytes, linear)
[    1.301428] tcp_listen_portaddr_hash hash table entries: 256 (order: 0, 4096 bytes, linear)
[    1.303930] Table-perturb hash table entries: 65536 (order: 6, 262144 bytes, linear)
[    1.304454] TCP established hash table entries: 1024 (order: 1, 8192 bytes, linear)
[    1.304941] TCP bind hash table entries: 1024 (order: 3, 32768 bytes, linear)
[    1.314724] TCP: Hash tables configured (established 1024 bind 1024)
[    1.316745] MPTCP token hash table entries: 256 (order: 1, 6144 bytes, linear)
[    1.317295] UDP hash table entries: 256 (order: 1, 8192 bytes, linear)
[    1.317781] UDP-Lite hash table entries: 256 (order: 1, 8192 bytes, linear)
[    1.327158] NET: Registered PF_UNIX/PF_LOCAL protocol family
[    1.328484] pci_bus 0000:00: resource 4 [io  0x0000-0x0cf7 window]
[    1.328775] pci_bus 0000:00: resource 5 [io  0x0d00-0xffff window]
[    1.329021] pci_bus 0000:00: resource 6 [mem 0x000a0000-0x000bffff window]
[    1.336478] pci_bus 0000:00: resource 7 [mem 0x08000000-0xfebfffff window]
[    1.336901] pci_bus 0000:00: resource 8 [mem 0x100000000-0x17fffffff window]
[    1.337700] pci 0000:00:01.0: PIIX3: Enabling Passive Release
[    1.338030] pci 0000:00:00.0: Limiting direct PCI/PCI transfers
[    1.347984] PCI: CLS 0 bytes, default 64
[    1.367989] workingset: timestamp_bits=46 max_order=15 bucket_order=0
[    1.370674] squashfs: version 4.0 (2009/01/31) Phillip Lougher
[    1.373612] Block layer SCSI generic (bsg) driver version 0.4 loaded (major 247)
[    1.377253] hv_vmbus: registering driver hyperv_fb
[    1.381935] input: Power Button as /devices/LNXSYSTM:00/LNXPWRBN:00/input/input0
[    1.391004] ACPI: button: Power Button [PWRF]
[    1.552810] ACPI: \_SB_.LNKC: Enabled at IRQ 11
[    1.707046] ACPI: \_SB_.LNKD: Enabled at IRQ 10
[    1.862133] ACPI: \_SB_.LNKA: Enabled at IRQ 10
[    2.045358] ACPI: \_SB_.LNKB: Enabled at IRQ 11
[    2.047418] Serial: 8250/16550 driver, 16 ports, IRQ sharing enabled
[    2.073174] 00:04: ttyS0 at I/O 0x3f8 (irq = 4, base_baud = 115200) is a 16550A
[    2.106005] Non-volatile memory driver v1.3
[    2.119521] Linux agpgart interface v0.103
[    2.121041] ACPI: bus type drm_connector registered
[    2.124600] [drm] Found bochs VGA, ID 0xb0c5.
[    2.124846] [drm] Framebuffer size 16384 kB @ 0xfd000000, mmio @ 0xfeb90000.
[    2.132467] [drm] Found EDID data blob.
[    2.138942] [drm] Initialized bochs-drm 1.0.0 for 0000:00:02.0 on minor 0
[    2.215136] Console: switching to colour frame buffer device 160x50
[    2.224409] bochs-drm 0000:00:02.0: [drm] fb0: bochs-drmdrmfb frame buffer device
[    2.260816] loop: module loaded
[    2.261514] virtio_blk virtio3: 1/0/0 default/read/poll queues
[    2.266679] virtio_blk virtio3: [vda] 246784 512-byte logical blocks (126 MB/121 MiB)
[    2.277683]  vda: vda1 vda2
[    2.280754] Guest personality initialized and is inactive
[    2.281517] VMCI host device registered (name=vmci, major=10, minor=256)
[    2.282022] Initialized host personality
[    2.282656] usbcore: registered new interface driver rtsx_usb
[    2.289242] VMware PVSCSI driver - version 1.0.7.0-k
[    2.289621] hv_vmbus: registering driver hv_storvsc
[    2.305555] scsi host0: ata_piix
[    2.308005] scsi host1: ata_piix
[    2.308874] ata1: PATA max MWDMA2 cmd 0x1f0 ctl 0x3f6 bmdma 0xc0e0 irq 14 lpm-pol 0
[    2.309225] ata2: PATA max MWDMA2 cmd 0x170 ctl 0x376 bmdma 0xc0e8 irq 15 lpm-pol 0
[    2.321425] VMware vmxnet3 virtual NIC driver - version 1.9.0.0-k-NAPI
[    2.322295] hv_vmbus: registering driver hv_netvsc
[    2.322900] Fusion MPT base driver 3.04.20
[    2.323189] Copyright (c) 1999-2008 LSI Corporation
[    2.323834] Fusion MPT SPI Host driver 3.04.20
[    2.332340] Fusion MPT SAS Host driver 3.04.20
[    2.335298] usbcore: registered new interface driver usb-storage
[    2.336690] i8042: PNP: PS/2 Controller [PNP0303:KBD,PNP0f13:MOU] at 0x60,0x64 irq 1,12
[    2.340013] serio: i8042 KBD port at 0x60,0x64 irq 1
[    2.340488] serio: i8042 AUX port at 0x60,0x64 irq 12
[    2.346389] hv_vmbus: registering driver hyperv_keyboard
[    2.348847] rtc_cmos 00:05: RTC can wake from S4
[    2.354046] rtc_cmos 00:05: registered as rtc0
[    2.356813] rtc_cmos 00:05: setting system clock to 2026-03-16T03:23:26 UTC (1773631406)
[    2.359264] rtc_cmos 00:05: alarms up to one day, y3k, 242 bytes nvram, hpet irqs
[    2.362258] intel_powerclamp: CPU does not support MWAIT
[    2.367156] amd_pstate: the _CPC object is not present in SBIOS or ACPI disabled
[    2.369741] sdhci: Secure Digital Host Controller Interface driver
[    2.371849] sdhci: Copyright(c) Pierre Ossman
[    2.374370] VUB300 Driver rom wait states = 1C irqpoll timeout = 0400
[    2.383010] input: AT Translated Set 2 keyboard as /devices/platform/i8042/serio0/input/input1
[    2.416407] usbcore: registered new interface driver vub300
[    2.419657] usbcore: registered new interface driver ushc
[    2.430426] hid: raw HID events driver (C) Jiri Kosina
[    2.434067] hv_vmbus: registering driver hid_hyperv
[    2.438238] usbcore: registered new interface driver usbhid
[    2.440472] usbhid: USB HID core driver
[    2.443525] hv_utils: Registering HyperV Utility Driver
[    2.446361] hv_vmbus: registering driver hv_utils
[    2.449274] hv_vmbus: registering driver hv_balloon
[    2.452817] NET: Registered PF_INET6 protocol family
[    2.462453] tsc: Refined TSC clocksource calibration: 2445.417 MHz
[    2.465892] clocksource: tsc: mask: 0xffffffffffffffff max_cycles: 0x233fcf3bb47, max_idle_ns: 440795263260 ns
[    2.471089] clocksource: Switched to clocksource tsc
[    2.486707] Segment Routing with IPv6
[    2.488887] In-situ OAM (IOAM) with IPv6
[    2.491420] NET: Registered PF_PACKET protocol family
[    2.493920] bridge: filtering via arp/ip/ip6tables is no longer available by default. Update your scripts to load br_netfilter if you need this.
[    2.503398] 8021q: 802.1Q VLAN Support v1.8
[    2.506015] NET: Registered PF_VSOCK protocol family
[    2.515191] IPI shorthand broadcast: enabled
[    2.523455] AES CTR mode by8 optimization enabled
[    2.553837] sched_clock: Marking stable (2290071587, 260021452)->(2564379353, -14286314)
[    2.575604] ata2: found unknown device (class 0)
[    2.613683] ata2.00: ATAPI: QEMU DVD-ROM, 2.5+, max UDMA/100
[    2.653305] scsi 1:0:0:0: CD-ROM            QEMU     QEMU DVD-ROM     2.5+ PQ: 0 ANSI: 5
[    2.668411] clk: Disabling unused clocks
[    2.712568] sr 1:0:0:0: [sr0] scsi3-mmc drive: 4x/4x cd/rw xa/form2 tray
[    2.715541] cdrom: Uniform CD-ROM driver Revision: 3.20
[    2.763367] VFS: Mounted root (squashfs filesystem) readonly on device 254:2.
[    2.834277] Freeing unused kernel image (initmem) memory: 1496K
[    2.836878] Write protecting the kernel read-only data: 18432k
[    2.840135] Freeing unused kernel image (rodata/data gap) memory: 120K
[    2.842708] Run /sbin/init as init process
[    3.169165] init: Console is alive
[    3.756882] kmodloader: loading kernel modules from /etc/modules-boot.d/*
[    3.823427] button_hotplug: loading out-of-tree module taints kernel.
[    3.830024] Button Hotplug driver version 0.4.1
[    3.849794] Intel(R) 2.5G Ethernet Linux Driver
[    3.852314] Copyright(c) 2018 Intel Corporation.
[    3.867550] igb: Intel(R) Gigabit Ethernet Network Driver
[    3.870151] igb: Copyright (c) 2007-2014 Intel Corporation.
[    3.886194] e1000e: Intel(R) PRO/1000 Network Driver
[    3.888716] e1000e: Copyright(c) 1999 - 2015 Intel Corporation.
[    3.902786] kmodloader: done loading kernel modules from /etc/modules-boot.d/*
[    3.925782] init: - preinit -
[    4.910422] 8021q: adding VLAN 0 to HW filter on device eth0
Press the [f] key and hit [enter] to enter failsafe mode
Press the [1], [2], [3] or [4] key and hit [enter] to select the debug level
[    9.524485] loop0: detected capacity change from 0 to 212992
[    9.570430] loop0: detected capacity change from 212992 to 201728
[    9.586152] mount_root: overlay filesystem in /dev/loop0 has not been formatted yet
[    9.932432] EXT4-fs (loop0): mounted filesystem 40d710b6-37a9-496e-8645-4da5c94a202e r/w with ordered data mode. Quota mode: disabled.
[    9.946441] mount_root: overlay filesystem has not been fully initialized yet
[    9.964306] mount_root: switching to ext4 overlay
[    9.985279] overlayfs: null uuid detected in lower fs '/', falling back to xino=off,index=off,nfs_export=off.
[   10.708488] EXT4-fs (vda1): mounted filesystem 84173db5-fa99-e35a-95c6-28613cc79ea9 r/w without journal. Quota mode: disabled.
[   10.733212] urandom-seed: Seed file not found (/etc/urandom.seed)
[   10.871041] procd: - early -
[   11.613254] procd: - ubus -
[   11.791797] procd: - init -
Please press Enter to activate this console.
root
login[1049]: root login on 'ttyS0'


BusyBox v1.37.0 (2026-01-02 17:07:02 UTC) built-in shell (ash)

  _______                     ________        __
 |       |.-----.-----.-----.|  |  |  |.----.|  |_
 |   -   ||  _  |  -__|     ||  |  |  ||   _||   _|
 |_______||   __|_____|__|__||________||__|  |____|
          |__| W I R E L E S S   F R E E D O M
 -----------------------------------------------------
 OpenWrt SNAPSHOT, r33426-36a818b413
 -----------------------------------------------------

 === WARNING! =====================================
 There is no root password defined on this device!
 Use the "passwd" command to set up a new password
 in order to prevent unauthorized SSH logins.
 --------------------------------------------------

root@(none):~# dmesg -n 1
root@(none):~# echo 'TMJX''GWGAFQ'
TMJXGWGAFQ
root@(none):~# run() { echo -n "$MARKER"; sh -c "$@"; echo "$MARKER $?"; }
root@(none):~# echo 'MNVZ''JCLOJW'
MNVZJCLOJW
root@OpenWrt:~# MARKER='AZZG''YMBZBV' run true
AZZGYMBZBVAZZGYMBZBV 0
root@OpenWrt:~# echo 'CGAO''TUTWJE'
CGAOTUTWJE
root@OpenWrt:~# MARKER='SVYX''GPTPWY' run 'source /etc/os-release; echo $BUILD_I
D'
SVYXGPTPWYr33426-36a818b413
SVYXGPTPWY 0
root@OpenWrt:~# echo 'JQFM''SPXOQP'
JQFMSPXOQP
root@OpenWrt:~# MARKER='ZOBX''ZOPVFC' run 'ls /etc/dropbear/dropbear_rsa_host_ke
y'
ZOBXZOPVFC[0;0m/etc/dropbear/dropbear_rsa_host_key[m
ZOBXZOPVFC 0
root@OpenWrt:~# echo 'QTJL''SVSPHH'
QTJLSVSPHH
root@OpenWrt:~# MARKER='YTKO''UKVGNL' run 'netstat -tlpn | grep 0.0.0.0:22'
YTKOUKVGNLtcp        0      0 0.0.0.0:22              0.0.0.0:*               LISTEN      1733/dropbear
YTKOUKVGNL 0
root@OpenWrt:~# echo 'VQBK''TBGWXQ'
VQBKTBGWXQ
root@OpenWrt:~# MARKER='TBJH''UJSCJT' run 'dmesg | grep br-lan | grep forwarding
'
TBJHUJSCJT[   31.640791] br-lan: port 1(eth0) entered forwarding state
TBJHUJSCJT 0
root@OpenWrt:~# echo 'UTBC''ZQKOSN'
UTBCZQKOSN
root@OpenWrt:~# MARKER='HZCX''UXFSBC' run 'ubus call network.interface.lan statu
s '"'"'{}'"'"''
HZCXUXFSBC{
	"up": true,
	"pending": false,
	"available": true,
	"autostart": true,
	"dynamic": false,
	"uptime": 23,
	"l3_device": "br-lan",
	"proto": "static",
	"device": "br-lan",
	"updated": [
		"addresses"
	],
	"metric": 0,
	"dns_metric": 0,
	"delegation": true,
	"ipv4-address": [
		{
			"address": "192.168.1.1",
			"mask": 24
		}
	],
	"ipv6-address": [
		
	],
	"ipv6-prefix": [
		
	],
	"ipv6-prefix-assignment": [
		{
			"address": "fd17:2b4c:306e::",
			"mask": 60,
			"local-address": {
				"address": "fd17:2b4c:306e::1",
				"mask": 60
			}
		}
	],
	"route": [
		
	],
	"dns-server": [
		
	],
	"dns-search": [
		
	],
	"neighbors": [
		
	],
	"inactive": {
		"ipv4-address": [
			
		],
		"ipv6-address": [
			
		],
		"route": [
			
		],
		"dns-server": [
			
		],
		"dns-search": [
			
		],
		"neighbors": [
			
		]
	},
	"data": {
		
	}
}
HZCXUXFSBC 0
root@OpenWrt:~# echo 'VPBC''BGLCAS'
VPBCBGLCAS
root@OpenWrt:~# MARKER='YGLJ''TJUJKF' run 'ip -o addr show dev br-lan'
YGLJTJUJKF4: br-lan    inet 192.168.1.1/24 brd 192.168.1.255 scope global br-lan\       valid_lft forever preferred_lft forever
4: br-lan    inet6 fd17:2b4c:306e::1/60 scope global noprefixroute \       valid_lft forever preferred_lft forever
4: br-lan    inet6 fe80::5054:ff:fe12:3456/64 scope link \       valid_lft forever preferred_lft forever
YGLJTJUJKF 0
root@OpenWrt:~# echo 'PJWP''OGSFKM'
PJWPOGSFKM
root@OpenWrt:~# MARKER='YAQQ''PZNUZO' run 'ping -c 3 ff02::1%br-lan'
YAQQPZNUZOPING ff02::1%br-lan (ff02::1%4): 56 data bytes
64 bytes from fe80::5054:ff:fe12:3456: seq=0 ttl=64 time=3.870 ms
64 bytes from fe80::5054:ff:fe12:3456: seq=1 ttl=64 time=0.719 ms
64 bytes from fe80::5054:ff:fe12:3456: seq=2 ttl=64 time=1.221 ms

--- ff02::1%br-lan ping statistics ---
3 packets transmitted, 3 packets received, 0% packet loss
round-trip min/avg/max = 0.719/1.936/3.870 ms
YAQQPZNUZO 0
root@OpenWrt:~# echo 'CJTC''CSMWTG'
CJTCCSMWTG
root@OpenWrt:~# MARKER='GVUL''UNBNWV' run 'ubus call network.interface.wan statu
s '"'"'{}'"'"''
GVULUNBNWV{
	"up": true,
	"pending": false,
	"available": true,
	"autostart": true,
	"dynamic": false,
	"uptime": 23,
	"l3_device": "eth1",
	"proto": "dhcp",
	"device": "eth1",
	"updated": [
		"addresses",
		"routes",
		"data"
	],
	"metric": 0,
	"dns_metric": 0,
	"delegation": true,
	"ipv4-address": [
		{
			"address": "10.0.2.15",
			"mask": 24
		}
	],
	"ipv6-address": [
		
	],
	"ipv6-prefix": [
		
	],
	"ipv6-prefix-assignment": [
		
	],
	"route": [
		{
			"target": "0.0.0.0",
			"mask": 0,
			"nexthop": "10.0.2.2",
			"source": "10.0.2.15/32"
		}
	],
	"dns-server": [
		"10.0.2.3"
	],
	"dns-search": [
		
	],
	"neighbors": [
		
	],
	"inactive": {
		"ipv4-address": [
			
		],
		"ipv6-address": [
			
		],
		"route": [
			
		],
		"dns-server": [
			
		],
		"dns-search": [
			
		],
		"neighbors": [
			
		]
	},
	"data": {
		"dhcpserver": "10.0.2.2",
		"leasetime": 86400
	}
}
GVULUNBNWV 0
root@OpenWrt:~# 