Labgrid Console Logfile for main
Logfile started at 2026-03-25 02:51:31.383583
=== Log starts here ===
c[?7l[2J[0mSeaBIOS (version 1.16.3-debian-1.16.3-2)


iPXE (https://ipxe.org) 00:03.0 CA00 PCI2.10 PnP PMM+06FCAE70+06F0AE70 CA00
Press Ctrl-B to configure iPXE (PCI 00:03.0)...                                                                               




iPXE (https://ipxe.org) 00:05.0 CB00 PCI2.10 PnP PMM 06FCAE70 06F0AE70 CB00
Press Ctrl-B to configure iPXE (PCI 00:05.0)...                                                                               


Booting from Hard Disk...
GRUB loading.....
[0;30;47mWelcome to GRUB![01;01H[0m[2J[H[J[1;1H[?25l[m[H[J[1;1H[2;30HGNU GRUB  version 2.12

[m[4;2H+----------------------------------------------------------------------------+[5;2H|[5;79H|[6;2H|[6;79H|[7;2H|[7;79H|[8;2H|[8;79H|[9;2H|[9;79H|[10;2H|[10;79H|[11;2H|[11;79H|[12;2H|[12;79H|[13;2H|[13;79H|[14;2H|[14;79H|[15;2H|[15;79H|[16;2H+----------------------------------------------------------------------------+[m[17;2H[18;2H[m     Use the ^ and v keys to select which entry is highlighted.          
      Press enter to boot the selected OS, `e' to edit the commands       
      before booting or `c' for a command-line. ESC to return             
      previous menu.                                                      [5;80H [7m[5;3H*OpenWrt                                                                    [m[5;78H[m[m[6;3H OpenWrt (failsafe)                                                         [m[6;78H[m[m[7;3H                                                                            [m[7;78H[m[m[8;3H                                                                            [m[8;78H[m[m[9;3H                                                                            [m[9;78H[m[m[10;3H                                                                            [m[10;78H[m[m[11;3H                                                                            [m[11;78H[m[m[12;3H                                                                            [m[12;78H[m[m[13;3H                                                                            [m[13;78H[m[m[14;3H                                                                            [m[14;78H[m[m[15;3H                                                                            [m[15;78H[m[15;80H [5;78H[2J[02;30HGNU GRUB  version 2.12[04;02H┌────────────────────────────────────────────────────────────────────────────┐[05;02H│[05;79H│[06;02H│[06;79H│[07;02H│[07;79H│[08;02H│[08;79H│[09;02H│[09;79H│[10;02H│[10;79H│[11;02H│[11;79H│[12;02H│[12;79H│[13;02H│[13;79H│[14;02H│[14;79H│[15;02H│[15;79H│[16;02H│[16;79H│[17;02H└────────────[17;14H[17;15H────────────────────────────────────────────────────────────────┘[19;02H     Use the ↑ and ↓ keys to select which entry is highlighted.          
      Press enter[20;17H[20;18H to boot the selected OS, `e' to edit the commands       
      before booting or `c' for a command-line. ESC to return             
      previous menu.                                                      [05;80H [05;03H[0;30;47m*OpenWrt                                                                    [06;03H[0m OpenWrt (failsafe)                                                         [07;03H                                  [07;36H[07;37H                                          [08;03H                                                                            [09;03H                                                                            [10;03H                                                                            [11;03H                                 [11;35H[11;36H                                           [12;03H                                                                            [13;03H                                          [13;44H[13;45H                                  [14;03H                                                                            [15;03H                                                                            [16;03H                                                                            [16;80H 






   The highlighted entry will be executed automatica[23;52H[23;53Hlly in 5s.                [22;1H   The highlighted entry will be executed automatically in 5s.                 [5;78H [05;78H

















   The highlighted [23;19H[23;20Hentry will be executed automatically in 4s.                [22;1H   The highlighted entry will be executed automatically in 4s.                 [5;78H [05;78H

















   The highlighted entry will be executed automatically in 3s.                [22;1H   The highlighted entry will be executed automatically in 3s.                 [5;78H [05;78H

















   The highlighted entry will be executed automatically in 2s.                [22;1H   The highlighted entry will be executed automatically in 2s.                 [5;78H [05;78H

















   The highlighted entry will be executed automatically in 1s.                [22;1H   The highlighted entry will be executed automatically in 1s.                 [5;78H [05;78H

















   The highlighted entry will be[23;32H[23;33H executed automatically in 0s.                [22;1H   The highlighted entry will be executed automatically in 0s.                 [5;78H [01;01H[2J[?25h[H[J[1;1H[H[J[1;1H[2J   Booting `OpenWrt' Booting `OpenWrt

'

[    0.000000] Linux version 6.12.77 (builder@buildhost) (x86_64-openwrt-linux-musl-gcc (OpenWrt GCC 14.3.0 r33531-25de25827e) 14.3.0, GNU ld (GNU Binutils) 2.44) #0 SMP Tue Mar 24 18:35:02 2026
[    0.000000] Command line: BOOT_IMAGE=/boot/vmlinuz root=PARTUUID=77d86846-02 rootwait console=tty1 console=ttyS0,115200n8 noinitrd
[    0.000000] BIOS-provided physical RAM map:
[    0.000000] BIOS-e820: [mem 0x0000000000000000-0x000000000009fbff] usable
[    0.000000] BIOS-e820: [mem 0x000000000009fc00-0x000000000009ffff] reserved
[    0.000000] BIOS-e820: [mem 0x00000000000f0000-0x00000000000fffff] reserved
[    0.000000] BIOS-e820: [mem 0x0000000000100000-0x0000000007fdcfff] usable
[    0.000000] BIOS-e820: [mem 0x0000000007fdd000-0x0000000007ffffff] reserved
[    0.000000] BIOS-e820: [mem 0x00000000fffc0000-0x00000000ffffffff] reserved
[    0.000000] BIOS-e820: [mem 0x000000fd00000000-0x000000ffffffffff] reserved
[    0.000000] NX (Execute Disable) protection: active
[    0.000000] APIC: Static calls initialized
[    0.000000] SMBIOS 3.0.0 present.
[    0.000000] DMI: QEMU Standard PC (i440FX + PIIX, 1996), BIOS 1.16.3-debian-1.16.3-2 04/01/2014
[    0.000000] DMI: Memory slots populated: 1/1
[    0.000000] tsc: Fast TSC calibration using PIT
[    0.000000] tsc: Detected 2445.420 MHz processor
[    0.007706] last_pfn = 0x7fdd max_arch_pfn = 0x400000000
[    0.008344] MTRR map: 4 entries (3 fixed + 1 variable; max 19), built from 8 variable MTRRs
[    0.008523] x86/PAT: Configuration [0-7]: WB  WC  UC- UC  WB  WP  UC- WT  
[    0.026653] found SMP MP-table at [mem 0x000f5460-0x000f546f]
[    0.028073] Using GB pages for direct mapping
[    0.032850] ACPI: Early table checksum verification disabled
[    0.033194] ACPI: RSDP 0x00000000000F5290 000014 (v00 BOCHS )
[    0.033542] ACPI: RSDT 0x0000000007FE1C64 000034 (v01 BOCHS  BXPC     00000001 BXPC 00000001)
[    0.034050] ACPI: FACP 0x0000000007FE1B18 000074 (v01 BOCHS  BXPC     00000001 BXPC 00000001)
[    0.034665] ACPI: DSDT 0x0000000007FE0040 001AD8 (v01 BOCHS  BXPC     00000001 BXPC 00000001)
[    0.034741] ACPI: FACS 0x0000000007FE0000 000040
[    0.034792] ACPI: APIC 0x0000000007FE1B8C 000078 (v03 BOCHS  BXPC     00000001 BXPC 00000001)
[    0.034813] ACPI: HPET 0x0000000007FE1C04 000038 (v01 BOCHS  BXPC     00000001 BXPC 00000001)
[    0.034832] ACPI: WAET 0x0000000007FE1C3C 000028 (v01 BOCHS  BXPC     00000001 BXPC 00000001)
[    0.034907] ACPI: Reserving FACP table memory at [mem 0x7fe1b18-0x7fe1b8b]
[    0.034961] ACPI: Reserving DSDT table memory at [mem 0x7fe0040-0x7fe1b17]
[    0.034969] ACPI: Reserving FACS table memory at [mem 0x7fe0000-0x7fe003f]
[    0.034975] ACPI: Reserving APIC table memory at [mem 0x7fe1b8c-0x7fe1c03]
[    0.034981] ACPI: Reserving HPET table memory at [mem 0x7fe1c04-0x7fe1c3b]
[    0.034987] ACPI: Reserving WAET table memory at [mem 0x7fe1c3c-0x7fe1c63]
[    0.038040] Zone ranges:
[    0.038069]   DMA      [mem 0x0000000000001000-0x0000000000ffffff]
[    0.038151]   DMA32    [mem 0x0000000001000000-0x0000000007fdcfff]
[    0.038162]   Normal   empty
[    0.038181] Movable zone start for each node
[    0.038214] Early memory node ranges
[    0.038260]   node   0: [mem 0x0000000000001000-0x000000000009efff]
[    0.038320]   node   0: [mem 0x0000000000100000-0x0000000007fdcfff]
[    0.038442] Initmem setup node 0 [mem 0x0000000000001000-0x0000000007fdcfff]
[    0.039495] On node 0, zone DMA: 1 pages in unavailable ranges
[    0.039982] On node 0, zone DMA: 97 pages in unavailable ranges
[    0.042110] On node 0, zone DMA32: 35 pages in unavailable ranges
[    0.042473] ACPI: PM-Timer IO Port: 0x608
[    0.042872] ACPI: LAPIC_NMI (acpi_id[0xff] dfl dfl lint[0x1])
[    0.043313] IOAPIC[0]: apic_id 0, version 32, address 0xfec00000, GSI 0-23
[    0.043432] ACPI: INT_SRC_OVR (bus 0 bus_irq 0 global_irq 2 dfl dfl)
[    0.043688] ACPI: INT_SRC_OVR (bus 0 bus_irq 5 global_irq 5 high level)
[    0.043738] ACPI: INT_SRC_OVR (bus 0 bus_irq 9 global_irq 9 high level)
[    0.043834] ACPI: INT_SRC_OVR (bus 0 bus_irq 10 global_irq 10 high level)
[    0.043844] ACPI: INT_SRC_OVR (bus 0 bus_irq 11 global_irq 11 high level)
[    0.044075] ACPI: Using ACPI (MADT) for SMP configuration information
[    0.044131] ACPI: HPET id: 0x8086a201 base: 0xfed00000
[    0.044554] CPU topo: Max. logical packages:   1
[    0.044570] CPU topo: Max. logical dies:       1
[    0.044590] CPU topo: Max. dies per package:   1
[    0.044638] CPU topo: Max. threads per core:   1
[    0.044794] CPU topo: Num. cores per package:     1
[    0.044810] CPU topo: Num. threads per package:   1
[    0.044819] CPU topo: Allowing 1 present CPUs plus 0 hotplug CPUs
[    0.046004] [mem 0x08000000-0xfffbffff] available for PCI devices
[    0.046079] Booting paravirtualized kernel on bare hardware
[    0.046414] clocksource: refined-jiffies: mask: 0xffffffff max_cycles: 0xffffffff, max_idle_ns: 19112604462750000 ns
[    0.047088] setup_percpu: NR_CPUS:512 nr_cpumask_bits:1 nr_cpu_ids:1 nr_node_ids:1
[    0.049133] percpu: Embedded 50 pages/cpu s166808 r8192 d29800 u2097152
[    0.051470] Kernel command line: BOOT_IMAGE=/boot/vmlinuz root=PARTUUID=77d86846-02 rootwait console=tty1 console=ttyS0,115200n8 noinitrd
[    0.053128] random: crng init done
[    0.057789] Dentry cache hash table entries: 16384 (order: 5, 131072 bytes, linear)
[    0.058735] Inode-cache hash table entries: 8192 (order: 4, 65536 bytes, linear)
[    0.061507] Built 1 zonelists, mobility grouping on.  Total pages: 32635
[    0.061735] mem auto-init: stack:off, heap alloc:off, heap free:off
[    0.071568] SLUB: HWalign=64, Order=0-3, MinObjects=0, CPUs=1, Nodes=1
[    0.079669] rcu: Hierarchical RCU implementation.
[    0.079701] rcu: 	RCU restricting CPUs from NR_CPUS=512 to nr_cpu_ids=1.
[    0.079853] 	Tracing variant of Tasks RCU enabled.
[    0.079950] rcu: RCU calculated value of scheduler-enlistment delay is 10 jiffies.
[    0.079983] rcu: Adjusting geometry for rcu_fanout_leaf=16, nr_cpu_ids=1
[    0.081133] RCU Tasks Trace: Setting shift to 0 and lim to 1 rcu_task_cb_adjust=1 rcu_task_cpu_ids=1.
[    0.081282] NR_IRQS: 33024, nr_irqs: 256, preallocated irqs: 16
[    0.090075] rcu: srcu_init: Setting srcu_struct sizes based on contention.
[    0.097061] Console: colour VGA+ 80x25
[    0.097509] printk: legacy console [tty1] enabled
[    0.105937] printk: legacy console [ttyS0] enabled
[    0.361482] ACPI: Core revision 20240827
[    0.366860] clocksource: hpet: mask: 0xffffffff max_cycles: 0xffffffff, max_idle_ns: 19112604467 ns
[    0.371781] APIC: Switch to symmetric I/O mode setup
[    0.376564] ..TIMER: vector=0x30 apic1=0 pin1=2 apic2=-1 pin2=-1
[    0.418762] clocksource: tsc-early: mask: 0xffffffffffffffff max_cycles: 0x233fd1f69e2, max_idle_ns: 440795278869 ns
[    0.419601] Calibrating delay loop (skipped), value calculated using timer frequency.. 4890.84 BogoMIPS (lpj=24454200)
[    0.421569] x86/cpu: User Mode Instruction Prevention (UMIP) activated
[    0.439931] Last level iTLB entries: 4KB 0, 2MB 0, 4MB 0
[    0.440374] Last level dTLB entries: 4KB 0, 2MB 0, 4MB 0, 1GB 0
[    0.441781] Spectre V1 : Mitigation: usercopy/swapgs barriers and __user pointer sanitization
[    0.442768] Spectre V2 : Mitigation: Retpolines
[    0.443025] Spectre V2 : Spectre v2 / SpectreRSB: Filling RSB on context switch and VMEXIT
[    0.443515] Speculative Store Bypass: Vulnerable
[    0.451647] x86/fpu: Supporting XSAVE feature 0x001: 'x87 floating point registers'
[    0.460628] x86/fpu: Supporting XSAVE feature 0x002: 'SSE registers'
[    0.460942] x86/fpu: Supporting XSAVE feature 0x004: 'AVX registers'
[    0.461236] x86/fpu: Supporting XSAVE feature 0x008: 'MPX bounds registers'
[    0.462716] x86/fpu: Supporting XSAVE feature 0x010: 'MPX CSR'
[    0.463379] x86/fpu: xstate_offset[2]:  576, xstate_sizes[2]:  256
[    0.463783] x86/fpu: xstate_offset[3]:  960, xstate_sizes[3]:   64
[    0.464046] x86/fpu: xstate_offset[4]: 1024, xstate_sizes[4]:   64
[    0.469687] x86/fpu: Enabled xstate features 0x1f, context size is 1088 bytes, using 'standard' format.
[    0.695911] Freeing SMP alternatives memory: 40K
[    0.696818] pid_max: default: 32768 minimum: 301
[    0.705936] Mount-cache hash table entries: 512 (order: 0, 4096 bytes, linear)
[    0.706563] Mountpoint-cache hash table entries: 512 (order: 0, 4096 bytes, linear)
[    0.858915] smpboot: CPU0: AMD QEMU TCG CPU version 2.5+ (family: 0x6, model: 0x6, stepping: 0x3)
[    0.884962] Performance Events: PMU not available due to virtualization, using software events only.
[    0.886547] signal: max sigframe size: 1616
[    0.888272] rcu: Hierarchical SRCU implementation.
[    0.888528] rcu: 	Max phase no-delay instances is 1000.
[    0.894346] smp: Bringing up secondary CPUs ...
[    0.898131] smp: Brought up 1 node, 1 CPU
[    0.898452] smpboot: Total of 1 processors activated (4890.84 BogoMIPS)
[    0.905364] Memory: 103200K/130540K available (14336K kernel code, 1166K rwdata, 3980K rodata, 1496K init, 1312K bss, 25628K reserved, 0K cma-reserved)
[    0.920518] clocksource: jiffies: mask: 0xffffffff max_cycles: 0xffffffff, max_idle_ns: 19112604462750000 ns
[    0.921449] futex hash table entries: 256 (order: 2, 16384 bytes, linear)
[    0.922736] pinctrl core: initialized pinctrl subsystem
[    0.942415] NET: Registered PF_NETLINK/PF_ROUTE protocol family
[    0.948814] thermal_sys: Registered thermal governor 'step_wise'
[    0.948855] thermal_sys: Registered thermal governor 'user_space'
[    0.949922] cpuidle: using governor ladder
[    0.950524] cpuidle: using governor menu
[    0.954528] acpiphp: ACPI Hot Plug PCI Controller Driver version: 0.5
[    0.957342] PCI: Using configuration type 1 for base access
[    0.967090] cryptd: max_cpu_qlen set to 1000
[    0.973967] ACPI: Added _OSI(Module Device)
[    0.974228] ACPI: Added _OSI(Processor Device)
[    0.974430] ACPI: Added _OSI(Processor Aggregator Device)
[    0.989310] ACPI: 1 ACPI AML tables successfully acquired and loaded
[    1.006727] ACPI: Interpreter enabled
[    1.007599] ACPI: PM: (supports S0 S5)
[    1.007835] ACPI: Using IOAPIC for interrupt routing
[    1.008472] PCI: Using host bridge windows from ACPI; if necessary, use "pci=nocrs" and report a bug
[    1.008893] PCI: Using E820 reservations for host bridge windows
[    1.011316] ACPI: Enabled 2 GPEs in block 00 to 0F
[    1.052225] ACPI: PCI Root Bridge [PCI0] (domain 0000 [bus 00-ff])
[    1.053248] acpi PNP0A03:00: _OSC: OS supports [ASPM ClockPM Segments MSI HPX-Type3]
[    1.053747] acpi PNP0A03:00: _OSC: not requesting OS control; OS requires [ExtendedConfig ASPM ClockPM MSI]
[    1.054699] acpi PNP0A03:00: fail to add MMCONFIG information, can't access extended configuration space under this bridge
[    1.064246] acpiphp: Slot [3] registered
[    1.064603] acpiphp: Slot [4] registered
[    1.064891] acpiphp: Slot [5] registered
[    1.065171] acpiphp: Slot [6] registered
[    1.069834] acpiphp: Slot [7] registered
[    1.071631] acpiphp: Slot [8] registered
[    1.071912] acpiphp: Slot [9] registered
[    1.072181] acpiphp: Slot [10] registered
[    1.072480] acpiphp: Slot [11] registered
[    1.072752] acpiphp: Slot [12] registered
[    1.073026] acpiphp: Slot [13] registered
[    1.079845] acpiphp: Slot [14] registered
[    1.080303] acpiphp: Slot [15] registered
[    1.080634] acpiphp: Slot [16] registered
[    1.080912] acpiphp: Slot [17] registered
[    1.081217] acpiphp: Slot [18] registered
[    1.081502] acpiphp: Slot [19] registered
[    1.089862] acpiphp: Slot [20] registered
[    1.090289] acpiphp: Slot [21] registered
[    1.090623] acpiphp: Slot [22] registered
[    1.090929] acpiphp: Slot [23] registered
[    1.091202] acpiphp: Slot [24] registered
[    1.091478] acpiphp: Slot [25] registered
[    1.099854] acpiphp: Slot [26] registered
[    1.100286] acpiphp: Slot [27] registered
[    1.100631] acpiphp: Slot [28] registered
[    1.109668] acpiphp: Slot [29] registered
[    1.109959] acpiphp: Slot [30] registered
[    1.110262] acpiphp: Slot [31] registered
[    1.120183] PCI host bridge to bus 0000:00
[    1.120758] pci_bus 0000:00: root bus resource [io  0x0000-0x0cf7 window]
[    1.121195] pci_bus 0000:00: root bus resource [io  0x0d00-0xffff window]
[    1.121478] pci_bus 0000:00: root bus resource [mem 0x000a0000-0x000bffff window]
[    1.129700] pci_bus 0000:00: root bus resource [mem 0x08000000-0xfebfffff window]
[    1.130202] pci_bus 0000:00: root bus resource [mem 0x100000000-0x17fffffff window]
[    1.130740] pci_bus 0000:00: root bus resource [bus 00-ff]
[    1.132244] pci 0000:00:00.0: [8086:1237] type 00 class 0x060000 conventional PCI endpoint
[    1.143753] pci 0000:00:01.0: [8086:7000] type 00 class 0x060100 conventional PCI endpoint
[    1.144777] pci 0000:00:01.1: [8086:7010] type 00 class 0x010180 conventional PCI endpoint
[    1.150553] pci 0000:00:01.1: BAR 4 [io  0xc0e0-0xc0ef]
[    1.154430] pci 0000:00:01.1: BAR 0 [io  0x01f0-0x01f7]: legacy IDE quirk
[    1.154773] pci 0000:00:01.1: BAR 1 [io  0x03f6]: legacy IDE quirk
[    1.155082] pci 0000:00:01.1: BAR 2 [io  0x0170-0x0177]: legacy IDE quirk
[    1.155376] pci 0000:00:01.1: BAR 3 [io  0x0376]: legacy IDE quirk
[    1.160828] pci 0000:00:01.3: [8086:7113] type 00 class 0x068000 conventional PCI endpoint
[    1.161571] pci 0000:00:01.3: quirk: [io  0x0600-0x063f] claimed by PIIX4 ACPI
[    1.161923] pci 0000:00:01.3: quirk: [io  0x0700-0x070f] claimed by PIIX4 SMB
[    1.170535] pci 0000:00:02.0: [1234:1111] type 00 class 0x030000 conventional PCI endpoint
[    1.171497] pci 0000:00:02.0: BAR 0 [mem 0xfd000000-0xfdffffff pref]
[    1.173121] pci 0000:00:02.0: BAR 2 [mem 0xfeb90000-0xfeb90fff]
[    1.181888] pci 0000:00:02.0: ROM [mem 0xfeb80000-0xfeb8ffff pref]
[    1.187225] pci 0000:00:02.0: Video device with shadowed ROM at [mem 0x000c0000-0x000dffff]
[    1.188446] pci 0000:00:03.0: [1af4:1000] type 00 class 0x020000 conventional PCI endpoint
[    1.189855] pci 0000:00:03.0: BAR 0 [io  0xc080-0xc09f]
[    1.192246] pci 0000:00:03.0: BAR 4 [mem 0xfe000000-0xfe003fff 64bit pref]
[    1.198866] pci 0000:00:03.0: ROM [mem 0xfea80000-0xfeafffff pref]
[    1.204490] pci 0000:00:04.0: [1af4:1005] type 00 class 0x00ff00 conventional PCI endpoint
[    1.206801] pci 0000:00:04.0: BAR 0 [io  0xc0a0-0xc0bf]
[    1.209829] pci 0000:00:04.0: BAR 1 [mem 0xfeb91000-0xfeb91fff]
[    1.211966] pci 0000:00:04.0: BAR 4 [mem 0xfe004000-0xfe007fff 64bit pref]
[    1.216790] pci 0000:00:05.0: [1af4:1000] type 00 class 0x020000 conventional PCI endpoint
[    1.218876] pci 0000:00:05.0: BAR 0 [io  0xc0c0-0xc0df]
[    1.220372] pci 0000:00:05.0: BAR 1 [mem 0xfeb92000-0xfeb92fff]
[    1.222299] pci 0000:00:05.0: BAR 4 [mem 0xfe008000-0xfe00bfff 64bit pref]
[    1.223235] pci 0000:00:05.0: ROM [mem 0xfeb00000-0xfeb7ffff pref]
[    1.227004] pci 0000:00:06.0: [1af4:1001] type 00 class 0x010000 conventional PCI endpoint
[    1.230559] pci 0000:00:06.0: BAR 0 [io  0xc000-0xc07f]
[    1.231369] pci 0000:00:06.0: BAR 1 [mem 0xfeb93000-0xfeb93fff]
[    1.233438] pci 0000:00:06.0: BAR 4 [mem 0xfe00c000-0xfe00ffff 64bit pref]
[    1.251057] ACPI: PCI: Interrupt link LNKA configured for IRQ 10
[    1.252007] ACPI: PCI: Interrupt link LNKB configured for IRQ 10
[    1.252689] ACPI: PCI: Interrupt link LNKC configured for IRQ 11
[    1.253358] ACPI: PCI: Interrupt link LNKD configured for IRQ 11
[    1.253815] ACPI: PCI: Interrupt link LNKS configured for IRQ 9
[    1.263085] iommu: Default domain type: Translated
[    1.263339] iommu: DMA domain TLB invalidation policy: lazy mode
[    1.266095] SCSI subsystem initialized
[    1.269546] ACPI: bus type USB registered
[    1.270146] usbcore: registered new interface driver usbfs
[    1.273537] usbcore: registered new interface driver hub
[    1.274003] usbcore: registered new device driver usb
[    1.274624] pps_core: LinuxPPS API ver. 1 registered
[    1.274853] pps_core: Software ver. 5.3.6 - Copyright 2005-2007 Rodolfo Giometti <giometti@linux.it>
[    1.279837] PTP clock support registered
[    1.295865] PCI: Using ACPI for IRQ routing
[    1.298362] hpet0: at MMIO 0xfed00000, IRQs 2, 8, 0
[    1.298689] hpet0: 3 comparators, 64-bit 100.000000 MHz counter
[    1.303911] clocksource: Switched to clocksource tsc-early
[    1.307046] pnp: PnP ACPI init
[    1.307395] pnp: PnP ACPI: found 6 devices
[    1.321732] clocksource: acpi_pm: mask: 0xffffff max_cycles: 0xffffff, max_idle_ns: 2085701024 ns
[    1.323208] NET: Registered PF_INET protocol family
[    1.324818] IP idents hash table entries: 2048 (order: 2, 16384 bytes, linear)
[    1.330308] tcp_listen_portaddr_hash hash table entries: 256 (order: 0, 4096 bytes, linear)
[    1.332741] Table-perturb hash table entries: 65536 (order: 6, 262144 bytes, linear)
[    1.333251] TCP established hash table entries: 1024 (order: 1, 8192 bytes, linear)
[    1.333781] TCP bind hash table entries: 1024 (order: 3, 32768 bytes, linear)
[    1.343818] TCP: Hash tables configured (established 1024 bind 1024)
[    1.345953] MPTCP token hash table entries: 256 (order: 1, 6144 bytes, linear)
[    1.346559] UDP hash table entries: 256 (order: 1, 8192 bytes, linear)
[    1.347037] UDP-Lite hash table entries: 256 (order: 1, 8192 bytes, linear)
[    1.356631] NET: Registered PF_UNIX/PF_LOCAL protocol family
[    1.357878] pci_bus 0000:00: resource 4 [io  0x0000-0x0cf7 window]
[    1.358164] pci_bus 0000:00: resource 5 [io  0x0d00-0xffff window]
[    1.358419] pci_bus 0000:00: resource 6 [mem 0x000a0000-0x000bffff window]
[    1.365766] pci_bus 0000:00: resource 7 [mem 0x08000000-0xfebfffff window]
[    1.366196] pci_bus 0000:00: resource 8 [mem 0x100000000-0x17fffffff window]
[    1.367051] pci 0000:00:01.0: PIIX3: Enabling Passive Release
[    1.367403] pci 0000:00:00.0: Limiting direct PCI/PCI transfers
[    1.377367] PCI: CLS 0 bytes, default 64
[    1.397976] workingset: timestamp_bits=46 max_order=15 bucket_order=0
[    1.400579] squashfs: version 4.0 (2009/01/31) Phillip Lougher
[    1.403476] Block layer SCSI generic (bsg) driver version 0.4 loaded (major 247)
[    1.407332] hv_vmbus: registering driver hyperv_fb
[    1.411958] input: Power Button as /devices/LNXSYSTM:00/LNXPWRBN:00/input/input0
[    1.420545] ACPI: button: Power Button [PWRF]
[    1.581096] ACPI: \_SB_.LNKC: Enabled at IRQ 11
[    1.735257] ACPI: \_SB_.LNKD: Enabled at IRQ 10
[    1.887072] ACPI: \_SB_.LNKA: Enabled at IRQ 10
[    2.039323] ACPI: \_SB_.LNKB: Enabled at IRQ 11
[    2.041423] Serial: 8250/16550 driver, 16 ports, IRQ sharing enabled
[    2.066658] 00:04: ttyS0 at I/O 0x3f8 (irq = 4, base_baud = 115200) is a 16550A
[    2.094184] Non-volatile memory driver v1.3
[    2.105611] Linux agpgart interface v0.103
[    2.106729] ACPI: bus type drm_connector registered
[    2.110031] [drm] Found bochs VGA, ID 0xb0c5.
[    2.110280] [drm] Framebuffer size 16384 kB @ 0xfd000000, mmio @ 0xfeb90000.
[    2.116264] [drm] Found EDID data blob.
[    2.122064] [drm] Initialized bochs-drm 1.0.0 for 0000:00:02.0 on minor 0
[    2.192052] Console: switching to colour frame buffer device 160x50
[    2.201632] bochs-drm 0000:00:02.0: [drm] fb0: bochs-drmdrmfb frame buffer device
[    2.238024] loop: module loaded
[    2.238790] virtio_blk virtio3: 1/0/0 default/read/poll queues
[    2.243872] virtio_blk virtio3: [vda] 246784 512-byte logical blocks (126 MB/121 MiB)
[    2.253353]  vda: vda1 vda2
[    2.255580] Guest personality initialized and is inactive
[    2.256201] VMCI host device registered (name=vmci, major=10, minor=256)
[    2.256559] Initialized host personality
[    2.256941] usbcore: registered new interface driver rtsx_usb
[    2.265188] VMware PVSCSI driver - version 1.0.7.0-k
[    2.265599] hv_vmbus: registering driver hv_storvsc
[    2.283530] scsi host0: ata_piix
[    2.286227] scsi host1: ata_piix
[    2.287131] ata1: PATA max MWDMA2 cmd 0x1f0 ctl 0x3f6 bmdma 0xc0e0 irq 14 lpm-pol 0
[    2.287522] ata2: PATA max MWDMA2 cmd 0x170 ctl 0x376 bmdma 0xc0e8 irq 15 lpm-pol 0
[    2.297024] VMware vmxnet3 virtual NIC driver - version 1.9.0.0-k-NAPI
[    2.297717] hv_vmbus: registering driver hv_netvsc
[    2.298142] Fusion MPT base driver 3.04.20
[    2.298336] Copyright (c) 1999-2008 LSI Corporation
[    2.298764] Fusion MPT SPI Host driver 3.04.20
[    2.308397] Fusion MPT SAS Host driver 3.04.20
[    2.310853] usbcore: registered new interface driver usb-storage
[    2.312347] i8042: PNP: PS/2 Controller [PNP0303:KBD,PNP0f13:MOU] at 0x60,0x64 irq 1,12
[    2.315839] serio: i8042 KBD port at 0x60,0x64 irq 1
[    2.316266] serio: i8042 AUX port at 0x60,0x64 irq 12
[    2.322422] hv_vmbus: registering driver hyperv_keyboard
[    2.325092] rtc_cmos 00:05: RTC can wake from S4
[    2.330698] rtc_cmos 00:05: registered as rtc0
[    2.333400] rtc_cmos 00:05: setting system clock to 2026-03-25T02:51:43 UTC (1774407103)
[    2.336013] rtc_cmos 00:05: alarms up to one day, y3k, 242 bytes nvram, hpet irqs
[    2.339252] intel_powerclamp: CPU does not support MWAIT
[    2.344301] amd_pstate: the _CPC object is not present in SBIOS or ACPI disabled
[    2.347071] sdhci: Secure Digital Host Controller Interface driver
[    2.349372] sdhci: Copyright(c) Pierre Ossman
[    2.352017] VUB300 Driver rom wait states = 1C irqpoll timeout = 0400
[    2.358598] input: AT Translated Set 2 keyboard as /devices/platform/i8042/serio0/input/input1
[    2.383037] usbcore: registered new interface driver vub300
[    2.385444] usbcore: registered new interface driver ushc
[    2.393516] hid: raw HID events driver (C) Jiri Kosina
[    2.396311] hv_vmbus: registering driver hid_hyperv
[    2.399328] usbcore: registered new interface driver usbhid
[    2.401441] usbhid: USB HID core driver
[    2.403608] hv_utils: Registering HyperV Utility Driver
[    2.406526] hv_vmbus: registering driver hv_utils
[    2.408540] hv_vmbus: registering driver hv_balloon
[    2.412153] NET: Registered PF_INET6 protocol family
[    2.427469] Segment Routing with IPv6
[    2.429918] In-situ OAM (IOAM) with IPv6
[    2.432452] NET: Registered PF_PACKET protocol family
[    2.435022] bridge: filtering via arp/ip/ip6tables is no longer available by default. Update your scripts to load br_netfilter if you need this.
[    2.444451] 8021q: 802.1Q VLAN Support v1.8
[    2.447226] NET: Registered PF_VSOCK protocol family
[    2.456131] tsc: Refined TSC clocksource calibration: 2445.425 MHz
[    2.458758] clocksource: tsc: mask: 0xffffffffffffffff max_cycles: 0x233fd71eca6, max_idle_ns: 440795324395 ns
[    2.462251] clocksource: Switched to clocksource tsc
[    2.470199] IPI shorthand broadcast: enabled
[    2.477073] AES CTR mode by8 optimization enabled
[    2.499520] sched_clock: Marking stable (2230076744, 268861890)->(2511754087, -12815453)
[    2.529513] ata2: found unknown device (class 0)
[    2.558122] ata2.00: ATAPI: QEMU DVD-ROM, 2.5+, max UDMA/100
[    2.599255] scsi 1:0:0:0: CD-ROM            QEMU     QEMU DVD-ROM     2.5+ PQ: 0 ANSI: 5
[    2.613874] clk: Disabling unused clocks
[    2.660867] sr 1:0:0:0: [sr0] scsi3-mmc drive: 4x/4x cd/rw xa/form2 tray
[    2.663583] cdrom: Uniform CD-ROM driver Revision: 3.20
[    2.720941] VFS: Mounted root (squashfs filesystem) readonly on device 254:2.
[    2.790211] Freeing unused kernel image (initmem) memory: 1496K
[    2.792848] Write protecting the kernel read-only data: 18432k
[    2.796084] Freeing unused kernel image (rodata/data gap) memory: 116K
[    2.798707] Run /sbin/init as init process
[    3.144305] init: Console is alive
[    3.737373] kmodloader: loading kernel modules from /etc/modules-boot.d/*
[    3.810349] button_hotplug: loading out-of-tree module taints kernel.
[    3.817408] Button Hotplug driver version 0.4.1
[    3.840475] Intel(R) 2.5G Ethernet Linux Driver
[    3.843206] Copyright(c) 2018 Intel Corporation.
[    3.860847] igb: Intel(R) Gigabit Ethernet Network Driver
[    3.863518] igb: Copyright (c) 2007-2014 Intel Corporation.
[    3.882233] e1000e: Intel(R) PRO/1000 Network Driver
[    3.884864] e1000e: Copyright(c) 1999 - 2015 Intel Corporation.
[    3.900716] kmodloader: done loading kernel modules from /etc/modules-boot.d/*
[    3.917136] init: - preinit -
[    4.959902] 8021q: adding VLAN 0 to HW filter on device eth0
Press the [f] key and hit [enter] to enter failsafe mode
Press the [1], [2], [3] or [4] key and hit [enter] to select the debug level
[    9.607641] loop0: detected capacity change from 0 to 212992
[    9.659523] loop0: detected capacity change from 212992 to 201728
[    9.673930] mount_root: overlay filesystem in /dev/loop0 has not been formatted yet
[   10.022699] EXT4-fs (loop0): mounted filesystem 1afbfdde-cb88-43c4-8546-361c11b684ef r/w with ordered data mode. Quota mode: disabled.
[   10.037041] mount_root: overlay filesystem has not been fully initialized yet
[   10.056129] mount_root: switching to ext4 overlay
[   10.078317] overlayfs: null uuid detected in lower fs '/', falling back to xino=off,index=off,nfs_export=off.
[   10.861184] EXT4-fs (vda1): mounted filesystem 84173db5-fa99-e35a-95c6-28613cc79ea9 r/w without journal. Quota mode: disabled.
[   10.888518] urandom-seed: Seed file not found (/etc/urandom.seed)
[   11.037952] procd: - early -
[   11.802857] procd: - ubus -
[   11.983585] procd: - init -
Please press Enter to activate this console.
root
login[1049]: root login on 'ttyS0'


BusyBox v1.37.0 (2026-01-02 17:07:02 UTC) built-in shell (ash)

  _______                     ________        __
 |       |.-----.-----.-----.|  |  |  |.----.|  |_
 |   -   ||  _  |  -__|     ||  |  |  ||   _||   _|
 |_______||   __|_____|__|__||________||__|  |____|
          |__| W I R E L E S S   F R E E D O M
 -----------------------------------------------------
 OpenWrt SNAPSHOT, r33531-25de25827e
 -----------------------------------------------------

 === WARNING! =====================================
 There is no root password defined on this device!
 Use the "passwd" command to set up a new password
 in order to prevent unauthorized SSH logins.
 --------------------------------------------------

root@(none):~# dmesg -n 1
root@(none):~# echo 'KCHA''TFSVZH'
KCHATFSVZH
root@(none):~# run() { echo -n "$MARKER"; sh -c "$@"; echo "$MARKER $?"; }
root@(none):~# echo 'OVKA''NBWAXM'
OVKANBWAXM
root@OpenWrt:~# MARKER='KPTL''HAMGXH' run true
KPTLHAMGXHKPTLHAMGXH 0
root@OpenWrt:~# echo 'AZXY''QOTTLL'
AZXYQOTTLL
root@OpenWrt:~# MARKER='WJOS''GCSNJM' run 'source /etc/os-release; echo $BUILD_I
D'
WJOSGCSNJMr33531-25de25827e
WJOSGCSNJM 0
root@OpenWrt:~# echo 'OHZH''OSWHFZ'
OHZHOSWHFZ
root@OpenWrt:~# MARKER='KPNK''SXGVLY' run 'ls /etc/dropbear/dropbear_rsa_host_ke
y'
KPNKSXGVLY[0;0m/etc/dropbear/dropbear_rsa_host_key[m
KPNKSXGVLY 0
root@OpenWrt:~# echo 'AHOF''QONUPO'
AHOFQONUPO
root@OpenWrt:~# MARKER='UBNG''QBEZNQ' run 'netstat -tlpn | grep 0.0.0.0:22'
UBNGQBEZNQtcp        0      0 0.0.0.0:22              0.0.0.0:*               LISTEN      1732/dropbear
UBNGQBEZNQ 0
root@OpenWrt:~# echo 'FLAK''MQSLQN'
FLAKMQSLQN
root@OpenWrt:~# MARKER='SXCJ''YSQPXU' run 'dmesg | grep br-lan | grep forwarding
'
SXCJYSQPXU[   31.889833] br-lan: port 1(eth0) entered forwarding state
SXCJYSQPXU 0
root@OpenWrt:~# echo 'PFYH''TQACYE'
PFYHTQACYE
root@OpenWrt:~# MARKER='JVYK''JONLNK' run 'ubus call network.interface.lan statu
s '"'"'{}'"'"''
JVYKJONLNK{
	"up": true,
	"pending": false,
	"available": true,
	"autostart": true,
	"dynamic": false,
	"uptime": 24,
	"l3_device": "br-lan",
	"proto": "static",
	"device": "br-lan",
	"updated": [
		"addresses"
	],
	"metric": 0,
	"dns_metric": 0,
	"delegation": true,
	"ipv4-address": [
		{
			"address": "192.168.1.1",
			"mask": 24
		}
	],
	"ipv6-address": [
		
	],
	"ipv6-prefix": [
		
	],
	"ipv6-prefix-assignment": [
		{
			"address": "fdaa:e6af:f547::",
			"mask": 60,
			"local-address": {
				"address": "fdaa:e6af:f547::1",
				"mask": 60
			}
		}
	],
	"route": [
		
	],
	"dns-server": [
		
	],
	"dns-search": [
		
	],
	"neighbors": [
		
	],
	"inactive": {
		"ipv4-address": [
			
		],
		"ipv6-address": [
			
		],
		"route": [
			
		],
		"dns-server": [
			
		],
		"dns-search": [
			
		],
		"neighbors": [
			
		]
	},
	"data": {
		
	}
}
JVYKJONLNK 0
root@OpenWrt:~# echo 'XQZB''AXNOQO'
XQZBAXNOQO
root@OpenWrt:~# MARKER='CSQB''XSKHET' run 'ip -o addr show dev br-lan'
CSQBXSKHET4: br-lan    inet 192.168.1.1/24 brd 192.168.1.255 scope global br-lan\       valid_lft forever preferred_lft forever
4: br-lan    inet6 fdaa:e6af:f547::1/60 scope global noprefixroute \       valid_lft forever preferred_lft forever
4: br-lan    inet6 fe80::5054:ff:fe12:3456/64 scope link \       valid_lft forever preferred_lft forever
CSQBXSKHET 0
root@OpenWrt:~# echo 'TVJU''JHEXCX'
TVJUJHEXCX
root@OpenWrt:~# MARKER='CBVQ''QECCGA' run 'ping -c 3 ff02::1%br-lan'
CBVQQECCGAPING ff02::1%br-lan (ff02::1%4): 56 data bytes
64 bytes from fe80::5054:ff:fe12:3456: seq=0 ttl=64 time=4.489 ms
64 bytes from fe80::5054:ff:fe12:3456: seq=1 ttl=64 time=0.717 ms
64 bytes from fe80::5054:ff:fe12:3456: seq=2 ttl=64 time=1.090 ms

--- ff02::1%br-lan ping statistics ---
3 packets transmitted, 3 packets received, 0% packet loss
round-trip min/avg/max = 0.717/2.098/4.489 ms
CBVQQECCGA 0
root@OpenWrt:~# echo 'JTAC''VVVUQS'
JTACVVVUQS
root@OpenWrt:~# MARKER='UXKU''YFUTWH' run 'ubus call network.interface.wan statu
s '"'"'{}'"'"''
UXKUYFUTWH{
	"up": true,
	"pending": false,
	"available": true,
	"autostart": true,
	"dynamic": false,
	"uptime": 23,
	"l3_device": "eth1",
	"proto": "dhcp",
	"device": "eth1",
	"updated": [
		"addresses",
		"routes",
		"data"
	],
	"metric": 0,
	"dns_metric": 0,
	"delegation": true,
	"ipv4-address": [
		{
			"address": "10.0.2.15",
			"mask": 24
		}
	],
	"ipv6-address": [
		
	],
	"ipv6-prefix": [
		
	],
	"ipv6-prefix-assignment": [
		
	],
	"route": [
		{
			"target": "0.0.0.0",
			"mask": 0,
			"nexthop": "10.0.2.2",
			"source": "10.0.2.15/32"
		}
	],
	"dns-server": [
		"10.0.2.3"
	],
	"dns-search": [
		
	],
	"neighbors": [
		
	],
	"inactive": {
		"ipv4-address": [
			
		],
		"ipv6-address": [
			
		],
		"route": [
			
		],
		"dns-server": [
			
		],
		"dns-search": [
			
		],
		"neighbors": [
			
		]
	},
	"data": {
		"dhcpserver": "10.0.2.2",
		"leasetime": 86400
	}
}
UXKUYFUTWH 0
root@OpenWrt:~# 