Labgrid Console Logfile for main
Logfile started at 2026-03-14 02:42:14.975636
=== Log starts here ===
[    0.000000] Booting Linux on physical CPU 0x0000000000 [0x411fd070]
[    0.000000] Linux version 6.12.74 (builder@buildhost) (aarch64-openwrt-linux-musl-gcc (OpenWrt GCC 14.3.0 r33377-626c67caca) 14.3.0, GNU ld (GNU Binutils) 2.44) #0 SMP Fri Mar 13 18:59:59 2026
[    0.000000] KASLR enabled
[    0.000000] random: crng init done
[    0.000000] Machine model: linux,dummy-virt
[    0.000000] efi: UEFI not found.
[    0.000000] OF: reserved mem: Reserved memory: No reserved-memory node in the DT
[    0.000000] NUMA: Faking a node at [mem 0x0000000040000000-0x0000000047ffffff]
[    0.000000] NODE_DATA(0) allocated [mem 0x47fb8e80-0x47fbbbff]
[    0.000000] Zone ranges:
[    0.000000]   DMA      [mem 0x0000000040000000-0x0000000047ffffff]
[    0.000000]   DMA32    empty
[    0.000000]   Normal   empty
[    0.000000] Movable zone start for each node
[    0.000000] Early memory node ranges
[    0.000000]   node   0: [mem 0x0000000040000000-0x0000000047ffffff]
[    0.000000] Initmem setup node 0 [mem 0x0000000040000000-0x0000000047ffffff]
[    0.000000] cma: Reserved 32 MiB at 0x0000000045c00000 on node -1
[    0.000000] psci: probing for conduit method from DT.
[    0.000000] psci: PSCIv1.1 detected in firmware.
[    0.000000] psci: Using standard PSCI v0.2 function IDs
[    0.000000] psci: Trusted OS migration not required
[    0.000000] psci: SMC Calling Convention v1.0
[    0.000000] percpu: Embedded 23 pages/cpu s53400 r8192 d32616 u94208
[    0.000000] Detected PIPT I-cache on CPU0
[    0.000000] CPU features: detected: Spectre-v2
[    0.000000] CPU features: detected: Spectre-v3a
[    0.000000] CPU features: detected: Spectre-v4
[    0.000000] CPU features: detected: Spectre-BHB
[    0.000000] CPU features: kernel page table isolation forced ON by KASLR
[    0.000000] CPU features: detected: Kernel page table isolation (KPTI)
[    0.000000] CPU features: detected: ARM erratum 834220
[    0.000000] CPU features: detected: ARM erratum 832075
[    0.000000] CPU features: detected: ARM errata 1165522, 1319367, or 1530923
[    0.000000] alternatives: applying boot alternatives
[    0.000000] Kernel command line: 
[    0.000000] Dentry cache hash table entries: 16384 (order: 5, 131072 bytes, linear)
[    0.000000] Inode-cache hash table entries: 8192 (order: 4, 65536 bytes, linear)
[    0.000000] Fallback order for Node 0: 0 
[    0.000000] Built 1 zonelists, mobility grouping on.  Total pages: 32768
[    0.000000] Policy zone: DMA
[    0.000000] mem auto-init: stack:off, heap alloc:off, heap free:off
[    0.000000] software IO TLB: SWIOTLB bounce buffer size adjusted to 0MB
[    0.000000] software IO TLB: area num 1.
[    0.000000] software IO TLB: mapped [mem 0x0000000047f1b000-0x0000000047f5b000] (0MB)
[    0.000000] SLUB: HWalign=64, Order=0-3, MinObjects=0, CPUs=1, Nodes=1
[    0.000000] rcu: Hierarchical RCU implementation.
[    0.000000] rcu: 	RCU restricting CPUs from NR_CPUS=256 to nr_cpu_ids=1.
[    0.000000] 	Tracing variant of Tasks RCU enabled.
[    0.000000] rcu: RCU calculated value of scheduler-enlistment delay is 10 jiffies.
[    0.000000] rcu: Adjusting geometry for rcu_fanout_leaf=16, nr_cpu_ids=1
[    0.000000] RCU Tasks Trace: Setting shift to 0 and lim to 1 rcu_task_cb_adjust=1 rcu_task_cpu_ids=1.
[    0.000000] NR_IRQS: 64, nr_irqs: 64, preallocated irqs: 0
[    0.000000] Root IRQ handler: gic_handle_irq
[    0.000000] GICv2m: range[mem 0x08020000-0x08020fff], SPI[80:143]
[    0.000000] rcu: srcu_init: Setting srcu_struct sizes based on contention.
[    0.000000] arch_timer: cp15 timer(s) running at 62.50MHz (virt).
[    0.000000] clocksource: arch_sys_counter: mask: 0x1ffffffffffffff max_cycles: 0x1cd42e208c, max_idle_ns: 881590405314 ns
[    0.000063] sched_clock: 57 bits at 63MHz, resolution 16ns, wraps every 4398046511096ns
[    0.002828] Console: colour dummy device 80x25
[    0.003256] printk: legacy console [tty0] enabled
[    0.006973] Calibrating delay loop (skipped), value calculated using timer frequency.. 125.00 BogoMIPS (lpj=625000)
[    0.007109] pid_max: default: 32768 minimum: 301
[    0.012298] Mount-cache hash table entries: 512 (order: 0, 4096 bytes, linear)
[    0.012355] Mountpoint-cache hash table entries: 512 (order: 0, 4096 bytes, linear)
[    0.038124] cacheinfo: Unable to detect cache hierarchy for CPU 0
[    0.048469] rcu: Hierarchical SRCU implementation.
[    0.048530] rcu: 	Max phase no-delay instances is 1000.
[    0.051772] EFI services will not be available.
[    0.053596] smp: Bringing up secondary CPUs ...
[    0.054253] smp: Brought up 1 node, 1 CPU
[    0.054295] SMP: Total of 1 processors activated.
[    0.054344] CPU: All CPU(s) started at EL1
[    0.054565] CPU features: detected: 32-bit EL0 Support
[    0.054596] CPU features: detected: 32-bit EL1 Support
[    0.054676] CPU features: detected: CRC32 instructions
[    0.060463] alternatives: applying system-wide alternatives
[    0.074070] CPU features: emulated: Privileged Access Never (PAN) using TTBR0_EL1 switching
[    0.084913] Memory: 54344K/131072K available (12672K kernel code, 1572K rwdata, 4796K rodata, 18624K init, 763K bss, 42640K reserved, 32768K cma-reserved)
[    0.117433] clocksource: jiffies: mask: 0xffffffff max_cycles: 0xffffffff, max_idle_ns: 19112604462750000 ns
[    0.118007] futex hash table entries: 256 (order: 2, 16384 bytes, linear)
[    0.120038] 2G module region forced by RANDOMIZE_MODULE_REGION_FULL
[    0.120093] 0 pages in range for non-PLT usage
[    0.120141] 514624 pages in range for PLT usage
[    0.121288] pinctrl core: initialized pinctrl subsystem
[    0.133011] DMI not present or invalid.
[    0.146184] NET: Registered PF_NETLINK/PF_ROUTE protocol family
[    0.155632] DMA: preallocated 128 KiB GFP_KERNEL pool for atomic allocations
[    0.156157] DMA: preallocated 128 KiB GFP_KERNEL|GFP_DMA pool for atomic allocations
[    0.156404] DMA: preallocated 128 KiB GFP_KERNEL|GFP_DMA32 pool for atomic allocations
[    0.160268] thermal_sys: Registered thermal governor 'step_wise'
[    0.160569] cpuidle: using governor ladder
[    0.160753] cpuidle: using governor menu
[    0.161476] ASID allocator initialised with 32768 entries
[    0.163346] Serial: AMBA PL011 UART driver
[    0.190469] 9000000.pl011: ttyAMA0 at MMIO 0x9000000 (irq = 13, base_baud = 0) is a PL011 rev1
[    0.191878] printk: legacy console [ttyAMA0] enabled
[    0.420499] HugeTLB: registered 1.00 GiB page size, pre-allocated 0 pages
[    0.420759] HugeTLB: 0 KiB vmemmap can be freed for a 1.00 GiB page
[    0.421002] HugeTLB: registered 32.0 MiB page size, pre-allocated 0 pages
[    0.425341] HugeTLB: 0 KiB vmemmap can be freed for a 32.0 MiB page
[    0.425654] HugeTLB: registered 2.00 MiB page size, pre-allocated 0 pages
[    0.426007] HugeTLB: 0 KiB vmemmap can be freed for a 2.00 MiB page
[    0.426260] HugeTLB: registered 64.0 KiB page size, pre-allocated 0 pages
[    0.436163] HugeTLB: 0 KiB vmemmap can be freed for a 64.0 KiB page
[    0.442655] cryptd: max_cpu_qlen set to 1000
[    0.446884] ACPI: Interpreter disabled.
[    0.449615] iommu: Default domain type: Passthrough
[    0.451741] SCSI subsystem initialized
[    0.453606] usbcore: registered new interface driver usbfs
[    0.454061] usbcore: registered new interface driver hub
[    0.454374] usbcore: registered new device driver usb
[    0.472945] clocksource: Switched to clocksource arch_sys_counter
[    0.475141] netfs: FS-Cache loaded
[    0.476035] pnp: PnP ACPI: disabled
[    0.485335] NET: Registered PF_INET protocol family
[    0.486851] IP idents hash table entries: 2048 (order: 2, 16384 bytes, linear)
[    0.492196] tcp_listen_portaddr_hash hash table entries: 256 (order: 0, 4096 bytes, linear)
[    0.492560] Table-perturb hash table entries: 65536 (order: 6, 262144 bytes, linear)
[    0.495726] TCP established hash table entries: 1024 (order: 1, 8192 bytes, linear)
[    0.496320] TCP bind hash table entries: 1024 (order: 3, 32768 bytes, linear)
[    0.496818] TCP: Hash tables configured (established 1024 bind 1024)
[    0.498469] MPTCP token hash table entries: 256 (order: 1, 6144 bytes, linear)
[    0.507040] UDP hash table entries: 256 (order: 1, 8192 bytes, linear)
[    0.507691] UDP-Lite hash table entries: 256 (order: 1, 8192 bytes, linear)
[    0.509221] NET: Registered PF_UNIX/PF_LOCAL protocol family
[    0.509905] PCI: CLS 0 bytes, default 64
[    0.542470] kvm [1]: HYP mode not available
[    0.546859] workingset: timestamp_bits=42 max_order=15 bucket_order=0
[    0.548764] squashfs: version 4.0 (2009/01/31) Phillip Lougher
[    0.549019] jffs2: version 2.2 (NAND) (SUMMARY) (LZMA) (RTIME) (CMODE_PRIORITY) (c) 2001-2006 Red Hat, Inc.
[    0.563087] 9p: Installing v9fs 9p2000 file system support
[    0.565620] Block layer SCSI generic (bsg) driver version 0.4 loaded (major 250)
[    0.569790] atomic64_test: passed
[    0.581341] pl061_gpio 9030000.pl061: PL061 GPIO chip registered
[    0.583687] pci-host-generic 4010000000.pcie: host bridge /pcie@10000000 ranges:
[    0.584525] pci-host-generic 4010000000.pcie:       IO 0x003eff0000..0x003effffff -> 0x0000000000
[    0.585368] pci-host-generic 4010000000.pcie:      MEM 0x0010000000..0x003efeffff -> 0x0010000000
[    0.592058] pci-host-generic 4010000000.pcie:      MEM 0x8000000000..0xffffffffff -> 0x8000000000
[    0.593103] pci-host-generic 4010000000.pcie: Memory resource size exceeds max for 32 bits
[    0.594718] pci-host-generic 4010000000.pcie: ECAM at [mem 0x4010000000-0x401fffffff] for [bus 00-ff]
[    0.604204] pci-host-generic 4010000000.pcie: PCI host bridge to bus 0000:00
[    0.604747] pci_bus 0000:00: root bus resource [bus 00-ff]
[    0.605040] pci_bus 0000:00: root bus resource [io  0x0000-0xffff]
[    0.605294] pci_bus 0000:00: root bus resource [mem 0x10000000-0x3efeffff]
[    0.613623] pci_bus 0000:00: root bus resource [mem 0x8000000000-0xffffffffff]
[    0.615428] pci 0000:00:00.0: [1b36:0008] type 00 class 0x060000 conventional PCI endpoint
[    0.618636] pci 0000:00:01.0: [1af4:1000] type 00 class 0x020000 conventional PCI endpoint
[    0.624610] pci 0000:00:01.0: BAR 0 [io  0x0000-0x001f]
[    0.625067] pci 0000:00:01.0: BAR 4 [mem 0x00000000-0x00003fff 64bit pref]
[    0.625481] pci 0000:00:01.0: ROM [mem 0x00000000-0x0007ffff pref]
[    0.626122] pci 0000:00:02.0: [1af4:1005] type 00 class 0x00ff00 conventional PCI endpoint
[    0.635314] pci 0000:00:02.0: BAR 0 [io  0x0000-0x001f]
[    0.635571] pci 0000:00:02.0: BAR 1 [mem 0x00000000-0x00000fff]
[    0.635895] pci 0000:00:02.0: BAR 4 [mem 0x00000000-0x00003fff 64bit pref]
[    0.636592] pci 0000:00:03.0: [1af4:1000] type 00 class 0x020000 conventional PCI endpoint
[    0.646655] pci 0000:00:03.0: BAR 0 [io  0x0000-0x001f]
[    0.646969] pci 0000:00:03.0: BAR 1 [mem 0x00000000-0x00000fff]
[    0.647204] pci 0000:00:03.0: BAR 4 [mem 0x00000000-0x00003fff 64bit pref]
[    0.647447] pci 0000:00:03.0: ROM [mem 0x00000000-0x0007ffff pref]
[    0.659115] pci 0000:00:01.0: ROM [mem 0x10000000-0x1007ffff pref]: assigned
[    0.659515] pci 0000:00:03.0: ROM [mem 0x10080000-0x100fffff pref]: assigned
[    0.659833] pci 0000:00:01.0: BAR 4 [mem 0x8000000000-0x8000003fff 64bit pref]: assigned
[    0.660233] pci 0000:00:02.0: BAR 4 [mem 0x8000004000-0x8000007fff 64bit pref]: assigned
[    0.669796] pci 0000:00:03.0: BAR 4 [mem 0x8000008000-0x800000bfff 64bit pref]: assigned
[    0.670247] pci 0000:00:02.0: BAR 1 [mem 0x10100000-0x10100fff]: assigned
[    0.670510] pci 0000:00:03.0: BAR 1 [mem 0x10101000-0x10101fff]: assigned
[    0.670764] pci 0000:00:01.0: BAR 0 [io  0x1000-0x101f]: assigned
[    0.680564] pci 0000:00:02.0: BAR 0 [io  0x1020-0x103f]: assigned
[    0.680899] pci 0000:00:03.0: BAR 0 [io  0x1040-0x105f]: assigned
[    0.681656] pci_bus 0000:00: resource 4 [io  0x0000-0xffff]
[    0.682077] pci_bus 0000:00: resource 5 [mem 0x10000000-0x3efeffff]
[    0.682305] pci_bus 0000:00: resource 6 [mem 0x8000000000-0xffffffffff]
[    0.694676] hv_vmbus: registering driver hyperv_fb
[    0.796973] virtio-pci 0000:00:01.0: enabling device (0000 -> 0003)
[    0.799974] virtio-pci 0000:00:02.0: enabling device (0000 -> 0003)
[    0.801440] virtio-pci 0000:00:03.0: enabling device (0000 -> 0003)
[    0.804428] Serial: 8250/16550 driver, 16 ports, IRQ sharing enabled
[    0.813147] SuperH (H)SCI(F) driver initialized
[    0.846198] loop: module loaded
[    0.847188] hv_vmbus: registering driver hv_storvsc
[    0.860775] hv_vmbus: registering driver hv_netvsc
[    0.863656] usbcore: registered new interface driver usb-storage
[    0.866363] hv_vmbus: registering driver hyperv_keyboard
[    0.868996] rtc-pl031 9010000.pl031: registered as rtc0
[    0.869755] rtc-pl031 9010000.pl031: setting system clock to 2026-03-14T02:42:15 UTC (1773456135)
[    0.874814] sdhci: Secure Digital Host Controller Interface driver
[    0.875058] sdhci: Copyright(c) Pierre Ossman
[    0.875700] Synopsys Designware Multimedia Card Interface Driver
[    0.876500] sdhci-pltfm: SDHCI platform and OF driver helper
[    0.878401] hid: raw HID events driver (C) Jiri Kosina
[    0.885796] usbcore: registered new interface driver usbhid
[    0.886053] usbhid: USB HID core driver
[    0.888718] NET: Registered PF_INET6 protocol family
[    0.908720] Segment Routing with IPv6
[    0.909058] In-situ OAM (IOAM) with IPv6
[    0.909661] NET: Registered PF_PACKET protocol family
[    0.910306] bridge: filtering via arp/ip/ip6tables is no longer available by default. Update your scripts to load br_netfilter if you need this.
[    0.919711] 8021q: 802.1Q VLAN Support v1.8
[    0.920550] 9pnet: Installing 9P2000 support
[    0.975683] Demotion targets for Node 0: null
[    0.983886] clk: Disabling unused clocks
[    0.984254] PM: genpd: Disabling unused power domains
[    1.027278] Freeing unused kernel memory: 18624K
[    1.030430] Run /init as init process
[    2.565372] init: Console is alive
[    2.657223] kmodloader: loading kernel modules from /etc/modules-boot.d/*
[    2.682734] pps_core: LinuxPPS API ver. 1 registered
[    2.682979] pps_core: Software ver. 5.3.6 - Copyright 2005-2007 Rodolfo Giometti <giometti@linux.it>
[    2.722952] PTP clock support registered
[    2.761258] e1000e: Intel(R) PRO/1000 Network Driver
[    2.761483] e1000e: Copyright(c) 1999 - 2015 Intel Corporation.
[    2.763416] kmodloader: done loading kernel modules from /etc/modules-boot.d/*
[    2.776268] init: - preinit -
[    4.559896] 8021q: adding VLAN 0 to HW filter on device eth0
Press the [f] key and hit [enter] to enter failsafe mode
Press the [1], [2], [3] or [4] key and hit [enter] to select the debug level
[    9.526258] procd: - early -
[   10.610791] procd: - ubus -
[   10.818909] procd: - init -
Please press Enter to activate this console.
root
login[1150]: root login on 'ttyAMA0'


BusyBox v1.37.0 (2026-01-02 17:07:02 UTC) built-in shell (ash)

  _______                     ________        __
 |       |.-----.-----.-----.|  |  |  |.----.|  |_
 |   -   ||  _  |  -__|     ||  |  |  ||   _||   _|
 |_______||   __|_____|__|__||________||__|  |____|
          |__| W I R E L E S S   F R E E D O M
 -----------------------------------------------------
 OpenWrt SNAPSHOT, r33377-626c67caca
 -----------------------------------------------------

 === WARNING! =====================================
 There is no root password defined on this device!
 Use the "passwd" command to set up a new password
 in order to prevent unauthorized SSH logins.
 --------------------------------------------------

root@(none):~# dmesg -n 1
root@(none):~# echo 'YYFQ''KXOSXC'
YYFQKXOSXC
root@(none):~# run() { echo -n "$MARKER"; sh -c "$@"; echo "$MARKER $?"; }
root@(none):~# echo 'JNLZ''BKCCBV'
JNLZBKCCBV
root@OpenWrt:~# MARKER='LUJG''JLYHSB' run true
LUJGJLYHSBLUJGJLYHSB 0
root@OpenWrt:~# echo 'CKMM''NPYEEG'
CKMMNPYEEG
root@OpenWrt:~# MARKER='BYKJ''FFCHCV' run 'source /etc/os-release; echo $BUILD_I
D'
BYKJFFCHCVr33377-626c67caca
BYKJFFCHCV 0
root@OpenWrt:~# echo 'LOYS''FWPWWL'
LOYSFWPWWL
root@OpenWrt:~# MARKER='UWES''WAXVVU' run 'ls /etc/dropbear/dropbear_rsa_host_ke
y'
UWESWAXVVU[0;0m/etc/dropbear/dropbear_rsa_host_key[m
UWESWAXVVU 0
root@OpenWrt:~# echo 'ZYFU''QOAYPV'
ZYFUQOAYPV
root@OpenWrt:~# MARKER='JZXZ''HNBLGH' run 'netstat -tlpn | grep 0.0.0.0:22'
JZXZHNBLGHtcp        0      0 0.0.0.0:22              0.0.0.0:*               LISTEN      1970/dropbear
JZXZHNBLGH 0
root@OpenWrt:~# echo 'MBMG''JVFUZJ'
MBMGJVFUZJ
root@OpenWrt:~# MARKER='FEPW''QVVWMZ' run 'dmesg | grep br-lan | grep forwarding
'
FEPWQVVWMZ[   43.342376] br-lan: port 1(eth0) entered forwarding state
FEPWQVVWMZ 0
root@OpenWrt:~# echo 'MHEB''NLSUMO'
MHEBNLSUMO
root@OpenWrt:~# MARKER='PCFY''TPBQPF' run 'ubus call network.interface.lan statu
s '"'"'{}'"'"''
PCFYTPBQPF{
	"up": true,
	"pending": false,
	"available": true,
	"autostart": true,
	"dynamic": false,
	"uptime": 37,
	"l3_device": "br-lan",
	"proto": "static",
	"device": "br-lan",
	"updated": [
		"addresses"
	],
	"metric": 0,
	"dns_metric": 0,
	"delegation": true,
	"ipv4-address": [
		{
			"address": "192.168.1.1",
			"mask": 24
		}
	],
	"ipv6-address": [
		
	],
	"ipv6-prefix": [
		
	],
	"ipv6-prefix-assignment": [
		{
			"address": "fdb6:9cac:68a6::",
			"mask": 60,
			"local-address": {
				"address": "fdb6:9cac:68a6::1",
				"mask": 60
			}
		}
	],
	"route": [
		
	],
	"dns-server": [
		
	],
	"dns-search": [
		
	],
	"neighbors": [
		
	],
	"inactive": {
		"ipv4-address": [
			
		],
		"ipv6-address": [
			
		],
		"route": [
			
		],
		"dns-server": [
			
		],
		"dns-search": [
			
		],
		"neighbors": [
			
		]
	},
	"data": {
		
	}
}
PCFYTPBQPF 0
root@OpenWrt:~# echo 'XTUW''XFFZZK'
XTUWXFFZZK
root@OpenWrt:~# MARKER='YKTV''EKOCYK' run 'ip -o addr show dev br-lan'
YKTVEKOCYK4: br-lan    inet 192.168.1.1/24 brd 192.168.1.255 scope global br-lan\       valid_lft forever preferred_lft forever
4: br-lan    inet6 fdb6:9cac:68a6::1/60 scope global noprefixroute \       valid_lft forever preferred_lft forever
4: br-lan    inet6 fe80::5054:ff:fe12:3456/64 scope link \       valid_lft forever preferred_lft forever
YKTVEKOCYK 0
root@OpenWrt:~# echo 'QFNZ''SUZFCC'
QFNZSUZFCC
root@OpenWrt:~# MARKER='JYBS''QVYGGX' run 'ping -c 3 ff02::1%br-lan'
JYBSQVYGGXPING ff02::1%br-lan (ff02::1%4): 56 data bytes
64 bytes from fe80::5054:ff:fe12:3456: seq=0 ttl=64 time=4.822 ms
64 bytes from fe80::5054:ff:fe12:3456: seq=1 ttl=64 time=1.633 ms
64 bytes from fe80::5054:ff:fe12:3456: seq=2 ttl=64 time=2.189 ms

--- ff02::1%br-lan ping statistics ---
3 packets transmitted, 3 packets received, 0% packet loss
round-trip min/avg/max = 1.633/2.881/4.822 ms
JYBSQVYGGX 0
root@OpenWrt:~# echo 'KFBU''MGYFXK'
KFBUMGYFXK
root@OpenWrt:~# MARKER='ZKZM''TCMHJA' run 'ubus call network.interface.wan statu
s '"'"'{}'"'"''
ZKZMTCMHJA{
	"up": true,
	"pending": false,
	"available": true,
	"autostart": true,
	"dynamic": false,
	"uptime": 35,
	"l3_device": "eth1",
	"proto": "dhcp",
	"device": "eth1",
	"updated": [
		"addresses",
		"routes",
		"data"
	],
	"metric": 0,
	"dns_metric": 0,
	"delegation": true,
	"ipv4-address": [
		{
			"address": "10.0.2.15",
			"mask": 24
		}
	],
	"ipv6-address": [
		
	],
	"ipv6-prefix": [
		
	],
	"ipv6-prefix-assignment": [
		
	],
	"route": [
		{
			"target": "0.0.0.0",
			"mask": 0,
			"nexthop": "10.0.2.2",
			"source": "10.0.2.15/32"
		}
	],
	"dns-server": [
		"10.0.2.3"
	],
	"dns-search": [
		
	],
	"neighbors": [
		
	],
	"inactive": {
		"ipv4-address": [
			
		],
		"ipv6-address": [
			
		],
		"route": [
			
		],
		"dns-server": [
			
		],
		"dns-search": [
			
		],
		"neighbors": [
			
		]
	},
	"data": {
		"dhcpserver": "10.0.2.2",
		"leasetime": 86400
	}
}
ZKZMTCMHJA 0
root@OpenWrt:~# 