Labgrid Console Logfile for main
Logfile started at 2026-03-23 02:55:12.405871
=== Log starts here ===
c[?7l[2J[0mSeaBIOS (version 1.16.3-debian-1.16.3-2)


iPXE (https://ipxe.org) 00:03.0 CA00 PCI2.10 PnP PMM+06FCAE70+06F0AE70 CA00
Press Ctrl-B to configure iPXE (PCI 00:03.0)...                                                                               




iPXE (https://ipxe.org) 00:05.0 CB00 PCI2.10 PnP PMM 06FCAE70 06F0AE70 CB00
Press Ctrl-B to configure iPXE (PCI 00:05.0)...                                                                               


Booting from Hard Disk...
GRUB loading.....
[0;30;47mWelcome to GRUB![01;01H[0m[2J[H[J[1;1H[?25l[m[H[J[1;1H[2;30HGNU GRUB  version 2.12

[m[4;2H+----------------------------------------------------------------------------+[5;2H|[5;79H|[6;2H|[6;79H|[7;2H|[7;79H|[8;2H|[8;79H|[9;2H|[9;79H|[10;2H|[10;79H|[11;2H|[11;79H|[12;2H|[12;79H|[13;2H|[13;79H|[14;2H|[14;79H|[15;2H|[15;79H|[16;2H+----------------------------------------------------------------------------+[m[17;2H[18;2H[m     Use the ^ and v keys to select which entry is highlighted.          
      Press enter to boot the selected OS, `e' to edit the commands       
      before booting or `c' for a command-line. ESC to return             
      previous menu.                                                      [5;80H [7m[5;3H*OpenWrt                                                                    [m[5;78H[m[m[6;3H OpenWrt (failsafe)                                                         [m[6;78H[m[m[7;3H                                                                            [m[7;78H[m[m[8;3H                                                                            [m[8;78H[m[m[9;3H                                                                            [m[9;78H[m[m[10;3H                                                                            [m[10;78H[m[m[11;3H                                                                            [m[11;78H[m[m[12;3H                                                                            [m[12;78H[m[m[13;3H                                                                            [m[13;78H[m[m[14;3H                                                                            [m[14;78H[m[m[15;3H                                                                            [m[15;78H[m[15;80H [5;78H[2J[02;30HGNU GRUB  version 2.12[04;02H┌──────────────────────────────────────────────────[04;52H[04;53H──────────────────────────┐[05;02H│[05;79H│[06;02H│[06;79H│[07;02H│[07;79H│[08;02H│[08;79H│[09;02H│[09;79H│[10;02H│[10;79H│[11;02H│[11;79H│[12;02H│[12;79H│[13;02H│[13;79H│[14;02H│[14;79H│[15;02H│[15;79H│[16;02H│[16;79H│[17;02H└────────────────────────────────────────────────────────────────────────────┘[19;02H     Use the ↑ and[19;19H[19;20H ↓ keys to select which entry is highlighted.          
      Press enter to boot the selected OS, `e' to edit the commands       
      before booting or `c' for a command-line. ESC to return             
      previous menu.                                                      [05;80H [05;03H[0;30;47m*OpenWrt                                                                    [06;03H[0m OpenWrt (failsafe)                                                         [07;03H                                                                            [08;03H                                                                            [09;03H                                                                      [09;72H[09;73H      [10;03H                                                                            [11;03H                                                                            [12;03H                                                                            [13;03H                                                                            [14;03H                                                                            [15;03H                                                                            [16;03H                     [16;23H[16;24H                                                       [16;80H 






   The highlighted entry will be executed automatically in 5s.                [22;1H   The highlighted entry will be executed automatically in 5s.                 [5;78H [05;78H

















   The highlighted entry will be executed automatically in 4s.                [22;1H   The highlighted entry will be executed automatically in 4s.                 [5;78H [05;78H

















   The highlighted entry will be exec[23;37H[23;38Huted automatically in 3s.                [22;1H   The highlighted entry will be executed automatically in 3s.                 [5;78H [05;78H

















   [23;03H[23;04HThe highlighted entry will be executed automatically in 2s.                [22;1H   The highlighted entry will be executed automatically in 2s.                 [5;78H [05;78H

















   The highlighted entry will be executed automatically in 1s.                [22;1H   The highlighted entry will be executed automatically in 1s.                 [5;78H [05;78H

















   The highlighted entry will be executed automatically in 0s.                [22;1H   The highlighted entry will be executed automatically in 0s.                 [5;78H [01;01H[2J[?25h[H[J[1;1H[H[J[1;1H[2J   Booting `OpenWrt' Booting `OpenWrt

'

[    0.000000] Linux version 6.6.127 (builder@buildhost) (x86_64-openwrt-linux-musl-gcc (OpenWrt GCC 13.3.0 r29143-214a657cfa) 13.3.0, GNU ld (GNU Binutils) 2.42) #0 SMP Tue Mar 17 22:48:43 2026
[    0.000000] Command line: BOOT_IMAGE=/boot/vmlinuz root=PARTUUID=b07fe921-02 rootwait console=tty1 console=ttyS0,115200n8 noinitrd
[    0.000000] BIOS-provided physical RAM map:
[    0.000000] BIOS-e820: [mem 0x0000000000000000-0x000000000009fbff] usable
[    0.000000] BIOS-e820: [mem 0x000000000009fc00-0x000000000009ffff] reserved
[    0.000000] BIOS-e820: [mem 0x00000000000f0000-0x00000000000fffff] reserved
[    0.000000] BIOS-e820: [mem 0x0000000000100000-0x0000000007fdcfff] usable
[    0.000000] BIOS-e820: [mem 0x0000000007fdd000-0x0000000007ffffff] reserved
[    0.000000] BIOS-e820: [mem 0x00000000fffc0000-0x00000000ffffffff] reserved
[    0.000000] BIOS-e820: [mem 0x000000fd00000000-0x000000ffffffffff] reserved
[    0.000000] NX (Execute Disable) protection: active
[    0.000000] APIC: Static calls initialized
[    0.000000] SMBIOS 3.0.0 present.
[    0.000000] DMI: QEMU Standard PC (i440FX + PIIX, 1996), BIOS 1.16.3-debian-1.16.3-2 04/01/2014
[    0.000000] tsc: Fast TSC calibration using PIT
[    0.000000] tsc: Detected 2445.384 MHz processor
[    0.008914] last_pfn = 0x7fdd max_arch_pfn = 0x400000000
[    0.009535] MTRR map: 4 entries (3 fixed + 1 variable; max 19), built from 8 variable MTRRs
[    0.009716] x86/PAT: Configuration [0-7]: WB  WC  UC- UC  WB  WP  UC- WT  
[    0.029846] found SMP MP-table at [mem 0x000f5460-0x000f546f]
[    0.031254] Using GB pages for direct mapping
[    0.035031] ACPI: Early table checksum verification disabled
[    0.035350] ACPI: RSDP 0x00000000000F5290 000014 (v00 BOCHS )
[    0.035639] ACPI: RSDT 0x0000000007FE1C64 000034 (v01 BOCHS  BXPC     00000001 BXPC 00000001)
[    0.036158] ACPI: FACP 0x0000000007FE1B18 000074 (v01 BOCHS  BXPC     00000001 BXPC 00000001)
[    0.036752] ACPI: DSDT 0x0000000007FE0040 001AD8 (v01 BOCHS  BXPC     00000001 BXPC 00000001)
[    0.036847] ACPI: FACS 0x0000000007FE0000 000040
[    0.036900] ACPI: APIC 0x0000000007FE1B8C 000078 (v03 BOCHS  BXPC     00000001 BXPC 00000001)
[    0.036926] ACPI: HPET 0x0000000007FE1C04 000038 (v01 BOCHS  BXPC     00000001 BXPC 00000001)
[    0.036950] ACPI: WAET 0x0000000007FE1C3C 000028 (v01 BOCHS  BXPC     00000001 BXPC 00000001)
[    0.037050] ACPI: Reserving FACP table memory at [mem 0x7fe1b18-0x7fe1b8b]
[    0.037096] ACPI: Reserving DSDT table memory at [mem 0x7fe0040-0x7fe1b17]
[    0.037104] ACPI: Reserving FACS table memory at [mem 0x7fe0000-0x7fe003f]
[    0.037110] ACPI: Reserving APIC table memory at [mem 0x7fe1b8c-0x7fe1c03]
[    0.037116] ACPI: Reserving HPET table memory at [mem 0x7fe1c04-0x7fe1c3b]
[    0.037121] ACPI: Reserving WAET table memory at [mem 0x7fe1c3c-0x7fe1c63]
[    0.040170] Zone ranges:
[    0.040204]   DMA      [mem 0x0000000000001000-0x0000000000ffffff]
[    0.040278]   DMA32    [mem 0x0000000001000000-0x0000000007fdcfff]
[    0.040290]   Normal   empty
[    0.040313] Movable zone start for each node
[    0.040341] Early memory node ranges
[    0.040371]   node   0: [mem 0x0000000000001000-0x000000000009efff]
[    0.040416]   node   0: [mem 0x0000000000100000-0x0000000007fdcfff]
[    0.040525] Initmem setup node 0 [mem 0x0000000000001000-0x0000000007fdcfff]
[    0.041356] On node 0, zone DMA: 1 pages in unavailable ranges
[    0.041695] On node 0, zone DMA: 97 pages in unavailable ranges
[    0.042718] On node 0, zone DMA32: 35 pages in unavailable ranges
[    0.043038] ACPI: PM-Timer IO Port: 0x608
[    0.043399] ACPI: LAPIC_NMI (acpi_id[0xff] dfl dfl lint[0x1])
[    0.043915] IOAPIC[0]: apic_id 0, version 32, address 0xfec00000, GSI 0-23
[    0.044043] ACPI: INT_SRC_OVR (bus 0 bus_irq 0 global_irq 2 dfl dfl)
[    0.044302] ACPI: INT_SRC_OVR (bus 0 bus_irq 5 global_irq 5 high level)
[    0.044355] ACPI: INT_SRC_OVR (bus 0 bus_irq 9 global_irq 9 high level)
[    0.044441] ACPI: INT_SRC_OVR (bus 0 bus_irq 10 global_irq 10 high level)
[    0.044451] ACPI: INT_SRC_OVR (bus 0 bus_irq 11 global_irq 11 high level)
[    0.044639] ACPI: Using ACPI (MADT) for SMP configuration information
[    0.044682] ACPI: HPET id: 0x8086a201 base: 0xfed00000
[    0.044979] smpboot: Allowing 1 CPUs, 0 hotplug CPUs
[    0.046038] [mem 0x08000000-0xfffbffff] available for PCI devices
[    0.046087] Booting paravirtualized kernel on bare hardware
[    0.046373] clocksource: refined-jiffies: mask: 0xffffffff max_cycles: 0xffffffff, max_idle_ns: 19112604462750000 ns
[    0.046989] setup_percpu: NR_CPUS:512 nr_cpumask_bits:1 nr_cpu_ids:1 nr_node_ids:1
[    0.048557] percpu: Embedded 48 pages/cpu s158248 r8192 d30168 u2097152
[    0.050758] Kernel command line: BOOT_IMAGE=/boot/vmlinuz root=PARTUUID=b07fe921-02 rootwait console=tty1 console=ttyS0,115200n8 noinitrd
[    0.052375] random: crng init done
[    0.057147] Dentry cache hash table entries: 16384 (order: 5, 131072 bytes, linear)
[    0.058092] Inode-cache hash table entries: 8192 (order: 4, 65536 bytes, linear)
[    0.060715] Built 1 zonelists, mobility grouping on.  Total pages: 31965
[    0.060942] mem auto-init: stack:off, heap alloc:off, heap free:off
[    0.064442] Memory: 102576K/130540K available (14336K kernel code, 1169K rwdata, 2296K rodata, 2452K init, 2408K bss, 27708K reserved, 0K cma-reserved)
[    0.070395] SLUB: HWalign=64, Order=0-3, MinObjects=0, CPUs=1, Nodes=1
[    0.077701] rcu: Hierarchical RCU implementation.
[    0.077731] rcu: 	RCU restricting CPUs from NR_CPUS=512 to nr_cpu_ids=1.
[    0.077845] 	Tracing variant of Tasks RCU enabled.
[    0.077928] rcu: RCU calculated value of scheduler-enlistment delay is 10 jiffies.
[    0.077970] rcu: Adjusting geometry for rcu_fanout_leaf=16, nr_cpu_ids=1
[    0.079124] NR_IRQS: 33024, nr_irqs: 256, preallocated irqs: 16
[    0.087804] rcu: srcu_init: Setting srcu_struct sizes based on contention.
[    0.094518] Console: colour VGA+ 80x25
[    0.094818] printk: console [tty1] enabled
[    0.102908] printk: console [ttyS0] enabled
[    0.334484] ACPI: Core revision 20230628
[    0.349550] clocksource: hpet: mask: 0xffffffff max_cycles: 0xffffffff, max_idle_ns: 19112604467 ns
[    0.354616] APIC: Switch to symmetric I/O mode setup
[    0.359129] ..TIMER: vector=0x30 apic1=0 pin1=2 apic2=-1 pin2=-1
[    0.401470] clocksource: tsc-early: mask: 0xffffffffffffffff max_cycles: 0x233faffd279, max_idle_ns: 440795293176 ns
[    0.402153] Calibrating delay loop (skipped), value calculated using timer frequency.. 4890.76 BogoMIPS (lpj=24453840)
[    0.403822] x86/cpu: User Mode Instruction Prevention (UMIP) activated
[    0.418627] Last level iTLB entries: 4KB 0, 2MB 0, 4MB 0
[    0.419021] Last level dTLB entries: 4KB 0, 2MB 0, 4MB 0, 1GB 0
[    0.419480] Spectre V1 : Mitigation: usercopy/swapgs barriers and __user pointer sanitization
[    0.422734] Spectre V2 : Mitigation: Retpolines
[    0.423696] Spectre V2 : Spectre v2 / SpectreRSB: Filling RSB on context switch and VMEXIT
[    0.424284] Speculative Store Bypass: Vulnerable
[    0.426779] x86/fpu: Supporting XSAVE feature 0x001: 'x87 floating point registers'
[    0.431231] x86/fpu: Supporting XSAVE feature 0x002: 'SSE registers'
[    0.433336] x86/fpu: Supporting XSAVE feature 0x004: 'AVX registers'
[    0.433622] x86/fpu: Supporting XSAVE feature 0x008: 'MPX bounds registers'
[    0.433903] x86/fpu: Supporting XSAVE feature 0x010: 'MPX CSR'
[    0.442437] x86/fpu: xstate_offset[2]:  576, xstate_sizes[2]:  256
[    0.442878] x86/fpu: xstate_offset[3]:  960, xstate_sizes[3]:   64
[    0.443128] x86/fpu: xstate_offset[4]: 1024, xstate_sizes[4]:   64
[    0.443432] x86/fpu: Enabled xstate features 0x1f, context size is 1088 bytes, using 'standard' format.
[    0.691650] Freeing SMP alternatives memory: 40K
[    0.692980] pid_max: default: 32768 minimum: 301
[    0.702249] Mount-cache hash table entries: 512 (order: 0, 4096 bytes, linear)
[    0.702666] Mountpoint-cache hash table entries: 512 (order: 0, 4096 bytes, linear)
[    0.851378] smpboot: CPU0: AMD QEMU TCG CPU version 2.5+ (family: 0x6, model: 0x6, stepping: 0x3)
[    0.852065] RCU Tasks Trace: Setting shift to 0 and lim to 1 rcu_task_cb_adjust=1 rcu_task_cpu_ids=1.
[    0.852582] Performance Events: PMU not available due to virtualization, using software events only.
[    0.854240] signal: max sigframe size: 1616
[    0.855786] rcu: Hierarchical SRCU implementation.
[    0.856035] rcu: 	Max phase no-delay instances is 1000.
[    0.859101] smp: Bringing up secondary CPUs ...
[    0.865166] smp: Brought up 1 node, 1 CPU
[    0.865403] smpboot: Max logical packages: 1
[    0.865678] smpboot: Total of 1 processors activated (4890.76 BogoMIPS)
[    0.883774] clocksource: jiffies: mask: 0xffffffff max_cycles: 0xffffffff, max_idle_ns: 19112604462750000 ns
[    0.884656] futex hash table entries: 256 (order: 2, 16384 bytes, linear)
[    0.885758] pinctrl core: initialized pinctrl subsystem
[    0.908362] NET: Registered PF_NETLINK/PF_ROUTE protocol family
[    0.915459] thermal_sys: Registered thermal governor 'step_wise'
[    0.915492] thermal_sys: Registered thermal governor 'user_space'
[    0.916334] cpuidle: using governor ladder
[    0.916892] cpuidle: using governor menu
[    0.920399] acpiphp: ACPI Hot Plug PCI Controller Driver version: 0.5
[    0.923213] PCI: Using configuration type 1 for base access
[    0.932267] cryptd: max_cpu_qlen set to 1000
[    0.937067] ACPI: Added _OSI(Module Device)
[    0.937276] ACPI: Added _OSI(Processor Device)
[    0.937467] ACPI: Added _OSI(Processor Aggregator Device)
[    0.952714] ACPI: 1 ACPI AML tables successfully acquired and loaded
[    0.966609] ACPI: _OSC evaluation for CPUs failed, trying _PDC
[    0.968770] ACPI: Interpreter enabled
[    0.969487] ACPI: PM: (supports S0 S5)
[    0.969728] ACPI: Using IOAPIC for interrupt routing
[    0.970327] PCI: Using host bridge windows from ACPI; if necessary, use "pci=nocrs" and report a bug
[    0.972429] PCI: Using E820 reservations for host bridge windows
[    0.974236] ACPI: Enabled 2 GPEs in block 00 to 0F
[    1.010240] ACPI: PCI Root Bridge [PCI0] (domain 0000 [bus 00-ff])
[    1.011150] acpi PNP0A03:00: _OSC: OS supports [ASPM ClockPM Segments MSI HPX-Type3]
[    1.011655] acpi PNP0A03:00: _OSC: not requesting OS control; OS requires [ExtendedConfig ASPM ClockPM MSI]
[    1.012591] acpi PNP0A03:00: fail to add MMCONFIG information, can't access extended configuration space under this bridge
[    1.026112] acpiphp: Slot [3] registered
[    1.026578] acpiphp: Slot [4] registered
[    1.026877] acpiphp: Slot [5] registered
[    1.027152] acpiphp: Slot [6] registered
[    1.032065] acpiphp: Slot [7] registered
[    1.032065] acpiphp: Slot [8] registered
[    1.032186] acpiphp: Slot [9] registered
[    1.032451] acpiphp: Slot [10] registered
[    1.032714] acpiphp: Slot [11] registered
[    1.032983] acpiphp: Slot [12] registered
[    1.043895] acpiphp: Slot [13] registered
[    1.044207] acpiphp: Slot [14] registered
[    1.044476] acpiphp: Slot [15] registered
[    1.044735] acpiphp: Slot [16] registered
[    1.045012] acpiphp: Slot [17] registered
[    1.045277] acpiphp: Slot [18] registered
[    1.052414] acpiphp: Slot [19] registered
[    1.052856] acpiphp: Slot [20] registered
[    1.053211] acpiphp: Slot [21] registered
[    1.053480] acpiphp: Slot [22] registered
[    1.053747] acpiphp: Slot [23] registered
[    1.054057] acpiphp: Slot [24] registered
[    1.054326] acpiphp: Slot [25] registered
[    1.062409] acpiphp: Slot [26] registered
[    1.062868] acpiphp: Slot [27] registered
[    1.063153] acpiphp: Slot [28] registered
[    1.063421] acpiphp: Slot [29] registered
[    1.063727] acpiphp: Slot [30] registered
[    1.063996] acpiphp: Slot [31] registered
[    1.072622] PCI host bridge to bus 0000:00
[    1.073050] pci_bus 0000:00: root bus resource [io  0x0000-0x0cf7 window]
[    1.073476] pci_bus 0000:00: root bus resource [io  0x0d00-0xffff window]
[    1.073743] pci_bus 0000:00: root bus resource [mem 0x000a0000-0x000bffff window]
[    1.082288] pci_bus 0000:00: root bus resource [mem 0x08000000-0xfebfffff window]
[    1.082721] pci_bus 0000:00: root bus resource [mem 0x100000000-0x17fffffff window]
[    1.083241] pci_bus 0000:00: root bus resource [bus 00-ff]
[    1.084705] pci 0000:00:00.0: [8086:1237] type 00 class 0x060000
[    1.103437] pci 0000:00:01.0: [8086:7000] type 00 class 0x060100
[    1.104298] pci 0000:00:01.1: [8086:7010] type 00 class 0x010180
[    1.107196] pci 0000:00:01.1: reg 0x20: [io  0xc0e0-0xc0ef]
[    1.108506] pci 0000:00:01.1: legacy IDE quirk: reg 0x10: [io  0x01f0-0x01f7]
[    1.110103] pci 0000:00:01.1: legacy IDE quirk: reg 0x14: [io  0x03f6]
[    1.110499] pci 0000:00:01.1: legacy IDE quirk: reg 0x18: [io  0x0170-0x0177]
[    1.110845] pci 0000:00:01.1: legacy IDE quirk: reg 0x1c: [io  0x0376]
[    1.113120] pci 0000:00:01.3: [8086:7113] type 00 class 0x068000
[    1.122476] pci 0000:00:01.3: quirk: [io  0x0600-0x063f] claimed by PIIX4 ACPI
[    1.122840] pci 0000:00:01.3: quirk: [io  0x0700-0x070f] claimed by PIIX4 SMB
[    1.123642] pci 0000:00:02.0: [1234:1111] type 00 class 0x030000
[    1.132344] pci 0000:00:02.0: reg 0x10: [mem 0xfd000000-0xfdffffff pref]
[    1.133943] pci 0000:00:02.0: reg 0x18: [mem 0xfeb90000-0xfeb90fff]
[    1.136692] pci 0000:00:02.0: reg 0x30: [mem 0xfeb80000-0xfeb8ffff pref]
[    1.137228] pci 0000:00:02.0: Video device with shadowed ROM at [mem 0x000c0000-0x000dffff]
[    1.143050] pci 0000:00:03.0: [1af4:1000] type 00 class 0x020000
[    1.144030] pci 0000:00:03.0: reg 0x10: [io  0xc080-0xc09f]
[    1.146760] pci 0000:00:03.0: reg 0x20: [mem 0xfe000000-0xfe003fff 64bit pref]
[    1.152861] pci 0000:00:03.0: reg 0x30: [mem 0xfea80000-0xfeafffff pref]
[    1.158120] pci 0000:00:04.0: [1af4:1005] type 00 class 0x00ff00
[    1.159575] pci 0000:00:04.0: reg 0x10: [io  0xc0a0-0xc0bf]
[    1.162082] pci 0000:00:04.0: reg 0x14: [mem 0xfeb91000-0xfeb91fff]
[    1.167738] pci 0000:00:04.0: reg 0x20: [mem 0xfe004000-0xfe007fff 64bit pref]
[    1.173558] pci 0000:00:05.0: [1af4:1000] type 00 class 0x020000
[    1.174556] pci 0000:00:05.0: reg 0x10: [io  0xc0c0-0xc0df]
[    1.175294] pci 0000:00:05.0: reg 0x14: [mem 0xfeb92000-0xfeb92fff]
[    1.179779] pci 0000:00:05.0: reg 0x20: [mem 0xfe008000-0xfe00bfff 64bit pref]
[    1.180796] pci 0000:00:05.0: reg 0x30: [mem 0xfeb00000-0xfeb7ffff pref]
[    1.185242] pci 0000:00:06.0: [1af4:1001] type 00 class 0x010000
[    1.186504] pci 0000:00:06.0: reg 0x10: [io  0xc000-0xc07f]
[    1.190115] pci 0000:00:06.0: reg 0x14: [mem 0xfeb93000-0xfeb93fff]
[    1.191708] pci 0000:00:06.0: reg 0x20: [mem 0xfe00c000-0xfe00ffff 64bit pref]
[    1.200154] ACPI: PCI: Interrupt link LNKA configured for IRQ 10
[    1.201298] ACPI: PCI: Interrupt link LNKB configured for IRQ 10
[    1.202109] ACPI: PCI: Interrupt link LNKC configured for IRQ 11
[    1.202834] ACPI: PCI: Interrupt link LNKD configured for IRQ 11
[    1.203281] ACPI: PCI: Interrupt link LNKS configured for IRQ 9
[    1.215893] iommu: Default domain type: Translated
[    1.216130] iommu: DMA domain TLB invalidation policy: lazy mode
[    1.218379] SCSI subsystem initialized
[    1.220135] ACPI: bus type USB registered
[    1.220666] usbcore: registered new interface driver usbfs
[    1.222633] usbcore: registered new interface driver hub
[    1.223069] usbcore: registered new device driver usb
[    1.223708] pps_core: LinuxPPS API ver. 1 registered
[    1.223932] pps_core: Software ver. 5.3.6 - Copyright 2005-2007 Rodolfo Giometti <giometti@linux.it>
[    1.232423] PTP clock support registered
[    1.246634] PCI: Using ACPI for IRQ routing
[    1.249621] hpet0: at MMIO 0xfed00000, IRQs 2, 8, 0
[    1.249949] hpet0: 3 comparators, 64-bit 100.000000 MHz counter
[    1.255831] clocksource: Switched to clocksource tsc-early
[    1.258446] pnp: PnP ACPI init
[    1.260811] pnp: PnP ACPI: found 6 devices
[    1.274439] clocksource: acpi_pm: mask: 0xffffff max_cycles: 0xffffff, max_idle_ns: 2085701024 ns
[    1.275421] NET: Registered PF_INET protocol family
[    1.276559] IP idents hash table entries: 2048 (order: 2, 16384 bytes, linear)
[    1.281954] tcp_listen_portaddr_hash hash table entries: 256 (order: 0, 4096 bytes, linear)
[    1.285615] Table-perturb hash table entries: 65536 (order: 6, 262144 bytes, linear)
[    1.285997] TCP established hash table entries: 1024 (order: 1, 8192 bytes, linear)
[    1.286511] TCP bind hash table entries: 1024 (order: 3, 32768 bytes, linear)
[    1.296355] TCP: Hash tables configured (established 1024 bind 1024)
[    1.298207] MPTCP token hash table entries: 256 (order: 1, 6144 bytes, linear)
[    1.298828] UDP hash table entries: 256 (order: 1, 8192 bytes, linear)
[    1.299339] UDP-Lite hash table entries: 256 (order: 1, 8192 bytes, linear)
[    1.308438] NET: Registered PF_UNIX/PF_LOCAL protocol family
[    1.309660] pci_bus 0000:00: resource 4 [io  0x0000-0x0cf7 window]
[    1.309921] pci_bus 0000:00: resource 5 [io  0x0d00-0xffff window]
[    1.310166] pci_bus 0000:00: resource 6 [mem 0x000a0000-0x000bffff window]
[    1.318058] pci_bus 0000:00: resource 7 [mem 0x08000000-0xfebfffff window]
[    1.318485] pci_bus 0000:00: resource 8 [mem 0x100000000-0x17fffffff window]
[    1.319254] pci 0000:00:01.0: PIIX3: Enabling Passive Release
[    1.319616] pci 0000:00:00.0: Limiting direct PCI/PCI transfers
[    1.329198] PCI: CLS 0 bytes, default 64
[    1.359961] workingset: timestamp_bits=46 max_order=15 bucket_order=0
[    1.361991] squashfs: version 4.0 (2009/01/31) Phillip Lougher
[    1.364652] Block layer SCSI generic (bsg) driver version 0.4 loaded (major 247)
[    1.368258] hv_vmbus: registering driver hyperv_fb
[    1.373995] input: Power Button as /devices/LNXSYSTM:00/LNXPWRBN:00/input/input0
[    1.387782] ACPI: button: Power Button [PWRF]
[    1.580674] ACPI: \_SB_.LNKC: Enabled at IRQ 11
[    1.766095] ACPI: \_SB_.LNKD: Enabled at IRQ 10
[    1.950843] ACPI: \_SB_.LNKA: Enabled at IRQ 10
[    2.134648] ACPI: \_SB_.LNKB: Enabled at IRQ 11
[    2.136680] Serial: 8250/16550 driver, 16 ports, IRQ sharing enabled
[    2.161915] 00:04: ttyS0 at I/O 0x3f8 (irq = 4, base_baud = 115200) is a 16550A
[    2.207516] Non-volatile memory driver v1.3
[    2.219151] Linux agpgart interface v0.103
[    2.220015] AMD-Vi: AMD IOMMUv2 functionality not available on this system - This is not a bug.
[    2.220675] ACPI: bus type drm_connector registered
[    2.223017] [drm] Found bochs VGA, ID 0xb0c5.
[    2.223240] [drm] Framebuffer size 16384 kB @ 0xfd000000, mmio @ 0xfeb90000.
[    2.240084] [drm] Found EDID data blob.
[    2.245821] [drm] Initialized bochs-drm 1.0.0 20130925 for 0000:00:02.0 on minor 0
[    2.315044] Console: switching to colour frame buffer device 160x50
[    2.324252] bochs-drm 0000:00:02.0: [drm] fb0: bochs-drmdrmfb frame buffer device
[    2.344137] tsc: Refined TSC clocksource calibration: 2445.401 MHz
[    2.344846] clocksource: tsc: mask: 0xffffffffffffffff max_cycles: 0x233fc010e2f, max_idle_ns: 440795256756 ns
[    2.345458] clocksource: Switched to clocksource tsc
[    2.367546] loop: module loaded
[    2.368302] virtio_blk virtio3: 1/0/0 default/read/poll queues
[    2.373736] virtio_blk virtio3: [vda] 246784 512-byte logical blocks (126 MB/121 MiB)
[    2.382797]  vda: vda1 vda2
[    2.386264] Guest personality initialized and is inactive
[    2.386871] VMCI host device registered (name=vmci, major=10, minor=256)
[    2.387181] Initialized host personality
[    2.388229] VMware PVSCSI driver - version 1.0.7.0-k
[    2.388613] hv_vmbus: registering driver hv_storvsc
[    2.416051] scsi host0: ata_piix
[    2.419087] scsi host1: ata_piix
[    2.420132] ata1: PATA max MWDMA2 cmd 0x1f0 ctl 0x3f6 bmdma 0xc0e0 irq 14
[    2.420492] ata2: PATA max MWDMA2 cmd 0x170 ctl 0x376 bmdma 0xc0e8 irq 15
[    2.430797] VMware vmxnet3 virtual NIC driver - version 1.7.0.0-k-NAPI
[    2.431407] hv_vmbus: registering driver hv_netvsc
[    2.431799] Fusion MPT base driver 3.04.20
[    2.431976] Copyright (c) 1999-2008 LSI Corporation
[    2.432374] Fusion MPT SPI Host driver 3.04.20
[    2.441760] Fusion MPT SAS Host driver 3.04.20
[    2.444108] usbcore: registered new interface driver usb-storage
[    2.445421] i8042: PNP: PS/2 Controller [PNP0303:KBD,PNP0f13:MOU] at 0x60,0x64 irq 1,12
[    2.451476] serio: i8042 KBD port at 0x60,0x64 irq 1
[    2.454180] serio: i8042 AUX port at 0x60,0x64 irq 12
[    2.456394] hv_vmbus: registering driver hyperv_keyboard
[    2.458847] rtc_cmos 00:05: RTC can wake from S4
[    2.464170] rtc_cmos 00:05: registered as rtc0
[    2.466862] rtc_cmos 00:05: setting system clock to 2026-03-23T02:55:23 UTC (1774234523)
[    2.469377] rtc_cmos 00:05: alarms up to one day, y3k, 242 bytes nvram, hpet irqs
[    2.472353] amd_pstate: the _CPC object is not present in SBIOS or ACPI disabled
[    2.474860] sdhci: Secure Digital Host Controller Interface driver
[    2.479803] sdhci: Copyright(c) Pierre Ossman
[    2.490253] input: AT Translated Set 2 keyboard as /devices/platform/i8042/serio0/input/input1
[    2.522042] hid: raw HID events driver (C) Jiri Kosina
[    2.524804] hv_vmbus: registering driver hid_hyperv
[    2.527609] usbcore: registered new interface driver usbhid
[    2.529744] usbhid: USB HID core driver
[    2.531976] hv_utils: Registering HyperV Utility Driver
[    2.534751] hv_vmbus: registering driver hv_utils
[    2.536821] hv_vmbus: registering driver hv_balloon
[    2.540190] NET: Registered PF_INET6 protocol family
[    2.556727] Segment Routing with IPv6
[    2.558929] In-situ OAM (IOAM) with IPv6
[    2.561406] NET: Registered PF_PACKET protocol family
[    2.564092] bridge: filtering via arp/ip/ip6tables is no longer available by default. Update your scripts to load br_netfilter if you need this.
[    2.573280] 8021q: 802.1Q VLAN Support v1.8
[    2.576064] NET: Registered PF_VSOCK protocol family
[    2.585672] IPI shorthand broadcast: enabled
[    2.587888] AVX2 version of gcm_enc/dec engaged.
[    2.594663] AES CTR mode by8 optimization enabled
[    2.615070] sched_clock: Marking stable (2360080487, 253760430)->(2695580018, -81739101)
[    2.664397] ata2: found unknown device (class 0)
[    2.771008] ata2.00: ATAPI: QEMU DVD-ROM, 2.5+, max UDMA/100
[    2.779300] clk: Disabling unused clocks
[    2.800920] scsi 1:0:0:0: CD-ROM            QEMU     QEMU DVD-ROM     2.5+ PQ: 0 ANSI: 5
[    2.865618] sr 1:0:0:0: [sr0] scsi3-mmc drive: 4x/4x cd/rw xa/form2 tray
[    2.868064] cdrom: Uniform CD-ROM driver Revision: 3.20
[    2.914193] VFS: Mounted root (squashfs filesystem) readonly on device 254:2.
[    2.983247] Freeing unused kernel image (initmem) memory: 2452K
[    2.985872] Write protecting the kernel read-only data: 18432k
[    2.990384] Freeing unused kernel image (rodata/data gap) memory: 1800K
[    2.992884] Run /sbin/init as init process
[    3.249787] init: Console is alive
[    3.853556] kmodloader: loading kernel modules from /etc/modules-boot.d/*
[    3.912155] button_hotplug: loading out-of-tree module taints kernel.
[    3.919615] Button Hotplug driver version 0.4.1
[    3.941578] Intel(R) 2.5G Ethernet Linux Driver
[    3.943994] Copyright(c) 2018 Intel Corporation.
[    3.961463] igb: Intel(R) Gigabit Ethernet Network Driver
[    3.963930] igb: Copyright (c) 2007-2014 Intel Corporation.
[    3.979442] kmodloader: done loading kernel modules from /etc/modules-boot.d/*
[    3.991173] init: - preinit -
[    4.894122] 8021q: adding VLAN 0 to HW filter on device eth0
Press the [f] key and hit [enter] to enter failsafe mode
Press the [1], [2], [3] or [4] key and hit [enter] to select the debug level
[    9.555784] loop0: detected capacity change from 0 to 212992
[    9.604125] loop0: detected capacity change from 212992 to 201216
[    9.617008] mount_root: overlay filesystem in /dev/loop0 has not been formatted yet
[    9.962105] EXT4-fs (loop0): mounted filesystem fb2ba734-3bc9-4034-9bd2-6722b0a3d93c r/w with ordered data mode. Quota mode: disabled.
[    9.975652] mount_root: overlay filesystem has not been fully initialized yet
[    9.993262] mount_root: switching to ext4 overlay
[   10.014727] overlayfs: null uuid detected in lower fs '/', falling back to xino=off,index=off,nfs_export=off.
[   10.731206] EXT4-fs (vda1): mounted filesystem 84173db5-fa99-e35a-95c6-28613cc79ea9 r/w without journal. Quota mode: disabled.
[   10.754660] urandom-seed: Seed file not found (/etc/urandom.seed)
[   10.896709] procd: - early -
[   11.681495] procd: - ubus -
[   11.871222] procd: - init -
Please press Enter to activate this console.
root
login[999]: root login on 'ttyS0'


BusyBox v1.36.1 (2026-03-17 22:48:43 UTC) built-in shell (ash)

  _______                     ________        __
 |       |.-----.-----.-----.|  |  |  |.----.|  |_
 |   -   ||  _  |  -__|     ||  |  |  ||   _||   _|
 |_______||   __|_____|__|__||________||__|  |____|
          |__| W I R E L E S S   F R E E D O M
 -----------------------------------------------------
 OpenWrt 24.10-SNAPSHOT, r29143-214a657cfa
 -----------------------------------------------------
=== WARNING! =====================================
There is no root password defined on this device!
Use the "passwd" command to set up a new password
in order to prevent unauthorized SSH logins.
--------------------------------------------------
root@(none):~# dmesg -n 1
root@(none):~# echo 'NSVS''BYMGLN'
NSVSBYMGLN
root@(none):~# run() { echo -n "$MARKER"; sh -c "$@"; echo "$MARKER $?"; }
root@(none):~# echo 'CCAC''BWPNNP'
CCACBWPNNP
root@(none):~# MARKER='EENU''PZTTQL' run true
EENUPZTTQLEENUPZTTQL 0
root@(none):~# echo 'MGCV''FFXETU'
MGCVFFXETU
root@(none):~# MARKER='YKJX''XBUBGY' run 'source /etc/os-release; echo $BUILD_ID
'
YKJXXBUBGYr29143-214a657cfa
YKJXXBUBGY 0
root@(none):~# echo 'OVEP''PQOJHG'
OVEPPQOJHG
root@(none):~# MARKER='AQEN''WWFYFA' run 'ls /etc/dropbear/dropbear_rsa_host_key
'
AQENWWFYFAls: /etc/dropbear/dropbear_rsa_host_key: No such file or directory
AQENWWFYFA 1
root@(none):~# echo 'FVFW''NVWHOU'
FVFWNVWHOU
root@(none):~# MARKER='FZJS''NJSNUS' run 'ls /etc/dropbear/dropbear_rsa_host_key
'
FZJSNJSNUSls: /etc/dropbear/dropbear_rsa_host_key: No such file or directory
FZJSNJSNUS 1
root@(none):~# echo 'WCZC''UUZFWJ'
WCZCUUZFWJ
root@(none):~# MARKER='EQJK''QSFYGN' run 'ls /etc/dropbear/dropbear_rsa_host_key
'
EQJKQSFYGNls: /etc/dropbear/dropbear_rsa_host_key: No such file or directory
EQJKQSFYGN 1
root@(none):~# echo 'XQJM''VUNSNE'
XQJMVUNSNE
root@(none):~# MARKER='XLOO''HHWHKZ' run 'ls /etc/dropbear/dropbear_rsa_host_key
'
XLOOHHWHKZls: /etc/dropbear/dropbear_rsa_host_key: No such file or directory
XLOOHHWHKZ 1
root@(none):~# echo 'ZHUA''CPJLXY'
ZHUACPJLXY
root@(none):~# MARKER='QOJF''FSSWBG' run 'ls /etc/dropbear/dropbear_rsa_host_key
'
QOJFFSSWBGls: /etc/dropbear/dropbear_rsa_host_key: No such file or directory
QOJFFSSWBG 1
root@(none):~# echo 'HSMA''ONCSKU'
HSMAONCSKU
root@(none):~# MARKER='YWPM''SUENNQ' run 'ls /etc/dropbear/dropbear_rsa_host_key
'
YWPMSUENNQls: /etc/dropbear/dropbear_rsa_host_key: No such file or directory
YWPMSUENNQ 1
root@(none):~# echo 'HCZQ''ONLKUB'
HCZQONLKUB
root@(none):~# MARKER='NWBW''CZSJSA' run 'ls /etc/dropbear/dropbear_rsa_host_key
'
NWBWCZSJSAls: /etc/dropbear/dropbear_rsa_host_key: No such file or directory
NWBWCZSJSA 1
root@(none):~# echo 'TFOB''ZSNSJT'
TFOBZSNSJT
root@OpenWrt:~# MARKER='PXFK''TTKPOJ' run 'ls /etc/dropbear/dropbear_rsa_host_ke
y'
PXFKTTKPOJls: /etc/dropbear/dropbear_rsa_host_key: No such file or directory
PXFKTTKPOJ 1
root@OpenWrt:~# echo 'SKYJ''ZHHJCZ'
SKYJZHHJCZ
root@OpenWrt:~# MARKER='SOVK''XBYWNK' run 'ls /etc/dropbear/dropbear_rsa_host_ke
y'
SOVKXBYWNKls: /etc/dropbear/dropbear_rsa_host_key: No such file or directory
SOVKXBYWNK 1
root@OpenWrt:~# echo 'WMGH''NHQGPZ'
WMGHNHQGPZ
root@OpenWrt:~# MARKER='GVPT''SQULLA' run 'ls /etc/dropbear/dropbear_rsa_host_ke
y'
GVPTSQULLAls: /etc/dropbear/dropbear_rsa_host_key: No such file or directory
GVPTSQULLA 1
root@OpenWrt:~# echo 'LKAK''KLNMYA'
LKAKKLNMYA
root@OpenWrt:~# MARKER='GXTC''SMXMKK' run 'ls /etc/dropbear/dropbear_rsa_host_ke
y'
GXTCSMXMKKls: /etc/dropbear/dropbear_rsa_host_key: No such file or directory
GXTCSMXMKK 1
root@OpenWrt:~# echo 'KEEH''BTWWAM'
KEEHBTWWAM
root@OpenWrt:~# MARKER='QAYH''FPQPJX' run 'ls /etc/dropbear/dropbear_rsa_host_ke
y'
QAYHFPQPJXls: /etc/dropbear/dropbear_rsa_host_key: No such file or directory
QAYHFPQPJX 1
root@OpenWrt:~# echo 'VMUA''CHMLJY'
VMUACHMLJY
root@OpenWrt:~# MARKER='ZFAT''XUXATS' run 'ls /etc/dropbear/dropbear_rsa_host_ke
y'
ZFATXUXATS[0;0m/etc/dropbear/dropbear_rsa_host_key[m
ZFATXUXATS 0
root@OpenWrt:~# echo 'EFQN''FVGKVJ'
EFQNFVGKVJ
root@OpenWrt:~# MARKER='SWHN''BHGGLT' run 'netstat -tlpn | grep 0.0.0.0:22'
SWHNBHGGLTnetstat: showing only processes with your user ID
tcp        0      0 0.0.0.0:22              0.0.0.0:*               LISTEN      1753/dropbear
SWHNBHGGLT 0
root@OpenWrt:~# echo 'FSGE''TAMGOK'
FSGETAMGOK
root@OpenWrt:~# MARKER='ZXMM''GUFKAF' run 'dmesg | grep br-lan | grep forwarding
'
ZXMMGUFKAF[   30.106790] br-lan: port 1(eth0) entered forwarding state
ZXMMGUFKAF 0
root@OpenWrt:~# echo 'NPWV''TMMNTO'
NPWVTMMNTO
root@OpenWrt:~# MARKER='JMKM''WXPPUQ' run 'ubus call network.interface.lan statu
s '"'"'{}'"'"''
JMKMWXPPUQ{
	"up": true,
	"pending": false,
	"available": true,
	"autostart": true,
	"dynamic": false,
	"uptime": 8,
	"l3_device": "br-lan",
	"proto": "static",
	"device": "br-lan",
	"updated": [
		"addresses"
	],
	"metric": 0,
	"dns_metric": 0,
	"delegation": true,
	"ipv4-address": [
		{
			"address": "192.168.1.1",
			"mask": 24
		}
	],
	"ipv6-address": [
		
	],
	"ipv6-prefix": [
		
	],
	"ipv6-prefix-assignment": [
		{
			"address": "fd4c:aad3:6e74::",
			"mask": 60,
			"local-address": {
				"address": "fd4c:aad3:6e74::1",
				"mask": 60
			}
		}
	],
	"route": [
		
	],
	"dns-server": [
		
	],
	"dns-search": [
		
	],
	"neighbors": [
		
	],
	"inactive": {
		"ipv4-address": [
			
		],
		"ipv6-address": [
			
		],
		"route": [
			
		],
		"dns-server": [
			
		],
		"dns-search": [
			
		],
		"neighbors": [
			
		]
	},
	"data": {
		
	}
}
JMKMWXPPUQ 0
root@OpenWrt:~# echo 'PTQL''XEXCLQ'
PTQLXEXCLQ
root@OpenWrt:~# MARKER='AAHN''PFMEKP' run 'ip -o addr show dev br-lan'
AAHNPFMEKP4: br-lan    inet 192.168.1.1/24 brd 192.168.1.255 scope global br-lan\       valid_lft forever preferred_lft forever
4: br-lan    inet6 fd4c:aad3:6e74::1/60 scope global noprefixroute \       valid_lft forever preferred_lft forever
4: br-lan    inet6 fe80::5054:ff:fe12:3456/64 scope link \       valid_lft forever preferred_lft forever
AAHNPFMEKP 0
root@OpenWrt:~# echo 'JQOY''PCGXMQ'
JQOYPCGXMQ
root@OpenWrt:~# MARKER='CFKE''VFJPBU' run 'ping -c 3 ff02::1%br-lan'
CFKEVFJPBUPING ff02::1%br-lan (ff02::1%4): 56 data bytes
64 bytes from fe80::5054:ff:fe12:3456: seq=0 ttl=64 time=2.381 ms
64 bytes from fe80::5054:ff:fe12:3456: seq=1 ttl=64 time=0.704 ms
64 bytes from fe80::5054:ff:fe12:3456: seq=2 ttl=64 time=40.898 ms

--- ff02::1%br-lan ping statistics ---
3 packets transmitted, 3 packets received, 0% packet loss
round-trip min/avg/max = 0.704/14.661/40.898 ms
CFKEVFJPBU 0
root@OpenWrt:~# echo 'BSQG''KOMAAA'
BSQGKOMAAA
root@OpenWrt:~# MARKER='QZVT''YJXKPS' run 'ubus call network.interface.wan statu
s '"'"'{}'"'"''
QZVTYJXKPS{
	"up": true,
	"pending": false,
	"available": true,
	"autostart": true,
	"dynamic": false,
	"uptime": 10,
	"l3_device": "eth1",
	"proto": "dhcp",
	"device": "eth1",
	"updated": [
		"addresses",
		"routes",
		"data"
	],
	"metric": 0,
	"dns_metric": 0,
	"delegation": true,
	"ipv4-address": [
		{
			"address": "10.0.2.15",
			"mask": 24
		}
	],
	"ipv6-address": [
		
	],
	"ipv6-prefix": [
		
	],
	"ipv6-prefix-assignment": [
		
	],
	"route": [
		{
			"target": "0.0.0.0",
			"mask": 0,
			"nexthop": "10.0.2.2",
			"source": "10.0.2.15/32"
		}
	],
	"dns-server": [
		"10.0.2.3"
	],
	"dns-search": [
		
	],
	"neighbors": [
		
	],
	"inactive": {
		"ipv4-address": [
			
		],
		"ipv6-address": [
			
		],
		"route": [
			
		],
		"dns-server": [
			
		],
		"dns-search": [
			
		],
		"neighbors": [
			
		]
	},
	"data": {
		"dhcpserver": "10.0.2.2",
		"leasetime": 86400
	}
}
QZVTYJXKPS 0
root@OpenWrt:~# 