Labgrid Console Logfile for main
Logfile started at 2026-03-20 02:45:03.792042
=== Log starts here ===
c[?7l[2J[0mSeaBIOS (version 1.16.3-debian-1.16.3-2)


iPXE (https://ipxe.org) 00:03.0 CA00 PCI2.10 PnP PMM+06FCAE70+06F0AE70 CA00
Press Ctrl-B to configure iPXE (PCI 00:03.0)...                                                                               




iPXE (https://ipxe.org) 00:05.0 CB00 PCI2.10 PnP PMM 06FCAE70 06F0AE70 CB00
Press Ctrl-B to configure iPXE (PCI 00:05.0)...                                                                               


Booting from Hard Disk...
GRUB loading.....
[0;30;47mWelcome to GRUB![01;01H[0m[2J[H[J[1;1H[?25l[m[H[J[1;1H[2;30HGNU GRUB  version 2.12

[m[4;2H+----------------------------------------------------------------------------+[5;2H|[5;79H|[6;2H|[6;79H|[7;2H|[7;79H|[8;2H|[8;79H|[9;2H|[9;79H|[10;2H|[10;79H|[11;2H|[11;79H|[12;2H|[12;79H|[13;2H|[13;79H|[14;2H|[14;79H|[15;2H|[15;79H|[16;2H+----------------------------------------------------------------------------+[m[17;2H[18;2H[m     Use the ^ and v keys to select which entry is highlighted.          
      Press enter to boot the selected OS, `e' to edit the commands       
      before booting or `c' for a command-line. ESC to return             
      previous menu.                                                      [5;80H [7m[5;3H*OpenWrt                                                                    [m[5;78H[m[m[6;3H OpenWrt (failsafe)                                                         [m[6;78H[m[m[7;3H                                                                            [m[7;78H[m[m[8;3H                                                                            [m[8;78H[m[m[9;3H                                                                            [m[9;78H[m[m[10;3H                                                                            [m[10;78H[m[m[11;3H                                                                            [m[11;78H[m[m[12;3H                                                                            [m[12;78H[m[m[13;3H                                                                            [m[13;78H[m[m[14;3H                                                                            [m[14;78H[m[m[15;3H                                                                            [m[15;78H[m[15;80H [5;78H[2J[02;30HGNU GRUB  version 2.12[04;02H┌────────────────────────────────────────────────────────────────────────────┐[05;02H│[05;79H│[06;02H│[06;79H│[07;02H│[07;79H│[08;02H│[08;79H│[09;02H│[09;79H│[10;02H│[10;79H│[11;02H│[11;79H│[12;02H│[12;79H│[13;02H│[13;79H│[14;02H│[14;79H│[15;02H│[15;79H│[16;02H│[16;79H│[17;02H└────────────────────────────────────────────────────────────────────────────┘[19;02H     Use the ↑ and ↓ ke[19;24H[19;25Hys to select which entry is highlighted.          
      Press enter to boot the selected OS, `e' to edit the commands       
      before booting or `c' for a command-line. ESC to return             
      previous menu.                                                      [05;80H [05;03H[0;30;47m*OpenWrt                                            [05;54H[05;55H                        [06;03H[0m OpenWrt (failsafe)                                                         [07;03H                                                                            [08;03H                                                                            [09;03H                                                                         [09;75H[09;76H   [10;03H                                                                            [11;03H                                                                            [12;03H                                                                            [13;03H                                                                            [14;03H               [14;17H[14;18H                                                             [15;03H                                                                            [16;03H                                                                            [16;80H 






   The highlighted entry will be executed automatically in 5s.                [22;1H   The highlighted entry will be executed automatically in 5s.                 [5;78H [05;78H

















   The highlighted entry will be executed automatically in 4s.                [22;1H   The highlighted entry will be executed automatically in 4s.                 [5;78H [05;78H

















   The highlighted entry will be executed automatically in 3s.                [22;1H   The highlighted entry will be executed automatically in 3s.                 [5;78H [05;78H

















 [23;02H  The highlighted entry will be executed automatically in 2s.                [22;1H   The highlighted entry will be executed automatically in 2s.                 [5;78H [05;78H

















   The highlighted entry will be executed automatically in 1s.                [22;1H   The highlighted entry will be executed automatically in 1s.                 [5;78H [05;78H

















   The highlighted entry will be executed automatically in 0s.                [22;1H   The highlighted entry will be executed automatically in 0s.                 [5;78H [01;01H[2J[?25h[H[J[1;1H[H[J[1;1H[2J   Booting `OpenWrt' Booting `OpenWrt

'

[    0.000000] Linux version 6.6.127 (builder@buildhost) (x86_64-openwrt-linux-musl-gcc (OpenWrt GCC 13.3.0 r29143-214a657cfa) 13.3.0, GNU ld (GNU Binutils) 2.42) #0 SMP Tue Mar 17 22:48:43 2026
[    0.000000] Command line: BOOT_IMAGE=/boot/vmlinuz root=PARTUUID=b07fe921-02 rootwait console=tty1 console=ttyS0,115200n8 noinitrd
[    0.000000] BIOS-provided physical RAM map:
[    0.000000] BIOS-e820: [mem 0x0000000000000000-0x000000000009fbff] usable
[    0.000000] BIOS-e820: [mem 0x000000000009fc00-0x000000000009ffff] reserved
[    0.000000] BIOS-e820: [mem 0x00000000000f0000-0x00000000000fffff] reserved
[    0.000000] BIOS-e820: [mem 0x0000000000100000-0x0000000007fdcfff] usable
[    0.000000] BIOS-e820: [mem 0x0000000007fdd000-0x0000000007ffffff] reserved
[    0.000000] BIOS-e820: [mem 0x00000000fffc0000-0x00000000ffffffff] reserved
[    0.000000] BIOS-e820: [mem 0x000000fd00000000-0x000000ffffffffff] reserved
[    0.000000] NX (Execute Disable) protection: active
[    0.000000] APIC: Static calls initialized
[    0.000000] SMBIOS 3.0.0 present.
[    0.000000] DMI: QEMU Standard PC (i440FX + PIIX, 1996), BIOS 1.16.3-debian-1.16.3-2 04/01/2014
[    0.000000] tsc: Fast TSC calibration using PIT
[    0.000000] tsc: Detected 2445.435 MHz processor
[    0.008912] last_pfn = 0x7fdd max_arch_pfn = 0x400000000
[    0.009544] MTRR map: 4 entries (3 fixed + 1 variable; max 19), built from 8 variable MTRRs
[    0.009731] x86/PAT: Configuration [0-7]: WB  WC  UC- UC  WB  WP  UC- WT  
[    0.029722] found SMP MP-table at [mem 0x000f5460-0x000f546f]
[    0.031187] Using GB pages for direct mapping
[    0.034938] ACPI: Early table checksum verification disabled
[    0.035274] ACPI: RSDP 0x00000000000F5290 000014 (v00 BOCHS )
[    0.035583] ACPI: RSDT 0x0000000007FE1C64 000034 (v01 BOCHS  BXPC     00000001 BXPC 00000001)
[    0.036095] ACPI: FACP 0x0000000007FE1B18 000074 (v01 BOCHS  BXPC     00000001 BXPC 00000001)
[    0.036690] ACPI: DSDT 0x0000000007FE0040 001AD8 (v01 BOCHS  BXPC     00000001 BXPC 00000001)
[    0.036785] ACPI: FACS 0x0000000007FE0000 000040
[    0.036837] ACPI: APIC 0x0000000007FE1B8C 000078 (v03 BOCHS  BXPC     00000001 BXPC 00000001)
[    0.036863] ACPI: HPET 0x0000000007FE1C04 000038 (v01 BOCHS  BXPC     00000001 BXPC 00000001)
[    0.036887] ACPI: WAET 0x0000000007FE1C3C 000028 (v01 BOCHS  BXPC     00000001 BXPC 00000001)
[    0.036985] ACPI: Reserving FACP table memory at [mem 0x7fe1b18-0x7fe1b8b]
[    0.037033] ACPI: Reserving DSDT table memory at [mem 0x7fe0040-0x7fe1b17]
[    0.037041] ACPI: Reserving FACS table memory at [mem 0x7fe0000-0x7fe003f]
[    0.037048] ACPI: Reserving APIC table memory at [mem 0x7fe1b8c-0x7fe1c03]
[    0.037054] ACPI: Reserving HPET table memory at [mem 0x7fe1c04-0x7fe1c3b]
[    0.037059] ACPI: Reserving WAET table memory at [mem 0x7fe1c3c-0x7fe1c63]
[    0.040238] Zone ranges:
[    0.040273]   DMA      [mem 0x0000000000001000-0x0000000000ffffff]
[    0.040347]   DMA32    [mem 0x0000000001000000-0x0000000007fdcfff]
[    0.040359]   Normal   empty
[    0.040383] Movable zone start for each node
[    0.040410] Early memory node ranges
[    0.040441]   node   0: [mem 0x0000000000001000-0x000000000009efff]
[    0.040484]   node   0: [mem 0x0000000000100000-0x0000000007fdcfff]
[    0.040652] Initmem setup node 0 [mem 0x0000000000001000-0x0000000007fdcfff]
[    0.041534] On node 0, zone DMA: 1 pages in unavailable ranges
[    0.041874] On node 0, zone DMA: 97 pages in unavailable ranges
[    0.042901] On node 0, zone DMA32: 35 pages in unavailable ranges
[    0.043225] ACPI: PM-Timer IO Port: 0x608
[    0.043585] ACPI: LAPIC_NMI (acpi_id[0xff] dfl dfl lint[0x1])
[    0.043997] IOAPIC[0]: apic_id 0, version 32, address 0xfec00000, GSI 0-23
[    0.044110] ACPI: INT_SRC_OVR (bus 0 bus_irq 0 global_irq 2 dfl dfl)
[    0.044358] ACPI: INT_SRC_OVR (bus 0 bus_irq 5 global_irq 5 high level)
[    0.044412] ACPI: INT_SRC_OVR (bus 0 bus_irq 9 global_irq 9 high level)
[    0.044499] ACPI: INT_SRC_OVR (bus 0 bus_irq 10 global_irq 10 high level)
[    0.044510] ACPI: INT_SRC_OVR (bus 0 bus_irq 11 global_irq 11 high level)
[    0.044712] ACPI: Using ACPI (MADT) for SMP configuration information
[    0.044758] ACPI: HPET id: 0x8086a201 base: 0xfed00000
[    0.045060] smpboot: Allowing 1 CPUs, 0 hotplug CPUs
[    0.046143] [mem 0x08000000-0xfffbffff] available for PCI devices
[    0.046192] Booting paravirtualized kernel on bare hardware
[    0.046482] clocksource: refined-jiffies: mask: 0xffffffff max_cycles: 0xffffffff, max_idle_ns: 19112604462750000 ns
[    0.047115] setup_percpu: NR_CPUS:512 nr_cpumask_bits:1 nr_cpu_ids:1 nr_node_ids:1
[    0.048700] percpu: Embedded 48 pages/cpu s158248 r8192 d30168 u2097152
[    0.050933] Kernel command line: BOOT_IMAGE=/boot/vmlinuz root=PARTUUID=b07fe921-02 rootwait console=tty1 console=ttyS0,115200n8 noinitrd
[    0.052608] random: crng init done
[    0.057416] Dentry cache hash table entries: 16384 (order: 5, 131072 bytes, linear)
[    0.058365] Inode-cache hash table entries: 8192 (order: 4, 65536 bytes, linear)
[    0.061048] Built 1 zonelists, mobility grouping on.  Total pages: 31965
[    0.061281] mem auto-init: stack:off, heap alloc:off, heap free:off
[    0.064812] Memory: 102576K/130540K available (14336K kernel code, 1169K rwdata, 2296K rodata, 2452K init, 2408K bss, 27708K reserved, 0K cma-reserved)
[    0.070717] SLUB: HWalign=64, Order=0-3, MinObjects=0, CPUs=1, Nodes=1
[    0.078215] rcu: Hierarchical RCU implementation.
[    0.078245] rcu: 	RCU restricting CPUs from NR_CPUS=512 to nr_cpu_ids=1.
[    0.078360] 	Tracing variant of Tasks RCU enabled.
[    0.078445] rcu: RCU calculated value of scheduler-enlistment delay is 10 jiffies.
[    0.078473] rcu: Adjusting geometry for rcu_fanout_leaf=16, nr_cpu_ids=1
[    0.079606] NR_IRQS: 33024, nr_irqs: 256, preallocated irqs: 16
[    0.088387] rcu: srcu_init: Setting srcu_struct sizes based on contention.
[    0.095323] Console: colour VGA+ 80x25
[    0.095627] printk: console [tty1] enabled
[    0.103380] printk: console [ttyS0] enabled
[    0.335258] ACPI: Core revision 20230628
[    0.350462] clocksource: hpet: mask: 0xffffffff max_cycles: 0xffffffff, max_idle_ns: 19112604467 ns
[    0.355664] APIC: Switch to symmetric I/O mode setup
[    0.360163] ..TIMER: vector=0x30 apic1=0 pin1=2 apic2=-1 pin2=-1
[    0.402539] clocksource: tsc-early: mask: 0xffffffffffffffff max_cycles: 0x233fe0862e1, max_idle_ns: 440795313989 ns
[    0.403311] Calibrating delay loop (skipped), value calculated using timer frequency.. 4890.87 BogoMIPS (lpj=24454350)
[    0.405053] x86/cpu: User Mode Instruction Prevention (UMIP) activated
[    0.419945] Last level iTLB entries: 4KB 0, 2MB 0, 4MB 0
[    0.420370] Last level dTLB entries: 4KB 0, 2MB 0, 4MB 0, 1GB 0
[    0.423530] Spectre V1 : Mitigation: usercopy/swapgs barriers and __user pointer sanitization
[    0.424352] Spectre V2 : Mitigation: Retpolines
[    0.425172] Spectre V2 : Spectre v2 / SpectreRSB: Filling RSB on context switch and VMEXIT
[    0.425738] Speculative Store Bypass: Vulnerable
[    0.428354] x86/fpu: Supporting XSAVE feature 0x001: 'x87 floating point registers'
[    0.432887] x86/fpu: Supporting XSAVE feature 0x002: 'SSE registers'
[    0.434397] x86/fpu: Supporting XSAVE feature 0x004: 'AVX registers'
[    0.434666] x86/fpu: Supporting XSAVE feature 0x008: 'MPX bounds registers'
[    0.434946] x86/fpu: Supporting XSAVE feature 0x010: 'MPX CSR'
[    0.443543] x86/fpu: xstate_offset[2]:  576, xstate_sizes[2]:  256
[    0.444079] x86/fpu: xstate_offset[3]:  960, xstate_sizes[3]:   64
[    0.444331] x86/fpu: xstate_offset[4]: 1024, xstate_sizes[4]:   64
[    0.444593] x86/fpu: Enabled xstate features 0x1f, context size is 1088 bytes, using 'standard' format.
[    0.693898] Freeing SMP alternatives memory: 40K
[    0.695187] pid_max: default: 32768 minimum: 301
[    0.704490] Mount-cache hash table entries: 512 (order: 0, 4096 bytes, linear)
[    0.704966] Mountpoint-cache hash table entries: 512 (order: 0, 4096 bytes, linear)
[    0.855086] smpboot: CPU0: AMD QEMU TCG CPU version 2.5+ (family: 0x6, model: 0x6, stepping: 0x3)
[    0.863221] RCU Tasks Trace: Setting shift to 0 and lim to 1 rcu_task_cb_adjust=1 rcu_task_cpu_ids=1.
[    0.863778] Performance Events: PMU not available due to virtualization, using software events only.
[    0.865662] signal: max sigframe size: 1616
[    0.867229] rcu: Hierarchical SRCU implementation.
[    0.867488] rcu: 	Max phase no-delay instances is 1000.
[    0.870599] smp: Bringing up secondary CPUs ...
[    0.876453] smp: Brought up 1 node, 1 CPU
[    0.876705] smpboot: Max logical packages: 1
[    0.877005] smpboot: Total of 1 processors activated (4890.87 BogoMIPS)
[    0.896115] clocksource: jiffies: mask: 0xffffffff max_cycles: 0xffffffff, max_idle_ns: 19112604462750000 ns
[    0.897073] futex hash table entries: 256 (order: 2, 16384 bytes, linear)
[    0.898172] pinctrl core: initialized pinctrl subsystem
[    0.918585] NET: Registered PF_NETLINK/PF_ROUTE protocol family
[    0.925437] thermal_sys: Registered thermal governor 'step_wise'
[    0.925473] thermal_sys: Registered thermal governor 'user_space'
[    0.926341] cpuidle: using governor ladder
[    0.926905] cpuidle: using governor menu
[    0.931033] acpiphp: ACPI Hot Plug PCI Controller Driver version: 0.5
[    0.933573] PCI: Using configuration type 1 for base access
[    0.943549] cryptd: max_cpu_qlen set to 1000
[    0.948349] ACPI: Added _OSI(Module Device)
[    0.948574] ACPI: Added _OSI(Processor Device)
[    0.948765] ACPI: Added _OSI(Processor Aggregator Device)
[    0.963335] ACPI: 1 ACPI AML tables successfully acquired and loaded
[    0.977589] ACPI: _OSC evaluation for CPUs failed, trying _PDC
[    0.979682] ACPI: Interpreter enabled
[    0.980419] ACPI: PM: (supports S0 S5)
[    0.980651] ACPI: Using IOAPIC for interrupt routing
[    0.981245] PCI: Using host bridge windows from ACPI; if necessary, use "pci=nocrs" and report a bug
[    0.983536] PCI: Using E820 reservations for host bridge windows
[    0.985305] ACPI: Enabled 2 GPEs in block 00 to 0F
[    1.020358] ACPI: PCI Root Bridge [PCI0] (domain 0000 [bus 00-ff])
[    1.021279] acpi PNP0A03:00: _OSC: OS supports [ASPM ClockPM Segments MSI HPX-Type3]
[    1.021809] acpi PNP0A03:00: _OSC: not requesting OS control; OS requires [ExtendedConfig ASPM ClockPM MSI]
[    1.022701] acpi PNP0A03:00: fail to add MMCONFIG information, can't access extended configuration space under this bridge
[    1.036188] acpiphp: Slot [3] registered
[    1.036666] acpiphp: Slot [4] registered
[    1.036949] acpiphp: Slot [5] registered
[    1.037226] acpiphp: Slot [6] registered
[    1.042316] acpiphp: Slot [7] registered
[    1.042791] acpiphp: Slot [8] registered
[    1.043063] acpiphp: Slot [9] registered
[    1.043417] acpiphp: Slot [10] registered
[    1.043694] acpiphp: Slot [11] registered
[    1.043977] acpiphp: Slot [12] registered
[    1.054986] acpiphp: Slot [13] registered
[    1.055256] acpiphp: Slot [14] registered
[    1.055542] acpiphp: Slot [15] registered
[    1.055816] acpiphp: Slot [16] registered
[    1.056091] acpiphp: Slot [17] registered
[    1.056370] acpiphp: Slot [18] registered
[    1.063512] acpiphp: Slot [19] registered
[    1.063939] acpiphp: Slot [20] registered
[    1.064205] acpiphp: Slot [21] registered
[    1.064498] acpiphp: Slot [22] registered
[    1.064760] acpiphp: Slot [23] registered
[    1.065028] acpiphp: Slot [24] registered
[    1.073523] acpiphp: Slot [25] registered
[    1.073914] acpiphp: Slot [26] registered
[    1.074205] acpiphp: Slot [27] registered
[    1.074473] acpiphp: Slot [28] registered
[    1.074741] acpiphp: Slot [29] registered
[    1.075008] acpiphp: Slot [30] registered
[    1.083497] acpiphp: Slot [31] registered
[    1.084193] PCI host bridge to bus 0000:00
[    1.084685] pci_bus 0000:00: root bus resource [io  0x0000-0x0cf7 window]
[    1.085125] pci_bus 0000:00: root bus resource [io  0x0d00-0xffff window]
[    1.085401] pci_bus 0000:00: root bus resource [mem 0x000a0000-0x000bffff window]
[    1.093370] pci_bus 0000:00: root bus resource [mem 0x08000000-0xfebfffff window]
[    1.093773] pci_bus 0000:00: root bus resource [mem 0x100000000-0x17fffffff window]
[    1.094262] pci_bus 0000:00: root bus resource [bus 00-ff]
[    1.104761] pci 0000:00:00.0: [8086:1237] type 00 class 0x060000
[    1.114570] pci 0000:00:01.0: [8086:7000] type 00 class 0x060100
[    1.115464] pci 0000:00:01.1: [8086:7010] type 00 class 0x010180
[    1.118495] pci 0000:00:01.1: reg 0x20: [io  0xc0e0-0xc0ef]
[    1.121274] pci 0000:00:01.1: legacy IDE quirk: reg 0x10: [io  0x01f0-0x01f7]
[    1.121639] pci 0000:00:01.1: legacy IDE quirk: reg 0x14: [io  0x03f6]
[    1.121929] pci 0000:00:01.1: legacy IDE quirk: reg 0x18: [io  0x0170-0x0177]
[    1.122222] pci 0000:00:01.1: legacy IDE quirk: reg 0x1c: [io  0x0376]
[    1.124274] pci 0000:00:01.3: [8086:7113] type 00 class 0x068000
[    1.133525] pci 0000:00:01.3: quirk: [io  0x0600-0x063f] claimed by PIIX4 ACPI
[    1.133862] pci 0000:00:01.3: quirk: [io  0x0700-0x070f] claimed by PIIX4 SMB
[    1.134768] pci 0000:00:02.0: [1234:1111] type 00 class 0x030000
[    1.143520] pci 0000:00:02.0: reg 0x10: [mem 0xfd000000-0xfdffffff pref]
[    1.145147] pci 0000:00:02.0: reg 0x18: [mem 0xfeb90000-0xfeb90fff]
[    1.147951] pci 0000:00:02.0: reg 0x30: [mem 0xfeb80000-0xfeb8ffff pref]
[    1.153733] pci 0000:00:02.0: Video device with shadowed ROM at [mem 0x000c0000-0x000dffff]
[    1.154869] pci 0000:00:03.0: [1af4:1000] type 00 class 0x020000
[    1.155780] pci 0000:00:03.0: reg 0x10: [io  0xc080-0xc09f]
[    1.158433] pci 0000:00:03.0: reg 0x20: [mem 0xfe000000-0xfe003fff 64bit pref]
[    1.164170] pci 0000:00:03.0: reg 0x30: [mem 0xfea80000-0xfeafffff pref]
[    1.169641] pci 0000:00:04.0: [1af4:1005] type 00 class 0x00ff00
[    1.171501] pci 0000:00:04.0: reg 0x10: [io  0xc0a0-0xc0bf]
[    1.173894] pci 0000:00:04.0: reg 0x14: [mem 0xfeb91000-0xfeb91fff]
[    1.178690] pci 0000:00:04.0: reg 0x20: [mem 0xfe004000-0xfe007fff 64bit pref]
[    1.184647] pci 0000:00:05.0: [1af4:1000] type 00 class 0x020000
[    1.185861] pci 0000:00:05.0: reg 0x10: [io  0xc0c0-0xc0df]
[    1.186854] pci 0000:00:05.0: reg 0x14: [mem 0xfeb92000-0xfeb92fff]
[    1.188839] pci 0000:00:05.0: reg 0x20: [mem 0xfe008000-0xfe00bfff 64bit pref]
[    1.189910] pci 0000:00:05.0: reg 0x30: [mem 0xfeb00000-0xfeb7ffff pref]
[    1.197382] pci 0000:00:06.0: [1af4:1001] type 00 class 0x010000
[    1.198168] pci 0000:00:06.0: reg 0x10: [io  0xc000-0xc07f]
[    1.203239] pci 0000:00:06.0: reg 0x14: [mem 0xfeb93000-0xfeb93fff]
[    1.204941] pci 0000:00:06.0: reg 0x20: [mem 0xfe00c000-0xfe00ffff 64bit pref]
[    1.216901] ACPI: PCI: Interrupt link LNKA configured for IRQ 10
[    1.217821] ACPI: PCI: Interrupt link LNKB configured for IRQ 10
[    1.218518] ACPI: PCI: Interrupt link LNKC configured for IRQ 11
[    1.219180] ACPI: PCI: Interrupt link LNKD configured for IRQ 11
[    1.219696] ACPI: PCI: Interrupt link LNKS configured for IRQ 9
[    1.223502] iommu: Default domain type: Translated
[    1.223742] iommu: DMA domain TLB invalidation policy: lazy mode
[    1.225946] SCSI subsystem initialized
[    1.227812] ACPI: bus type USB registered
[    1.231192] usbcore: registered new interface driver usbfs
[    1.231726] usbcore: registered new interface driver hub
[    1.232108] usbcore: registered new device driver usb
[    1.232718] pps_core: LinuxPPS API ver. 1 registered
[    1.233015] pps_core: Software ver. 5.3.6 - Copyright 2005-2007 Rodolfo Giometti <giometti@linux.it>
[    1.233608] PTP clock support registered
[    1.254429] PCI: Using ACPI for IRQ routing
[    1.257472] hpet0: at MMIO 0xfed00000, IRQs 2, 8, 0
[    1.257780] hpet0: 3 comparators, 64-bit 100.000000 MHz counter
[    1.262987] clocksource: Switched to clocksource tsc-early
[    1.262987] pnp: PnP ACPI init
[    1.262987] pnp: PnP ACPI: found 6 devices
[    1.275379] clocksource: acpi_pm: mask: 0xffffff max_cycles: 0xffffff, max_idle_ns: 2085701024 ns
[    1.276368] NET: Registered PF_INET protocol family
[    1.277532] IP idents hash table entries: 2048 (order: 2, 16384 bytes, linear)
[    1.282720] tcp_listen_portaddr_hash hash table entries: 256 (order: 0, 4096 bytes, linear)
[    1.286438] Table-perturb hash table entries: 65536 (order: 6, 262144 bytes, linear)
[    1.287015] TCP established hash table entries: 1024 (order: 1, 8192 bytes, linear)
[    1.287521] TCP bind hash table entries: 1024 (order: 3, 32768 bytes, linear)
[    1.287943] TCP: Hash tables configured (established 1024 bind 1024)
[    1.298992] MPTCP token hash table entries: 256 (order: 1, 6144 bytes, linear)
[    1.299563] UDP hash table entries: 256 (order: 1, 8192 bytes, linear)
[    1.300036] UDP-Lite hash table entries: 256 (order: 1, 8192 bytes, linear)
[    1.309519] NET: Registered PF_UNIX/PF_LOCAL protocol family
[    1.310724] pci_bus 0000:00: resource 4 [io  0x0000-0x0cf7 window]
[    1.310992] pci_bus 0000:00: resource 5 [io  0x0d00-0xffff window]
[    1.311237] pci_bus 0000:00: resource 6 [mem 0x000a0000-0x000bffff window]
[    1.319959] pci_bus 0000:00: resource 7 [mem 0x08000000-0xfebfffff window]
[    1.320353] pci_bus 0000:00: resource 8 [mem 0x100000000-0x17fffffff window]
[    1.321316] pci 0000:00:01.0: PIIX3: Enabling Passive Release
[    1.321679] pci 0000:00:00.0: Limiting direct PCI/PCI transfers
[    1.331199] PCI: CLS 0 bytes, default 64
[    1.362605] workingset: timestamp_bits=46 max_order=15 bucket_order=0
[    1.364951] squashfs: version 4.0 (2009/01/31) Phillip Lougher
[    1.367437] Block layer SCSI generic (bsg) driver version 0.4 loaded (major 247)
[    1.371922] hv_vmbus: registering driver hyperv_fb
[    1.376999] input: Power Button as /devices/LNXSYSTM:00/LNXPWRBN:00/input/input0
[    1.390786] ACPI: button: Power Button [PWRF]
[    1.584353] ACPI: \_SB_.LNKC: Enabled at IRQ 11
[    1.769814] ACPI: \_SB_.LNKD: Enabled at IRQ 10
[    1.954199] ACPI: \_SB_.LNKA: Enabled at IRQ 10
[    2.137901] ACPI: \_SB_.LNKB: Enabled at IRQ 11
[    2.139843] Serial: 8250/16550 driver, 16 ports, IRQ sharing enabled
[    2.164322] 00:04: ttyS0 at I/O 0x3f8 (irq = 4, base_baud = 115200) is a 16550A
[    2.207863] Non-volatile memory driver v1.3
[    2.220504] Linux agpgart interface v0.103
[    2.221357] AMD-Vi: AMD IOMMUv2 functionality not available on this system - This is not a bug.
[    2.222046] ACPI: bus type drm_connector registered
[    2.224590] [drm] Found bochs VGA, ID 0xb0c5.
[    2.224817] [drm] Framebuffer size 16384 kB @ 0xfd000000, mmio @ 0xfeb90000.
[    2.238333] [drm] Found EDID data blob.
[    2.243838] [drm] Initialized bochs-drm 1.0.0 20130925 for 0000:00:02.0 on minor 0
[    2.313393] Console: switching to colour frame buffer device 160x50
[    2.322756] bochs-drm 0000:00:02.0: [drm] fb0: bochs-drmdrmfb frame buffer device
[    2.362617] loop: module loaded
[    2.363468] virtio_blk virtio3: 1/0/0 default/read/poll queues
[    2.369909] virtio_blk virtio3: [vda] 246784 512-byte logical blocks (126 MB/121 MiB)
[    2.378729]  vda: vda1 vda2
[    2.382012] Guest personality initialized and is inactive
[    2.382618] VMCI host device registered (name=vmci, major=10, minor=256)
[    2.382907] Initialized host personality
[    2.383876] VMware PVSCSI driver - version 1.0.7.0-k
[    2.384224] hv_vmbus: registering driver hv_storvsc
[    2.412236] scsi host0: ata_piix
[    2.415623] scsi host1: ata_piix
[    2.416662] ata1: PATA max MWDMA2 cmd 0x1f0 ctl 0x3f6 bmdma 0xc0e0 irq 14
[    2.417011] ata2: PATA max MWDMA2 cmd 0x170 ctl 0x376 bmdma 0xc0e8 irq 15
[    2.427423] VMware vmxnet3 virtual NIC driver - version 1.7.0.0-k-NAPI
[    2.428074] hv_vmbus: registering driver hv_netvsc
[    2.428483] Fusion MPT base driver 3.04.20
[    2.428662] Copyright (c) 1999-2008 LSI Corporation
[    2.429049] Fusion MPT SPI Host driver 3.04.20
[    2.438527] Fusion MPT SAS Host driver 3.04.20
[    2.440730] usbcore: registered new interface driver usb-storage
[    2.441996] i8042: PNP: PS/2 Controller [PNP0303:KBD,PNP0f13:MOU] at 0x60,0x64 irq 1,12
[    2.445439] serio: i8042 KBD port at 0x60,0x64 irq 1
[    2.445857] serio: i8042 AUX port at 0x60,0x64 irq 12
[    2.449609] hv_vmbus: registering driver hyperv_keyboard
[    2.453062] rtc_cmos 00:05: RTC can wake from S4
[    2.458206] rtc_cmos 00:05: registered as rtc0
[    2.461076] rtc_cmos 00:05: setting system clock to 2026-03-20T02:45:14 UTC (1773974714)
[    2.463603] rtc_cmos 00:05: alarms up to one day, y3k, 242 bytes nvram, hpet irqs
[    2.466803] amd_pstate: the _CPC object is not present in SBIOS or ACPI disabled
[    2.469150] sdhci: Secure Digital Host Controller Interface driver
[    2.474092] sdhci: Copyright(c) Pierre Ossman
[    2.480793] tsc: Refined TSC clocksource calibration: 2445.420 MHz
[    2.483596] clocksource: tsc: mask: 0xffffffffffffffff max_cycles: 0x233fd1f69e2, max_idle_ns: 440795278869 ns
[    2.487075] clocksource: Switched to clocksource tsc
[    2.492377] input: AT Translated Set 2 keyboard as /devices/platform/i8042/serio0/input/input1
[    2.524244] hid: raw HID events driver (C) Jiri Kosina
[    2.527042] hv_vmbus: registering driver hid_hyperv
[    2.529866] usbcore: registered new interface driver usbhid
[    2.532010] usbhid: USB HID core driver
[    2.534247] hv_utils: Registering HyperV Utility Driver
[    2.536893] hv_vmbus: registering driver hv_utils
[    2.539012] hv_vmbus: registering driver hv_balloon
[    2.542385] NET: Registered PF_INET6 protocol family
[    2.559093] Segment Routing with IPv6
[    2.561392] In-situ OAM (IOAM) with IPv6
[    2.563893] NET: Registered PF_PACKET protocol family
[    2.566626] bridge: filtering via arp/ip/ip6tables is no longer available by default. Update your scripts to load br_netfilter if you need this.
[    2.576228] 8021q: 802.1Q VLAN Support v1.8
[    2.578960] NET: Registered PF_VSOCK protocol family
[    2.588796] IPI shorthand broadcast: enabled
[    2.591047] AVX2 version of gcm_enc/dec engaged.
[    2.597689] AES CTR mode by8 optimization enabled
[    2.618380] sched_clock: Marking stable (2360054362, 254332635)->(2694873626, -80486629)
[    2.665041] ata2: found unknown device (class 0)
[    2.774309] ata2.00: ATAPI: QEMU DVD-ROM, 2.5+, max UDMA/100
[    2.790964] scsi 1:0:0:0: CD-ROM            QEMU     QEMU DVD-ROM     2.5+ PQ: 0 ANSI: 5
[    2.801048] clk: Disabling unused clocks
[    2.846250] sr 1:0:0:0: [sr0] scsi3-mmc drive: 4x/4x cd/rw xa/form2 tray
[    2.848987] cdrom: Uniform CD-ROM driver Revision: 3.20
[    2.903889] VFS: Mounted root (squashfs filesystem) readonly on device 254:2.
[    2.972834] Freeing unused kernel image (initmem) memory: 2452K
[    2.975517] Write protecting the kernel read-only data: 18432k
[    2.980061] Freeing unused kernel image (rodata/data gap) memory: 1800K
[    2.982602] Run /sbin/init as init process
[    3.249333] init: Console is alive
[    3.814345] kmodloader: loading kernel modules from /etc/modules-boot.d/*
[    3.873593] button_hotplug: loading out-of-tree module taints kernel.
[    3.877576] Button Hotplug driver version 0.4.1
[    3.900210] Intel(R) 2.5G Ethernet Linux Driver
[    3.902679] Copyright(c) 2018 Intel Corporation.
[    3.920392] igb: Intel(R) Gigabit Ethernet Network Driver
[    3.922815] igb: Copyright (c) 2007-2014 Intel Corporation.
[    3.938634] kmodloader: done loading kernel modules from /etc/modules-boot.d/*
[    3.954784] init: - preinit -
[    4.903743] 8021q: adding VLAN 0 to HW filter on device eth0
Press the [f] key and hit [enter] to enter failsafe mode
Press the [1], [2], [3] or [4] key and hit [enter] to select the debug level
[    9.573658] loop0: detected capacity change from 0 to 212992
[    9.634790] loop0: detected capacity change from 212992 to 201216
[    9.647886] mount_root: overlay filesystem in /dev/loop0 has not been formatted yet
[    9.972069] EXT4-fs (loop0): mounted filesystem 8a038386-a325-4d39-b89c-eaf8036cb1ac r/w with ordered data mode. Quota mode: disabled.
[    9.985997] mount_root: overlay filesystem has not been fully initialized yet
[   10.003967] mount_root: switching to ext4 overlay
[   10.025533] overlayfs: null uuid detected in lower fs '/', falling back to xino=off,index=off,nfs_export=off.
[   10.754889] EXT4-fs (vda1): mounted filesystem 84173db5-fa99-e35a-95c6-28613cc79ea9 r/w without journal. Quota mode: disabled.
[   10.778921] urandom-seed: Seed file not found (/etc/urandom.seed)
[   10.921497] procd: - early -
[   11.710003] procd: - ubus -
[   11.891327] procd: - init -
Please press Enter to activate this console.
root
login[998]: root login on 'ttyS0'


BusyBox v1.36.1 (2026-03-17 22:48:43 UTC) built-in shell (ash)

  _______                     ________        __
 |       |.-----.-----.-----.|  |  |  |.----.|  |_
 |   -   ||  _  |  -__|     ||  |  |  ||   _||   _|
 |_______||   __|_____|__|__||________||__|  |____|
          |__| W I R E L E S S   F R E E D O M
 -----------------------------------------------------
 OpenWrt 24.10-SNAPSHOT, r29143-214a657cfa
 -----------------------------------------------------
=== WARNING! =====================================
There is no root password defined on this device!
Use the "passwd" command to set up a new password
in order to prevent unauthorized SSH logins.
--------------------------------------------------
root@(none):~# dmesg -n 1
root@(none):~# echo 'MJSS''GWFJKZ'
MJSSGWFJKZ
root@(none):~# run() { echo -n "$MARKER"; sh -c "$@"; echo "$MARKER $?"; }
root@(none):~# echo 'VBES''FZELZT'
VBESFZELZT
root@(none):~# MARKER='SVCP''KTFVQA' run true
SVCPKTFVQASVCPKTFVQA 0
root@(none):~# echo 'PEVN''WSMLPF'
PEVNWSMLPF
root@(none):~# MARKER='LJLJ''SGJGNA' run 'source /etc/os-release; echo $BUILD_ID
'
LJLJSGJGNAr29143-214a657cfa
LJLJSGJGNA 0
root@(none):~# echo 'SQMH''HOCUEJ'
SQMHHOCUEJ
root@(none):~# MARKER='FTZH''MWVWFQ' run 'ls /etc/dropbear/dropbear_rsa_host_key
'
FTZHMWVWFQls: /etc/dropbear/dropbear_rsa_host_key: No such file or directory
FTZHMWVWFQ 1
root@(none):~# echo 'ALPJ''SPYAAH'
ALPJSPYAAH
root@(none):~# MARKER='PXQE''PFOKYA' run 'ls /etc/dropbear/dropbear_rsa_host_key
'
PXQEPFOKYAls: /etc/dropbear/dropbear_rsa_host_key: No such file or directory
PXQEPFOKYA 1
root@(none):~# echo 'CTAU''GYTJQY'
CTAUGYTJQY
root@(none):~# MARKER='VUVJ''WLJFPE' run 'ls /etc/dropbear/dropbear_rsa_host_key
'
VUVJWLJFPEls: /etc/dropbear/dropbear_rsa_host_key: No such file or directory
VUVJWLJFPE 1
root@(none):~# echo 'HQLU''LZUVJW'
HQLULZUVJW
root@(none):~# MARKER='NWHJ''SBOJWY' run 'ls /etc/dropbear/dropbear_rsa_host_key
'
NWHJSBOJWYls: /etc/dropbear/dropbear_rsa_host_key: No such file or directory
NWHJSBOJWY 1
root@(none):~# echo 'AJJA''OYXTWU'
AJJAOYXTWU
root@(none):~# MARKER='SCWQ''MAZGFO' run 'ls /etc/dropbear/dropbear_rsa_host_key
'
SCWQMAZGFOls: /etc/dropbear/dropbear_rsa_host_key: No such file or directory
SCWQMAZGFO 1
root@(none):~# echo 'HJSV''LLTMFM'
HJSVLLTMFM
root@(none):~# MARKER='GBFQ''XPWEXJ' run 'ls /etc/dropbear/dropbear_rsa_host_key
'
GBFQXPWEXJls: /etc/dropbear/dropbear_rsa_host_key: No such file or directory
GBFQXPWEXJ 1
root@(none):~# echo 'JALM''SBFZPP'
JALMSBFZPP
root@(none):~# MARKER='HLYL''SYZUVB' run 'ls /etc/dropbear/dropbear_rsa_host_key
'
HLYLSYZUVBls: /etc/dropbear/dropbear_rsa_host_key: No such file or directory
HLYLSYZUVB 1
root@(none):~# echo 'MJKA''CSFTQX'
MJKACSFTQX
root@OpenWrt:~# MARKER='GMNJ''PZLWEP' run 'ls /etc/dropbear/dropbear_rsa_host_ke
y'
GMNJPZLWEPls: /etc/dropbear/dropbear_rsa_host_key: No such file or directory
GMNJPZLWEP 1
root@OpenWrt:~# echo 'EOAC''FLHKEE'
EOACFLHKEE
root@OpenWrt:~# MARKER='VXXO''VOMUBA' run 'ls /etc/dropbear/dropbear_rsa_host_ke
y'
VXXOVOMUBAls: /etc/dropbear/dropbear_rsa_host_key: No such file or directory
VXXOVOMUBA 1
root@OpenWrt:~# echo 'PVSZ''BBXMZM'
PVSZBBXMZM
root@OpenWrt:~# MARKER='FPLN''AVXGHL' run 'ls /etc/dropbear/dropbear_rsa_host_ke
y'
FPLNAVXGHLls: /etc/dropbear/dropbear_rsa_host_key: No such file or directory
FPLNAVXGHL 1
root@OpenWrt:~# echo 'HOWK''JYPBWH'
HOWKJYPBWH
root@OpenWrt:~# MARKER='ETEZ''ULXBGL' run 'ls /etc/dropbear/dropbear_rsa_host_ke
y'
ETEZULXBGLls: /etc/dropbear/dropbear_rsa_host_key: No such file or directory
ETEZULXBGL 1
root@OpenWrt:~# echo 'CPFZ''FLEBBJ'
CPFZFLEBBJ
root@OpenWrt:~# MARKER='EQVF''YWFJCH' run 'ls /etc/dropbear/dropbear_rsa_host_ke
y'
EQVFYWFJCHls: /etc/dropbear/dropbear_rsa_host_key: No such file or directory
EQVFYWFJCH 1
root@OpenWrt:~# echo 'FXFY''YYCLGN'
FXFYYYCLGN
root@OpenWrt:~# MARKER='YEAF''TNCTKM' run 'ls /etc/dropbear/dropbear_rsa_host_ke
y'
YEAFTNCTKMls: /etc/dropbear/dropbear_rsa_host_key: No such file or directory
YEAFTNCTKM 1
root@OpenWrt:~# echo 'YYYN''UUWMPW'
YYYNUUWMPW
root@OpenWrt:~# MARKER='CMOO''MCVEBH' run 'ls /etc/dropbear/dropbear_rsa_host_ke
y'
CMOOMCVEBH[0;0m/etc/dropbear/dropbear_rsa_host_key[m
CMOOMCVEBH 0
root@OpenWrt:~# echo 'ZTHP''XEBECM'
ZTHPXEBECM
root@OpenWrt:~# MARKER='ACGO''CWXCXN' run 'netstat -tlpn | grep 0.0.0.0:22'
ACGOCWXCXNACGOCWXCXN 1
root@OpenWrt:~# echo 'VXUV''FJJVVF'
VXUVFJJVVF
root@OpenWrt:~# MARKER='LGLT''VWKTEC' run 'ls /etc/dropbear/dropbear_rsa_host_ke
y'
LGLTVWKTEC[0;0m/etc/dropbear/dropbear_rsa_host_key[m
LGLTVWKTEC 0
root@OpenWrt:~# echo 'ZTKH''VUMHKO'
ZTKHVUMHKO
root@OpenWrt:~# MARKER='NQCV''CUUUBY' run 'netstat -tlpn | grep 0.0.0.0:22'
NQCVCUUUBYtcp        0      0 0.0.0.0:22              0.0.0.0:*               LISTEN      1757/dropbear
NQCVCUUUBY 0
root@OpenWrt:~# echo 'WEOZ''BCKQYL'
WEOZBCKQYL
root@OpenWrt:~# MARKER='ZWGA''BVZLOT' run 'dmesg | grep br-lan | grep forwarding
'
ZWGABVZLOT[   32.259930] br-lan: port 1(eth0) entered forwarding state
ZWGABVZLOT 0
root@OpenWrt:~# echo 'OGTL''KVYTFM'
OGTLKVYTFM
root@OpenWrt:~# MARKER='XFQA''JLASXC' run 'ubus call network.interface.lan statu
s '"'"'{}'"'"''
XFQAJLASXC{
	"up": true,
	"pending": false,
	"available": true,
	"autostart": true,
	"dynamic": false,
	"uptime": 7,
	"l3_device": "br-lan",
	"proto": "static",
	"device": "br-lan",
	"updated": [
		"addresses"
	],
	"metric": 0,
	"dns_metric": 0,
	"delegation": true,
	"ipv4-address": [
		{
			"address": "192.168.1.1",
			"mask": 24
		}
	],
	"ipv6-address": [
		
	],
	"ipv6-prefix": [
		
	],
	"ipv6-prefix-assignment": [
		{
			"address": "fde7:c00f:77f1::",
			"mask": 60,
			"local-address": {
				"address": "fde7:c00f:77f1::1",
				"mask": 60
			}
		}
	],
	"route": [
		
	],
	"dns-server": [
		
	],
	"dns-search": [
		
	],
	"neighbors": [
		
	],
	"inactive": {
		"ipv4-address": [
			
		],
		"ipv6-address": [
			
		],
		"route": [
			
		],
		"dns-server": [
			
		],
		"dns-search": [
			
		],
		"neighbors": [
			
		]
	},
	"data": {
		
	}
}
XFQAJLASXC 0
root@OpenWrt:~# echo 'KMKB''LTEZUM'
KMKBLTEZUM
root@OpenWrt:~# MARKER='PQNT''TXTPGC' run 'ip -o addr show dev br-lan'
PQNTTXTPGC4: br-lan    inet 192.168.1.1/24 brd 192.168.1.255 scope global br-lan\       valid_lft forever preferred_lft forever
4: br-lan    inet6 fde7:c00f:77f1::1/60 scope global noprefixroute \       valid_lft forever preferred_lft forever
4: br-lan    inet6 fe80::5054:ff:fe12:3456/64 scope link \       valid_lft forever preferred_lft forever
PQNTTXTPGC 0
root@OpenWrt:~# echo 'AGNL''SCOOKW'
AGNLSCOOKW
root@OpenWrt:~# MARKER='UJPS''QKZMTX' run 'ping -c 3 ff02::1%br-lan'
UJPSQKZMTXPING ff02::1%br-lan (ff02::1%4): 56 data bytes
64 bytes from fe80::5054:ff:fe12:3456: seq=0 ttl=64 time=3.362 ms
64 bytes from fe80::5054:ff:fe12:3456: seq=1 ttl=64 time=0.723 ms
64 bytes from fe80::5054:ff:fe12:3456: seq=2 ttl=64 time=79.387 ms

--- ff02::1%br-lan ping statistics ---
3 packets transmitted, 3 packets received, 0% packet loss
round-trip min/avg/max = 0.723/27.824/79.387 ms
UJPSQKZMTX 0
root@OpenWrt:~# echo 'YMXE''BSLMQP'
YMXEBSLMQP
root@OpenWrt:~# MARKER='HYAW''SXAQUW' run 'ubus call network.interface.wan statu
s '"'"'{}'"'"''
HYAWSXAQUW{
	"up": true,
	"pending": false,
	"available": true,
	"autostart": true,
	"dynamic": false,
	"uptime": 11,
	"l3_device": "eth1",
	"proto": "dhcp",
	"device": "eth1",
	"updated": [
		"addresses",
		"routes",
		"data"
	],
	"metric": 0,
	"dns_metric": 0,
	"delegation": true,
	"ipv4-address": [
		{
			"address": "10.0.2.15",
			"mask": 24
		}
	],
	"ipv6-address": [
		
	],
	"ipv6-prefix": [
		
	],
	"ipv6-prefix-assignment": [
		
	],
	"route": [
		{
			"target": "0.0.0.0",
			"mask": 0,
			"nexthop": "10.0.2.2",
			"source": "10.0.2.15/32"
		}
	],
	"dns-server": [
		"10.0.2.3"
	],
	"dns-search": [
		
	],
	"neighbors": [
		
	],
	"inactive": {
		"ipv4-address": [
			
		],
		"ipv6-address": [
			
		],
		"route": [
			
		],
		"dns-server": [
			
		],
		"dns-search": [
			
		],
		"neighbors": [
			
		]
	},
	"data": {
		"dhcpserver": "10.0.2.2",
		"leasetime": 86400
	}
}
HYAWSXAQUW 0
root@OpenWrt:~# 