Labgrid Console Logfile for main
Logfile started at 2026-03-11 19:46:42.835459
=== Log starts here ===
ľ
F0: 102B 0000
F6: 0000 0000
V0: 0000 0000 [0001]
00: 0000 0000
BP: 0400 0041 [0000]
G0: 1190 0000
T0: 0000 02AF [000F]
Jump to BL

NOTICE:  BL2: v2.4(release):OpenWrt v2021-05-08-d2c75b21-3 (mt7622-snand-1ddr)
NOTICE:  BL2: Built : 22:25:54, Jul 15 2024
NOTICE:  SPI-NAND: FM35Q1GA (128MB)
NOTICE:  BL2: Booting BL31
NOTICE:  BL31: v2.9(release):OpenWrt v2023-07-24-00ac6db3-2 (mt7622-snand-1ddr)
NOTICE:  BL31: Built : 12:34:46, Sep 23 2024


U-Boot 2023.07.02-OpenWrt-r24106-10cc5fcd00 (Sep 23 2024 - 12:34:46 +0000)

CPU:   MediaTek MT7622
Model: mt7622-linksys-e8450-ubi
DRAM:  512 MiB
Core:  48 devices, 21 uclasses, devicetree: separate
MMC:   
Loading Environment from UBI... SPI-NAND: FM35Q1GA (128MB)
Read 126976 bytes from volume ubootenv to 000000005f7bf200
Read 126976 bytes from volume ubootenv2 to 000000005f7de240
OK
In:    serial@11002000
Out:   serial@11002000
Err:   serial@11002000
reset button found
Loading Environment from UBI... UBI partition 'ubi' already selected
Read 126976 bytes from volume ubootenv to 000000005f7bf200
Read 126976 bytes from volume ubootenv2 to 000000005f7de240
OK
Net:   eth0: ethernet@1b100000
7[r[999;999H[6n8No EFI system partition
No EFI system partition
Failed to persist EFI variables
[?25l[2J[1;1H[1;1H[2K[2;3H      [0;34m( ( ( [1;39mOpenWrt[0;34m ) ) )[0m       [33mU-Boot 2021.10 (Nov 19 2021 - 22:51:20 +0000)[0m[0K[3;1H[2K[16;1H[2K[17;3HPress UP/DOWN to move, ENTER to select, ESC to quit[0K[18;1H[2K[4;7H[7m1. Run default boot command.[0m[5;7H2. Boot system via TFTP.[6;7H3. Boot production system from flash.[7;7H4. Boot recovery system from flash.[8;7H5. Load production system via TFTP then write to flash.[9;7H6. Load recovery system via TFTP then write to flash.[10;7H7. [31mLoad BL31+U-Boot FIP via TFTP then write to flash.[0m[11;7H8. [31mLoad BL2 preloader via TFTP then write to flash.[0m[12;7H9. Reboot.[13;7Ha. Reset all settings to factory defaults.[14;7H0. U-Boot console[16;3HHit any key to stop autoboot: 3 [16;1H[2K[1;1H[2K[2;3H      [0;34m( ( ( [1;39mOpenWrt[0;34m ) ) )[0m       [33mU-Boot 2021.10 (Nov 19 2021 - 22:51:20 +0000)[0m[0K[3;1H[2K[16;1H[2K[17;3HPress UP/DOWN to move, ENTER to select, ESC to quit[0K[18;1H[2K[4;7H1. Run default boot command.[5;7H2. Boot system via TFTP.[6;7H3. Boot production system from flash.[7;7H4. Boot recovery system from flash.[8;7H5. Load production system via TFTP then write to flash.[9;7H6. Load recovery system via TFTP then write to flash.[10;7H7. [31mLoad BL31+U-Boot FIP via TFTP then write to flash.[0m[11;7H8. [31mLoad BL2 preloader via TFTP then write to flash.[0m[12;7H9. Reboot.[13;7Ha. Reset all settings to factory defaults.[14;7H[7m0. U-Boot console[0m[?25h[2J[1;1HMT7622> 
MT7622> echo 'WUEC''BUQWZA'
WUECBUQWZA
MT7622> echo 'LOBE''KTUYFF'; setenv serverip 192.168.200.1; echo "$?"; echo 'LOBE''KTUYFF';
LOBEKTUYFF
0
LOBEKTUYFF
MT7622> echo 'YFKY''ZZUVCG'; setenv ipaddr 192.168.200.2; echo "$?"; echo 'YFKY''ZZUVCG';
YFKYZZUVCG
0
YFKYZZUVCG
MT7622> echo 'OLUX''TYOSXV'; setenv bootfile belkin_rt3200_2/openwrt-mediatek-mt7622-linksys_e8450-initramfs-kernel.bin; echo "$?"; echo 'OLUX''TYOSXV';
OLUXTYOSXV
0
OLUXTYOSXV
MT7622> echo 'GGVZ''FZTWOK'; dhcp; echo "$?"; echo 'GGVZ''FZTWOK';
GGVZFZTWOK
BOOTP broadcast 1
BOOTP broadcast 2
BOOTP broadcast 3
BOOTP broadcast 4
DHCP client bound to address 192.168.101.179 (3138 ms)
Using ethernet@1b100000 device
TFTP from server 192.168.101.1; our IP address is 192.168.101.179
Filename 'belkin_rt3200_2/openwrt-mediatek-mt7622-linksys_e8450-initramfs-kernel.bin'.
Load address: 0x48000000
Loading: *#################################################################
	 #################################################################
	 #################################################################
	 #################################################################
	 #################################################################
	 #################################################################
	 #################################################################
	 #################################################################
	 #################################################################
	 #################################################
	 8.5 MiB/s
done
Bytes transferred = 9300180 (8de8d4 hex)
0
GGVZFZTWOK
MT7622> echo 'OOCY''VFZOTZ'; tftpboot $loadaddr; echo "$?"; echo 'OOCY''VFZOTZ';
OOCYVFZOTZ
Using ethernet@1b100000 device
TFTP from server 192.168.101.1; our IP address is 192.168.101.179
Filename 'belkin_rt3200_2/openwrt-mediatek-mt7622-linksys_e8450-initramfs-kernel.bin'.
Load address: 0x48000000
Loading: *#################################################################
	 #################################################################
	 #################################################################
	 #################################################################
	 #################################################################
	 #################################################################
	 #################################################################
	 #################################################################
	 #################################################################
	 #################################################
	 8.6 MiB/s
done
Bytes transferred = 9300180 (8de8d4 hex)
0
OOCYVFZOTZ
MT7622> bootm $loadaddr#$bootconf
## Loading kernel from FIT Image at 48000000 ...
   Using 'config-1' configuration
   Trying 'kernel-1' kernel subimage
     Description:  ARM64 OpenWrt Linux-6.12.74
     Type:         Kernel Image
     Compression:  lzma compressed
     Data Start:   0x480000e8
     Data Size:    4617113 Bytes = 4.4 MiB
     Architecture: AArch64
     OS:           Linux
     Load Address: 0x44000000
     Entry Point:  0x44000000
     Hash algo:    crc32
     Hash value:   a8530329
     Hash algo:    sha1
     Hash value:   b8e3b3c7aaa77ad3c2bd0c852a1b9c20ad99e648
   Verifying Hash Integrity ... crc32+ sha1+ OK
## Loading ramdisk from FIT Image at 48000000 ...
   Using 'config-1' configuration
   Trying 'initrd-1' ramdisk subimage
     Description:  ARM64 OpenWrt linksys_e8450 initrd
     Type:         RAMDisk Image
     Compression:  uncompressed
     Data Start:   0x484675bc
     Data Size:    4649712 Bytes = 4.4 MiB
     Architecture: AArch64
     OS:           Linux
     Load Address: unavailable
     Entry Point:  unavailable
     Hash algo:    crc32
     Hash value:   cdc81019
     Hash algo:    sha1
     Hash value:   74cbbdfc9b7f0cb614a4339e7b0589705f3b5100
   Verifying Hash Integrity ... crc32+ sha1+ OK
## Loading fdt from FIT Image at 48000000 ...
   Using 'config-1' configuration
   Trying 'fdt-1' fdt subimage
     Description:  ARM64 OpenWrt linksys_e8450 device tree blob
     Type:         Flat Device Tree
     Compression:  uncompressed
     Data Start:   0x488d69b8
     Data Size:    31462 Bytes = 30.7 KiB
     Architecture: AArch64
     Hash algo:    crc32
     Hash value:   4118bb92
     Hash algo:    sha1
     Hash value:   8393ec1a1059c2734de363e0d75e450b21bd90b8
   Verifying Hash Integrity ... crc32+ sha1+ OK
   Booting using the fdt blob at 0x488d69b8
Working FDT set to 488d69b8
   Uncompressing Kernel Image
   Loading Ramdisk to 5e377000, end 5e7e62f0 ... OK
   Loading Device Tree to 000000005e36c000, end 000000005e376ae5 ... OK
Working FDT set to 5e36c000
Add 'ramoops@42ff0000' node failed: FDT_ERR_EXISTS

Starting kernel ...

[    0.000000] Booting Linux on physical CPU 0x0000000000 [0x410fd034]
[    0.000000] Linux version 6.12.74 (builder@buildhost) (aarch64-openwrt-linux-musl-gcc (OpenWrt GCC 14.3.0 r33358-87c2c474f2) 14.3.0, GNU ld (GNU Binutils) 2.44) #0 SMP Tue Mar 10 23:42:36 2026
[    0.000000] KASLR disabled due to lack of seed
[    0.000000] Machine model: Linksys E8450
[    0.000000] earlycon: uart8250 at MMIO32 0x0000000011002000 (options '')
[    0.000000] printk: legacy bootconsole [uart8250] enabled
[    0.000000] OF: reserved mem: 0x0000000042ff0000..0x0000000042ffffff (64 KiB) map non-reusable ramoops@42ff0000
[    0.000000] OF: reserved mem: 0x0000000043000000..0x000000004302ffff (192 KiB) nomap non-reusable secmon@43000000
[    0.000000] Zone ranges:
[    0.000000]   DMA      [mem 0x0000000040000000-0x000000005fffffff]
[    0.000000]   DMA32    empty
[    0.000000]   Normal   empty
[    0.000000] Movable zone start for each node
[    0.000000] Early memory node ranges
[    0.000000]   node   0: [mem 0x0000000040000000-0x0000000042ffffff]
[    0.000000]   node   0: [mem 0x0000000043000000-0x000000004302ffff]
[    0.000000]   node   0: [mem 0x0000000043030000-0x000000005fffffff]
[    0.000000] Initmem setup node 0 [mem 0x0000000040000000-0x000000005fffffff]
[    0.000000] psci: probing for conduit method from DT.
[    0.000000] psci: PSCIv1.1 detected in firmware.
[    0.000000] psci: Using standard PSCI v0.2 function IDs
[    0.000000] psci: MIGRATE_INFO_TYPE not supported.
[    0.000000] psci: SMC Calling Convention v1.4
[    0.000000] percpu: Embedded 20 pages/cpu s42584 r8192 d31144 u81920
[    0.000000] pcpu-alloc: s42584 r8192 d31144 u81920 alloc=20*4096
[    0.000000] pcpu-alloc: [0] 0 [0] 1 
[    0.000000] Detected VIPT I-cache on CPU0
[    0.000000] CPU features: kernel page table isolation disabled by kernel configuration
[    0.000000] CPU features: detected: ARM erratum 843419
[    0.000000] alternatives: applying boot alternatives
[    0.000000] Kernel command line: earlycon=uart8250,mmio32,0x11002000 console=ttyS0,115200n1 swiotlb=512
[    0.000000] Dentry cache hash table entries: 65536 (order: 7, 524288 bytes, linear)
[    0.000000] Inode-cache hash table entries: 32768 (order: 6, 262144 bytes, linear)
[    0.000000] Built 1 zonelists, mobility grouping on.  Total pages: 131072
[    0.000000] mem auto-init: stack:off, heap alloc:off, heap free:off
[    0.000000] software IO TLB: area num 2.
[    0.000000] software IO TLB: mapped [mem 0x000000005f4c0000-0x000000005f5c0000] (1MB)
[    0.000000] SLUB: HWalign=64, Order=0-3, MinObjects=0, CPUs=2, Nodes=1
[    0.000000] rcu: Hierarchical RCU implementation.
[    0.000000] 	Tracing variant of Tasks RCU enabled.
[    0.000000] rcu: RCU calculated value of scheduler-enlistment delay is 10 jiffies.
[    0.000000] RCU Tasks Trace: Setting shift to 1 and lim to 1 rcu_task_cb_adjust=1 rcu_task_cpu_ids=2.
[    0.000000] NR_IRQS: 64, nr_irqs: 64, preallocated irqs: 0
[    0.000000] Root IRQ handler: gic_handle_irq
[    0.000000] GIC: Using split EOI/Deactivate mode
[    0.000000] rcu: srcu_init: Setting srcu_struct sizes based on contention.
[    0.000000] arch_timer: cp15 timer(s) running at 12.50MHz (phys).
[    0.000000] clocksource: arch_sys_counter: mask: 0xffffffffffffff max_cycles: 0x2e2049cda, max_idle_ns: 440795202628 ns
[    0.000000] sched_clock: 56 bits at 13MHz, resolution 80ns, wraps every 4398046511080ns
[    0.008297] Calibrating delay loop (skipped), value calculated using timer frequency.. 25.00 BogoMIPS (lpj=125000)
[    0.018699] pid_max: default: 32768 minimum: 301
[    0.026141] Mount-cache hash table entries: 1024 (order: 1, 8192 bytes, linear)
[    0.033489] Mountpoint-cache hash table entries: 1024 (order: 1, 8192 bytes, linear)
[    0.044286] rcu: Hierarchical SRCU implementation.
[    0.049105] rcu: 	Max phase no-delay instances is 1000.
[    0.054555] Timer migration: 1 hierarchy levels; 8 children per group; 1 crossnode level
[    0.062917] smp: Bringing up secondary CPUs ...
[    0.067872] Detected VIPT I-cache on CPU1
[    0.067884] CPU features: SANITY CHECK: Unexpected variation in SYS_CNTFRQ_EL0. Boot CPU: 0x00000000bebc20, CPU1: 0x00000000000000
[    0.067910] CPU features: Unsupported CPU feature variation detected.
[    0.067975] CPU1: Booted secondary processor 0x0000000001 [0x410fd034]
[    0.068065] smp: Brought up 1 node, 2 CPUs
[    0.100998] SMP: Total of 2 processors activated.
[    0.105714] CPU: All CPU(s) started at EL2
[    0.109824] CPU features: detected: 32-bit EL0 Support
[    0.114978] CPU features: detected: CRC32 instructions
[    0.120157] alternatives: applying system-wide alternatives
[    0.125881] CPU features: emulated: Privileged Access Never (PAN) using TTBR0_EL1 switching
[    0.134404] Memory: 491484K/524288K available (9600K kernel code, 934K rwdata, 2784K rodata, 896K init, 319K bss, 30964K reserved, 0K cma-reserved)
[    0.151933] clocksource: jiffies: mask: 0xffffffff max_cycles: 0xffffffff, max_idle_ns: 19112604462750000 ns
[    0.161838] futex hash table entries: 512 (order: 3, 32768 bytes, linear)
[    0.168706] 29088 pages in range for non-PLT usage
[    0.168710] 520608 pages in range for PLT usage
[    0.174971] pinctrl core: initialized pinctrl subsystem
[    0.187276] NET: Registered PF_NETLINK/PF_ROUTE protocol family
[    0.193573] DMA: preallocated 128 KiB GFP_KERNEL pool for atomic allocations
[    0.200689] DMA: preallocated 128 KiB GFP_KERNEL|GFP_DMA pool for atomic allocations
[    0.208480] DMA: preallocated 128 KiB GFP_KERNEL|GFP_DMA32 pool for atomic allocations
[    0.216909] thermal_sys: Registered thermal governor 'fair_share'
[    0.216916] thermal_sys: Registered thermal governor 'bang_bang'
[    0.223031] thermal_sys: Registered thermal governor 'step_wise'
[    0.229066] thermal_sys: Registered thermal governor 'user_space'
[    0.235157] ASID allocator initialised with 65536 entries
[    0.247375] pstore: Using crash dump compression: deflate
[    0.252804] pstore: Registered ramoops as persistent store backend
[    0.259004] ramoops: using 0x10000@0x42ff0000, ecc: 0
[    0.272505] /pcie@1a143000: Fixed dependency cycle(s) with /pcie@1a143000/interrupt-controller
[    0.281544] /pcie@1a145000: Fixed dependency cycle(s) with /pcie@1a145000/interrupt-controller
[    0.302450] cryptd: max_cpu_qlen set to 1000
[    0.308697] SCSI subsystem initialized
[    0.312604] libata version 3.00 loaded.
[    0.318079] clocksource: Switched to clocksource arch_sys_counter
[    0.326388] NET: Registered PF_INET protocol family
[    0.331463] IP idents hash table entries: 8192 (order: 4, 65536 bytes, linear)
[    0.340134] tcp_listen_portaddr_hash hash table entries: 256 (order: 0, 4096 bytes, linear)
[    0.348552] Table-perturb hash table entries: 65536 (order: 6, 262144 bytes, linear)
[    0.356329] TCP established hash table entries: 4096 (order: 3, 32768 bytes, linear)
[    0.364132] TCP bind hash table entries: 4096 (order: 5, 131072 bytes, linear)
[    0.371498] TCP: Hash tables configured (established 4096 bind 4096)
[    0.378208] MPTCP token hash table entries: 512 (order: 2, 12288 bytes, linear)
[    0.385677] UDP hash table entries: 256 (order: 1, 8192 bytes, linear)
[    0.392252] UDP-Lite hash table entries: 256 (order: 1, 8192 bytes, linear)
[    0.399462] NET: Registered PF_UNIX/PF_LOCAL protocol family
[    0.405165] PCI: CLS 0 bytes, default 64
[    0.409364] Unpacking initramfs...
[    0.412929] workingset: timestamp_bits=46 max_order=17 bucket_order=0
[    0.424341] squashfs: version 4.0 (2009/01/31) Phillip Lougher
[    0.430233] jffs2: version 2.2 (NAND) (SUMMARY) (LZMA) (RTIME) (CMODE_PRIORITY) (c) 2001-2006 Red Hat, Inc.
[    0.493340] Block layer SCSI generic (bsg) driver version 0.4 loaded (major 251)
[    0.503266] mt7622-pinctrl 10211000.pinctrl: invalid group "pwm_ch7_2" for function "pwm"
[    0.522623] mt-pmic-pwrap 10001000.pwrap: unexpected interrupt int=0x1
[    0.542822] Serial: 8250/16550 driver, 16 ports, IRQ sharing enabled
[    0.552364] printk: legacy console [ttyS0] disabled
[    0.577719] 11002000.serial: ttyS0 at MMIO 0x11002000 (irq = 118, base_baud = 1562500) is a ST16650V2
[    0.587087] printk: legacy console [ttyS0] enabled
[    0.587087] printk: legacy console [ttyS0] enabled
[    0.596710] printk: legacy bootconsole [uart8250] disabled
[    0.596710] printk: legacy bootconsole [uart8250] disabled
[    0.630131] 11004000.serial: ttyS1 at MMIO 0x11004000 (irq = 119, base_baud = 1562500) is a ST16650V2
[    0.644027] mtk_rng 1020f000.rng: registered RNG driver
[    0.650285] random: crng init done
[    0.658295] loop: module loaded
[    0.661931] mtk-ecc 1100e000.ecc: probed
[    0.689456] spi-nand spi2.0: Fidelix SPI NAND was found.
[    0.694784] spi-nand spi2.0: 128 MiB, block size: 128 KiB, page size: 2048, OOB size: 64
[    0.703056] mtk-snand 1100d000.spi: ECC strength: 4 bits per 512 bytes
[    0.754412] bbt_nand_read: 1 bitflips
[    0.822945] bbt_nand_read: 1 bitflips
[    0.828642] bbt_nand_read: 1 bitflips
[    0.837784] bbt_nand_read: 1 bitflips
[    0.857787] bbt_nand_read: 1 bitflips
[    0.952650] bbt_nand_read: 1 bitflips
[    0.968270] bbt_nand_read: 1 bitflips
[    0.976892] [BBT] 80 available blocks in BMT pool
[    0.986489] [BBT] BMT.v2 is written into PBA:0x3ff
[    1.641726] Freeing initrd memory: 4540K
[    1.653923] 12 fixed-partitions partitions found on MTD device spi2.0
[    1.660758] Creating 12 MTD partitions on "spi2.0":
[    1.665640] 0x000000000000-0x000000080000 : "Preloader"
[    1.671949] 0x000000080000-0x0000000c0000 : "ATF"
[    1.677488] 0x0000000c0000-0x000000140000 : "u-boot"
[    1.683416] 0x000000140000-0x0000001c0000 : "u-boot-env"
[    1.690507] 0x0000001c0000-0x0000002c0000 : "factory"
[    1.697309] 0x000000300000-0x000000320000 : "devinfo"
[    1.703429] 0x000000320000-0x000000340000 : "senv"
[    1.708830] 0x000000360000-0x000000380000 : "bootseq"
[    1.714406] 0x000000500000-0x000002300000 : "firmware1"
[    1.751804] 0x000002300000-0x000004100000 : "firmware2"
[    1.789840] 0x000004100000-0x000005a00000 : "data"
[    1.821726] 0x000005a00000-0x000006e00000 : "mfg"
[    1.969724] mtk_soc_eth 1b100000.ethernet: generated random MAC address 20:08:02:00:00:00
[    1.980958] mtk_soc_eth 1b100000.ethernet eth0: mediatek frame engine at 0xffffffc0814a0000, irq 126
[    1.990944] i2c_dev: i2c /dev entries driver
[    1.996940] mtk-wdt 10212000.watchdog: Watchdog enabled (timeout=31 sec, nowayout=0)
[    2.007276] NET: Registered PF_INET6 protocol family
[    2.013362] Segment Routing with IPv6
[    2.017054] In-situ OAM (IOAM) with IPv6
[    2.021034] NET: Registered PF_PACKET protocol family
[    2.026103] bridge: filtering via arp/ip/ip6tables is no longer available by default. Update your scripts to load br_netfilter if you need this.
[    2.039330] 8021q: 802.1Q VLAN Support v1.8
[    2.065365] mtk-pcie 1a143000.pcie: host bridge /pcie@1a143000 ranges:
[    2.071977] mtk-pcie 1a143000.pcie: Parsing ranges property...
[    2.077819] mtk-pcie 1a143000.pcie:      MEM 0x0020000000..0x0027ffffff -> 0x0020000000
[    2.204763] mtk-pcie 1a143000.pcie: PCI host bridge to bus 0000:00
[    2.211002] pci_bus 0000:00: root bus resource [bus 00-ff]
[    2.216492] pci_bus 0000:00: root bus resource [mem 0x20000000-0x27ffffff]
[    2.223371] pci_bus 0000:00: scanning bus
[    2.227645] pci 0000:00:00.0: [14c3:3258] type 01 class 0x060400 PCIe Root Port
[    2.235147] pci 0000:00:00.0: BAR 0 [mem 0x00000000-0x1ffffffff 64bit pref]
[    2.242186] pci 0000:00:00.0: PCI bridge to [bus 00]
[    2.247218] pci 0000:00:00.0:   bridge window [mem 0x00000000-0x000fffff]
[    2.256837] pci_bus 0000:00: fixups for bus
[    2.261063] pci 0000:00:00.0: scanning [bus 00-00] behind bridge, pass 0
[    2.267762] pci 0000:00:00.0: bridge configuration invalid ([bus 00-00]), reconfiguring
[    2.275841] pci 0000:00:00.0: scanning [bus 00-00] behind bridge, pass 1
[    2.282965] pci_bus 0000:01: scanning bus
[    2.287200] pci 0000:01:00.0: [14c3:7915] type 00 class 0x000280 PCIe Endpoint
[    2.294613] pci 0000:01:00.0: BAR 0 [mem 0x00000000-0x000fffff 64bit pref]
[    2.301599] pci 0000:01:00.0: BAR 2 [mem 0x00000000-0x00003fff 64bit pref]
[    2.308588] pci 0000:01:00.0: BAR 4 [mem 0x00000000-0x00000fff 64bit pref]
[    2.316255] pci 0000:01:00.0: supports D1 D2
[    2.320532] pci 0000:01:00.0: PME# supported from D0 D1 D2 D3hot D3cold
[    2.327167] pci 0000:01:00.0: PME# disabled
[    2.331688] pci 0000:01:00.0: 2.000 Gb/s available PCIe bandwidth, limited by 2.5 GT/s PCIe x1 link at 0000:00:00.0 (capable of 4.000 Gb/s with 5.0 GT/s PCIe x1 link)
[    2.368372] pci_bus 0000:01: fixups for bus
[    2.372584] pci_bus 0000:01: bus scan returning with max=01
[    2.378194] pci_bus 0000:01: busn_res: [bus 01-ff] end is updated to 01
[    2.384860] pci_bus 0000:00: bus scan returning with max=01
[    2.390452] pci 0000:00:00.0: BAR 0 [mem size 0x200000000 64bit pref]: can't assign; no space
[    2.398985] pci 0000:00:00.0: BAR 0 [mem size 0x200000000 64bit pref]: failed to assign
[    2.406988] pci 0000:00:00.0: bridge window [mem 0x20000000-0x201fffff]: assigned
[    2.414477] pci 0000:01:00.0: BAR 0 [mem 0x20000000-0x200fffff 64bit pref]: assigned
[    2.422307] pci 0000:01:00.0: BAR 2 [mem 0x20100000-0x20103fff 64bit pref]: assigned
[    2.430144] pci 0000:01:00.0: BAR 4 [mem 0x20104000-0x20104fff 64bit pref]: assigned
[    2.437967] pci 0000:00:00.0: PCI bridge to [bus 01]
[    2.442968] pci 0000:00:00.0:   bridge window [mem 0x20000000-0x201fffff]
[    2.449831] pci_bus 0000:00: Some PCI device resources are unassigned, try booting with pci=realloc
[    2.458876] pci_bus 0000:00: resource 4 [mem 0x20000000-0x27ffffff]
[    2.465140] pci_bus 0000:01: resource 1 [mem 0x20000000-0x201fffff]
[    2.471422] pci 0000:00:00.0: save config 0x00: 0x325814c3
[    2.476915] pci 0000:00:00.0: save config 0x04: 0x00100000
[    2.482413] pci 0000:00:00.0: save config 0x08: 0x06040000
[    2.487906] pci 0000:00:00.0: save config 0x0c: 0x00010000
[    2.493408] pci 0000:00:00.0: save config 0x10: 0x0000000c
[    2.498907] pci 0000:00:00.0: save config 0x14: 0x00000000
[    2.504400] pci 0000:00:00.0: save config 0x18: 0x40010100
[    2.509899] pci 0000:00:00.0: save config 0x1c: 0x04200000
[    2.515393] pci 0000:00:00.0: save config 0x20: 0x20102000
[    2.520891] pci 0000:00:00.0: save config 0x24: 0x00000000
[    2.526384] pci 0000:00:00.0: save config 0x28: 0x00000000
[    2.531882] pci 0000:00:00.0: save config 0x2c: 0x00000000
[    2.537375] pci 0000:00:00.0: save config 0x30: 0x00000000
[    2.542875] pci 0000:00:00.0: save config 0x34: 0x00000050
[    2.548378] pci 0000:00:00.0: save config 0x38: 0x00000000
[    2.553871] pci 0000:00:00.0: save config 0x3c: 0x00020100
[    2.559870] pcieport 0000:00:00.0: assign IRQ: got 130
[    2.565044] pcieport 0000:00:00.0: enabling device (0000 -> 0002)
[    2.571264] pcieport 0000:00:00.0: enabling bus mastering
[    2.576778] mtk-pcie 1a143000.pcie: msi#0 address_hi 0x0 address_lo 0x452f50c0
[    2.584497] pcieport 0000:00:00.0: PME: Signaling with IRQ 130
[    2.590492] pcieport 0000:00:00.0: save config 0x00: 0x325814c3
[    2.596424] pcieport 0000:00:00.0: save config 0x04: 0x00100006
[    2.602362] pcieport 0000:00:00.0: save config 0x08: 0x06040000
[    2.608301] pcieport 0000:00:00.0: save config 0x0c: 0x00010000
[    2.614228] pcieport 0000:00:00.0: save config 0x10: 0x0000000c
[    2.620160] pcieport 0000:00:00.0: save config 0x14: 0x00000000
[    2.626086] pcieport 0000:00:00.0: save config 0x18: 0x40010100
[    2.632021] pcieport 0000:00:00.0: save config 0x1c: 0x04200000
[    2.637947] pcieport 0000:00:00.0: save config 0x20: 0x20102000
[    2.643879] pcieport 0000:00:00.0: save config 0x24: 0x00000000
[    2.649815] pcieport 0000:00:00.0: save config 0x28: 0x00000000
[    2.655742] pcieport 0000:00:00.0: save config 0x2c: 0x00000000
[    2.661674] pcieport 0000:00:00.0: save config 0x30: 0x00000000
[    2.667600] pcieport 0000:00:00.0: save config 0x34: 0x00000050
[    2.673537] pcieport 0000:00:00.0: save config 0x38: 0x00000000
[    2.679470] pcieport 0000:00:00.0: save config 0x3c: 0x00020182
[    2.685801] OF: /pcie@1a143000/pcie@0,0: Missing device_type
[    2.691766] pci 0000:01:00.0: save config 0x00: 0x791514c3
[    2.697268] pci 0000:01:00.0: save config 0x04: 0x00100000
[    2.702773] pci 0000:01:00.0: save config 0x08: 0x00028000
[    2.708272] pci 0000:01:00.0: save config 0x0c: 0x00000000
[    2.713764] pci 0000:01:00.0: save config 0x10: 0x2000000c
[    2.719263] pci 0000:01:00.0: save config 0x14: 0x00000000
[    2.724755] pci 0000:01:00.0: save config 0x18: 0x2010000c
[    2.730259] pci 0000:01:00.0: save config 0x1c: 0x00000000
[    2.735752] pci 0000:01:00.0: save config 0x20: 0x2010400c
[    2.741250] pci 0000:01:00.0: save config 0x24: 0x00000000
[    2.746743] pci 0000:01:00.0: save config 0x28: 0x00000000
[    2.752243] pci 0000:01:00.0: save config 0x2c: 0x791514c3
[    2.757736] pci 0000:01:00.0: save config 0x30: 0x00000000
[    2.763238] pci 0000:01:00.0: save config 0x34: 0x00000080
[    2.768738] pci 0000:01:00.0: save config 0x38: 0x00000000
[    2.774230] pci 0000:01:00.0: save config 0x3c: 0x00000100
[    2.780618] mtk-pcie 1a145000.pcie: host bridge /pcie@1a145000 ranges:
[    2.787174] mtk-pcie 1a145000.pcie: Parsing ranges property...
[    2.793031] mtk-pcie 1a145000.pcie:      MEM 0x0028000000..0x002fffffff -> 0x0028000000
[    3.008128] mtk-pcie 1a145000.pcie: Port1 link down
[    3.013237] mtk-pcie 1a145000.pcie: PCI host bridge to bus 0001:00
[    3.019455] pci_bus 0001:00: root bus resource [bus 00-ff]
[    3.024947] pci_bus 0001:00: root bus resource [mem 0x28000000-0x2fffffff]
[    3.031827] pci_bus 0001:00: scanning bus
[    3.037053] pci_bus 0001:00: fixups for bus
[    3.041241] pci_bus 0001:00: bus scan returning with max=00
[    3.046813] pci_bus 0001:00: resource 4 [mem 0x28000000-0x2fffffff]
[    3.053841] mtk_hsdma 1b007000.dma-controller: MediaTek HSDMA driver registered
[    3.152143] mt7530-mdio mdio-bus:1f: configuring for fixed/2500base-x link mode
[    3.161407] mt7530-mdio mdio-bus:1f: Link is Up - 2.5Gbps/Full - flow control rx/tx
[    3.171141] mt7530-mdio mdio-bus:1f lan1 (uninitialized): PHY [mt7530-0:00] driver [MediaTek MT7531 PHY] (irq=133)
[    3.193113] mt7530-mdio mdio-bus:1f lan2 (uninitialized): PHY [mt7530-0:01] driver [MediaTek MT7531 PHY] (irq=134)
[    3.214293] mt7530-mdio mdio-bus:1f lan3 (uninitialized): PHY [mt7530-0:02] driver [MediaTek MT7531 PHY] (irq=135)
[    3.235482] mt7530-mdio mdio-bus:1f lan4 (uninitialized): PHY [mt7530-0:03] driver [MediaTek MT7531 PHY] (irq=136)
[    3.256890] mt7530-mdio mdio-bus:1f wan (uninitialized): PHY [mt7530-0:04] driver [MediaTek MT7531 PHY] (irq=137)
[    3.268240] mtk_soc_eth 1b100000.ethernet eth0: entered promiscuous mode
[    3.274995] DSA: tree 0 setup
[    3.278458] UBI: auto-attach mtd10
[    3.281877] ubi0: default fastmap pool size: 10
[    3.286400] ubi0: default fastmap WL pool size: 5
[    3.291109] ubi0: attaching mtd10
[    3.403323] ubi0: scanning is finished
[    3.407102] ubi0 error: ubi_read_volume_table: the layout volume was not found
[    3.414381] ubi0 error: ubi_attach_mtd_dev: failed to attach mtd10, error -22
[    3.421583] UBI error: cannot attach mtd10
[    3.425825] clk: Disabling unused clocks
[    3.430078] PM: genpd: Disabling unused power domains
[    3.435867] Freeing unused kernel memory: 896K
[    3.440422] Run /init as init process
[    3.444080]   with arguments:
[    3.447038]     /init
[    3.449315]   with environment:
[    3.452448]     HOME=/
[    3.454799]     TERM=linux
[    3.601162] init: Console is alive
[    3.604715] init: - watchdog -
[    3.612570] kmodloader: loading kernel modules from /etc/modules-boot.d/*
[    3.625701] usbcore: registered new interface driver usbfs
[    3.631299] usbcore: registered new interface driver hub
[    3.636659] usbcore: registered new device driver usb
[    3.642756] gpio_button_hotplug: loading out-of-tree module taints kernel.
[    3.655777] xhci-mtk 1a0c0000.usb: xHCI Host Controller
[    3.661074] xhci-mtk 1a0c0000.usb: new USB bus registered, assigned bus number 1
[    3.670170] xhci-mtk 1a0c0000.usb: hcc params 0x01403198 hci version 0x96 quirks 0x0000000000200010
[    3.679276] xhci-mtk 1a0c0000.usb: irq 138, io mem 0x1a0c0000
[    3.685149] xhci-mtk 1a0c0000.usb: xHCI Host Controller
[    3.690389] xhci-mtk 1a0c0000.usb: new USB bus registered, assigned bus number 2
[    3.697789] xhci-mtk 1a0c0000.usb: Host supports USB 3.0 SuperSpeed
[    3.704502] hub 1-0:1.0: USB hub found
[    3.708306] hub 1-0:1.0: 2 ports detected
[    3.712703] usb usb2: We don't know the algorithms for LPM for this host, disabling LPM.
[    3.721365] hub 2-0:1.0: USB hub found
[    3.725152] hub 2-0:1.0: 1 port detected
[    3.733875] kmodloader: done loading kernel modules from /etc/modules-boot.d/*
[    3.750980] init: - preinit -
[    3.824731] mtk_soc_eth 1b100000.ethernet eth0: configuring for fixed/2500base-x link mode
[    3.833365] mtk_soc_eth 1b100000.ethernet eth0: Link is Up - 2.5Gbps/Full - flow control rx/tx
[    3.841492] mt7530-mdio mdio-bus:1f lan1: configuring for phy/gmii link mode
Press the [f] key and hit [enter] to enter failsafe mode
Press the [1], [2], [3] or [4] key and hit [enter] to select the debug level
[    8.081768] procd: - early -
[    8.084827] procd: - watchdog -
[    8.628489] procd: - watchdog -
[    8.631994] procd: - ubus -
[    8.690062] procd: - init -
Please press Enter to activate this console.
root
login[959]: root login on 'ttyS0'


BusyBox v1.37.0 (2026-01-02 17:07:02 UTC) built-in shell (ash)

  _______                     ________        __
 |       |.-----.-----.-----.|  |  |  |.----.|  |_
 |   -   ||  _  |  -__|     ||  |  |  ||   _||   _|
 |_______||   __|_____|__|__||________||__|  |____|
          |__| W I R E L E S S   F R E E D O M
 -----------------------------------------------------
 OpenWrt SNAPSHOT, r33358-87c2c474f2
 -----------------------------------------------------

 === WARNING! =====================================
 There is no root password defined on this device!
 Use the "passwd" command to set up a new password
 in order to prevent unauthorized SSH logins.
 --------------------------------------------------

root@(none):~# ms[    8.911430] kmodloader: loading kernel modules from /etc/modules.d/*
[    8.924157] Loading modules backported from Linux version v6.18.7-0-g5dfbc5357
[    8.931437] Backport generated by backports.git c8a37ce
-n 1
-ash: ms-n: not found
root@(none):~# [    8.990435] mt7622-wmac 18000000.wmac: Invalid MAC address, using random address 8a:c3:72:44:a2:e0
[    9.000601] mt7622-wmac 18000000.wmac: registering led 'mt76-phy0'
[    9.048804] ieee80211 phy0: Selected rate control algorithm 'minstrel_ht'
[    9.072737] mt7915e 0000:01:00.0: assign IRQ: got 130
[    9.077843] mt7915e 0000:01:00.0: enabling device (0000 -> 0002)
[    9.083983] mt7915e 0000:01:00.0: enabling bus mastering
[    9.091678] mt7622-wmac 18000000.wmac: HW/SW Version: 0x8a108a10, Build Time: 20190801210006a
[    9.091678] 
[    9.120987] mt7622-wmac 18000000.wmac: N9 Firmware Version: _reserved_, Build Time: 20220630094834
[    9.138306] urngd: v1.0.2 started.
[    9.218277] mtk-pcie 1a143000.pcie: msi#0 address_hi 0x0 address_lo 0x452f50c0
[    9.248739] mt7915e 0000:01:00.0: HW/SW Version: 0x8a108a10, Build Time: 20240429200716a
[    9.275454] mt7915e 0000:01:00.0: WM Firmware Version: ____000000, Build Time: 20240429200752
[    9.311986] mt7915e 0000:01:00.0: WA Firmware Version: DEV_000000, Build Time: 20240429200812
[    9.427979] mt7915e 0000:01:00.0: eeprom load fail, use default bin
[    9.434433] mt7915e 0000:01:00.0: Direct firmware load for mediatek/mt7915_eeprom.bin failed with error -2
[    9.444139] mt7915e 0000:01:00.0: Falling back to sysfs fallback for: mediatek/mt7915_eeprom.bin
[    9.463111] mt7915e 0000:01:00.0: probe with driver mt7915e failed with error -12
[    9.497210] PPP generic driver version 2.4.2
[    9.502464] NET: Registered PF_PPPOX protocol family
[    9.510852] kmodloader: done loading kernel modules from /etc/modules.d/*
echo 'LCHJ''GKMMFW'
LCHJGKMMFW
root@OpenWrt:~# run() { echo -n "$MARKER"; sh -c "$@"; echo "$MARKER $?"; }
root@OpenWrt:~# [   16.717822] mtk_soc_eth 1b100000.ethernet eth0: Link is Down
[   16.748974] mtk_soc_eth 1b100000.ethernet eth0: configuring for fixed/2500base-x link mode
[   16.767310] mtk_soc_eth 1b100000.ethernet eth0: Link is Up - 2.5Gbps/Full - flow control rx/tx
[   16.774241] mt7530-mdio mdio-bus:1f lan1: configuring for phy/gmii link mode
[   16.792777] br-lan: port 1(lan1) entered blocking state
[   16.798026] br-lan: port 1(lan1) entered disabled state
[   16.803361] mt7530-mdio mdio-bus:1f lan1: entered allmulticast mode
[   16.809681] mtk_soc_eth 1b100000.ethernet eth0: entered allmulticast mode
[   16.819218] mt7530-mdio mdio-bus:1f lan1: entered promiscuous mode
[   16.856588] mt7530-mdio mdio-bus:1f lan2: configuring for phy/gmii link mode
[   16.870195] br-lan: port 2(lan2) entered blocking state
[   16.875447] br-lan: port 2(lan2) entered disabled state
[   16.880847] mt7530-mdio mdio-bus:1f lan2: entered allmulticast mode
[   16.889754] mt7530-mdio mdio-bus:1f lan2: entered promiscuous mode
[   16.909205] mt7530-mdio mdio-bus:1f lan3: configuring for phy/gmii link mode
[   16.920409] br-lan: port 3(lan3) entered blocking state
[   16.925659] br-lan: port 3(lan3) entered disabled state
[   16.931033] mt7530-mdio mdio-bus:1f lan3: entered allmulticast mode
[   16.940355] mt7530-mdio mdio-bus:1f lan3: entered promiscuous mode
[   16.961053] mt7530-mdio mdio-bus:1f lan4: configuring for phy/gmii link mode
[   16.973660] br-lan: port 4(lan4) entered blocking state
[   16.978981] br-lan: port 4(lan4) entered disabled state
[   16.984251] mt7530-mdio mdio-bus:1f lan4: entered allmulticast mode
[   16.995868] mt7530-mdio mdio-bus:1f lan4: entered promiscuous mode
[   17.022694] mt7530-mdio mdio-bus:1f wan: configuring for phy/gmii link mode
[   20.192081] mt7530-mdio mdio-bus:1f lan4: Link is Up - 1Gbps/Full - flow control off
[   20.192135] br-lan: port 4(lan4) entered blocking state
[   20.205104] br-lan: port 4(lan4) entered forwarding state
echo 'VAWP''WXYKJU'
VAWPWXYKJU
root@OpenWrt:~# MARKER='TEEZ''VYANHA' run true
TEEZVYANHATEEZVYANHA 0
root@OpenWrt:~# echo 'SSOP''YWFNJC'
SSOPYWFNJC
root@OpenWrt:~# MARKER='TKXE''EQJEEJ' run 'source /etc/os-release; echo $BUILD_I
D'
TKXEEQJEEJr33358-87c2c474f2
TKXEEQJEEJ 0
root@OpenWrt:~# echo 'VCZP''NOGJGN'
VCZPNOGJGN
root@OpenWrt:~# MARKER='AJAJ''NPHJMH' run 'ls /etc/dropbear/dropbear_rsa_host_ke
y'
AJAJNPHJMH[0;0m/etc/dropbear/dropbear_rsa_host_key[m
AJAJNPHJMH 0
root@OpenWrt:~# echo 'WPXG''UAWLBB'
WPXGUAWLBB
root@OpenWrt:~# MARKER='XGVA''HPGJXB' run 'netstat -tlpn | grep 0.0.0.0:22'
XGVAHPGJXBtcp        0      0 0.0.0.0:22              0.0.0.0:*               LISTEN      1696/dropbear
XGVAHPGJXB 0
root@OpenWrt:~# Watchdog handover: fd=3
- watchdog -
Watchdog does not have CARDRESET support
Thu Jan  1 00:05:26 GMT 1970 upgrade: Sending TERM to remaining processes ...
Thu Jan  1 00:05:30 GMT 1970 upgrade: Sending KILL to remaining processes ...
[  336.529442] stage2 (3080): drop_caches: 3
Thu Jan  1 00:05:36 GMT 1970 upgrade: Switching to ramdisk...
Thu Jan  1 00:05:37 UTC 1970 upgrade: Performing system upgrade...
[  337.785561] do_stage2 (3080): drop_caches: 3
Unlocking firmware1 ...

Writing from <stdin> to firmware1 ...  [ ][e][w][e][w][e][w][e][w][e][w][e][w][e][w][e][w][e][w][e][w][e][w][e][w][e][w][e][w][e][w][e][w][e][w][e][w][e][w][e][w][e][w][e][w][e][w][e][w][e][w][e][w][e][w][e][w][e][w][e][w][e][w][e][w][e][w][e][w][e][w][e][w][e][w][e][w][e][w][e][w][e][w][e][w][e][w][e][w][e][w][e][w][e][w][e][w][e][w][e][w][e][w][e][w][e][w][e][w][e][w][e][w][e][w][e][w][e][w][e][w][e][w][e][w][e][w][e][w][e][w][e][w][e][w][e][w][e][w][e][w][e][w][e][w][e][w][e][w][e][w][e][w][e][w][e][w][e][w][e][w][e][w][e][w]    
Thu Jan  1 00:05:39 UTC 1970 upgrade: Upgrade completed
Thu Jan  1 00:05:40 UTC 1970 upgrade: Rebooting system...
umount: can't unmount /dev: Resource busy
umount: can't unmount /tmp: Resource busy
[  341.009918] mt7530-mdio mdio-bus:1f lan4: Link is Down
[  341.017987] br-lan: port 4(lan4) entered disabled state
[  341.023434] br-lan: port 3(lan3) entered disabled state
[  341.028827] br-lan: port 2(lan2) entered disabled state
[  341.034173] br-lan: port 1(lan1) entered disabled state
[  341.042883] mtk_soc_eth 1b100000.ethernet eth0: Link is Down
[  341.052867] reboot: Restarting system

F0: 102B 0000
F6: 0000 0000
V0: 0000 0000 [0001]
00: 0000 0000
BP: 0400 0041 [0000]
G0: 1190 0000
T0: 0000 02B1 [000F]
Jump to BL

NOTICE:  BL2: v2.4(release):OpenWrt v2021-05-08-d2c75b21-3 (mt7622-snand-1ddr)
NOTICE:  BL2: Built : 22:25:54, Jul 15 2024
NOTICE:  SPI-NAND: FM35Q1GA (128MB)
NOTICE:  BL2: Booting BL31
NOTICE:  BL31: v2.9(release):OpenWrt v2023-07-24-00ac6db3-2 (mt7622-snand-1ddr)
NOTICE:  BL31: Built : 12:34:46, Sep 23 2024


U-Boot 2023.07.02-OpenWrt-r24106-10cc5fcd00 (Sep 23 2024 - 12:34:46 +0000)

CPU:   MediaTek MT7622
Model: mt7622-linksys-e8450-ubi
DRAM:  512 MiB
Core:  48 devices, 21 uclasses, devicetree: separate
MMC:   
Loading Environment from UBI... SPI-NAND: FM35Q1GA (128MB)
Read 126976 bytes from volume ubootenv to 000000005f7bf200
Read 126976 bytes from volume ubootenv2 to 000000005f7de240
OK
In:    serial@11002000
Out:   serial@11002000
Err:   serial@11002000
reset button found
Loading Environment from UBI... UBI partition 'ubi' already selected
Read 126976 bytes from volume ubootenv to 000000005f7bf200
Read 126976 bytes from volume ubootenv2 to 000000005f7de240
OK
Net:   eth0: ethernet@1b100000
7[r[999;999H[6n8No EFI system partition
No EFI system partition
Failed to persist EFI variables
[?25l[2J[1;1H[1;1H[2K[2;3H      [0;34m( ( ( [1;39mOpenWrt[0;34m ) ) )[0m       [33mU-Boot 2021.10 (Nov 19 2021 - 22:51:20 +0000)[0m[0K[3;1H[2K[16;1H[2K[17;3HPress UP/DOWN to move, ENTER to select, ESC to quit[0K[18;1H[2K[4;7H[7m1. Run default boot command.[0m[5;7H2. Boot system via TFTP.[6;7H3. Boot production system from flash.[7;7H4. Boot recovery system from flash.[8;7H5. Load production system via TFTP then write to flash.[9;7H6. Load recovery system via TFTP then write to flash.[10;7H7. [31mLoad BL31+U-Boot FIP via TFTP then write to flash.[0m[11;7H8. [31mLoad BL2 preloader via TFTP then write to flash.[0m[12;7H9. Reboot.[13;7Ha. Reset all settings to factory defaults.[14;7H0. U-Boot console[16;3HHit any key to stop autoboot: 3 [16;3HHit any key to stop autoboot: 2 [16;3HHit any key to stop autoboot: 1 [16;1H[2K[?25h[2J[1;1HUBI partition 'ubi' already selected
No size specified -> Using max size (11808768)
Read 11808768 bytes from volume fit to 0000000048000000

## Checking Image at 48000000 ...
   FIT image found
   FIT description: ARM64 OpenWrt FIT (Flattened Image Tree)
    Image 0 (kernel-1)
     Description:  ARM64 OpenWrt Linux-5.15.167
     Type:         Kernel Image
     Compression:  gzip compressed
     Data Start:   0x48001000
     Data Size:    5263885 Bytes = 5 MiB
     Architecture: AArch64
     OS:           Linux
     Load Address: 0x44000000
     Entry Point:  0x44000000
     Hash algo:    crc32
     Hash value:   3dcdc810
     Hash algo:    sha1
     Hash value:   658bcb67f8707e84f9e10b70e6ca5e56cebf8a1c
    Image 1 (fdt-1)
     Description:  ARM64 OpenWrt linksys_e8450-ubi device tree blob
     Type:         Flat Device Tree
     Compression:  uncompressed
     Data Start:   0x48507000
     Data Size:    30610 Bytes = 29.9 KiB
     Architecture: AArch64
     Hash algo:    crc32
     Hash value:   da1cd03e
     Hash algo:    sha1
     Hash value:   b658c77bb8e6d29e886668fe18eec6d6cfd218f9
    Image 2 (rootfs-1)
     Description:  ARM64 OpenWrt linksys_e8450-ubi rootfs
     Type:         Filesystem Image
     Compression:  uncompressed
     Data Start:   0x4850f000
     Data Size:    6451200 Bytes = 6.2 MiB
     Hash algo:    crc32
     Hash value:   09c2948c
     Hash algo:    sha1
     Hash value:   ff858339cb628283d1701f4f03d8bb8023c21744
    Default Configuration: 'config-1'
    Configuration 0 (config-1)
     Description:  OpenWrt linksys_e8450-ubi
     Kernel:       kernel-1
     FDT:          fdt-1
     Loadables:    rootfs-1
## Checking hash(es) for FIT Image at 48000000 ...
   Hash(es) for Image 0 (kernel-1): crc32+ sha1+ 
   Hash(es) for Image 1 (fdt-1): crc32+ sha1+ 
   Hash(es) for Image 2 (rootfs-1): crc32+ sha1+ 
## Loading kernel from FIT Image at 48000000 ...
   Using 'config-1' configuration
   Trying 'kernel-1' kernel subimage
     Description:  ARM64 OpenWrt Linux-5.15.167
     Type:         Kernel Image
     Compression:  gzip compressed
     Data Start:   0x48001000
     Data Size:    5263885 Bytes = 5 MiB
     Architecture: AArch64
     OS:           Linux
     Load Address: 0x44000000
     Entry Point:  0x44000000
     Hash algo:    crc32
     Hash value:   3dcdc810
     Hash algo:    sha1
     Hash value:   658bcb67f8707e84f9e10b70e6ca5e56cebf8a1c
   Verifying Hash Integrity ... crc32+ sha1+ OK
## Loading fdt from FIT Image at 48000000 ...
   Using 'config-1' configuration
   Trying 'fdt-1' fdt subimage
     Description:  ARM64 OpenWrt linksys_e8450-ubi device tree blob
     Type:         Flat Device Tree
     Compression:  uncompressed
     Data Start:   0x48507000
     Data Size:    30610 Bytes = 29.9 KiB
     Architecture: AArch64
     Hash algo:    crc32
     Hash value:   da1cd03e
     Hash algo:    sha1
     Hash value:   b658c77bb8e6d29e886668fe18eec6d6cfd218f9
   Verifying Hash Integrity ... crc32+ sha1+ OK
   Booting using the fdt blob at 0x48507000
Working FDT set to 48507000
## Loading loadables from FIT Image at 48000000 ...
   Trying 'rootfs-1' loadables subimage
     Description:  ARM64 OpenWrt linksys_e8450-ubi rootfs
     Type:         Filesystem Image
     Compression:  uncompressed
     Data Start:   0x4850f000
     Data Size:    6451200 Bytes = 6.2 MiB
     Hash algo:    crc32
     Hash value:   09c2948c
     Hash algo:    sha1
     Hash value:   ff858339cb628283d1701f4f03d8bb8023c21744
   Verifying Hash Integrity ... crc32+ sha1+ OK
   Uncompressing Kernel Image
   Loading Device Tree to 000000005e7e0000, end 000000005e7ea791 ... OK
Working FDT set to 5e7e0000
Add 'ramoops@42ff0000' node failed: FDT_ERR_EXISTS

Starting kernel ...

[    0.000000] Booting Linux on physical CPU 0x0000000000 [0x410fd034]
[    0.000000] Linux version 5.15.167 (franco@franco-desktop) (aarch64-openwrt-linux-musl-gcc (OpenWrt GCC 12.3.0 r24106-10cc5fcd00) 12.3.0, GNU ld (GNU Binutils) 2.40.0) #0 SMP Mon Sep 23 12:34:46 2024
[    0.000000] Machine model: Linksys E8450 (UBI)
[    0.000000] earlycon: uart8250 at MMIO32 0x0000000011002000 (options '')
[    0.000000] printk: bootconsole [uart8250] enabled
[    0.000000] Zone ranges:
[    0.000000]   DMA      [mem 0x0000000040000000-0x000000005fffffff]
[    0.000000]   DMA32    empty
[    0.000000]   Normal   empty
[    0.000000] Movable zone start for each node
[    0.000000] Early memory node ranges
[    0.000000]   node   0: [mem 0x0000000040000000-0x0000000042ffffff]
[    0.000000]   node   0: [mem 0x0000000043000000-0x000000004302ffff]
[    0.000000]   node   0: [mem 0x0000000043030000-0x000000005fffffff]
[    0.000000] Initmem setup node 0 [mem 0x0000000040000000-0x000000005fffffff]
[    0.000000] psci: probing for conduit method from DT.
[    0.000000] psci: PSCIv1.1 detected in firmware.
[    0.000000] psci: Using standard PSCI v0.2 function IDs
[    0.000000] psci: MIGRATE_INFO_TYPE not supported.
[    0.000000] psci: SMC Calling Convention v1.4
[    0.000000] percpu: Embedded 17 pages/cpu s32664 r8192 d28776 u69632
[    0.000000] pcpu-alloc: s32664 r8192 d28776 u69632 alloc=17*4096
[    0.000000] pcpu-alloc: [0] 0 [0] 1 
[    0.000000] Detected VIPT I-cache on CPU0
[    0.000000] CPU features: kernel page table isolation disabled by kernel configuration
[    0.000000] CPU features: detected: ARM erratum 843419
[    0.000000] Built 1 zonelists, mobility grouping on.  Total pages: 129024
[    0.000000] Kernel command line: earlycon=uart8250,mmio32,0x11002000 console=ttyS0,115200n1 swiotlb=512
[    0.000000] Dentry cache hash table entries: 65536 (order: 7, 524288 bytes, linear)
[    0.000000] Inode-cache hash table entries: 32768 (order: 6, 262144 bytes, linear)
[    0.000000] mem auto-init: stack:off, heap alloc:off, heap free:off
[    0.000000] Memory: 501620K/524288K available (8128K kernel code, 888K rwdata, 2180K rodata, 448K init, 292K bss, 22668K reserved, 0K cma-reserved)
[    0.000000] SLUB: HWalign=64, Order=0-3, MinObjects=0, CPUs=2, Nodes=1
[    0.000000] rcu: Hierarchical RCU implementation.
[    0.000000] 	Tracing variant of Tasks RCU enabled.
[    0.000000] rcu: RCU calculated value of scheduler-enlistment delay is 10 jiffies.
[    0.000000] NR_IRQS: 64, nr_irqs: 64, preallocated irqs: 0
[    0.000000] Root IRQ handler: gic_handle_irq
[    0.000000] GIC: Using split EOI/Deactivate mode
[    0.000000] arch_timer: cp15 timer(s) running at 12.50MHz (phys).
[    0.000000] clocksource: arch_sys_counter: mask: 0xffffffffffffff max_cycles: 0x2e2049cda, max_idle_ns: 440795202628 ns
[    0.000000] sched_clock: 56 bits at 12MHz, resolution 80ns, wraps every 4398046511080ns
[    0.008243] Calibrating delay loop (skipped), value calculated using timer frequency.. 25.00 BogoMIPS (lpj=125000)
[    0.018640] pid_max: default: 32768 minimum: 301
[    0.023547] Mount-cache hash table entries: 1024 (order: 1, 8192 bytes, linear)
[    0.030893] Mountpoint-cache hash table entries: 1024 (order: 1, 8192 bytes, linear)
[    0.040036] rcu: Hierarchical SRCU implementation.
[    0.045316] smp: Bringing up secondary CPUs ...
[    0.050210] Detected VIPT I-cache on CPU1
[    0.050222] CPU features: SANITY CHECK: Unexpected variation in SYS_CNTFRQ_EL0. Boot CPU: 0x00000000bebc20, CPU1: 0x00000000000000
[    0.050243] CPU features: Unsupported CPU feature variation detected.
[    0.050272] CPU1: Booted secondary processor 0x0000000001 [0x410fd034]
[    0.050343] smp: Brought up 1 node, 2 CPUs
[    0.083266] SMP: Total of 2 processors activated.
[    0.087982] CPU features: detected: 32-bit EL0 Support
[    0.093138] CPU features: detected: CRC32 instructions
[    0.098323] CPU features: emulated: Privileged Access Never (PAN) using TTBR0_EL1 switching
[    0.106768] CPU: All CPU(s) started at EL2
[    0.110880] alternatives: patching kernel code
[    0.119836] clocksource: jiffies: mask: 0xffffffff max_cycles: 0xffffffff, max_idle_ns: 19112604462750000 ns
[    0.129740] futex hash table entries: 512 (order: 3, 32768 bytes, linear)
[    0.136703] pinctrl core: initialized pinctrl subsystem
[    0.142641] NET: Registered PF_NETLINK/PF_ROUTE protocol family
[    0.148904] DMA: preallocated 128 KiB GFP_KERNEL pool for atomic allocations
[    0.156026] DMA: preallocated 128 KiB GFP_KERNEL|GFP_DMA pool for atomic allocations
[    0.163831] DMA: preallocated 128 KiB GFP_KERNEL|GFP_DMA32 pool for atomic allocations
[    0.172056] thermal_sys: Registered thermal governor 'fair_share'
[    0.172060] thermal_sys: Registered thermal governor 'bang_bang'
[    0.178172] thermal_sys: Registered thermal governor 'step_wise'
[    0.184203] thermal_sys: Registered thermal governor 'user_space'
[    0.190428] ASID allocator initialised with 65536 entries
[    0.202334] pstore: Registered ramoops as persistent store backend
[    0.208543] ramoops: using 0x10000@0x42ff0000, ecc: 0
[    0.236554] cryptd: max_cpu_qlen set to 1000
[    0.243488] SCSI subsystem initialized
[    0.247460] libata version 3.00 loaded.
[    0.252555] clocksource: Switched to clocksource arch_sys_counter
[    0.259322] NET: Registered PF_INET protocol family
[    0.264349] IP idents hash table entries: 8192 (order: 4, 65536 bytes, linear)
[    0.272064] tcp_listen_portaddr_hash hash table entries: 256 (order: 0, 4096 bytes, linear)
[    0.280470] Table-perturb hash table entries: 65536 (order: 6, 262144 bytes, linear)
[    0.288249] TCP established hash table entries: 4096 (order: 3, 32768 bytes, linear)
[    0.296060] TCP bind hash table entries: 4096 (order: 4, 65536 bytes, linear)
[    0.303281] TCP: Hash tables configured (established 4096 bind 4096)
[    0.309735] UDP hash table entries: 256 (order: 1, 8192 bytes, linear)
[    0.316302] UDP-Lite hash table entries: 256 (order: 1, 8192 bytes, linear)
[    0.323414] NET: Registered PF_UNIX/PF_LOCAL protocol family
[    0.329117] PCI: CLS 0 bytes, default 64
[    0.335971] workingset: timestamp_bits=46 max_order=17 bucket_order=0
[    0.345942] squashfs: version 4.0 (2009/01/31) Phillip Lougher
[    0.351808] jffs2: version 2.2 (NAND) (SUMMARY) (LZMA) (RTIME) (CMODE_PRIORITY) (c) 2001-2006 Red Hat, Inc.
[    0.395714] mt7622-pinctrl 10211000.pinctrl: invalid group "pwm_ch7_2" for function "pwm"
[    0.408684] mt-pmic-pwrap 10001000.pwrap: unexpected interrupt int=0x1
[    0.423836] Serial: 8250/16550 driver, 3 ports, IRQ sharing disabled
[    0.431155] printk: console [ttyS0] disabled
[    0.455649] 11002000.serial: ttyS0 at MMIO 0x11002000 (irq = 125, base_baud = 1562500) is a ST16650V2
[    0.464972] printk: console [ttyS0] enabled
[    0.464972] printk: console [ttyS0] enabled
[    0.473342] printk: bootconsole [uart8250] disabled
[    0.473342] printk: bootconsole [uart8250] disabled
[    0.503912] 11004000.serial: ttyS1 at MMIO 0x11004000 (irq = 126, base_baud = 1562500) is a ST16650V2
[    0.514036] 1100c000.serial: ttyS2 at MMIO 0x1100c000 (irq = 130, base_baud = 17499995) is a MediaTek BTIF
[    0.523884] serial serial0: tty port ttyS2 registered
[    0.529655] mtk_rng 1020f000.rng: registered RNG driver
[    0.529845] random: crng init done
[    0.541608] loop: module loaded
[    0.545286] mtk-ecc 1100e000.ecc: probed
[    0.552181] spi-nand spi2.0: Fidelix SPI NAND was found.
[    0.557519] spi-nand spi2.0: 128 MiB, block size: 128 KiB, page size: 2048, OOB size: 64
[    0.565700] mtk-snand 1100d000.spi: ECC strength: 4 bits per 512 bytes
[    0.572452] 4 fixed-partitions partitions found on MTD device spi2.0
[    0.578863] OF: Bad cell count for /spi@1100d000/flash@0/partitions
[    0.585160] OF: Bad cell count for /spi@1100d000/flash@0/partitions
[    0.591731] Creating 4 MTD partitions on "spi2.0":
[    0.596534] 0x000000000000-0x000000080000 : "bl2"
[    0.602159] 0x000000080000-0x0000001c0000 : "fip"
[    0.608583] 0x0000001c0000-0x0000002c0000 : "factory"
[    0.615123] 0x000000300000-0x000008000000 : "ubi"
[    0.883955] mtk_soc_eth 1b100000.ethernet: generated random MAC address 06:44:a8:a8:53:a6
[    0.894762] mtk_soc_eth 1b100000.ethernet eth0: mediatek frame engine at 0xffffffc009300000, irq 141
[    0.904665] i2c_dev: i2c /dev entries driver
[    0.910225] mtk-wdt 10212000.watchdog: IRQ index 0 not found
[    0.916081] mtk-wdt 10212000.watchdog: Watchdog enabled (timeout=31 sec, nowayout=0)
[    0.926126] NET: Registered PF_INET6 protocol family
[    0.931976] Segment Routing with IPv6
[    0.935698] In-situ OAM (IOAM) with IPv6
[    0.939658] NET: Registered PF_PACKET protocol family
[    0.944880] 8021q: 802.1Q VLAN Support v1.8
[    0.950311] pstore: Using crash dump compression: deflate
[    0.966129] mtk-pcie 1a143000.pcie: host bridge /pcie@1a143000 ranges:
[    0.972710] mtk-pcie 1a143000.pcie: Parsing ranges property...
[    0.978548] mtk-pcie 1a143000.pcie:      MEM 0x0020000000..0x0027ffffff -> 0x0020000000
[    1.119040] mtk-pcie 1a143000.pcie: PCI host bridge to bus 0000:00
[    1.125264] pci_bus 0000:00: root bus resource [bus 00-ff]
[    1.130753] pci_bus 0000:00: root bus resource [mem 0x20000000-0x27ffffff]
[    1.137632] pci_bus 0000:00: scanning bus
[    1.141848] pci 0000:00:00.0: [14c3:3258] type 01 class 0x060400
[    1.148046] pci 0000:00:00.0: reg 0x10: [mem 0x00000000-0x1ffffffff 64bit pref]
[    1.158060] pci_bus 0000:00: fixups for bus
[    1.162267] pci 0000:00:00.0: scanning [bus 00-00] behind bridge, pass 0
[    1.168986] pci 0000:00:00.0: bridge configuration invalid ([bus 00-00]), reconfiguring
[    1.177067] pci 0000:00:00.0: scanning [bus 00-00] behind bridge, pass 1
[    1.184203] pci_bus 0000:01: scanning bus
[    1.188430] pci 0000:01:00.0: [14c3:7915] type 00 class 0x000280
[    1.194624] pci 0000:01:00.0: reg 0x10: [mem 0x00000000-0x000fffff 64bit pref]
[    1.201951] pci 0000:01:00.0: reg 0x18: [mem 0x00000000-0x00003fff 64bit pref]
[    1.209284] pci 0000:01:00.0: reg 0x20: [mem 0x00000000-0x00000fff 64bit pref]
[    1.217258] pci 0000:01:00.0: supports D1 D2
[    1.221523] pci 0000:01:00.0: PME# supported from D0 D1 D2 D3hot D3cold
[    1.228168] pci 0000:01:00.0: PME# disabled
[    1.232682] pci 0000:01:00.0: 2.000 Gb/s available PCIe bandwidth, limited by 2.5 GT/s PCIe x1 link at 0000:00:00.0 (capable of 4.000 Gb/s with 5.0 GT/s PCIe x1 link)
[    1.276003] pci_bus 0000:01: fixups for bus
[    1.280214] pci_bus 0000:01: bus scan returning with max=01
[    1.285832] pci_bus 0000:01: busn_res: [bus 01-ff] end is updated to 01
[    1.292471] pci_bus 0000:00: bus scan returning with max=01
[    1.298071] pci 0000:00:00.0: BAR 0: no space for [mem size 0x200000000 64bit pref]
[    1.305726] pci 0000:00:00.0: BAR 0: failed to assign [mem size 0x200000000 64bit pref]
[    1.313738] pci 0000:00:00.0: BAR 8: assigned [mem 0x20000000-0x201fffff]
[    1.320524] pci 0000:01:00.0: BAR 0: assigned [mem 0x20000000-0x200fffff 64bit pref]
[    1.328352] pci 0000:01:00.0: BAR 2: assigned [mem 0x20100000-0x20103fff 64bit pref]
[    1.336182] pci 0000:01:00.0: BAR 4: assigned [mem 0x20104000-0x20104fff 64bit pref]
[    1.344009] pci 0000:00:00.0: PCI bridge to [bus 01]
[    1.348971] pci 0000:00:00.0:   bridge window [mem 0x20000000-0x201fffff]
[    1.355894] pcieport 0000:00:00.0: assign IRQ: got 146
[    1.361037] pcieport 0000:00:00.0: enabling device (0000 -> 0002)
[    1.367148] pcieport 0000:00:00.0: enabling bus mastering
[    1.372595] mtk-pcie 1a143000.pcie: msi#0 address_hi 0x0 address_lo 0x44dcd0c0
[    1.379997] pcieport 0000:00:00.0: PME: Signaling with IRQ 146
[    1.385938] pcieport 0000:00:00.0: saving config space at offset 0x0 (reading 0x325814c3)
[    1.394131] pcieport 0000:00:00.0: saving config space at offset 0x4 (reading 0x100006)
[    1.402130] pcieport 0000:00:00.0: saving config space at offset 0x8 (reading 0x6040000)
[    1.410219] pcieport 0000:00:00.0: saving config space at offset 0xc (reading 0x10000)
[    1.418134] pcieport 0000:00:00.0: saving config space at offset 0x10 (reading 0xc)
[    1.425791] pcieport 0000:00:00.0: saving config space at offset 0x14 (reading 0x0)
[    1.433444] pcieport 0000:00:00.0: saving config space at offset 0x18 (reading 0x40010100)
[    1.441701] pcieport 0000:00:00.0: saving config space at offset 0x1c (reading 0x4200000)
[    1.449876] pcieport 0000:00:00.0: saving config space at offset 0x20 (reading 0x20102000)
[    1.458140] pcieport 0000:00:00.0: saving config space at offset 0x24 (reading 0x0)
[    1.465794] pcieport 0000:00:00.0: saving config space at offset 0x28 (reading 0x0)
[    1.473447] pcieport 0000:00:00.0: saving config space at offset 0x2c (reading 0x0)
[    1.481097] pcieport 0000:00:00.0: saving config space at offset 0x30 (reading 0x0)
[    1.488750] pcieport 0000:00:00.0: saving config space at offset 0x34 (reading 0x50)
[    1.496491] pcieport 0000:00:00.0: saving config space at offset 0x38 (reading 0x0)
[    1.504145] pcieport 0000:00:00.0: saving config space at offset 0x3c (reading 0x20192)
[    1.512709] mtk-pcie 1a145000.pcie: host bridge /pcie@1a145000 ranges:
[    1.519262] mtk-pcie 1a145000.pcie: Parsing ranges property...
[    1.525105] mtk-pcie 1a145000.pcie:      MEM 0x0028000000..0x002fffffff -> 0x0028000000
[    1.752639] mtk-pcie 1a145000.pcie: Port1 link down
[    1.757718] mtk-pcie 1a145000.pcie: PCI host bridge to bus 0001:00
[    1.763930] pci_bus 0001:00: root bus resource [bus 00-ff]
[    1.769419] pci_bus 0001:00: root bus resource [mem 0x28000000-0x2fffffff]
[    1.776303] pci_bus 0001:00: scanning bus
[    1.782078] pci_bus 0001:00: fixups for bus
[    1.786272] pci_bus 0001:00: bus scan returning with max=00
[    1.792441] mtk_hsdma 1b007000.dma-controller: MediaTek HSDMA driver registered
[    1.850116] mt7530-mdio mdio-bus:00: configuring for fixed/2500base-x link mode
[    1.859471] mt7530-mdio mdio-bus:00: Link is Up - 2.5Gbps/Full - flow control rx/tx
[    1.868430] mt7530-mdio mdio-bus:00 lan1 (uninitialized): PHY [mt7530-0:00] driver [MediaTek MT7531 PHY] (irq=147)
[    1.888986] mt7530-mdio mdio-bus:00 lan2 (uninitialized): PHY [mt7530-0:01] driver [MediaTek MT7531 PHY] (irq=148)
[    1.909379] mt7530-mdio mdio-bus:00 lan3 (uninitialized): PHY [mt7530-0:02] driver [MediaTek MT7531 PHY] (irq=149)
[    1.929724] mt7530-mdio mdio-bus:00 lan4 (uninitialized): PHY [mt7530-0:03] driver [MediaTek MT7531 PHY] (irq=150)
[    1.950288] mt7530-mdio mdio-bus:00 wan (uninitialized): PHY [mt7530-0:04] driver [MediaTek MT7531 PHY] (irq=151)
[    1.961564] DSA: tree 0 setup
[    1.965275] UBI: auto-attach mtd3
[    1.968606] ubi0: default fastmap pool size: 50
[    1.973162] ubi0: default fastmap WL pool size: 25
[    1.977946] ubi0: attaching mtd3
[    2.280565] ubi0: scanning is finished
[    2.290099] ubi0: attached mtd3 (name "ubi", size 125 MiB)
[    2.295621] ubi0: PEB size: 131072 bytes (128 KiB), LEB size: 126976 bytes
[    2.302494] ubi0: min./max. I/O unit sizes: 2048/2048, sub-page size 2048
[    2.309287] ubi0: VID header offset: 2048 (aligned 2048), data offset: 4096
[    2.316250] ubi0: good PEBs: 1000, bad PEBs: 0, corrupted PEBs: 0
[    2.322337] ubi0: user volume: 6, internal volumes: 1, max. volumes count: 128
[    2.329558] ubi0: max/mean erase counter: 31/22, WL threshold: 4096, image sequence number: 490989457
[    2.338780] ubi0: available PEBs: 0, total reserved PEBs: 1000, PEBs reserved for bad PEB handling: 20
[    2.348096] ubi0: background thread "ubi_bgt0d" started, PID 465
[    2.349812] FIT: Selected configuration: "config-1" (OpenWrt linksys_e8450-ubi)
[    2.361440] FIT:           kernel sub-image 0x00001000..0x0050620c "kernel-1" (ARM64 OpenWrt Linux-5.15.167) 
[    2.371375] FIT:          flat_dt sub-image 0x00507000..0x0050e791 "fdt-1" (ARM64 OpenWrt linksys_e8450-ubi device tree blob) 
[    2.382774] FIT:       filesystem sub-image 0x0050f000..0x00b35fff "rootfs-1" (ARM64 OpenWrt linksys_e8450-ubi rootfs) 
[    2.393556] FIT: selecting configured loadable "rootfs-1" to be root filesystem
[    2.400855]  ubiblock0_4: p1(rootfs-1)
[    2.401081] block ubiblock0_4: created from ubi0:4(fit)
[    2.410355] clk: Disabling unused clocks
[    2.417651] VFS: Mounted root (squashfs filesystem) readonly on device 259:0.
[    2.425014] Freeing unused kernel memory: 448K
[    2.429479] Run /sbin/init as init process
[    2.433578]   with arguments:
[    2.436536]     /sbin/init
[    2.439233]   with environment:
[    2.442364]     HOME=/
[    2.444725]     TERM=linux
[    2.600653] init: Console is alive
[    2.604266] init: - watchdog -
[    3.023500] kmodloader: loading kernel modules from /etc/modules-boot.d/*
[    3.050948] usbcore: registered new interface driver usbfs
[    3.056522] usbcore: registered new interface driver hub
[    3.061881] usbcore: registered new device driver usb
[    3.072741] xhci-mtk 1a0c0000.usb: xHCI Host Controller
[    3.078000] xhci-mtk 1a0c0000.usb: new USB bus registered, assigned bus number 1
[    3.087067] xhci-mtk 1a0c0000.usb: hcc params 0x01403198 hci version 0x96 quirks 0x0000000000210010
[    3.096179] xhci-mtk 1a0c0000.usb: irq 135, io mem 0x1a0c0000
[    3.102042] xhci-mtk 1a0c0000.usb: xHCI Host Controller
[    3.107297] xhci-mtk 1a0c0000.usb: new USB bus registered, assigned bus number 2
[    3.114707] xhci-mtk 1a0c0000.usb: Host supports USB 3.0 SuperSpeed
[    3.121706] hub 1-0:1.0: USB hub found
[    3.125546] hub 1-0:1.0: 2 ports detected
[    3.129955] usb usb2: We don't know the algorithms for LPM for this host, disabling LPM.
[    3.138877] hub 2-0:1.0: USB hub found
[    3.142760] hub 2-0:1.0: 1 port detected
[    3.151019] kmodloader: done loading kernel modules from /etc/modules-boot.d/*
[    3.168598] init: - preinit -
[    3.533610] mtk_soc_eth 1b100000.ethernet eth0: configuring for fixed/2500base-x link mode
[    3.542245] mtk_soc_eth 1b100000.ethernet eth0: Link is Up - 2.5Gbps/Full - flow control rx/tx
[    3.545039] IPv6: ADDRCONF(NETDEV_CHANGE): eth0: link becomes ready
[    3.564298] mt7530-mdio mdio-bus:00 lan1: configuring for phy/gmii link mode
Press the [f] key and hit [enter] to enter failsafe mode
Press the [1], [2], [3] or [4] key and hit [enter] to select the debug level
[    5.845036] UBIFS (ubi0:5): Mounting in unauthenticated mode
[    5.850802] UBIFS (ubi0:5): background thread "ubifs_bgt0_5" started, PID 580
[    5.874958] UBIFS (ubi0:5): recovery needed
[    6.024568] UBIFS (ubi0:5): recovery completed
[    6.029112] UBIFS (ubi0:5): UBIFS: mounted UBI device 0, volume 5, name "rootfs_data"
[    6.036959] UBIFS (ubi0:5): LEB size: 126976 bytes (124 KiB), min./max. I/O unit sizes: 2048 bytes/2048 bytes
[    6.046900] UBIFS (ubi0:5): FS size: 90533888 bytes (86 MiB, 713 LEBs), max 724 LEBs, journal size 4571136 bytes (4 MiB, 36 LEBs)
[    6.058563] UBIFS (ubi0:5): reserved for root: 4276138 bytes (4175 KiB)
[    6.065183] UBIFS (ubi0:5): media format: w5/r0 (latest is w5/r0), UUID E5A16D0D-5B50-495F-BE32-9C9F2D4D848F, small LPT model
[    6.078480] mount_root: switching to ubifs overlay
[    6.086908] overlayfs: null uuid detected in lower fs '/', falling back to xino=off,index=off,nfs_export=off.
[    6.100455] urandom-seed: Seeding with /etc/urandom.seed
[    6.159239] procd: - early -
[    6.162208] procd: - watchdog -
[    6.696766] procd: - watchdog -
[    6.700499] procd: - ubus -
[    6.758694] procd: - init -
Please press Enter to activate this console.
[    7.118195] kmodloader: loading kernel modules from /etc/modules.d/*
[    7.144015] Loading modules backported from Linux version v6.1.110-0-g5f55cad62cc9d
[    7.151679] Backport generated by backports.git v6.1.110-1-0-g965f73fc
[    7.231820] mt7622-wmac 18000000.wmac: Invalid MAC address, using random address 2a:57:16:cb:da:1a
[    7.243021] mt7622-wmac 18000000.wmac: registering led 'mt76-phy0'
[    7.282994] ieee80211 phy0: Selected rate control algorithm 'minstrel_ht'
[    7.306590] mt7915e 0000:01:00.0: assign IRQ: got 146
[    7.311706] mt7915e 0000:01:00.0: enabling device (0000 -> 0002)
[    7.313495] urngd: v1.0.2 started.
[    7.317827] mt7915e 0000:01:00.0: enabling bus mastering
[    7.386125] mt7622-wmac 18000000.wmac: HW/SW Version: 0x8a108a10, Build Time: 20190801210006a
[    7.386125] 
[    7.462804] mtk-pcie 1a143000.pcie: msi#0 address_hi 0x0 address_lo 0x44dcd0c0
[    7.522508] mt7622-wmac 18000000.wmac: N9 Firmware Version: _reserved_, Build Time: 20220630094834
[    7.536910] mt7915e 0000:01:00.0: HW/SW Version: 0x8a108a10, Build Time: 20220929104113a
[    7.536910] 
[    7.670987] mt7915e 0000:01:00.0: WM Firmware Version: ____000000, Build Time: 20220929104145
[    7.725667] mt7915e 0000:01:00.0: WA Firmware Version: DEV_000000, Build Time: 20220929104205
[    7.842488] mt7915e 0000:01:00.0: eeprom load fail, use default bin
[    7.849056] mt7915e 0000:01:00.0: Direct firmware load for mediatek/mt7915_eeprom.bin failed with error -2
[    7.858760] mt7915e 0000:01:00.0: Falling back to sysfs fallback for: mediatek/mt7915_eeprom.bin
[    7.874503] mt7915e: probe of 0000:01:00.0 failed with error -12
[    7.908187] PPP generic driver version 2.4.2
[    7.913517] NET: Registered PF_PPPOX protocol family
[    7.921406] batman_adv: B.A.T.M.A.N. advanced 2023.1-openwrt-7 (compatibility version 15) loaded
[    7.935493] kmodloader: done loading kernel modules from /etc/modules.d/*
[   11.280973] mtk_soc_eth 1b100000.ethernet eth0: Link is Down
[   11.295313] mtk_soc_eth 1b100000.ethernet eth0: configuring for fixed/2500base-x link mode
[   11.308230] mtk_soc_eth 1b100000.ethernet eth0: Link is Up - 2.5Gbps/Full - flow control rx/tx
[   11.317158] IPv6: ADDRCONF(NETDEV_CHANGE): eth0: link becomes ready
[   11.330639] mt7530-mdio mdio-bus:00 lan1: configuring for phy/gmii link mode
[   11.342920] br-lan: port 1(lan1) entered blocking state
[   11.348164] br-lan: port 1(lan1) entered disabled state
[   11.355247] device lan1 entered promiscuous mode
[   11.359878] device eth0 entered promiscuous mode
[   11.378707] device br-lan entered promiscuous mode
[   11.394072] mt7530-mdio mdio-bus:00 lan4: configuring for phy/gmii link mode
[   11.406611] br-lan: port 2(lan4) entered blocking state
[   11.411854] br-lan: port 2(lan4) entered disabled state
[   11.421068] device lan4 entered promiscuous mode
[   11.435584] mt7530-mdio mdio-bus:00 lan3: configuring for phy/gmii link mode
[   11.445936] br-lan: port 3(lan3) entered blocking state
[   11.451177] br-lan: port 3(lan3) entered disabled state
[   11.458614] device lan3 entered promiscuous mode
[   11.471404] mt7530-mdio mdio-bus:00 lan2: configuring for phy/gmii link mode
[   11.481914] br-lan: port 4(lan2) entered blocking state
[   11.487221] br-lan: port 4(lan2) entered disabled state
[   11.494794] device lan2 entered promiscuous mode
[   11.506732] mt7530-mdio mdio-bus:00 wan: configuring for phy/gmii link mode
[   11.522418] device wan entered promiscuous mode
[   11.645728] 8021q: adding VLAN 0 to HW filter on device bat0
[   11.653251] br-lan: port 5(bat0) entered blocking state
[   11.658495] br-lan: port 5(bat0) entered disabled state
[   11.663983] device bat0 entered promiscuous mode
[   11.668737] br-lan: port 5(bat0) entered blocking state
[   11.674011] br-lan: port 5(bat0) entered forwarding state
[   11.682737] IPv6: ADDRCONF(NETDEV_CHANGE): br-lan: link becomes ready
[   11.691779] IPv6: ADDRCONF(NETDEV_CHANGE): anygw: link becomes ready
[   12.156003] batman_adv: bat0: No IGMP Querier present - multicast optimizations disabled
[   12.164168] batman_adv: bat0: No MLD Querier present - multicast optimizations disabled
[   12.499180] br-lan: port 6(wlan0-ap) entered blocking state
[   12.504832] br-lan: port 6(wlan0-ap) entered disabled state
[   12.510600] device wlan0-ap entered promiscuous mode
[   12.536366] br-lan: port 6(wlan0-ap) entered blocking state
[   12.541955] br-lan: port 6(wlan0-ap) entered forwarding state
[   12.550206] br-lan: port 6(wlan0-ap) entered disabled state
[   12.556718] device wlan0-ap left promiscuous mode
[   12.561538] br-lan: port 6(wlan0-ap) entered disabled state
[   12.583982] br-lan: port 6(wlan0-ap) entered blocking state
[   12.589575] br-lan: port 6(wlan0-ap) entered disabled state
[   12.595451] device wlan0-ap entered promiscuous mode
[   12.609352] IPv6: ADDRCONF(NETDEV_CHANGE): wlan0-ap: link becomes ready
[   12.616219] br-lan: port 6(wlan0-ap) entered blocking state
[   12.621806] br-lan: port 6(wlan0-ap) entered forwarding state
[   12.631455] br-lan: port 7(wlan0-apname) entered blocking state
[   12.637452] br-lan: port 7(wlan0-apname) entered disabled state
[   12.643630] device wlan0-apname entered promiscuous mode
[   12.661549] br-lan: port 7(wlan0-apname) entered blocking state
[   12.667539] br-lan: port 7(wlan0-apname) entered forwarding state
[   12.680681] device wlan0-apname left promiscuous mode
[   12.685898] br-lan: port 7(wlan0-apname) entered disabled state
[   12.714786] br-lan: port 7(wlan0-apname) entered blocking state
[   12.720734] br-lan: port 7(wlan0-apname) entered disabled state
[   12.730274] device wlan0-apname entered promiscuous mode
[   12.735889] br-lan: port 7(wlan0-apname) entered blocking state
[   12.741826] br-lan: port 7(wlan0-apname) entered forwarding state
[   12.753696] IPv6: ADDRCONF(NETDEV_CHANGE): wlan0-apname: link becomes ready
[   12.984884] IPv6: ADDRCONF(NETDEV_CHANGE): wlan0-mesh: link becomes ready
[   13.009811] device wlan0-mesh entered promiscuous mode
[   13.139256] batman_adv: bat0: Adding interface: wlan0-mesh_29
[   13.145108] batman_adv: bat0: Interface activated: wlan0-mesh_29
[   14.622280] mt7530-mdio mdio-bus:00 lan4: Link is Up - 1Gbps/Full - flow control off
[   14.622319] br-lan: port 2(lan4) entered blocking state
[   14.635312] br-lan: port 2(lan4) entered forwarding state
Watchdog handover: fd=3
- watchdog -
Watchdog does not have CARDRESET support
[  106.110217] br-lan: port 7(wlan0-apname) entered disabled state
[  106.154774] device wlan0-apname left promiscuous mode
[  106.159850] br-lan: port 7(wlan0-apname) entered disabled state
[  106.285533] br-lan: port 6(wlan0-ap) entered disabled state
[  106.315362] device wlan0-ap left promiscuous mode
[  106.320107] br-lan: port 6(wlan0-ap) entered disabled state
Wed Mar 11 22:54:32 UTC 2026 upgrade: Sending TERM to remaining processes ...
Wed Mar 11 22:54:32 UTC 2026 upgrade: Sending signal TERM to hostapd (1357)
Wed Mar 11 22:54:32 UTC 2026 upgrade: Sending signal TERM to hostapd (1360)
Wed Mar 11 22:54:32 UTC 2026 upgrade: Sending signal TERM to netserver (1687)
Wed Mar 11 22:54:32 UTC 2026 upgrade: Sending signal TERM to sleep (4343)
Wed Mar 11 22:54:32 UTC 2026 upgrade: Sending signal TERM to sleep (4418)
Wed Mar 11 22:54:36 UTC 2026 upgrade: Sending KILL to remaining processes ...
[  116.567543] stage2 (4581): drop_caches: 3
Wed Mar 11 22:54:42 UTC 2026 upgrade: Switching to ramdisk...
[  117.927584] UBIFS (ubi0:5): background thread "ubifs_bgt0_5" stops
[  117.940927] UBIFS (ubi0:5): un-mount UBI device 0
Wed Mar 11 22:54:44 UTC 2026 upgrade: Performing system upgrade...
umount: can't unmount /dev/ubiblock0_4: Invalid argument
[  118.605194] block ubiblock0_4: released
Volume ID 4, size 119 LEBs (15110144 bytes, 14.4 MiB), LEB size 126976 bytes (124.0 KiB), dynamic, name "fit", alignment 1
Set volume size to 88629248
Volume ID 5, size 698 LEBs (88629248 bytes, 84.5 MiB), LEB size 126976 bytes (124.0 KiB), dynamic, name "rootfs_data", alignment 1
[  122.211680] UBIFS (ubi0:5): default file-system created
[  122.217243] UBIFS (ubi0:5): Mounting in unauthenticated mode
[  122.223009] UBIFS (ubi0:5): background thread "ubifs_bgt0_5" started, PID 5356
[  122.251664] UBIFS (ubi0:5): UBIFS: mounted UBI device 0, volume 5, name "rootfs_data"
[  122.259537] UBIFS (ubi0:5): LEB size: 126976 bytes (124 KiB), min./max. I/O unit sizes: 2048 bytes/2048 bytes
[  122.269470] UBIFS (ubi0:5): FS size: 87232512 bytes (83 MiB, 687 LEBs), max 698 LEBs, journal size 4317184 bytes (4 MiB, 34 LEBs)
[  122.281138] UBIFS (ubi0:5): reserved for root: 4120206 bytes (4023 KiB)
[  122.287757] UBIFS (ubi0:5): media format: w5/r0 (latest is w5/r0), UUID 433301F0-2C45-48C3-936B-E4A2AEB9CEAC, small LPT model
[  122.311249] UBIFS (ubi0:5): un-mount UBI device 0
[  122.315998] UBIFS (ubi0:5): background thread "ubifs_bgt0_5" stops
configuration saved
sysupgrade successful
umount: can't unmount /dev: Resource busy
umount: can't unmount /tmp: Resource busy
[  122.376370] reboot: Restarting system

F0: 102B 0000
F6: 0000 0000
V0: 0000 0000 [0001]
00: 0000 0000
BP: 0400 0041 [0000]
G0: 1190 0000
T0: 0000 02B0 [000F]
Jump to BL

NOTICE:  BL2: v2.4(release):OpenWrt v2021-05-08-d2c75b21-3 (mt7622-snand-1ddr)
NOTICE:  BL2: Built : 22:25:54, Jul 15 2024
NOTICE:  SPI-NAND: FM35Q1GA (128MB)
NOTICE:  BL2: Booting BL31
NOTICE:  BL31: v2.9(release):OpenWrt v2023-07-24-00ac6db3-2 (mt7622-snand-1ddr)
NOTICE:  BL31: Built : 12:34:46, Sep 23 2024


U-Boot 2023.07.02-OpenWrt-r24106-10cc5fcd00 (Sep 23 2024 - 12:34:46 +0000)

CPU:   MediaTek MT7622
Model: mt7622-linksys-e8450-ubi
DRAM:  512 MiB
Core:  48 devices, 21 uclasses, devicetree: separate
MMC:   
Loading Environment from UBI... SPI-NAND: FM35Q1GA (128MB)
Read 126976 bytes from volume ubootenv to 000000005f7bf200
Read 126976 bytes from volume ubootenv2 to 000000005f7de240
OK
In:    serial@11002000
Out:   serial@11002000
Err:   serial@11002000
reset button found
Loading Environment from UBI... UBI partition 'ubi' already selected
Read 126976 bytes from volume ubootenv to 000000005f7bf200
Read 126976 bytes from volume ubootenv2 to 000000005f7de240
OK
Net:   eth0: ethernet@1b100000
7[r[999;999H[6n8No EFI system partition
No EFI system partition
Failed to persist EFI variables
[?25l[2J[1;1H[1;1H[2K[2;3H      [0;34m( ( ( [1;39mOpenWrt[0;34m ) ) )[0m       [33mU-Boot 2021.10 (Nov 19 2021 - 22:51:20 +0000)[0m[0K[3;1H[2K[16;1H[2K[17;3HPress UP/DOWN to move, ENTER to select, ESC to quit[0K[18;1H[2K[4;7H[7m1. Run default boot command.[0m[5;7H2. Boot system via TFTP.[6;7H3. Boot production system from flash.[7;7H4. Boot recovery system from flash.[8;7H5. Load production system via TFTP then write to flash.[9;7H6. Load recovery system via TFTP then write to flash.[10;7H7. [31mLoad BL31+U-Boot FIP via TFTP then write to flash.[0m[11;7H8. [31mLoad BL2 preloader via TFTP then write to flash.[0m[12;7H9. Reboot.[13;7Ha. Reset all settings to factory defaults.[14;7H0. U-Boot console[16;3HHit any key to stop autoboot: 3 [16;3HHit any key to stop autoboot: 2 [16;3HHit any key to stop autoboot: 1 [16;1H[2K[?25h[2J[1;1HUBI partition 'ubi' already selected
No size specified -> Using max size (15110144)
Read 15110144 bytes from volume fit to 0000000048000000

## Checking Image at 48000000 ...
   FIT image found
   FIT description: ARM64 OpenWrt FIT (Flattened Image Tree)
    Image 0 (kernel-1)
     Description:  ARM64 OpenWrt Linux-6.6.73
     Type:         Kernel Image
     Compression:  lzma compressed
     Data Start:   0x480000fc
     Data Size:    4148566 Bytes = 4 MiB
     Architecture: AArch64
     OS:           Linux
     Load Address: 0x44000000
     Entry Point:  0x44000000
     Hash algo:    crc32
     Hash value:   0bd9c0a6
     Hash algo:    sha1
     Hash value:   d0591d3e2331bf813b09dbc67f51f133d7f7817f
    Image 1 (initrd-1)
     Description:  ARM64 OpenWrt linksys_e8450-ubi initrd
     Type:         RAMDisk Image
     Compression:  uncompressed
     Data Start:   0x483f4f90
     Data Size:    10823244 Bytes = 10.3 MiB
     Architecture: AArch64
     OS:           Linux
     Load Address: unavailable
     Entry Point:  unavailable
     Hash algo:    crc32
     Hash value:   9587bfd8
     Hash algo:    sha1
     Hash value:   75110b89a695f8665f570f748d0f984852ff64b9
    Image 2 (fdt-1)
     Description:  ARM64 OpenWrt linksys_e8450-ubi device tree blob
     Type:         Flat Device Tree
     Compression:  uncompressed
     Data Start:   0x48e476ec
     Data Size:    31523 Bytes = 30.8 KiB
     Architecture: AArch64
     Hash algo:    crc32
     Hash value:   a96547a2
     Hash algo:    sha1
     Hash value:   6289b5ca5f797049cd87f93bd588b04b5615550a
    Default Configuration: 'config-1'
    Configuration 0 (config-1)
     Description:  OpenWrt linksys_e8450-ubi
     Kernel:       kernel-1
     Init Ramdisk: initrd-1
     FDT:          fdt-1
## Checking hash(es) for FIT Image at 48000000 ...
   Hash(es) for Image 0 (kernel-1): crc32+ sha1+ 
   Hash(es) for Image 1 (initrd-1): crc32+ sha1+ 
   Hash(es) for Image 2 (fdt-1): crc32+ sha1+ 
## Loading kernel from FIT Image at 48000000 ...
   Using 'config-1' configuration
   Trying 'kernel-1' kernel subimage
     Description:  ARM64 OpenWrt Linux-6.6.73
     Type:         Kernel Image
     Compression:  lzma compressed
     Data Start:   0x480000fc
     Data Size:    4148566 Bytes = 4 MiB
     Architecture: AArch64
     OS:           Linux
     Load Address: 0x44000000
     Entry Point:  0x44000000
     Hash algo:    crc32
     Hash value:   0bd9c0a6
     Hash algo:    sha1
     Hash value:   d0591d3e2331bf813b09dbc67f51f133d7f7817f
   Verifying Hash Integrity ... crc32+ sha1+ OK
## Loading ramdisk from FIT Image at 48000000 ...
   Using 'config-1' configuration
   Trying 'initrd-1' ramdisk subimage
     Description:  ARM64 OpenWrt linksys_e8450-ubi initrd
     Type:         RAMDisk Image
     Compression:  uncompressed
     Data Start:   0x483f4f90
     Data Size:    10823244 Bytes = 10.3 MiB
     Architecture: AArch64
     OS:           Linux
     Load Address: unavailable
     Entry Point:  unavailable
     Hash algo:    crc32
     Hash value:   9587bfd8
     Hash algo:    sha1
     Hash value:   75110b89a695f8665f570f748d0f984852ff64b9
   Verifying Hash Integrity ... crc32+ sha1+ OK
## Loading fdt from FIT Image at 48000000 ...
   Using 'config-1' configuration
   Trying 'fdt-1' fdt subimage
     Description:  ARM64 OpenWrt linksys_e8450-ubi device tree blob
     Type:         Flat Device Tree
     Compression:  uncompressed
     Data Start:   0x48e476ec
     Data Size:    31523 Bytes = 30.8 KiB
     Architecture: AArch64
     Hash algo:    crc32
     Hash value:   a96547a2
     Hash algo:    sha1
     Hash value:   6289b5ca5f797049cd87f93bd588b04b5615550a
   Verifying Hash Integrity ... crc32+ sha1+ OK
   Booting using the fdt blob at 0x48e476ec
Working FDT set to 48e476ec
   Uncompressing Kernel Image
   Loading Ramdisk to 5dd98000, end 5e7ea64c ... OK
   Loading Device Tree to 000000005dd8d000, end 000000005dd97b22 ... OK
Working FDT set to 5dd8d000
Add 'ramoops@42ff0000' node failed: FDT_ERR_EXISTS

Starting kernel ...

[    0.000000] Booting Linux on physical CPU 0x0000000000 [0x410fd034]
[    0.000000] Linux version 6.6.73 (builder@buildhost) (aarch64-openwrt-linux-musl-gcc (OpenWrt GCC 13.3.0 r28427-6df0e3d02a) 13.3.0, GNU ld (GNU Binutils) 2.42) #0 SMP Mon Feb  3 23:09:37 2025
[    0.000000] Machine model: Linksys E8450 (UBI)
[    0.000000] earlycon: uart8250 at MMIO32 0x0000000011002000 (options '')
[    0.000000] printk: bootconsole [uart8250] enabled
[    0.000000] OF: reserved mem: 0x0000000042ff0000..0x0000000042ffffff (64 KiB) map non-reusable ramoops@42ff0000
[    0.000000] OF: reserved mem: 0x0000000043000000..0x000000004302ffff (192 KiB) nomap non-reusable secmon@43000000
[    0.000000] Zone ranges:
[    0.000000]   DMA      [mem 0x0000000040000000-0x000000005fffffff]
[    0.000000]   DMA32    empty
[    0.000000]   Normal   empty
[    0.000000] Movable zone start for each node
[    0.000000] Early memory node ranges
[    0.000000]   node   0: [mem 0x0000000040000000-0x0000000042ffffff]
[    0.000000]   node   0: [mem 0x0000000043000000-0x000000004302ffff]
[    0.000000]   node   0: [mem 0x0000000043030000-0x000000005fffffff]
[    0.000000] Initmem setup node 0 [mem 0x0000000040000000-0x000000005fffffff]
[    0.000000] psci: probing for conduit method from DT.
[    0.000000] psci: PSCIv1.1 detected in firmware.
[    0.000000] psci: Using standard PSCI v0.2 function IDs
[    0.000000] psci: MIGRATE_INFO_TYPE not supported.
[    0.000000] psci: SMC Calling Convention v1.4
[    0.000000] percpu: Embedded 18 pages/cpu s35560 r8192 d29976 u73728
[    0.000000] pcpu-alloc: s35560 r8192 d29976 u73728 alloc=18*4096
[    0.000000] pcpu-alloc: [0] 0 [0] 1 
[    0.000000] Detected VIPT I-cache on CPU0
[    0.000000] CPU features: kernel page table isolation disabled by kernel configuration
[    0.000000] CPU features: detected: ARM erratum 843419
[    0.000000] alternatives: applying boot alternatives
[    0.000000] Kernel command line: earlycon=uart8250,mmio32,0x11002000 console=ttyS0,115200n1 swiotlb=512 ubi.block=0,fit root=/dev/fit0 rootwait
[    0.000000] Dentry cache hash table entries: 65536 (order: 7, 524288 bytes, linear)
[    0.000000] Inode-cache hash table entries: 32768 (order: 6, 262144 bytes, linear)
[    0.000000] Built 1 zonelists, mobility grouping on.  Total pages: 129024
[    0.000000] mem auto-init: stack:off, heap alloc:off, heap free:off
[    0.000000] software IO TLB: area num 2.
[    0.000000] software IO TLB: mapped [mem 0x000000005f4c0000-0x000000005f5c0000] (1MB)
[    0.000000] Memory: 489468K/524288K available (9152K kernel code, 950K rwdata, 1620K rodata, 448K init, 310K bss, 34820K reserved, 0K cma-reserved)
[    0.000000] SLUB: HWalign=64, Order=0-3, MinObjects=0, CPUs=2, Nodes=1
[    0.000000] rcu: Hierarchical RCU implementation.
[    0.000000] 	Tracing variant of Tasks RCU enabled.
[    0.000000] rcu: RCU calculated value of scheduler-enlistment delay is 10 jiffies.
[    0.000000] NR_IRQS: 64, nr_irqs: 64, preallocated irqs: 0
[    0.000000] Root IRQ handler: 0xffffffc080010000
[    0.000000] GIC: Using split EOI/Deactivate mode
[    0.000000] rcu: srcu_init: Setting srcu_struct sizes based on contention.
[    0.000000] arch_timer: cp15 timer(s) running at 12.50MHz (phys).
[    0.000000] clocksource: arch_sys_counter: mask: 0xffffffffffffff max_cycles: 0x2e2049cda, max_idle_ns: 440795202628 ns
[    0.000000] sched_clock: 56 bits at 13MHz, resolution 80ns, wraps every 4398046511080ns
[    0.008281] Calibrating delay loop (skipped), value calculated using timer frequency.. 25.00 BogoMIPS (lpj=125000)
[    0.018679] pid_max: default: 32768 minimum: 301
[    0.026103] Mount-cache hash table entries: 1024 (order: 1, 8192 bytes, linear)
[    0.033451] Mountpoint-cache hash table entries: 1024 (order: 1, 8192 bytes, linear)
[    0.043952] RCU Tasks Trace: Setting shift to 1 and lim to 1 rcu_task_cb_adjust=1 rcu_task_cpu_ids=2.
[    0.053366] rcu: Hierarchical SRCU implementation.
[    0.058193] rcu: 	Max phase no-delay instances is 1000.
[    0.063951] smp: Bringing up secondary CPUs ...
[    0.068939] Detected VIPT I-cache on CPU1
[    0.068951] CPU features: SANITY CHECK: Unexpected variation in SYS_CNTFRQ_EL0. Boot CPU: 0x00000000bebc20, CPU1: 0x00000000000000
[    0.068973] CPU features: Unsupported CPU feature variation detected.
[    0.069037] CPU1: Booted secondary processor 0x0000000001 [0x410fd034]
[    0.069113] smp: Brought up 1 node, 2 CPUs
[    0.102048] SMP: Total of 2 processors activated.
[    0.106765] CPU features: detected: 32-bit EL0 Support
[    0.111922] CPU features: detected: CRC32 instructions
[    0.117105] CPU features: emulated: Privileged Access Never (PAN) using TTBR0_EL1 switching
[    0.125490] CPU: All CPU(s) started at EL2
[    0.129595] alternatives: applying system-wide alternatives
[    0.139988] clocksource: jiffies: mask: 0xffffffff max_cycles: 0xffffffff, max_idle_ns: 19112604462750000 ns
[    0.149886] futex hash table entries: 512 (order: 3, 32768 bytes, linear)
[    0.157949] pinctrl core: initialized pinctrl subsystem
[    0.164388] NET: Registered PF_NETLINK/PF_ROUTE protocol family
[    0.170669] DMA: preallocated 128 KiB GFP_KERNEL pool for atomic allocations
[    0.177784] DMA: preallocated 128 KiB GFP_KERNEL|GFP_DMA pool for atomic allocations
[    0.185572] DMA: preallocated 128 KiB GFP_KERNEL|GFP_DMA32 pool for atomic allocations
[    0.194004] thermal_sys: Registered thermal governor 'fair_share'
[    0.194011] thermal_sys: Registered thermal governor 'bang_bang'
[    0.200123] thermal_sys: Registered thermal governor 'step_wise'
[    0.206156] thermal_sys: Registered thermal governor 'user_space'
[    0.212271] ASID allocator initialised with 65536 entries
[    0.224525] pstore: Using crash dump compression: deflate
[    0.229950] pstore: Registered ramoops as persistent store backend
[    0.236149] ramoops: using 0x10000@0x42ff0000, ecc: 0
[    0.251686] Modules: 29616 pages in range for non-PLT usage
[    0.251699] Modules: 521136 pages in range for PLT usage
[    0.258435] cryptd: max_cpu_qlen set to 1000
[    0.269239] SCSI subsystem initialized
[    0.273202] libata version 3.00 loaded.
[    0.278637] clocksource: Switched to clocksource arch_sys_counter
[    0.287010] NET: Registered PF_INET protocol family
[    0.292078] IP idents hash table entries: 8192 (order: 4, 65536 bytes, linear)
[    0.300724] tcp_listen_portaddr_hash hash table entries: 256 (order: 0, 4096 bytes, linear)
[    0.309131] Table-perturb hash table entries: 65536 (order: 6, 262144 bytes, linear)
[    0.316907] TCP established hash table entries: 4096 (order: 3, 32768 bytes, linear)
[    0.324712] TCP bind hash table entries: 4096 (order: 5, 131072 bytes, linear)
[    0.332061] TCP: Hash tables configured (established 4096 bind 4096)
[    0.338793] MPTCP token hash table entries: 512 (order: 1, 12288 bytes, linear)
[    0.346242] UDP hash table entries: 256 (order: 1, 8192 bytes, linear)
[    0.352809] UDP-Lite hash table entries: 256 (order: 1, 8192 bytes, linear)
[    0.360087] NET: Registered PF_UNIX/PF_LOCAL protocol family
[    0.365799] PCI: CLS 0 bytes, default 64
[    0.369912] Unpacking initramfs...
[    0.380278] workingset: timestamp_bits=46 max_order=17 bucket_order=0
[    0.391562] squashfs: version 4.0 (2009/01/31) Phillip Lougher
[    0.397436] jffs2: version 2.2 (NAND) (SUMMARY) (LZMA) (RTIME) (CMODE_PRIORITY) (c) 2001-2006 Red Hat, Inc.
[    0.439327] Block layer SCSI generic (bsg) driver version 0.4 loaded (major 251)
[    0.448512] mt7622-pinctrl 10211000.pinctrl: invalid group "pwm_ch7_2" for function "pwm"
[    0.468459] mt-pmic-pwrap 10001000.pwrap: unexpected interrupt int=0x1
[    0.481960] Serial: 8250/16550 driver, 16 ports, IRQ sharing enabled
[    0.493274] printk: console [ttyS0] disabled
[    0.518113] 11002000.serial: ttyS0 at MMIO 0x11002000 (irq = 118, base_baud = 1562500) is a ST16650V2
[    0.527486] printk: console [ttyS0] enabled
[    0.527486] printk: console [ttyS0] enabled
[    0.535890] printk: bootconsole [uart8250] disabled
[    0.535890] printk: bootconsole [uart8250] disabled
[    0.567518] 11004000.serial: ttyS1 at MMIO 0x11004000 (irq = 119, base_baud = 1562500) is a ST16650V2
[    0.578162] mtk_rng 1020f000.rng: registered RNG driver
[    0.584151] random: crng init done
[    0.592229] loop: module loaded
[    0.596066] mtk-ecc 1100e000.ecc: probed
[    0.604288] spi-nand spi2.0: Fidelix SPI NAND was found.
[    0.609664] spi-nand spi2.0: 128 MiB, block size: 128 KiB, page size: 2048, OOB size: 64
[    0.617817] mtk-snand 1100d000.spi: ECC strength: 4 bits per 512 bytes
[    1.425998] Freeing initrd memory: 10568K
[    1.441094] 2 fixed-partitions partitions found on MTD device spi2.0
[    1.447472] Creating 2 MTD partitions on "spi2.0":
[    1.452287] 0x000000000000-0x000000080000 : "bl2"
[    1.458238] 0x000000080000-0x000008000000 : "ibu"
[    1.730410] i2c_dev: i2c /dev entries driver
[    1.736402] mtk-wdt 10212000.watchdog: Watchdog enabled (timeout=31 sec, nowayout=0)
[    1.746841] NET: Registered PF_INET6 protocol family
[    1.752518] Segment Routing with IPv6
[    1.756205] In-situ OAM (IOAM) with IPv6
[    1.760196] NET: Registered PF_PACKET protocol family
[    1.765271] bridge: filtering via arp/ip/ip6tables is no longer available by default. Update your scripts to load br_netfilter if you need this.
[    1.778409] 8021q: 802.1Q VLAN Support v1.8
[    1.803651] mtk-pcie 1a143000.pcie: host bridge /pcie@1a143000 ranges:
[    1.810276] mtk-pcie 1a143000.pcie: Parsing ranges property...
[    1.816121] mtk-pcie 1a143000.pcie:      MEM 0x0020000000..0x0027ffffff -> 0x0020000000
[    2.075381] mtk-pcie 1a143000.pcie: PCI host bridge to bus 0000:00
[    2.081616] pci_bus 0000:00: root bus resource [bus 00-ff]
[    2.087106] pci_bus 0000:00: root bus resource [mem 0x20000000-0x27ffffff]
[    2.093983] pci_bus 0000:00: scanning bus
[    2.098178] pci 0000:00:00.0: [14c3:3258] type 01 class 0x060400
[    2.104381] pci 0000:00:00.0: reg 0x10: [mem 0x00000000-0x1ffffffff 64bit pref]
[    2.114717] pci_bus 0000:00: fixups for bus
[    2.118949] pci 0000:00:00.0: scanning [bus 00-00] behind bridge, pass 0
[    2.125649] pci 0000:00:00.0: bridge configuration invalid ([bus 00-00]), reconfiguring
[    2.133727] pci 0000:00:00.0: scanning [bus 00-00] behind bridge, pass 1
[    2.140868] pci_bus 0000:01: scanning bus
[    2.145034] pci 0000:01:00.0: [14c3:7915] type 00 class 0x000280
[    2.151229] pci 0000:01:00.0: reg 0x10: [mem 0x00000000-0x000fffff 64bit pref]
[    2.158556] pci 0000:01:00.0: reg 0x18: [mem 0x00000000-0x00003fff 64bit pref]
[    2.165884] pci 0000:01:00.0: reg 0x20: [mem 0x00000000-0x00000fff 64bit pref]
[    2.173866] pci 0000:01:00.0: supports D1 D2
[    2.178131] pci 0000:01:00.0: PME# supported from D0 D1 D2 D3hot D3cold
[    2.184769] pci 0000:01:00.0: PME# disabled
[    2.189298] pci 0000:01:00.0: 2.000 Gb/s available PCIe bandwidth, limited by 2.5 GT/s PCIe x1 link at 0000:00:00.0 (capable of 4.000 Gb/s with 5.0 GT/s PCIe x1 link)
[    2.228897] pci_bus 0000:01: fixups for bus
[    2.233102] pci_bus 0000:01: bus scan returning with max=01
[    2.238702] pci_bus 0000:01: busn_res: [bus 01-ff] end is updated to 01
[    2.245331] pci_bus 0000:00: bus scan returning with max=01
[    2.250938] pci 0000:00:00.0: BAR 0: no space for [mem size 0x200000000 64bit pref]
[    2.258600] pci 0000:00:00.0: BAR 0: failed to assign [mem size 0x200000000 64bit pref]
[    2.266621] pci 0000:00:00.0: BAR 8: assigned [mem 0x20000000-0x201fffff]
[    2.273430] pci 0000:01:00.0: BAR 0: assigned [mem 0x20000000-0x200fffff 64bit pref]
[    2.281278] pci 0000:01:00.0: BAR 2: assigned [mem 0x20100000-0x20103fff 64bit pref]
[    2.289130] pci 0000:01:00.0: BAR 4: assigned [mem 0x20104000-0x20104fff 64bit pref]
[    2.296966] pci 0000:00:00.0: PCI bridge to [bus 01]
[    2.301948] pci 0000:00:00.0:   bridge window [mem 0x20000000-0x201fffff]
[    2.308759] pci_bus 0000:00: Some PCI device resources are unassigned, try booting with pci=realloc
[    2.317804] pci_bus 0000:00: resource 4 [mem 0x20000000-0x27ffffff]
[    2.324082] pci_bus 0000:01: resource 1 [mem 0x20000000-0x201fffff]
[    2.330580] pcieport 0000:00:00.0: assign IRQ: got 130
[    2.335743] pcieport 0000:00:00.0: enabling device (0000 -> 0002)
[    2.341885] pcieport 0000:00:00.0: enabling bus mastering
[    2.347382] mtk-pcie 1a143000.pcie: msi#0 address_hi 0x0 address_lo 0x44e7d0c0
[    2.354935] pcieport 0000:00:00.0: PME: Signaling with IRQ 130
[    2.360966] pcieport 0000:00:00.0: save config 0x00: 0x325814c3
[    2.366900] pcieport 0000:00:00.0: save config 0x04: 0x00100006
[    2.372843] pcieport 0000:00:00.0: save config 0x08: 0x06040000
[    2.378779] pcieport 0000:00:00.0: save config 0x0c: 0x00010000
[    2.384702] pcieport 0000:00:00.0: save config 0x10: 0x0000000c
[    2.390633] pcieport 0000:00:00.0: save config 0x14: 0x00000000
[    2.396556] pcieport 0000:00:00.0: save config 0x18: 0x40010100
[    2.402488] pcieport 0000:00:00.0: save config 0x1c: 0x04200000
[    2.408411] pcieport 0000:00:00.0: save config 0x20: 0x20102000
[    2.414349] pcieport 0000:00:00.0: save config 0x24: 0x00000000
[    2.420282] pcieport 0000:00:00.0: save config 0x28: 0x00000000
[    2.426204] pcieport 0000:00:00.0: save config 0x2c: 0x00000000
[    2.432135] pcieport 0000:00:00.0: save config 0x30: 0x00000000
[    2.438058] pcieport 0000:00:00.0: save config 0x34: 0x00000050
[    2.443989] pcieport 0000:00:00.0: save config 0x38: 0x00000000
[    2.449920] pcieport 0000:00:00.0: save config 0x3c: 0x00020182
[    2.456865] mtk-pcie 1a145000.pcie: host bridge /pcie@1a145000 ranges:
[    2.463467] mtk-pcie 1a145000.pcie: Parsing ranges property...
[    2.469335] mtk-pcie 1a145000.pcie:      MEM 0x0028000000..0x002fffffff -> 0x0028000000
[    2.808694] mtk-pcie 1a145000.pcie: Port1 link down
[    2.813801] mtk-pcie 1a145000.pcie: PCI host bridge to bus 0001:00
[    2.820016] pci_bus 0001:00: root bus resource [bus 00-ff]
[    2.825508] pci_bus 0001:00: root bus resource [mem 0x28000000-0x2fffffff]
[    2.832389] pci_bus 0001:00: scanning bus
[    2.838248] pci_bus 0001:00: fixups for bus
[    2.842437] pci_bus 0001:00: bus scan returning with max=00
[    2.848010] pci_bus 0001:00: resource 4 [mem 0x28000000-0x2fffffff]
[    2.855235] mtk_hsdma 1b007000.dma-controller: MediaTek HSDMA driver registered
[    3.120958] clk: Disabling unused clocks
[    3.125992] Freeing unused kernel memory: 448K
[    3.130672] Run /init as init process
[    3.134331]   with arguments:
[    3.137290]     /init
[    3.139566]   with environment:
[    3.142699]     HOME=/
[    3.145051]     TERM=linux
[    3.339010] init: Console is alive
[    3.342590] init: - watchdog -
[    3.350053] kmodloader: loading kernel modules from /etc/modules-boot.d/*
[    3.363098] usbcore: registered new interface driver usbfs
[    3.368720] usbcore: registered new interface driver hub
[    3.374090] usbcore: registered new device driver usb
[    3.380359] gpio_button_hotplug: loading out-of-tree module taints kernel.
[    3.393124] xhci-mtk 1a0c0000.usb: xHCI Host Controller
[    3.398400] xhci-mtk 1a0c0000.usb: new USB bus registered, assigned bus number 1
[    3.407541] xhci-mtk 1a0c0000.usb: hcc params 0x01403198 hci version 0x96 quirks 0x0000000000200010
[    3.416686] xhci-mtk 1a0c0000.usb: irq 133, io mem 0x1a0c0000
[    3.422634] xhci-mtk 1a0c0000.usb: xHCI Host Controller
[    3.427868] xhci-mtk 1a0c0000.usb: new USB bus registered, assigned bus number 2
[    3.435295] xhci-mtk 1a0c0000.usb: Host supports USB 3.0 SuperSpeed
[    3.442088] hub 1-0:1.0: USB hub found
[    3.445898] hub 1-0:1.0: 2 ports detected
[    3.450418] usb usb2: We don't know the algorithms for LPM for this host, disabling LPM.
[    3.459034] hub 2-0:1.0: USB hub found
[    3.462846] hub 2-0:1.0: 1 port detected
[    3.471840] kmodloader: done loading kernel modules from /etc/modules-boot.d/*
[    3.489449] init: - preinit -

OpenWrt UBI installer

preparing backup of relevant flash areas...
4+0 records in
4+0 records out
32+0 records in
32+0 records out
factory partitio[    4.934362] INSTALLER: cannot find Wi-Fi EEPROM data
n not found on r[    4.940733] sysrq: Trigger a crash
aw flash offset[    4.945364] Kernel panic - not syncing: sysrq triggered crash

[    4.952484] SMP: stopping secondary CPUs
[    4.956485] Kernel Offset: disabled
[    4.959963] CPU features: 0x0,00000004,00000000,0000400b
[    4.965269] Memory Limit: none
[    4.971640] pstore: backend (ramoops) writing error (-28)
[    4.977036] Rebooting in 1 seconds..

F0: 102B 0000
F6: 0000 0000
V0: 0000 0000 [0001]
00: 0000 0000
BP: 0400 0041 [0000]
G0: 1190 0000
T0: 0000 02AD [000F]
Jump to BL

NOTICE:  BL2: v2.4(release):OpenWrt v2021-05-08-d2c75b21-3 (mt7622-snand-1ddr)
NOTICE:  BL2: Built : 22:25:54, Jul 15 2024
NOTICE:  SPI-NAND: FM35Q1GA (128MB)
NOTICE:  BL2: Booting BL31
NOTICE:  BL31: v2.9(release):OpenWrt v2023-07-24-00ac6db3-2 (mt7622-snand-1ddr)
NOTICE:  BL31: Built : 12:34:46, Sep 23 2024


U-Boot 2023.07.02-OpenWrt-r24106-10cc5fcd00 (Sep 23 2024 - 12:34:46 +0000)

CPU:   MediaTek MT7622
Model: mt7622-linksys-e8450-ubi
DRAM:  512 MiB
Core:  48 devices, 21 uclasses, devicetree: separate
MMC:   
Loading Environment from UBI... SPI-NAND: FM35Q1GA (128MB)
Read 126976 bytes from volume ubootenv to 000000005f7bf200
Read 126976 bytes from volume ubootenv2 to 000000005f7de240
OK
In:    serial@11002000
Out:   serial@11002000
Err:   serial@11002000
reset button found
Loading Environment from UBI... UBI partition 'ubi' already selected
Read 126976 bytes from volume ubootenv to 000000005f7bf200
Read 126976 bytes from volume ubootenv2 to 000000005f7de240
OK
Net:   eth0: ethernet@1b100000
7[r[999;999H[6n8No EFI system partition
No EFI system partition
Failed to persist EFI variables
[?25l[2J[1;1H[1;1H[2K[2;3H      [0;34m( ( ( [1;39mOpenWrt[0;34m ) ) )[0m       [33mU-Boot 2021.10 (Nov 19 2021 - 22:51:20 +0000)[0m[0K[3;1H[2K[16;1H[2K[17;3HPress UP/DOWN to move, ENTER to select, ESC to quit[0K[18;1H[2K[4;7H[7m1. Run default boot command.[0m[5;7H2. Boot system via TFTP.[6;7H3. Boot production system from flash.[7;7H4. Boot recovery system from flash.[8;7H5. Load production system via TFTP then write to flash.[9;7H6. Load recovery system via TFTP then write to flash.[10;7H7. [31mLoad BL31+U-Boot FIP via TFTP then write to flash.[0m[11;7H8. [31mLoad BL2 preloader via TFTP then write to flash.[0m[12;7H9. Reboot.[13;7Ha. Reset all settings to factory defaults.[14;7H0. U-Boot console[16;3HHit any key to stop autoboot: 3 [16;3HHit any key to stop autoboot: 2 [16;3HHit any key to stop autoboot: 1 [16;1H[2K[?25h[2J[1;1HNo size specified -> Using max size (9142272)
Read 9142272 bytes from volume recovery to 0000000048000000
## Loading kernel from FIT Image at 48000000 ...
   Using 'config-1' configuration
   Trying 'kernel-1' kernel subimage
     Description:  ARM64 OpenWrt Linux-5.10.80
     Type:         Kernel Image
     Compression:  lzma compressed
     Data Start:   0x480000fc
     Data Size:    3905139 Bytes = 3.7 MiB
     Architecture: AArch64
     OS:           Linux
     Load Address: 0x44000000
     Entry Point:  0x44000000
     Hash algo:    crc32
     Hash value:   d28ef0c0
     Hash algo:    sha1
     Hash value:   1919d617153fd5bb4dc6d5da563608fe6bd01063
   Verifying Hash Integrity ... crc32+ sha1+ OK
## Loading ramdisk from FIT Image at 48000000 ...
   Using 'config-1' configuration
   Trying 'initrd-1' ramdisk subimage
     Description:  ARM64 OpenWrt linksys_e8450-ubi initrd
     Type:         RAMDisk Image
     Compression:  uncompressed
     Data Start:   0x483b98ac
     Data Size:    5052292 Bytes = 4.8 MiB
     Architecture: AArch64
     OS:           Linux
     Load Address: unavailable
     Entry Point:  unavailable
     Hash algo:    crc32
     Hash value:   07fd4c55
     Hash algo:    sha1
     Hash value:   978bea2e5e03826d9b926776538f7582a9bef802
   Verifying Hash Integrity ... crc32+ sha1+ OK
## Loading fdt from FIT Image at 48000000 ...
   Using 'config-1' configuration
   Trying 'fdt-1' fdt subimage
     Description:  ARM64 OpenWrt linksys_e8450-ubi device tree blob
     Type:         Flat Device Tree
     Compression:  uncompressed
     Data Start:   0x4888b140
     Data Size:    29481 Bytes = 28.8 KiB
     Architecture: AArch64
     Hash algo:    crc32
     Hash value:   d090dd70
     Hash algo:    sha1
     Hash value:   5a6a6edd97ebfd758f4e57902d4662cb015eaf39
   Verifying Hash Integrity ... crc32+ sha1+ OK
   Booting using the fdt blob at 0x4888b140
Working FDT set to 4888b140
   Uncompressing Kernel Image
