Labgrid Console Logfile for main
Logfile started at 2026-03-12 02:46:12.697162
=== Log starts here ===
[    0.000000] Booting Linux on physical CPU 0x0000000000 [0x411fd070]
[    0.000000] Linux version 6.12.74 (builder@buildhost) (aarch64-openwrt-linux-musl-gcc (OpenWrt GCC 14.3.0 r32740-568caba81f) 14.3.0, GNU ld (GNU Binutils) 2.44) #0 SMP Tue Mar 10 22:58:18 2026
[    0.000000] KASLR enabled
[    0.000000] random: crng init done
[    0.000000] Machine model: linux,dummy-virt
[    0.000000] efi: UEFI not found.
[    0.000000] OF: reserved mem: Reserved memory: No reserved-memory node in the DT
[    0.000000] NUMA: Faking a node at [mem 0x0000000040000000-0x0000000047ffffff]
[    0.000000] NODE_DATA(0) allocated [mem 0x47fb7e80-0x47fbabff]
[    0.000000] Zone ranges:
[    0.000000]   DMA      [mem 0x0000000040000000-0x0000000047ffffff]
[    0.000000]   DMA32    empty
[    0.000000]   Normal   empty
[    0.000000] Movable zone start for each node
[    0.000000] Early memory node ranges
[    0.000000]   node   0: [mem 0x0000000040000000-0x0000000047ffffff]
[    0.000000] Initmem setup node 0 [mem 0x0000000040000000-0x0000000047ffffff]
[    0.000000] cma: Reserved 32 MiB at 0x0000000045c00000 on node -1
[    0.000000] psci: probing for conduit method from DT.
[    0.000000] psci: PSCIv1.1 detected in firmware.
[    0.000000] psci: Using standard PSCI v0.2 function IDs
[    0.000000] psci: Trusted OS migration not required
[    0.000000] psci: SMC Calling Convention v1.0
[    0.000000] percpu: Embedded 23 pages/cpu s53400 r8192 d32616 u94208
[    0.000000] Detected PIPT I-cache on CPU0
[    0.000000] CPU features: detected: Spectre-v2
[    0.000000] CPU features: detected: Spectre-v3a
[    0.000000] CPU features: detected: Spectre-v4
[    0.000000] CPU features: detected: Spectre-BHB
[    0.000000] CPU features: kernel page table isolation forced ON by KASLR
[    0.000000] CPU features: detected: Kernel page table isolation (KPTI)
[    0.000000] CPU features: detected: ARM erratum 834220
[    0.000000] CPU features: detected: ARM erratum 832075
[    0.000000] CPU features: detected: ARM errata 1165522, 1319367, or 1530923
[    0.000000] alternatives: applying boot alternatives
[    0.000000] Kernel command line: 
[    0.000000] Dentry cache hash table entries: 16384 (order: 5, 131072 bytes, linear)
[    0.000000] Inode-cache hash table entries: 8192 (order: 4, 65536 bytes, linear)
[    0.000000] Fallback order for Node 0: 0 
[    0.000000] Built 1 zonelists, mobility grouping on.  Total pages: 32768
[    0.000000] Policy zone: DMA
[    0.000000] mem auto-init: stack:off, heap alloc:off, heap free:off
[    0.000000] software IO TLB: SWIOTLB bounce buffer size adjusted to 0MB
[    0.000000] software IO TLB: area num 1.
[    0.000000] software IO TLB: mapped [mem 0x0000000047f1a000-0x0000000047f5a000] (0MB)
[    0.000000] SLUB: HWalign=64, Order=0-3, MinObjects=0, CPUs=1, Nodes=1
[    0.000000] rcu: Hierarchical RCU implementation.
[    0.000000] rcu: 	RCU restricting CPUs from NR_CPUS=256 to nr_cpu_ids=1.
[    0.000000] 	Tracing variant of Tasks RCU enabled.
[    0.000000] rcu: RCU calculated value of scheduler-enlistment delay is 10 jiffies.
[    0.000000] rcu: Adjusting geometry for rcu_fanout_leaf=16, nr_cpu_ids=1
[    0.000000] RCU Tasks Trace: Setting shift to 0 and lim to 1 rcu_task_cb_adjust=1 rcu_task_cpu_ids=1.
[    0.000000] NR_IRQS: 64, nr_irqs: 64, preallocated irqs: 0
[    0.000000] Root IRQ handler: 0xffffc51cc4e100c0
[    0.000000] GICv2m: range[mem 0x08020000-0x08020fff], SPI[80:143]
[    0.000000] rcu: srcu_init: Setting srcu_struct sizes based on contention.
[    0.000000] arch_timer: cp15 timer(s) running at 62.50MHz (virt).
[    0.000000] clocksource: arch_sys_counter: mask: 0x1ffffffffffffff max_cycles: 0x1cd42e208c, max_idle_ns: 881590405314 ns
[    0.000061] sched_clock: 57 bits at 63MHz, resolution 16ns, wraps every 4398046511096ns
[    0.002987] Console: colour dummy device 80x25
[    0.003415] printk: legacy console [tty0] enabled
[    0.007254] Calibrating delay loop (skipped), value calculated using timer frequency.. 125.00 BogoMIPS (lpj=625000)
[    0.007412] pid_max: default: 32768 minimum: 301
[    0.012585] Mount-cache hash table entries: 512 (order: 0, 4096 bytes, linear)
[    0.012645] Mountpoint-cache hash table entries: 512 (order: 0, 4096 bytes, linear)
[    0.039564] cacheinfo: Unable to detect cache hierarchy for CPU 0
[    0.050054] rcu: Hierarchical SRCU implementation.
[    0.050122] rcu: 	Max phase no-delay instances is 1000.
[    0.053431] EFI services will not be available.
[    0.054261] smp: Bringing up secondary CPUs ...
[    0.054843] smp: Brought up 1 node, 1 CPU
[    0.054888] SMP: Total of 1 processors activated.
[    0.054954] CPU: All CPU(s) started at EL1
[    0.055181] CPU features: detected: 32-bit EL0 Support
[    0.055212] CPU features: detected: 32-bit EL1 Support
[    0.055293] CPU features: detected: CRC32 instructions
[    0.061061] alternatives: applying system-wide alternatives
[    0.073905] CPU features: emulated: Privileged Access Never (PAN) using TTBR0_EL1 switching
[    0.086335] Memory: 53252K/131072K available (12608K kernel code, 1572K rwdata, 3420K rodata, 21120K init, 763K bss, 43732K reserved, 32768K cma-reserved)
[    0.120551] clocksource: jiffies: mask: 0xffffffff max_cycles: 0xffffffff, max_idle_ns: 19112604462750000 ns
[    0.121148] futex hash table entries: 256 (order: 2, 16384 bytes, linear)
[    0.123220] 2G module region forced by RANDOMIZE_MODULE_REGION_FULL
[    0.123274] 0 pages in range for non-PLT usage
[    0.123325] 514352 pages in range for PLT usage
[    0.124511] pinctrl core: initialized pinctrl subsystem
[    0.136997] DMI not present or invalid.
[    0.152902] NET: Registered PF_NETLINK/PF_ROUTE protocol family
[    0.162805] DMA: preallocated 128 KiB GFP_KERNEL pool for atomic allocations
[    0.163322] DMA: preallocated 128 KiB GFP_KERNEL|GFP_DMA pool for atomic allocations
[    0.163603] DMA: preallocated 128 KiB GFP_KERNEL|GFP_DMA32 pool for atomic allocations
[    0.167533] thermal_sys: Registered thermal governor 'step_wise'
[    0.167834] cpuidle: using governor ladder
[    0.168022] cpuidle: using governor menu
[    0.168766] ASID allocator initialised with 32768 entries
[    0.170620] Serial: AMBA PL011 UART driver
[    0.198126] 9000000.pl011: ttyAMA0 at MMIO 0x9000000 (irq = 13, base_baud = 0) is a PL011 rev1
[    0.199676] printk: legacy console [ttyAMA0] enabled
[    0.407286] HugeTLB: registered 1.00 GiB page size, pre-allocated 0 pages
[    0.407610] HugeTLB: 0 KiB vmemmap can be freed for a 1.00 GiB page
[    0.407858] HugeTLB: registered 32.0 MiB page size, pre-allocated 0 pages
[    0.411661] HugeTLB: 0 KiB vmemmap can be freed for a 32.0 MiB page
[    0.411988] HugeTLB: registered 2.00 MiB page size, pre-allocated 0 pages
[    0.412271] HugeTLB: 0 KiB vmemmap can be freed for a 2.00 MiB page
[    0.412539] HugeTLB: registered 64.0 KiB page size, pre-allocated 0 pages
[    0.422506] HugeTLB: 0 KiB vmemmap can be freed for a 64.0 KiB page
[    0.429191] cryptd: max_cpu_qlen set to 1000
[    0.433753] ACPI: Interpreter disabled.
[    0.436310] iommu: Default domain type: Passthrough
[    0.438672] SCSI subsystem initialized
[    0.440604] usbcore: registered new interface driver usbfs
[    0.441060] usbcore: registered new interface driver hub
[    0.441413] usbcore: registered new device driver usb
[    0.460061] clocksource: Switched to clocksource arch_sys_counter
[    0.462495] netfs: FS-Cache loaded
[    0.463440] pnp: PnP ACPI: disabled
[    0.472542] NET: Registered PF_INET protocol family
[    0.474146] IP idents hash table entries: 2048 (order: 2, 16384 bytes, linear)
[    0.479614] tcp_listen_portaddr_hash hash table entries: 256 (order: 0, 4096 bytes, linear)
[    0.480016] Table-perturb hash table entries: 65536 (order: 6, 262144 bytes, linear)
[    0.483025] TCP established hash table entries: 1024 (order: 1, 8192 bytes, linear)
[    0.483679] TCP bind hash table entries: 1024 (order: 3, 32768 bytes, linear)
[    0.484094] TCP: Hash tables configured (established 1024 bind 1024)
[    0.485807] MPTCP token hash table entries: 256 (order: 1, 6144 bytes, linear)
[    0.494427] UDP hash table entries: 256 (order: 1, 8192 bytes, linear)
[    0.494962] UDP-Lite hash table entries: 256 (order: 1, 8192 bytes, linear)
[    0.496578] NET: Registered PF_UNIX/PF_LOCAL protocol family
[    0.497293] PCI: CLS 0 bytes, default 64
[    0.539040] kvm [1]: HYP mode not available
[    0.543865] workingset: timestamp_bits=42 max_order=15 bucket_order=0
[    0.545867] squashfs: version 4.0 (2009/01/31) Phillip Lougher
[    0.546129] jffs2: version 2.2 (NAND) (SUMMARY) (LZMA) (RTIME) (CMODE_PRIORITY) (c) 2001-2006 Red Hat, Inc.
[    0.560196] 9p: Installing v9fs 9p2000 file system support
[    0.562895] Block layer SCSI generic (bsg) driver version 0.4 loaded (major 250)
[    0.573435] atomic64_test: passed
[    0.584624] pl061_gpio 9030000.pl061: PL061 GPIO chip registered
[    0.586901] pci-host-generic 4010000000.pcie: host bridge /pcie@10000000 ranges:
[    0.587802] pci-host-generic 4010000000.pcie:       IO 0x003eff0000..0x003effffff -> 0x0000000000
[    0.588693] pci-host-generic 4010000000.pcie:      MEM 0x0010000000..0x003efeffff -> 0x0010000000
[    0.595471] pci-host-generic 4010000000.pcie:      MEM 0x8000000000..0xffffffffff -> 0x8000000000
[    0.596417] pci-host-generic 4010000000.pcie: Memory resource size exceeds max for 32 bits
[    0.597226] pci-host-generic 4010000000.pcie: ECAM at [mem 0x4010000000-0x401fffffff] for [bus 00-ff]
[    0.607482] pci-host-generic 4010000000.pcie: PCI host bridge to bus 0000:00
[    0.608108] pci_bus 0000:00: root bus resource [bus 00-ff]
[    0.608419] pci_bus 0000:00: root bus resource [io  0x0000-0xffff]
[    0.608713] pci_bus 0000:00: root bus resource [mem 0x10000000-0x3efeffff]
[    0.617727] pci_bus 0000:00: root bus resource [mem 0x8000000000-0xffffffffff]
[    0.620796] pci 0000:00:00.0: [1b36:0008] type 00 class 0x060000 conventional PCI endpoint
[    0.624130] pci 0000:00:01.0: [1af4:1000] type 00 class 0x020000 conventional PCI endpoint
[    0.624720] pci 0000:00:01.0: BAR 0 [io  0x0000-0x001f]
[    0.629085] pci 0000:00:01.0: BAR 4 [mem 0x00000000-0x00003fff 64bit pref]
[    0.629602] pci 0000:00:01.0: ROM [mem 0x00000000-0x0007ffff pref]
[    0.630196] pci 0000:00:02.0: [1af4:1005] type 00 class 0x00ff00 conventional PCI endpoint
[    0.630572] pci 0000:00:02.0: BAR 0 [io  0x0000-0x001f]
[    0.639908] pci 0000:00:02.0: BAR 1 [mem 0x00000000-0x00000fff]
[    0.640235] pci 0000:00:02.0: BAR 4 [mem 0x00000000-0x00003fff 64bit pref]
[    0.640954] pci 0000:00:03.0: [1af4:1000] type 00 class 0x020000 conventional PCI endpoint
[    0.641303] pci 0000:00:03.0: BAR 0 [io  0x0000-0x001f]
[    0.650884] pci 0000:00:03.0: BAR 1 [mem 0x00000000-0x00000fff]
[    0.651234] pci 0000:00:03.0: BAR 4 [mem 0x00000000-0x00003fff 64bit pref]
[    0.651626] pci 0000:00:03.0: ROM [mem 0x00000000-0x0007ffff pref]
[    0.653952] pci 0000:00:01.0: ROM [mem 0x10000000-0x1007ffff pref]: assigned
[    0.662059] pci 0000:00:03.0: ROM [mem 0x10080000-0x100fffff pref]: assigned
[    0.662554] pci 0000:00:01.0: BAR 4 [mem 0x8000000000-0x8000003fff 64bit pref]: assigned
[    0.662958] pci 0000:00:02.0: BAR 4 [mem 0x8000004000-0x8000007fff 64bit pref]: assigned
[    0.663309] pci 0000:00:03.0: BAR 4 [mem 0x8000008000-0x800000bfff 64bit pref]: assigned
[    0.673323] pci 0000:00:02.0: BAR 1 [mem 0x10100000-0x10100fff]: assigned
[    0.673677] pci 0000:00:03.0: BAR 1 [mem 0x10101000-0x10101fff]: assigned
[    0.673958] pci 0000:00:01.0: BAR 0 [io  0x1000-0x101f]: assigned
[    0.674223] pci 0000:00:02.0: BAR 0 [io  0x1020-0x103f]: assigned
[    0.683563] pci 0000:00:03.0: BAR 0 [io  0x1040-0x105f]: assigned
[    0.684325] pci_bus 0000:00: resource 4 [io  0x0000-0xffff]
[    0.684595] pci_bus 0000:00: resource 5 [mem 0x10000000-0x3efeffff]
[    0.684831] pci_bus 0000:00: resource 6 [mem 0x8000000000-0xffffffffff]
[    0.697407] hv_vmbus: registering driver hyperv_fb
[    0.800588] virtio-pci 0000:00:01.0: enabling device (0000 -> 0003)
[    0.803782] virtio-pci 0000:00:02.0: enabling device (0000 -> 0003)
[    0.805317] virtio-pci 0000:00:03.0: enabling device (0000 -> 0003)
[    0.808266] Serial: 8250/16550 driver, 16 ports, IRQ sharing enabled
[    0.816694] SuperH (H)SCI(F) driver initialized
[    0.850405] loop: module loaded
[    0.851469] hv_vmbus: registering driver hv_storvsc
[    0.865700] hv_vmbus: registering driver hv_netvsc
[    0.868339] usbcore: registered new interface driver usb-storage
[    0.871577] hv_vmbus: registering driver hyperv_keyboard
[    0.874460] rtc-pl031 9010000.pl031: registered as rtc0
[    0.875288] rtc-pl031 9010000.pl031: setting system clock to 2026-03-12T02:46:13 UTC (1773283573)
[    0.879875] sdhci: Secure Digital Host Controller Interface driver
[    0.880130] sdhci: Copyright(c) Pierre Ossman
[    0.880812] Synopsys Designware Multimedia Card Interface Driver
[    0.881672] sdhci-pltfm: SDHCI platform and OF driver helper
[    0.889191] hid: raw HID events driver (C) Jiri Kosina
[    0.889798] usbcore: registered new interface driver usbhid
[    0.890023] usbhid: USB HID core driver
[    0.892787] NET: Registered PF_INET6 protocol family
[    0.911596] Segment Routing with IPv6
[    0.911941] In-situ OAM (IOAM) with IPv6
[    0.912568] NET: Registered PF_PACKET protocol family
[    0.913260] bridge: filtering via arp/ip/ip6tables is no longer available by default. Update your scripts to load br_netfilter if you need this.
[    0.922903] 8021q: 802.1Q VLAN Support v1.8
[    0.923824] 9pnet: Installing 9P2000 support
[    0.976070] Demotion targets for Node 0: null
[    0.985928] clk: Disabling unused clocks
[    0.986318] PM: genpd: Disabling unused power domains
[    1.034724] Freeing unused kernel memory: 21120K
[    1.038287] Run /init as init process
[    2.891137] init: Console is alive
[    2.983128] kmodloader: loading kernel modules from /etc/modules-boot.d/*
[    3.008083] pps_core: LinuxPPS API ver. 1 registered
[    3.008341] pps_core: Software ver. 5.3.6 - Copyright 2005-2007 Rodolfo Giometti <giometti@linux.it>
[    3.046823] PTP clock support registered
[    3.088254] e1000e: Intel(R) PRO/1000 Network Driver
[    3.088533] e1000e: Copyright(c) 1999 - 2015 Intel Corporation.
[    3.090506] kmodloader: done loading kernel modules from /etc/modules-boot.d/*
[    3.105853] init: - preinit -
[    4.900862] 8021q: adding VLAN 0 to HW filter on device eth0
Press the [f] key and hit [enter] to enter failsafe mode
Press the [1], [2], [3] or [4] key and hit [enter] to select the debug level
[    9.919777] procd: - early -
[   11.008348] procd: - ubus -
[   11.217395] procd: - init -
Please press Enter to activate this console.
root
login[1151]: root login on 'ttyAMA0'


BusyBox v1.37.0 (2026-03-10 22:58:18 UTC) built-in shell (ash)

  _______                     ________        __
 |       |.-----.-----.-----.|  |  |  |.----.|  |_
 |   -   ||  _  |  -__|     ||  |  |  ||   _||   _|
 |_______||   __|_____|__|__||________||__|  |____|
          |__| W I R E L E S S   F R E E D O M
 -----------------------------------------------------
 OpenWrt 25.12-SNAPSHOT, r32740-568caba81f Dave's Guitar
 -----------------------------------------------------

 === WARNING! =====================================
 There is no root password defined on this device!
 Use the "passwd" command to set up a new password
 in order to prevent unauthorized SSH logins.
 --------------------------------------------------


 OpenWrt recently switched to the "apk" package manager!

 OPKG Command           APK Equivalent      Description
 ------------------------------------------------------------------
 opkg install <pkg>     apk add <pkg>       Install a package
 opkg remove <pkg>      apk del <pkg>       Remove a package
 opkg upgrade           apk upgrade         Upgrade all packages
 opkg files <pkg>       apk info -L <pkg>   List package contents
 opkg list-installed    apk info            List installed packages
 opkg update            apk update          Update package lists
 opkg search <pkg>      apk search <pkg>    Search for packages
 ------------------------------------------------------------------

For more information visit:
https://openwrt.org/docs/guide-user/additional-software/opkg-to-apk-cheatsheet

root@(none):~# dmesg -n 1
root@(none):~# echo 'CLCT''VLJHFW'
CLCTVLJHFW
root@(none):~# run() { echo -n "$MARKER"; sh -c "$@"; echo "$MARKER $?"; }
root@(none):~# echo 'ATXJ''VHUKKT'
ATXJVHUKKT
root@(none):~# MARKER='CPLE''QVBJCE' run true
CPLEQVBJCECPLEQVBJCE 0
root@(none):~# echo 'OGYV''FHHXZC'
OGYVFHHXZC
root@(none):~# MARKER='KXZY''ALGKYY' run 'source /etc/os-release; echo $BUILD_ID
'
KXZYALGKYYr32740-568caba81f
KXZYALGKYY 0
root@(none):~# echo 'SSFQ''WFOSSW'
SSFQWFOSSW
root@(none):~# MARKER='XYOB''GTUMMP' run 'ls /etc/dropbear/dropbear_rsa_host_key
'
XYOBGTUMMPls: /etc/dropbear/dropbear_rsa_host_key: No such file or directory
XYOBGTUMMP 1
root@(none):~# echo 'ZSZE''LXBPAX'
ZSZELXBPAX
root@(none):~# MARKER='NFKH''WGUUYA' run 'ls /etc/dropbear/dropbear_rsa_host_key
'
NFKHWGUUYAls: /etc/dropbear/dropbear_rsa_host_key: No such file or directory
NFKHWGUUYA 1
root@(none):~# echo 'UESU''AVOGYJ'
UESUAVOGYJ
root@(none):~# MARKER='QYNG''UTEYHM' run 'ls /etc/dropbear/dropbear_rsa_host_key
'
QYNGUTEYHMls: /etc/dropbear/dropbear_rsa_host_key: No such file or directory
QYNGUTEYHM 1
root@(none):~# echo 'XMUO''NKFEYK'
XMUONKFEYK
root@(none):~# MARKER='TYPX''UGFGBK' run 'ls /etc/dropbear/dropbear_rsa_host_key
'
TYPXUGFGBKls: /etc/dropbear/dropbear_rsa_host_key: No such file or directory
TYPXUGFGBK 1
root@(none):~# echo 'PMYV''NTTEMC'
PMYVNTTEMC
root@(none):~# MARKER='ABSK''FKOQBC' run 'ls /etc/dropbear/dropbear_rsa_host_key
'
ABSKFKOQBCls: /etc/dropbear/dropbear_rsa_host_key: No such file or directory
ABSKFKOQBC 1
root@(none):~# echo 'PNMA''LCFKMJ'
PNMALCFKMJ
root@(none):~# MARKER='CNHS''XAJHOT' run 'ls /etc/dropbear/dropbear_rsa_host_key
'
CNHSXAJHOTls: /etc/dropbear/dropbear_rsa_host_key: No such file or directory
CNHSXAJHOT 1
root@(none):~# echo 'QXYY''MGAKNZ'
QXYYMGAKNZ
root@(none):~# MARKER='QFCE''HTAFCH' run 'ls /etc/dropbear/dropbear_rsa_host_key
'
QFCEHTAFCHls: /etc/dropbear/dropbear_rsa_host_key: No such file or directory
QFCEHTAFCH 1
root@(none):~# echo 'TZVH''OHCGBS'
TZVHOHCGBS
root@(none):~# MARKER='TAQH''XALVVP' run 'ls /etc/dropbear/dropbear_rsa_host_key
'
TAQHXALVVPls: /etc/dropbear/dropbear_rsa_host_key: No such file or directory
TAQHXALVVP 1
root@(none):~# echo 'VJSA''QMHPQM'
VJSAQMHPQM
root@(none):~# MARKER='UZJB''ZFSJAF' run 'ls /etc/dropbear/dropbear_rsa_host_key
'
UZJBZFSJAFls: /etc/dropbear/dropbear_rsa_host_key: No such file or directory
UZJBZFSJAF 1
root@(none):~# echo 'KXBJ''CYCCUM'
KXBJCYCCUM
root@(none):~# MARKER='EYUF''LGASNE' run 'ls /etc/dropbear/dropbear_rsa_host_key
'
EYUFLGASNEls: /etc/dropbear/dropbear_rsa_host_key: No such file or directory
EYUFLGASNE 1
root@(none):~# echo 'YWMM''WUNKJX'
YWMMWUNKJX
root@OpenWrt:~# MARKER='EWCW''AETQWC' run 'ls /etc/dropbear/dropbear_rsa_host_ke
y'
EWCWAETQWCls: /etc/dropbear/dropbear_rsa_host_key: No such file or directory
EWCWAETQWC 1
root@OpenWrt:~# echo 'ETPZ''QFFBJC'
ETPZQFFBJC
root@OpenWrt:~# MARKER='FWWK''TNJUMH' run 'ls /etc/dropbear/dropbear_rsa_host_ke
y'
FWWKTNJUMHls: /etc/dropbear/dropbear_rsa_host_key: No such file or directory
FWWKTNJUMH 1
root@OpenWrt:~# echo 'WGWG''LNJXFC'
WGWGLNJXFC
root@OpenWrt:~# MARKER='TAHZ''FOWZJZ' run 'ls /etc/dropbear/dropbear_rsa_host_ke
y'
TAHZFOWZJZls: /etc/dropbear/dropbear_rsa_host_key: No such file or directory
TAHZFOWZJZ 1
root@OpenWrt:~# echo 'KHBA''LPBZJZ'
KHBALPBZJZ
root@OpenWrt:~# MARKER='BCEE''FKSJWC' run 'ls /etc/dropbear/dropbear_rsa_host_ke
y'
BCEEFKSJWCls: /etc/dropbear/dropbear_rsa_host_key: No such file or directory
BCEEFKSJWC 1
root@OpenWrt:~# echo 'VZHG''XONKBM'
VZHGXONKBM
root@OpenWrt:~# MARKER='OLSH''AELBFE' run 'ls /etc/dropbear/dropbear_rsa_host_ke
y'
OLSHAELBFEls: /etc/dropbear/dropbear_rsa_host_key: No such file or directory
OLSHAELBFE 1
root@OpenWrt:~# echo 'JHCG''CWHKQY'
JHCGCWHKQY
root@OpenWrt:~# MARKER='EZGT''HANBNF' run 'ls /etc/dropbear/dropbear_rsa_host_ke
y'
EZGTHANBNFls: /etc/dropbear/dropbear_rsa_host_key: No such file or directory
EZGTHANBNF 1
root@OpenWrt:~# echo 'EAGB''YONWFQ'
EAGBYONWFQ
root@OpenWrt:~# MARKER='CETY''BEVHVX' run 'ls /etc/dropbear/dropbear_rsa_host_ke
y'
CETYBEVHVXls: /etc/dropbear/dropbear_rsa_host_key: No such file or directory
CETYBEVHVX 1
root@OpenWrt:~# echo 'MTFQ''FTTQNU'
MTFQFTTQNU
root@OpenWrt:~# MARKER='CXQC''ZBSYWA' run 'ls /etc/dropbear/dropbear_rsa_host_ke
y'
CXQCZBSYWAls: /etc/dropbear/dropbear_rsa_host_key: No such file or directory
CXQCZBSYWA 1
root@OpenWrt:~# echo 'OQGW''OOXEMT'
OQGWOOXEMT
root@OpenWrt:~# MARKER='ZAWF''YXKFYQ' run 'ls /etc/dropbear/dropbear_rsa_host_ke
y'
ZAWFYXKFYQls: /etc/dropbear/dropbear_rsa_host_key: No such file or directory
ZAWFYXKFYQ 1
root@OpenWrt:~# echo 'QXOG''XTWOQS'
QXOGXTWOQS
root@OpenWrt:~# MARKER='WYTO''EZKTGJ' run 'ls /etc/dropbear/dropbear_rsa_host_ke
y'
WYTOEZKTGJ[0;0m/etc/dropbear/dropbear_rsa_host_key[m
WYTOEZKTGJ 0
root@OpenWrt:~# echo 'GHGU''AANAQB'
GHGUAANAQB
root@OpenWrt:~# MARKER='LGGB''MXFPMC' run 'netstat -tlpn | grep 0.0.0.0:22'
LGGBMXFPMCnetstat: showing only processes with your user ID
tcp        0      0 0.0.0.0:22              0.0.0.0:*               LISTEN      2020/dropbear
LGGBMXFPMC 0
root@OpenWrt:~# echo 'QKCY''VZEEAS'
QKCYVZEEAS
root@OpenWrt:~# MARKER='NXOK''MYVULQ' run 'dmesg | grep br-lan | grep forwarding
'
NXOKMYVULQ[   45.269927] br-lan: port 1(eth0) entered forwarding state
NXOKMYVULQ 0
root@OpenWrt:~# echo 'KYLB''MYLMFV'
KYLBMYLMFV
root@OpenWrt:~# MARKER='JMUT''VEQEXW' run 'ubus call network.interface.lan statu
s '"'"'{}'"'"''
JMUTVEQEXW{
	"up": true,
	"pending": false,
	"available": true,
	"autostart": true,
	"dynamic": false,
	"uptime": 12,
	"l3_device": "br-lan",
	"proto": "static",
	"device": "br-lan",
	"updated": [
		"addresses"
	],
	"metric": 0,
	"dns_metric": 0,
	"delegation": true,
	"ipv4-address": [
		{
			"address": "192.168.1.1",
			"mask": 24
		}
	],
	"ipv6-address": [
		
	],
	"ipv6-prefix": [
		
	],
	"ipv6-prefix-assignment": [
		{
			"address": "fd26:67db:e69d::",
			"mask": 60,
			"local-address": {
				"address": "fd26:67db:e69d::1",
				"mask": 60
			}
		}
	],
	"route": [
		
	],
	"dns-server": [
		
	],
	"dns-search": [
		
	],
	"neighbors": [
		
	],
	"inactive": {
		"ipv4-address": [
			
		],
		"ipv6-address": [
			
		],
		"route": [
			
		],
		"dns-server": [
			
		],
		"dns-search": [
			
		],
		"neighbors": [
			
		]
	},
	"data": {
		
	}
}
JMUTVEQEXW 0
root@OpenWrt:~# echo 'ZFXH''UGWJGY'
ZFXHUGWJGY
root@OpenWrt:~# MARKER='QXHH''OMYHYX' run 'ip -o addr show dev br-lan'
QXHHOMYHYX4: br-lan    inet 192.168.1.1/24 brd 192.168.1.255 scope global br-lan\       valid_lft forever preferred_lft forever
4: br-lan    inet6 fd26:67db:e69d::1/60 scope global noprefixroute \       valid_lft forever preferred_lft forever
4: br-lan    inet6 fe80::5054:ff:fe12:3456/64 scope link \       valid_lft forever preferred_lft forever
QXHHOMYHYX 0
root@OpenWrt:~# echo 'TNGZ''HFEBPU'
TNGZHFEBPU
root@OpenWrt:~# MARKER='COOZ''ZQVQYV' run 'ping -c 3 ff02::1%br-lan'
COOZZQVQYVPING ff02::1%br-lan (ff02::1%4): 56 data bytes
64 bytes from fe80::5054:ff:fe12:3456: seq=0 ttl=64 time=2.940 ms
64 bytes from fe80::5054:ff:fe12:3456: seq=1 ttl=64 time=2.353 ms
64 bytes from fe80::5054:ff:fe12:3456: seq=2 ttl=64 time=2.397 ms

--- ff02::1%br-lan ping statistics ---
3 packets transmitted, 3 packets received, 0% packet loss
round-trip min/avg/max = 2.353/2.563/2.940 ms
COOZZQVQYV 0
root@OpenWrt:~# echo 'UGSC''NYUFBT'
UGSCNYUFBT
root@OpenWrt:~# MARKER='ESLT''BVUEUB' run 'ubus call network.interface.wan statu
s '"'"'{}'"'"''
ESLTBVUEUB{
	"up": true,
	"pending": false,
	"available": true,
	"autostart": true,
	"dynamic": false,
	"uptime": 15,
	"l3_device": "eth1",
	"proto": "dhcp",
	"device": "eth1",
	"updated": [
		"addresses",
		"routes",
		"data"
	],
	"metric": 0,
	"dns_metric": 0,
	"delegation": true,
	"ipv4-address": [
		{
			"address": "10.0.2.15",
			"mask": 24
		}
	],
	"ipv6-address": [
		
	],
	"ipv6-prefix": [
		
	],
	"ipv6-prefix-assignment": [
		
	],
	"route": [
		{
			"target": "0.0.0.0",
			"mask": 0,
			"nexthop": "10.0.2.2",
			"source": "10.0.2.15/32"
		}
	],
	"dns-server": [
		"10.0.2.3"
	],
	"dns-search": [
		
	],
	"neighbors": [
		
	],
	"inactive": {
		"ipv4-address": [
			
		],
		"ipv6-address": [
			
		],
		"route": [
			
		],
		"dns-server": [
			
		],
		"dns-search": [
			
		],
		"neighbors": [
			
		]
	},
	"data": {
		"dhcpserver": "10.0.2.2",
		"leasetime": 86400
	}
}
ESLTBVUEUB 0
root@OpenWrt:~# 