Labgrid Console Logfile for main
Logfile started at 2026-03-22 02:54:50.211269
=== Log starts here ===
[    0.000000] Booting Linux on physical CPU 0x0000000000 [0x411fd070]
[    0.000000] Linux version 6.12.74 (builder@buildhost) (aarch64-openwrt-linux-musl-gcc (OpenWrt GCC 14.3.0 r32789-5337352ffc) 14.3.0, GNU ld (GNU Binutils) 2.44) #0 SMP Sat Mar 21 09:20:19 2026
[    0.000000] KASLR enabled
[    0.000000] random: crng init done
[    0.000000] Machine model: linux,dummy-virt
[    0.000000] efi: UEFI not found.
[    0.000000] OF: reserved mem: Reserved memory: No reserved-memory node in the DT
[    0.000000] NUMA: Faking a node at [mem 0x0000000040000000-0x0000000047ffffff]
[    0.000000] NODE_DATA(0) allocated [mem 0x47fb7e80-0x47fbabff]
[    0.000000] Zone ranges:
[    0.000000]   DMA      [mem 0x0000000040000000-0x0000000047ffffff]
[    0.000000]   DMA32    empty
[    0.000000]   Normal   empty
[    0.000000] Movable zone start for each node
[    0.000000] Early memory node ranges
[    0.000000]   node   0: [mem 0x0000000040000000-0x0000000047ffffff]
[    0.000000] Initmem setup node 0 [mem 0x0000000040000000-0x0000000047ffffff]
[    0.000000] cma: Reserved 32 MiB at 0x0000000045c00000 on node -1
[    0.000000] psci: probing for conduit method from DT.
[    0.000000] psci: PSCIv1.1 detected in firmware.
[    0.000000] psci: Using standard PSCI v0.2 function IDs
[    0.000000] psci: Trusted OS migration not required
[    0.000000] psci: SMC Calling Convention v1.0
[    0.000000] percpu: Embedded 23 pages/cpu s53400 r8192 d32616 u94208
[    0.000000] Detected PIPT I-cache on CPU0
[    0.000000] CPU features: detected: Spectre-v2
[    0.000000] CPU features: detected: Spectre-v3a
[    0.000000] CPU features: detected: Spectre-v4
[    0.000000] CPU features: detected: Spectre-BHB
[    0.000000] CPU features: kernel page table isolation forced ON by KASLR
[    0.000000] CPU features: detected: Kernel page table isolation (KPTI)
[    0.000000] CPU features: detected: ARM erratum 834220
[    0.000000] CPU features: detected: ARM erratum 832075
[    0.000000] CPU features: detected: ARM errata 1165522, 1319367, or 1530923
[    0.000000] alternatives: applying boot alternatives
[    0.000000] Kernel command line: 
[    0.000000] Dentry cache hash table entries: 16384 (order: 5, 131072 bytes, linear)
[    0.000000] Inode-cache hash table entries: 8192 (order: 4, 65536 bytes, linear)
[    0.000000] Fallback order for Node 0: 0 
[    0.000000] Built 1 zonelists, mobility grouping on.  Total pages: 32768
[    0.000000] Policy zone: DMA
[    0.000000] mem auto-init: stack:off, heap alloc:off, heap free:off
[    0.000000] software IO TLB: SWIOTLB bounce buffer size adjusted to 0MB
[    0.000000] software IO TLB: area num 1.
[    0.000000] software IO TLB: mapped [mem 0x0000000047f1a000-0x0000000047f5a000] (0MB)
[    0.000000] SLUB: HWalign=64, Order=0-3, MinObjects=0, CPUs=1, Nodes=1
[    0.000000] rcu: Hierarchical RCU implementation.
[    0.000000] rcu: 	RCU restricting CPUs from NR_CPUS=256 to nr_cpu_ids=1.
[    0.000000] 	Tracing variant of Tasks RCU enabled.
[    0.000000] rcu: RCU calculated value of scheduler-enlistment delay is 10 jiffies.
[    0.000000] rcu: Adjusting geometry for rcu_fanout_leaf=16, nr_cpu_ids=1
[    0.000000] RCU Tasks Trace: Setting shift to 0 and lim to 1 rcu_task_cb_adjust=1 rcu_task_cpu_ids=1.
[    0.000000] NR_IRQS: 64, nr_irqs: 64, preallocated irqs: 0
[    0.000000] Root IRQ handler: 0xffffc03d3a8100c0
[    0.000000] GICv2m: range[mem 0x08020000-0x08020fff], SPI[80:143]
[    0.000000] rcu: srcu_init: Setting srcu_struct sizes based on contention.
[    0.000000] arch_timer: cp15 timer(s) running at 62.50MHz (virt).
[    0.000000] clocksource: arch_sys_counter: mask: 0x1ffffffffffffff max_cycles: 0x1cd42e208c, max_idle_ns: 881590405314 ns
[    0.000057] sched_clock: 57 bits at 63MHz, resolution 16ns, wraps every 4398046511096ns
[    0.002917] Console: colour dummy device 80x25
[    0.003325] printk: legacy console [tty0] enabled
[    0.007125] Calibrating delay loop (skipped), value calculated using timer frequency.. 125.00 BogoMIPS (lpj=625000)
[    0.007264] pid_max: default: 32768 minimum: 301
[    0.012654] Mount-cache hash table entries: 512 (order: 0, 4096 bytes, linear)
[    0.012713] Mountpoint-cache hash table entries: 512 (order: 0, 4096 bytes, linear)
[    0.038641] cacheinfo: Unable to detect cache hierarchy for CPU 0
[    0.048832] rcu: Hierarchical SRCU implementation.
[    0.048890] rcu: 	Max phase no-delay instances is 1000.
[    0.051936] EFI services will not be available.
[    0.053813] smp: Bringing up secondary CPUs ...
[    0.054476] smp: Brought up 1 node, 1 CPU
[    0.054528] SMP: Total of 1 processors activated.
[    0.054595] CPU: All CPU(s) started at EL1
[    0.054814] CPU features: detected: 32-bit EL0 Support
[    0.054846] CPU features: detected: 32-bit EL1 Support
[    0.054930] CPU features: detected: CRC32 instructions
[    0.060493] alternatives: applying system-wide alternatives
[    0.074835] CPU features: emulated: Privileged Access Never (PAN) using TTBR0_EL1 switching
[    0.085954] Memory: 53252K/131072K available (12608K kernel code, 1572K rwdata, 3420K rodata, 21120K init, 763K bss, 43732K reserved, 32768K cma-reserved)
[    0.118943] clocksource: jiffies: mask: 0xffffffff max_cycles: 0xffffffff, max_idle_ns: 19112604462750000 ns
[    0.119535] futex hash table entries: 256 (order: 2, 16384 bytes, linear)
[    0.121644] 2G module region forced by RANDOMIZE_MODULE_REGION_FULL
[    0.121697] 0 pages in range for non-PLT usage
[    0.121746] 514352 pages in range for PLT usage
[    0.122903] pinctrl core: initialized pinctrl subsystem
[    0.134848] DMI not present or invalid.
[    0.148420] NET: Registered PF_NETLINK/PF_ROUTE protocol family
[    0.158182] DMA: preallocated 128 KiB GFP_KERNEL pool for atomic allocations
[    0.158694] DMA: preallocated 128 KiB GFP_KERNEL|GFP_DMA pool for atomic allocations
[    0.158951] DMA: preallocated 128 KiB GFP_KERNEL|GFP_DMA32 pool for atomic allocations
[    0.162915] thermal_sys: Registered thermal governor 'step_wise'
[    0.163211] cpuidle: using governor ladder
[    0.163402] cpuidle: using governor menu
[    0.164146] ASID allocator initialised with 32768 entries
[    0.166117] Serial: AMBA PL011 UART driver
[    0.193581] 9000000.pl011: ttyAMA0 at MMIO 0x9000000 (irq = 13, base_baud = 0) is a PL011 rev1
[    0.195072] printk: legacy console [ttyAMA0] enabled
[    0.423352] HugeTLB: registered 1.00 GiB page size, pre-allocated 0 pages
[    0.427533] HugeTLB: 0 KiB vmemmap can be freed for a 1.00 GiB page
[    0.427856] HugeTLB: registered 32.0 MiB page size, pre-allocated 0 pages
[    0.428185] HugeTLB: 0 KiB vmemmap can be freed for a 32.0 MiB page
[    0.428478] HugeTLB: registered 2.00 MiB page size, pre-allocated 0 pages
[    0.438476] HugeTLB: 0 KiB vmemmap can be freed for a 2.00 MiB page
[    0.438788] HugeTLB: registered 64.0 KiB page size, pre-allocated 0 pages
[    0.439115] HugeTLB: 0 KiB vmemmap can be freed for a 64.0 KiB page
[    0.445519] cryptd: max_cpu_qlen set to 1000
[    0.450146] ACPI: Interpreter disabled.
[    0.452686] iommu: Default domain type: Passthrough
[    0.454868] SCSI subsystem initialized
[    0.456718] usbcore: registered new interface driver usbfs
[    0.457152] usbcore: registered new interface driver hub
[    0.457466] usbcore: registered new device driver usb
[    0.476190] clocksource: Switched to clocksource arch_sys_counter
[    0.478415] netfs: FS-Cache loaded
[    0.479318] pnp: PnP ACPI: disabled
[    0.488346] NET: Registered PF_INET protocol family
[    0.489912] IP idents hash table entries: 2048 (order: 2, 16384 bytes, linear)
[    0.495299] tcp_listen_portaddr_hash hash table entries: 256 (order: 0, 4096 bytes, linear)
[    0.495682] Table-perturb hash table entries: 65536 (order: 6, 262144 bytes, linear)
[    0.498754] TCP established hash table entries: 1024 (order: 1, 8192 bytes, linear)
[    0.499325] TCP bind hash table entries: 1024 (order: 3, 32768 bytes, linear)
[    0.499852] TCP: Hash tables configured (established 1024 bind 1024)
[    0.501454] MPTCP token hash table entries: 256 (order: 1, 6144 bytes, linear)
[    0.510319] UDP hash table entries: 256 (order: 1, 8192 bytes, linear)
[    0.510845] UDP-Lite hash table entries: 256 (order: 1, 8192 bytes, linear)
[    0.512359] NET: Registered PF_UNIX/PF_LOCAL protocol family
[    0.513079] PCI: CLS 0 bytes, default 64
[    0.555157] kvm [1]: HYP mode not available
[    0.559543] workingset: timestamp_bits=42 max_order=15 bucket_order=0
[    0.561598] squashfs: version 4.0 (2009/01/31) Phillip Lougher
[    0.561833] jffs2: version 2.2 (NAND) (SUMMARY) (LZMA) (RTIME) (CMODE_PRIORITY) (c) 2001-2006 Red Hat, Inc.
[    0.576187] 9p: Installing v9fs 9p2000 file system support
[    0.578801] Block layer SCSI generic (bsg) driver version 0.4 loaded (major 250)
[    0.588879] atomic64_test: passed
[    0.599946] pl061_gpio 9030000.pl061: PL061 GPIO chip registered
[    0.602220] pci-host-generic 4010000000.pcie: host bridge /pcie@10000000 ranges:
[    0.603084] pci-host-generic 4010000000.pcie:       IO 0x003eff0000..0x003effffff -> 0x0000000000
[    0.604024] pci-host-generic 4010000000.pcie:      MEM 0x0010000000..0x003efeffff -> 0x0010000000
[    0.610797] pci-host-generic 4010000000.pcie:      MEM 0x8000000000..0xffffffffff -> 0x8000000000
[    0.611705] pci-host-generic 4010000000.pcie: Memory resource size exceeds max for 32 bits
[    0.612463] pci-host-generic 4010000000.pcie: ECAM at [mem 0x4010000000-0x401fffffff] for [bus 00-ff]
[    0.623620] pci-host-generic 4010000000.pcie: PCI host bridge to bus 0000:00
[    0.624196] pci_bus 0000:00: root bus resource [bus 00-ff]
[    0.624463] pci_bus 0000:00: root bus resource [io  0x0000-0xffff]
[    0.624732] pci_bus 0000:00: root bus resource [mem 0x10000000-0x3efeffff]
[    0.634068] pci_bus 0000:00: root bus resource [mem 0x8000000000-0xffffffffff]
[    0.635943] pci 0000:00:00.0: [1b36:0008] type 00 class 0x060000 conventional PCI endpoint
[    0.639137] pci 0000:00:01.0: [1af4:1000] type 00 class 0x020000 conventional PCI endpoint
[    0.639670] pci 0000:00:01.0: BAR 0 [io  0x0000-0x001f]
[    0.645007] pci 0000:00:01.0: BAR 4 [mem 0x00000000-0x00003fff 64bit pref]
[    0.645599] pci 0000:00:01.0: ROM [mem 0x00000000-0x0007ffff pref]
[    0.646121] pci 0000:00:02.0: [1af4:1005] type 00 class 0x00ff00 conventional PCI endpoint
[    0.646431] pci 0000:00:02.0: BAR 0 [io  0x0000-0x001f]
[    0.655716] pci 0000:00:02.0: BAR 1 [mem 0x00000000-0x00000fff]
[    0.656046] pci 0000:00:02.0: BAR 4 [mem 0x00000000-0x00003fff 64bit pref]
[    0.656734] pci 0000:00:03.0: [1af4:1000] type 00 class 0x020000 conventional PCI endpoint
[    0.657047] pci 0000:00:03.0: BAR 0 [io  0x0000-0x001f]
[    0.666510] pci 0000:00:03.0: BAR 1 [mem 0x00000000-0x00000fff]
[    0.666859] pci 0000:00:03.0: BAR 4 [mem 0x00000000-0x00003fff 64bit pref]
[    0.667206] pci 0000:00:03.0: ROM [mem 0x00000000-0x0007ffff pref]
[    0.669463] pci 0000:00:01.0: ROM [mem 0x10000000-0x1007ffff pref]: assigned
[    0.678309] pci 0000:00:03.0: ROM [mem 0x10080000-0x100fffff pref]: assigned
[    0.678764] pci 0000:00:01.0: BAR 4 [mem 0x8000000000-0x8000003fff 64bit pref]: assigned
[    0.679188] pci 0000:00:02.0: BAR 4 [mem 0x8000004000-0x8000007fff 64bit pref]: assigned
[    0.679546] pci 0000:00:03.0: BAR 4 [mem 0x8000008000-0x800000bfff 64bit pref]: assigned
[    0.688874] pci 0000:00:02.0: BAR 1 [mem 0x10100000-0x10100fff]: assigned
[    0.689222] pci 0000:00:03.0: BAR 1 [mem 0x10101000-0x10101fff]: assigned
[    0.689482] pci 0000:00:01.0: BAR 0 [io  0x1000-0x101f]: assigned
[    0.699506] pci 0000:00:02.0: BAR 0 [io  0x1020-0x103f]: assigned
[    0.699902] pci 0000:00:03.0: BAR 0 [io  0x1040-0x105f]: assigned
[    0.700469] pci_bus 0000:00: resource 4 [io  0x0000-0xffff]
[    0.700731] pci_bus 0000:00: resource 5 [mem 0x10000000-0x3efeffff]
[    0.700956] pci_bus 0000:00: resource 6 [mem 0x8000000000-0xffffffffff]
[    0.713460] hv_vmbus: registering driver hyperv_fb
[    0.831274] virtio-pci 0000:00:01.0: enabling device (0000 -> 0003)
[    0.834371] virtio-pci 0000:00:02.0: enabling device (0000 -> 0003)
[    0.836032] virtio-pci 0000:00:03.0: enabling device (0000 -> 0003)
[    0.838747] Serial: 8250/16550 driver, 16 ports, IRQ sharing enabled
[    0.847727] SuperH (H)SCI(F) driver initialized
[    0.881065] loop: module loaded
[    0.882076] hv_vmbus: registering driver hv_storvsc
[    0.896860] hv_vmbus: registering driver hv_netvsc
[    0.899633] usbcore: registered new interface driver usb-storage
[    0.902383] hv_vmbus: registering driver hyperv_keyboard
[    0.905200] rtc-pl031 9010000.pl031: registered as rtc0
[    0.905983] rtc-pl031 9010000.pl031: setting system clock to 2026-03-22T02:54:50 UTC (1774148090)
[    0.910962] sdhci: Secure Digital Host Controller Interface driver
[    0.911186] sdhci: Copyright(c) Pierre Ossman
[    0.911834] Synopsys Designware Multimedia Card Interface Driver
[    0.912625] sdhci-pltfm: SDHCI platform and OF driver helper
[    0.914543] hid: raw HID events driver (C) Jiri Kosina
[    0.919203] usbcore: registered new interface driver usbhid
[    0.919436] usbhid: USB HID core driver
[    0.922238] NET: Registered PF_INET6 protocol family
[    0.942735] Segment Routing with IPv6
[    0.943078] In-situ OAM (IOAM) with IPv6
[    0.943702] NET: Registered PF_PACKET protocol family
[    0.944344] bridge: filtering via arp/ip/ip6tables is no longer available by default. Update your scripts to load br_netfilter if you need this.
[    0.953888] 8021q: 802.1Q VLAN Support v1.8
[    0.954773] 9pnet: Installing 9P2000 support
[    1.009836] Demotion targets for Node 0: null
[    1.018398] clk: Disabling unused clocks
[    1.018783] PM: genpd: Disabling unused power domains
[    1.062969] Freeing unused kernel memory: 21120K
[    1.066450] Run /init as init process
[    3.035687] init: Console is alive
[    3.129726] kmodloader: loading kernel modules from /etc/modules-boot.d/*
[    3.154316] pps_core: LinuxPPS API ver. 1 registered
[    3.154541] pps_core: Software ver. 5.3.6 - Copyright 2005-2007 Rodolfo Giometti <giometti@linux.it>
[    3.196276] PTP clock support registered
[    3.220425] e1000e: Intel(R) PRO/1000 Network Driver
[    3.220661] e1000e: Copyright(c) 1999 - 2015 Intel Corporation.
[    3.222302] kmodloader: done loading kernel modules from /etc/modules-boot.d/*
[    3.238381] init: - preinit -
[    5.033805] 8021q: adding VLAN 0 to HW filter on device eth0
Press the [f] key and hit [enter] to enter failsafe mode
Press the [1], [2], [3] or [4] key and hit [enter] to select the debug level
[   10.017848] procd: - early -
[   11.146379] procd: - ubus -
[   11.355288] procd: - init -
Please press Enter to activate this console.
root
login[1152]: root login on 'ttyAMA0'


BusyBox v1.37.0 (2026-03-21 09:20:19 UTC) built-in shell (ash)

  _______                     ________        __
 |       |.-----.-----.-----.|  |  |  |.----.|  |_
 |   -   ||  _  |  -__|     ||  |  |  ||   _||   _|
 |_______||   __|_____|__|__||________||__|  |____|
          |__| W I R E L E S S   F R E E D O M
 -----------------------------------------------------
 OpenWrt 25.12-SNAPSHOT, r32789-5337352ffc Dave's Guitar
 -----------------------------------------------------

 === WARNING! =====================================
 There is no root password defined on this device!
 Use the "passwd" command to set up a new password
 in order to prevent unauthorized SSH logins.
 --------------------------------------------------


 OpenWrt recently switched to the "apk" package manager!

 OPKG Command           APK Equivalent      Description
 ------------------------------------------------------------------
 opkg install <pkg>     apk add <pkg>       Install a package
 opkg remove <pkg>      apk del <pkg>       Remove a package
 opkg upgrade           apk upgrade         Upgrade all packages
 opkg files <pkg>       apk info -L <pkg>   List package contents
 opkg list-installed    apk info            List installed packages
 opkg update            apk update          Update package lists
 opkg search <pkg>      apk search <pkg>    Search for packages
 ------------------------------------------------------------------

For more information visit:
https://openwrt.org/docs/guide-user/additional-software/opkg-to-apk-cheatsheet

root@(none):~# dmesg -n 1
root@(none):~# echo 'MPZF''FPSSGY'
MPZFFPSSGY
root@(none):~# run() { echo -n "$MARKER"; sh -c "$@"; echo "$MARKER $?"; }
root@(none):~# echo 'QBSS''WEFSFS'
QBSSWEFSFS
root@(none):~# MARKER='FLPY''BNHQPM' run true
FLPYBNHQPMFLPYBNHQPM 0
root@(none):~# echo 'TYVN''VHAVOL'
TYVNVHAVOL
root@(none):~# MARKER='AUEU''XGFJYB' run 'source /etc/os-release; echo $BUILD_ID
'
AUEUXGFJYBr32789-5337352ffc
AUEUXGFJYB 0
root@(none):~# echo 'LPEZ''OYKAQB'
LPEZOYKAQB
root@(none):~# MARKER='ACZT''OFMCBS' run 'ls /etc/dropbear/dropbear_rsa_host_key
'
ACZTOFMCBSls: /etc/dropbear/dropbear_rsa_host_key: No such file or directory
ACZTOFMCBS 1
root@(none):~# echo 'YPFK''WOWYTL'
YPFKWOWYTL
root@(none):~# MARKER='FPJM''YNJTME' run 'ls /etc/dropbear/dropbear_rsa_host_key
'
FPJMYNJTMEls: /etc/dropbear/dropbear_rsa_host_key: No such file or directory
FPJMYNJTME 1
root@(none):~# echo 'CCZP''MAZWSA'
CCZPMAZWSA
root@(none):~# MARKER='MEVX''NYCTGH' run 'ls /etc/dropbear/dropbear_rsa_host_key
'
MEVXNYCTGHls: /etc/dropbear/dropbear_rsa_host_key: No such file or directory
MEVXNYCTGH 1
root@(none):~# echo 'GUWO''VGMGQZ'
GUWOVGMGQZ
root@(none):~# MARKER='JGGM''AEEJJE' run 'ls /etc/dropbear/dropbear_rsa_host_key
'
JGGMAEEJJEls: /etc/dropbear/dropbear_rsa_host_key: No such file or directory
JGGMAEEJJE 1
root@(none):~# echo 'AQGV''POMEYA'
AQGVPOMEYA
root@(none):~# MARKER='MWCJ''YKLJPV' run 'ls /etc/dropbear/dropbear_rsa_host_key
'
MWCJYKLJPVls: /etc/dropbear/dropbear_rsa_host_key: No such file or directory
MWCJYKLJPV 1
root@(none):~# echo 'KOAN''FHOOKS'
KOANFHOOKS
root@(none):~# MARKER='KTSX''ZABZFN' run 'ls /etc/dropbear/dropbear_rsa_host_key
'
KTSXZABZFNls: /etc/dropbear/dropbear_rsa_host_key: No such file or directory
KTSXZABZFN 1
root@(none):~# echo 'OLBB''OPNFZP'
OLBBOPNFZP
root@(none):~# MARKER='BLME''LQGJYX' run 'ls /etc/dropbear/dropbear_rsa_host_key
'
BLMELQGJYXls: /etc/dropbear/dropbear_rsa_host_key: No such file or directory
BLMELQGJYX 1
root@(none):~# echo 'TUWT''HNGXAQ'
TUWTHNGXAQ
root@(none):~# MARKER='AMTX''GWVOYZ' run 'ls /etc/dropbear/dropbear_rsa_host_key
'
AMTXGWVOYZls: /etc/dropbear/dropbear_rsa_host_key: No such file or directory
AMTXGWVOYZ 1
root@(none):~# echo 'AFOT''JSMLCT'
AFOTJSMLCT
root@(none):~# MARKER='KYJJ''MHKOZF' run 'ls /etc/dropbear/dropbear_rsa_host_key
'
KYJJMHKOZFls: /etc/dropbear/dropbear_rsa_host_key: No such file or directory
KYJJMHKOZF 1
root@(none):~# echo 'GZPU''BFUYLT'
GZPUBFUYLT
root@(none):~# MARKER='TETL''PLCYFP' run 'ls /etc/dropbear/dropbear_rsa_host_key
'
TETLPLCYFPls: /etc/dropbear/dropbear_rsa_host_key: No such file or directory
TETLPLCYFP 1
root@(none):~# echo 'PJJB''VTOGHQ'
PJJBVTOGHQ
root@OpenWrt:~# MARKER='HJAO''NATNLJ' run 'ls /etc/dropbear/dropbear_rsa_host_ke
y'
HJAONATNLJls: /etc/dropbear/dropbear_rsa_host_key: No such file or directory
HJAONATNLJ 1
root@OpenWrt:~# echo 'QKLK''XGCUAZ'
QKLKXGCUAZ
root@OpenWrt:~# MARKER='YSHN''GLKFXJ' run 'ls /etc/dropbear/dropbear_rsa_host_ke
y'
YSHNGLKFXJls: /etc/dropbear/dropbear_rsa_host_key: No such file or directory
YSHNGLKFXJ 1
root@OpenWrt:~# echo 'CUFW''MBQQFL'
CUFWMBQQFL
root@OpenWrt:~# MARKER='GAZW''LMGLKP' run 'ls /etc/dropbear/dropbear_rsa_host_ke
y'
GAZWLMGLKPls: /etc/dropbear/dropbear_rsa_host_key: No such file or directory
GAZWLMGLKP 1
root@OpenWrt:~# echo 'TGPN''VZZETS'
TGPNVZZETS
root@OpenWrt:~# MARKER='QQAA''CNJAPM' run 'ls /etc/dropbear/dropbear_rsa_host_ke
y'
QQAACNJAPMls: /etc/dropbear/dropbear_rsa_host_key: No such file or directory
QQAACNJAPM 1
root@OpenWrt:~# echo 'KFXM''CSKEUU'
KFXMCSKEUU
root@OpenWrt:~# MARKER='BLEO''ZVFNLN' run 'ls /etc/dropbear/dropbear_rsa_host_ke
y'
BLEOZVFNLNls: /etc/dropbear/dropbear_rsa_host_key: No such file or directory
BLEOZVFNLN 1
root@OpenWrt:~# echo 'MJYY''FKZTMX'
MJYYFKZTMX
root@OpenWrt:~# MARKER='XNYG''HYFLZE' run 'ls /etc/dropbear/dropbear_rsa_host_ke
y'
XNYGHYFLZEls: /etc/dropbear/dropbear_rsa_host_key: No such file or directory
XNYGHYFLZE 1
root@OpenWrt:~# echo 'NVPZ''LEPPAF'
NVPZLEPPAF
root@OpenWrt:~# MARKER='PKNP''YEOFYJ' run 'ls /etc/dropbear/dropbear_rsa_host_ke
y'
PKNPYEOFYJls: /etc/dropbear/dropbear_rsa_host_key: No such file or directory
PKNPYEOFYJ 1
root@OpenWrt:~# echo 'MXVP''TPMBEY'
MXVPTPMBEY
root@OpenWrt:~# MARKER='UCZW''TJSUFP' run 'ls /etc/dropbear/dropbear_rsa_host_ke
y'
UCZWTJSUFPls: /etc/dropbear/dropbear_rsa_host_key: No such file or directory
UCZWTJSUFP 1
root@OpenWrt:~# echo 'FEKN''HUTPES'
FEKNHUTPES
root@OpenWrt:~# MARKER='SKBF''HKNBAM' run 'ls /etc/dropbear/dropbear_rsa_host_ke
y'
SKBFHKNBAM[0;0m/etc/dropbear/dropbear_rsa_host_key[m
SKBFHKNBAM 0
root@OpenWrt:~# echo 'MSBS''TVMUOO'
MSBSTVMUOO
root@OpenWrt:~# MARKER='PZFY''TLEWWK' run 'netstat -tlpn | grep 0.0.0.0:22'
PZFYTLEWWKnetstat: showing only processes with your user ID
PZFYTLEWWK 1
root@OpenWrt:~# echo 'GBNL''YGMGCO'
GBNLYGMGCO
root@OpenWrt:~# MARKER='UKTQ''TSWALL' run 'ls /etc/dropbear/dropbear_rsa_host_ke
y'
UKTQTSWALL[0;0m/etc/dropbear/dropbear_rsa_host_key[m
UKTQTSWALL 0
root@OpenWrt:~# echo 'OTLN''SUYKKJ'
OTLNSUYKKJ
root@OpenWrt:~# MARKER='HXNQ''WPWWXO' run 'netstat -tlpn | grep 0.0.0.0:22'
HXNQWPWWXOtcp        0      0 0.0.0.0:22              0.0.0.0:*               LISTEN      2022/dropbear
HXNQWPWWXO 0
root@OpenWrt:~# echo 'YCZU''UCYFKS'
YCZUUCYFKS
root@OpenWrt:~# MARKER='JQOK''XTMSCV' run 'dmesg | grep br-lan | grep forwarding
'
JQOKXTMSCV[   45.565636] br-lan: port 1(eth0) entered forwarding state
JQOKXTMSCV 0
root@OpenWrt:~# echo 'KPNE''PYBKFC'
KPNEPYBKFC
root@OpenWrt:~# MARKER='QJHS''EZUFLZ' run 'ubus call network.interface.lan statu
s '"'"'{}'"'"''
QJHSEZUFLZ{
	"up": true,
	"pending": false,
	"available": true,
	"autostart": true,
	"dynamic": false,
	"uptime": 12,
	"l3_device": "br-lan",
	"proto": "static",
	"device": "br-lan",
	"updated": [
		"addresses"
	],
	"metric": 0,
	"dns_metric": 0,
	"delegation": true,
	"ipv4-address": [
		{
			"address": "192.168.1.1",
			"mask": 24
		}
	],
	"ipv6-address": [
		
	],
	"ipv6-prefix": [
		
	],
	"ipv6-prefix-assignment": [
		{
			"address": "fd9b:a82e:9957::",
			"mask": 60,
			"local-address": {
				"address": "fd9b:a82e:9957::1",
				"mask": 60
			}
		}
	],
	"route": [
		
	],
	"dns-server": [
		
	],
	"dns-search": [
		
	],
	"neighbors": [
		
	],
	"inactive": {
		"ipv4-address": [
			
		],
		"ipv6-address": [
			
		],
		"route": [
			
		],
		"dns-server": [
			
		],
		"dns-search": [
			
		],
		"neighbors": [
			
		]
	},
	"data": {
		
	}
}
QJHSEZUFLZ 0
root@OpenWrt:~# echo 'VPUO''QVWJAF'
VPUOQVWJAF
root@OpenWrt:~# MARKER='NYHG''MGENZA' run 'ip -o addr show dev br-lan'
NYHGMGENZA4: br-lan    inet 192.168.1.1/24 brd 192.168.1.255 scope global br-lan\       valid_lft forever preferred_lft forever
4: br-lan    inet6 fd9b:a82e:9957::1/60 scope global noprefixroute \       valid_lft forever preferred_lft forever
4: br-lan    inet6 fe80::5054:ff:fe12:3456/64 scope link \       valid_lft forever preferred_lft forever
NYHGMGENZA 0
root@OpenWrt:~# echo 'TFKK''ZOJMQG'
TFKKZOJMQG
root@OpenWrt:~# MARKER='KXHZ''PYSQGZ' run 'ping -c 3 ff02::1%br-lan'
KXHZPYSQGZPING ff02::1%br-lan (ff02::1%4): 56 data bytes
64 bytes from fe80::5054:ff:fe12:3456: seq=0 ttl=64 time=34.432 ms
64 bytes from fe80::5054:ff:fe12:3456: seq=1 ttl=64 time=1.631 ms
64 bytes from fe80::5054:ff:fe12:3456: seq=2 ttl=64 time=1.676 ms

--- ff02::1%br-lan ping statistics ---
3 packets transmitted, 3 packets received, 0% packet loss
round-trip min/avg/max = 1.631/12.579/34.432 ms
KXHZPYSQGZ 0
root@OpenWrt:~# echo 'TBCF''EMPYYN'
TBCFEMPYYN
root@OpenWrt:~# MARKER='MVZN''CNKLQL' run 'ubus call network.interface.wan statu
s '"'"'{}'"'"''
MVZNCNKLQL{
	"up": true,
	"pending": false,
	"available": true,
	"autostart": true,
	"dynamic": false,
	"uptime": 14,
	"l3_device": "eth1",
	"proto": "dhcp",
	"device": "eth1",
	"updated": [
		"addresses",
		"routes",
		"data"
	],
	"metric": 0,
	"dns_metric": 0,
	"delegation": true,
	"ipv4-address": [
		{
			"address": "10.0.2.15",
			"mask": 24
		}
	],
	"ipv6-address": [
		
	],
	"ipv6-prefix": [
		
	],
	"ipv6-prefix-assignment": [
		
	],
	"route": [
		{
			"target": "0.0.0.0",
			"mask": 0,
			"nexthop": "10.0.2.2",
			"source": "10.0.2.15/32"
		}
	],
	"dns-server": [
		"10.0.2.3"
	],
	"dns-search": [
		
	],
	"neighbors": [
		
	],
	"inactive": {
		"ipv4-address": [
			
		],
		"ipv6-address": [
			
		],
		"route": [
			
		],
		"dns-server": [
			
		],
		"dns-search": [
			
		],
		"neighbors": [
			
		]
	},
	"data": {
		"dhcpserver": "10.0.2.2",
		"leasetime": 86400
	}
}
MVZNCNKLQL 0
root@OpenWrt:~# 